******************************************************************************
                  TI ARM Linker PC v20.2.7                     
******************************************************************************
>> Linked Sun Jun 21 19:24:31 2026

OUTPUT FILE NAME:   <tms570_on_board_ecu.out>
ENTRY POINT SYMBOL: "_c_int00"  address: 000194d0


MEMORY CONFIGURATION

         name            origin    length      used     unused   attr    fill
----------------------  --------  ---------  --------  --------  ----  --------
  VECTORS               00000000   00000020  00000020  00000000     X
  FLASH0                00000020   0013ffe0  0001d978  00122668  R  X
  STACKS                08000000   00001500  00000000  00001500  RW  
  RAM                   08001500   0002eb00  000043e5  0002a71b  RW  


SEGMENT ALLOCATION MAP

run origin  load origin   length   init length attrs members
----------  ----------- ---------- ----------- ----- -------
00000000    00000000    0001d998   0001d998    r-x
  00000000    00000000    00000020   00000020    r-x .intvecs
  00000020    00000020    0001be5c   0001be5c    r-x .text
  0001be7c    0001be7c    000016a0   000016a0    r-x FEE_TEXT_SECTION
  0001d51c    0001d51c    0000038c   0000038c    r-- .const
  0001d8a8    0001d8a8    000000a0   000000a0    r-- FEE_CONST_SECTION
  0001d948    0001d948    00000008   00000008    r-- .init_array
  0001d950    0001d950    00000048   00000048    r-- .cinit
08001500    08001500    000043e8   00000000    rw-
  08001500    08001500    00004268   00000000    rw- .bss
  08005768    08005768    00000131   00000000    rw- FEE_DATA_SECTION
  0800589c    0800589c    0000004c   00000000    rw- .data


SECTION ALLOCATION MAP

 output                                  attributes/
section   page    origin      length       input sections
--------  ----  ----------  ----------   ----------------
.intvecs   0    00000000    00000020     
                  00000000    00000020     sys_intvecs.obj (.intvecs)

.text      0    00000020    0001be5c     
                  00000020    000057d0     ti_fee_util.obj (.text)
                  000057f0    00002dc0     dashboard.obj (.text)
                  000085b0    00002cdc     sys_selftest.obj (.text)
                  0000b28c    00002240     EVE_API.obj (.text)
                  0000d4cc    00001768     ti_fee_ini.obj (.text)
                  0000ec34    000010e0     ti_fee_main.obj (.text)
                  0000fd14    00000e7c     can.obj (.text)
                  00010b90    00000cb4     ui_touch.obj (.text)
                  00011844    00000bd8     spi.obj (.text)
                  0001241c    00000b64     system.obj (.text)
                  00012f80    00000a58     sys_vim.obj (.text)
                  000139d8    00000a4e     rtsv7R4_T_be_v3D16_eabi.lib : _printfi.c.obj (.text:__TI_printfi)
                  00014426    00000002                                 : div0.asm.obj (.text)
                  00014428    000008cc     data.obj (.text)
                  00014cf4    000008bc     pinmux.obj (.text)
                  000155b0    000007d0     Bridgetek_EVE2.obj (.text)
                  00015d80    000007a8     sci.obj (.text)
                  00016528    00000664     errata_SSWF021_45.obj (.text)
                  00016b8c    00000638     rti.obj (.text)
                  000171c4    000005bc     esm.obj (.text)
                  00017780    00000498     EVE_MCU.obj (.text)
                  00017c18    00000484     gio.obj (.text)
                  0001809c    000003d8     sci.obj (.text:retain)
                  00018474    000003d0     sys_main.obj (.text)
                  00018844    000003c0     EVE_HAL.obj (.text)
                  00018c04    0000034c     sys_core.obj (.text)
                  00018f50    000002cc     sys_vim.obj (.text:retain)
                  0001921c    000002b4     rtsv7R4_T_be_v3D16_eabi.lib : ull_div32.asm.obj (.text)
                  000194d0    00000288     sys_startup.obj (.text:retain)
                  00019758    00000260     F021_API_CortexR4_BE_V3D16_NDS.lib : FlashStateMachine.InitializeFlashBanks.obj (.text:Fapi_initializeFlashBanks)
                  000199b8    00000250     ui_buttons.obj (.text)
                  00019c08    00000248     rtsv7R4_T_be_v3D16_eabi.lib : _printfi.c.obj (.text:_pconv_a)
                  00019e50    000001d0     ui_rpm_bar.obj (.text)
                  0001a020    000001b8     inputs.obj (.text)
                  0001a1d8    000001a0     rtsv7R4_T_be_v3D16_eabi.lib : _printfi.c.obj (.text:_pconv_g)
                  0001a378    0000019c     can.obj (.text:retain)
                  0001a514    0000017c     F021_API_CortexR4_BE_V3D16_NDS.lib : FlashStateMachine.SetActiveBank.obj (.text:Fapi_setActiveFlashBank)
                  0001a690    00000124     rti.obj (.text:retain)
                  0001a7b4    00000114     esm.obj (.text:retain)
                  0001a8c8    00000104     rtsv7R4_T_be_v3D16_eabi.lib : _printfi.c.obj (.text:_pconv_e)
                  0001a9cc    00000104     notification.obj (.text)
                  0001aad0    000000fc     rtsv7R4_T_be_v3D16_eabi.lib : _printfi.c.obj (.text:fcvt)
                  0001abcc    000000f0                                 : s_scalbn.c.obj (.text:scalbn)
                  0001acbc    000000e8     dabort.obj (.text)
                  0001ada4    000000e0     rtsv7R4_T_be_v3D16_eabi.lib : s_floor.c.obj (.text:floor)
                  0001ae84    000000e0     sys_pmu.obj (.text)
                  0001af64    000000ad     rtsv7R4_T_be_v3D16_eabi.lib : _printfi.c.obj (.text:_ltostr)
                  0001b011    00000001     --HOLE-- [fill = 0]
                  0001b012    0000009c                                 : memcpy_t2.asm.obj (.text)
                  0001b0ae    00000002     --HOLE-- [fill = 0]
                  0001b0b0    00000094     F021_API_CortexR4_BE_V3D16_NDS.lib : BlankCheck.obj (.text:Fapi_doBlankCheck)
                  0001b144    00000080                                        : FlashStateMachine.EnableEepromSectors.obj (.text:Fapi_enableEepromBankSectors)
                  0001b1c4    0000007a     rtsv7R4_T_be_v3D16_eabi.lib : _printfi.c.obj (.text:_mcpy)
                  0001b23e    0000007a                                 : memset_t2.asm.obj (.text)
                  0001b2b8    00000074                                 : s_frexp.c.obj (.text:frexp)
                  0001b32c    0000006c                                 : copy_decompress_lzss.c.obj (.text:decompress:lzss:__TI_decompress_lzss)
                  0001b398    00000068     dashboard.obj (.text:_ZN14Bridgetek_EVE210CMD_BUTTONEssssstPKcz)
                  0001b400    00000060     rtsv7R4_T_be_v3D16_eabi.lib : autoinit.c.obj (.text:__TI_auto_init_nobinit:__TI_auto_init_nobinit)
                  0001b460    0000005e     F021_API_CortexR4_BE_V3D16_NDS.lib : Read.LoopDword.obj (.text:_Fapi_loopRegionForValue)
                  0001b4be    00000002     --HOLE-- [fill = 0]
                  0001b4c0    00000058     dashboard.obj (.text:_ZN14Bridgetek_EVE28CMD_TEXTEssstPKcz)
                  0001b518    00000054     rtsv7R4_T_be_v3D16_eabi.lib : _ltoa.c.obj (.text:__TI_ltoa)
                  0001b56c    00000054                                 : _printfi.c.obj (.text:_ecpy)
                  0001b5c0    00000054                                 : i_div32.asm.obj (.text)
                  0001b614    00000050     F021_API_CortexR4_BE_V3D16_NDS.lib : FlashStateMachine.Hercules.IsEccAddress.obj (.text:Fapi_isAddressEcc)
                  0001b664    00000050     rtsv7R4_T_be_v3D16_eabi.lib : _printfi.c.obj (.text:_pconv_f)
                  0001b6b4    00000050                                 : atoi.c.obj (.text:atoi)
                  0001b704    0000004c     dashboard.obj (.text:_ZN14Bridgetek_EVE212CMD_PROGRESSEssssttt)
                  0001b750    00000044     F021_API_CortexR4_BE_V3D16_NDS.lib : FlashStateMachine.EnableEepromSectors.obj (.text:_Fapi_EnableSectors)
                  0001b794    00000040     rtsv7R4_T_be_v3D16_eabi.lib : _printfi.c.obj (.text:_fcpy)
                  0001b7d4    00000040                                 : sprintf.c.obj (.text:sprintf)
                  0001b814    0000003c     F021_API_CortexR4_BE_V3D16_NDS.lib : FlashStateMachine.IssueFsmCommand.obj (.text:_Fapi_issueFsmCommand)
                  0001b850    0000003c     dashboard.obj (.text:_ZN14Bridgetek_EVE210CMD_NUMBEREsssti)
                  0001b88c    00000038     rtsv7R4_T_be_v3D16_eabi.lib : strstr.c.obj (.text:strstr)
                  0001b8c4    00000036     F021_API_CortexR4_BE_V3D16_NDS.lib : Utilities.CalculateFletcher.obj (.text:Fapi_calculateFletcherChecksum)
                  0001b8fa    00000002     --HOLE-- [fill = 0]
                  0001b8fc    00000030                                        : Async.WithAddress.obj (.text:Fapi_issueAsyncCommandWithAddress)
                  0001b92c    00000030                                        : Utilities.WaitDelay.obj (.text:Fapi_waitDelay)
                  0001b95c    0000002c                                        : Read.Common.obj (.text:_Fapi_readDword)
                  0001b988    0000002a                                        : Async.obj (.text:Fapi_issueAsyncCommand)
                  0001b9b2    00000002     --HOLE-- [fill = 0]
                  0001b9b4    00000028     dashboard.obj (.text:_ZN14Bridgetek_EVE215CLEAR_COLOR_RGBEhhh)
                  0001b9dc    00000028     dashboard.obj (.text:_ZN14Bridgetek_EVE25CLEAREhhh)
                  0001ba04    00000028     dashboard.obj (.text:_ZN14Bridgetek_EVE29COLOR_RGBEhhh)
                  0001ba2c    00000026     rtsv7R4_T_be_v3D16_eabi.lib : memccpy.c.obj (.text:memccpy)
                  0001ba52    00000002     --HOLE-- [fill = 0]
                  0001ba54    00000024     data.obj (.text:_ZN12motor_data_tC1Et)
                  0001ba78    00000024     data.obj (.text:_ZN13driver_data_tC1Et)
                  0001ba9c    00000024     data.obj (.text:_ZN15driver_status_tC1Et)
                  0001bac0    00000022     F021_API_CortexR4_BE_V3D16_NDS.lib : Read.FlushPipeline.obj (.text:Fapi_flushPipeline)
                  0001bae2    00000002     --HOLE-- [fill = 0]
                  0001bae4    00000020     data.obj (.text:_ZN10tps_data_tC1Ev)
                  0001bb04    00000020     data.obj (.text:_ZN11rear_data_tC1Ev)
                  0001bb24    00000020     data.obj (.text:_ZN12front_data_tC1Ev)
                  0001bb44    00000020     ui_touch.obj (.text:_ZN14Bridgetek_EVE213LIB_MemWrite8Ejh)
                  0001bb64    00000020     ui_touch.obj (.text:_ZN14Bridgetek_EVE214LIB_MemWrite32Ejj)
                  0001bb84    00000020     dashboard.obj (.text:_ZN14Bridgetek_EVE28VERTEX2FEss)
                  0001bba4    00000020     data.obj (.text:_ZN14current_data_tC1Ev)
                  0001bbc4    00000020     data.obj (.text:_ZN15main_ecu_data_tC1Ev)
                  0001bbe4    00000020     data.obj (.text:_ZN17calibration_cmd_tC1Ev)
                  0001bc04    00000020     data.obj (.text:_ZN19canopen_heartbeat_tC1Ev)
                  0001bc24    0000001e     rtsv7R4_T_be_v3D16_eabi.lib : s_copysign.c.obj (.text:copysign)
                  0001bc42    0000001c     F021_API_CortexR4_BE_V3D16_NDS.lib : FlashStateMachine.InitializeFlashBanks.obj (.text:_Fapi_divideUnsignedLong)
                  0001bc5e    0000001a     rtsv7R4_T_be_v3D16_eabi.lib : sprintf.c.obj (.text:_outs)
                  0001bc78    00000018     dashboard.obj (.text:_Z3absf)
                  0001bc90    00000018     dashboard.obj (.text:_Z4fabsf)
                  0001bca8    00000018     ui_touch.obj (.text:_ZN14Bridgetek_EVE212LIB_MemRead8Ej)
                  0001bcc0    00000018     ui_touch.obj (.text:_ZN14Bridgetek_EVE213CMD_CALIBRATEEj)
                  0001bcd8    00000018     ui_touch.obj (.text:_ZN14Bridgetek_EVE213LIB_MemRead16Ej)
                  0001bcf0    00000018     ui_touch.obj (.text:_ZN14Bridgetek_EVE213LIB_MemRead32Ej)
                  0001bd08    00000018     dashboard.obj (.text:_ZN14Bridgetek_EVE23TAGEh)
                  0001bd20    00000018     dashboard.obj (.text:_ZN14Bridgetek_EVE25BEGINEh)
                  0001bd38    00000016     rtsv7R4_T_be_v3D16_eabi.lib : strchr.c.obj (.text:strchr)
                  0001bd4e    00000016                                 : strlen.c.obj (.text:strlen)
                  0001bd64    00000012                                 : wcslen.c.obj (.text:wcslen)
                  0001bd76    00000002     --HOLE-- [fill = 0]
                  0001bd78    00000010     F021_API_CortexR4_BE_V3D16_NDS.lib : Utilities.GetNumberOfSectors.obj (.text:Fapi_getNumberOfBankSectors)
                  0001bd88    00000010     dashboard.obj (.text:_ZN14Bridgetek_EVE211CMD_DLSTARTEv)
                  0001bd98    00000010     dashboard.obj (.text:_ZN14Bridgetek_EVE216LIB_EndCoProListEv)
                  0001bda8    00000010     dashboard.obj (.text:_ZN14Bridgetek_EVE218LIB_BeginCoProListEv)
                  0001bdb8    00000010     ui_touch.obj (.text:_ZN14Bridgetek_EVE219LIB_AwaitCoProEmptyEv)
                  0001bdc8    00000010     dashboard.obj (.text:_ZN14Bridgetek_EVE23ENDEv)
                  0001bdd8    00000010     sys_main.obj (.text:_ZN14Bridgetek_EVE24InitEv)
                  0001bde8    00000010     dashboard.obj (.text:_ZN14Bridgetek_EVE27DISPLAYEv)
                  0001bdf8    00000010     dashboard.obj (.text:_ZN14Bridgetek_EVE28CMD_SWAPEv)
                  0001be08    00000010     F021_API_CortexR4_BE_V3D16_NDS.lib : FlashStateMachine.ScaleFclk.obj (.text:_scaleEEFclk)
                  0001be18    00000010                                        : FlashStateMachine.ScaleFclk.obj (.text:_scaleMainFclk)
                  0001be28    0000000e     rtsv7R4_T_be_v3D16_eabi.lib : copy_decompress_none.c.obj (.text:decompress:none:__TI_decompress_none)
                  0001be36    0000000c     F021_API_CortexR4_BE_V3D16_NDS.lib : Read.WdService.obj (.text:_Fapi_checkWdService)
                  0001be42    0000000c     rtsv7R4_T_be_v3D16_eabi.lib : copy_zero_init.c.obj (.text:decompress:ZI:__TI_zero_init)
                  0001be4e    0000000a                                 : sprintf.c.obj (.text:_outc)
                  0001be58    00000008     Fapi_UserDefinedFunctions.obj (.text)
                  0001be60    00000008     rtsv7R4_T_be_v3D16_eabi.lib : errno.c.obj (.text:__aeabi_errno_addr)
                  0001be68    00000004                                 : exit.c.obj (.text:abort:abort)
                  0001be6c    00000004     sys_phantom.obj (.text:retain)
                  0001be70    00000004     sys_startup.obj (.text)
                  0001be74    00000008     Fapi_UserDefinedFunctions.obj (.tramp.Fapi_serviceWatchdogTimer.1)

.const     0    0001d51c    0000038c     
                  0001d51c    00000200     sys_vim.obj (.const:s_vim_init)
                  0001d71c    00000101     rtsv7R4_T_be_v3D16_eabi.lib : ctype.c.obj (.const:.string:_ctypes_)
                  0001d81d    00000023     Bridgetek_EVE2.obj (.const:.string:$P$T0$1)
                  0001d840    00000023     Bridgetek_EVE2.obj (.const:.string:$P$T1$2)
                  0001d863    00000023     Bridgetek_EVE2.obj (.const:.string:$P$T2$3)
                  0001d886    00000002     --HOLE-- [fill = 0]
                  0001d888    00000020     can.obj (.const:s_canByteOrder)

.cinit     0    0001d950    00000048     
                  0001d950    0000000c     (.cinit..data.load) [load image, compression = lzss]
                  0001d95c    0000000c     (__TI_handler_table)
                  0001d968    00000009     (.cinit.FEE_DATA_SECTION.load) [load image, compression = lzss]
                  0001d971    00000007     --HOLE-- [fill = 0]
                  0001d978    00000008     (.cinit..bss.load) [load image, compression = zero_init]
                  0001d980    00000018     (__TI_cinit_table)

.bss       0    08001500    00004268     UNINITIALIZED
                  08001500    0000407c     (.common:dashboard_data)
                  0800557c    00000078     spi.obj (.bss:g_spiPacket_t)
                  080055f4    00000069     sys_main.obj (.bss:display_data)
                  0800565d    00000003     --HOLE--
                  08005660    00000028     sci.obj (.bss:g_sciTransfer_t)
                  08005688    0000000c     data.obj (.bss:calibration_cmd)
                  08005694    0000000c     data.obj (.bss:canopen_heartbeat)
                  080056a0    0000000c     data.obj (.bss:current_data)
                  080056ac    0000000c     data.obj (.bss:driver1_data)
                  080056b8    0000000c     data.obj (.bss:driver1_status)
                  080056c4    0000000c     data.obj (.bss:driver2_data)
                  080056d0    0000000c     data.obj (.bss:driver2_status)
                  080056dc    0000000c     data.obj (.bss:front_data)
                  080056e8    0000000c     data.obj (.bss:main_ecu_data)
                  080056f4    0000000c     data.obj (.bss:motor1_data)
                  08005700    0000000c     data.obj (.bss:motor2_data)
                  0800570c    0000000c     data.obj (.bss:rear_data)
                  08005718    0000000c     data.obj (.bss:tps_data)
                  08005724    00000004     (.common:EVE_DISP_CSPREAD)
                  08005728    00000004     (.common:EVE_DISP_DITHER)
                  0800572c    00000004     (.common:EVE_DISP_HCYCLE)
                  08005730    00000004     (.common:EVE_DISP_HEIGHT)
                  08005734    00000004     (.common:EVE_DISP_HOFFSET)
                  08005738    00000004     (.common:EVE_DISP_HSYNC0)
                  0800573c    00000004     (.common:EVE_DISP_HSYNC1)
                  08005740    00000004     (.common:EVE_DISP_PCLK)
                  08005744    00000004     (.common:EVE_DISP_PCLKPOL)
                  08005748    00000004     (.common:EVE_DISP_PCLK_FREQ)
                  0800574c    00000004     (.common:EVE_DISP_SWIZZLE)
                  08005750    00000004     (.common:EVE_DISP_VCYCLE)
                  08005754    00000004     (.common:EVE_DISP_VOFFSET)
                  08005758    00000004     (.common:EVE_DISP_VSYNC0)
                  0800575c    00000004     (.common:EVE_DISP_VSYNC1)
                  08005760    00000004     (.common:EVE_DISP_WIDTH)
                  08005764    00000004     (.common:EVE_TOUCH_ADDR)

.data      0    0800589c    0000004c     UNINITIALIZED
                  0800589c    00000018     dashboard.obj (.data)
                  080058b4    00000010     inputs.obj (.data:input_targets)
                  080058c4    0000000a     ui_touch.obj (.data)
                  080058ce    00000002     pages.obj (.data)
                  080058d0    00000008     F021_API_CortexR4_BE_V3D16_NDS.lib : FlashStateMachine.ScaleFclk.obj (.data)
                  080058d8    00000006     data.obj (.data)
                  080058de    00000004     EVE_MCU.obj (.data:dataconfig)
                  080058e2    00000001     F021_API_CortexR4_BE_V3D16_NDS.lib : FlashStateMachine.SetActiveBank.obj (.data)
                  080058e3    00000001     --HOLE--
                  080058e4    00000004     rtsv7R4_T_be_v3D16_eabi.lib : errno.c.obj (.data)

FEE_TEXT_SECTION 
*          0    0001be7c    000016a0     
                  0001be7c    00000cb8     ti_fee_writeAsync.obj (FEE_TEXT_SECTION)
                  0001cb34    000009e8     ti_fee_readSync.obj (FEE_TEXT_SECTION)

FEE_CONST_SECTION 
*          0    0001d8a8    000000a0     
                  0001d8a8    00000084     Device_TMS570LS12.obj (FEE_CONST_SECTION)
                  0001d92c    0000001c     ti_fee_cfg.obj (FEE_CONST_SECTION)

FEE_DATA_SECTION 
*          0    08005768    00000131     UNINITIALIZED
                  08005768    000000f5     ti_fee_ini.obj (FEE_DATA_SECTION)
                  0800585d    00000001     ti_fee_main.obj (FEE_DATA_SECTION)
                  0800585e    00000002     --HOLE--
                  08005860    0000002e     ti_fee_util.obj (FEE_DATA_SECTION:uninit)
                  0800588e    00000002     --HOLE--
                  08005890    00000009     ti_fee_util.obj (FEE_DATA_SECTION:init)

__llvm_prf_cnts 
*          0    08001500    00000000     UNINITIALIZED

.init_array 
*          0    0001d948    00000008     
                  0001d948    00000004     sys_main.obj (.init_array)
                  0001d94c    00000004     data.obj (.init_array)

MODULE SUMMARY

       Module                                        code     ro data   rw data
       ------                                        ----     -------   -------
    .\ft81x_driver\
       EVE_API.obj                                   8768     0         0      
       Bridgetek_EVE2.obj                            2000     105       68     
       EVE_MCU.obj                                   1176     0         4      
       EVE_HAL.obj                                   960      0         0      
    +--+---------------------------------------------+--------+---------+---------+
       Total:                                        12904    105       72     
                                                                               
    .\source\
       dashboard.obj                                 12384    0         16532  
       ti_fee_util.obj                               22480    0         55     
       sys_selftest.obj                              11484    0         0      
       ti_fee_ini.obj                                5992     0         245    
       ti_fee_main.obj                               4320     0         1      
       can.obj                                       4120     32        0      
       sys_vim.obj                                   3364     512       0      
       ui_touch.obj                                  3428     0         10     
       ti_fee_writeAsync.obj                         3256     0         0      
       spi.obj                                       3032     0         120    
       sci.obj                                       2944     0         40     
       system.obj                                    2916     0         0      
       data.obj                                      2584     4         162    
       ti_fee_readSync.obj                           2536     0         0      
       pinmux.obj                                    2236     0         0      
       rti.obj                                       1884     0         0      
       esm.obj                                       1744     0         0      
       errata_SSWF021_45.obj                         1636     0         0      
       gio.obj                                       1156     0         0      
       sys_main.obj                                  992      4         105    
       sys_core.obj                                  844      0         0      
       sys_startup.obj                               652      0         0      
       ui_buttons.obj                                592      0         0      
       ui_rpm_bar.obj                                464      0         0      
       inputs.obj                                    440      0         16     
       notification.obj                              260      0         0      
       dabort.obj                                    232      0         0      
       sys_pmu.obj                                   224      0         0      
       Device_TMS570LS12.obj                         0        132       0      
       sys_intvecs.obj                               32       0         0      
       ti_fee_cfg.obj                                0        28        0      
       Fapi_UserDefinedFunctions.obj                 16       0         0      
       sys_phantom.obj                               4        0         0      
       pages.obj                                     0        0         2      
    +--+---------------------------------------------+--------+---------+---------+
       Total:                                        98248    712       17288  
                                                                               
    C:/ti/Hercules/F021 Flash API/02.01.01/F021_API_CortexR4_BE_V3D16_NDS.lib
       FlashStateMachine.InitializeFlashBanks.obj    636      0         0      
       FlashStateMachine.SetActiveBank.obj           380      0         1      
       FlashStateMachine.EnableEepromSectors.obj     196      0         0      
       BlankCheck.obj                                148      0         0      
       Read.LoopDword.obj                            94       0         0      
       FlashStateMachine.Hercules.IsEccAddress.obj   80       0         0      
       FlashStateMachine.IssueFsmCommand.obj         60       0         0      
       Utilities.CalculateFletcher.obj               54       0         0      
       Async.WithAddress.obj                         48       0         0      
       Utilities.WaitDelay.obj                       48       0         0      
       Read.Common.obj                               44       0         0      
       Async.obj                                     42       0         0      
       FlashStateMachine.ScaleFclk.obj               32       0         8      
       Read.FlushPipeline.obj                        34       0         0      
       Utilities.GetNumberOfSectors.obj              16       0         0      
       Read.WdService.obj                            12       0         0      
    +--+---------------------------------------------+--------+---------+---------+
       Total:                                        1924     0         9      
                                                                               
    C:/ti/ccs1281/ccs/tools/compiler/ti-cgt-arm_20.2.7.LTS/lib/rtsv7R4_T_be_v3D16_eabi.lib
       _printfi.c.obj                                4673     0         0      
       ull_div32.asm.obj                             692      0         0      
       ctype.c.obj                                   0        257       0      
       s_scalbn.c.obj                                240      0         0      
       s_floor.c.obj                                 224      0         0      
       memcpy_t2.asm.obj                             156      0         0      
       memset_t2.asm.obj                             122      0         0      
       s_frexp.c.obj                                 116      0         0      
       copy_decompress_lzss.c.obj                    108      0         0      
       sprintf.c.obj                                 100      0         0      
       autoinit.c.obj                                96       0         0      
       _ltoa.c.obj                                   84       0         0      
       i_div32.asm.obj                               84       0         0      
       atoi.c.obj                                    80       0         0      
       strstr.c.obj                                  56       0         0      
       memccpy.c.obj                                 38       0         0      
       s_copysign.c.obj                              30       0         0      
       strchr.c.obj                                  22       0         0      
       strlen.c.obj                                  22       0         0      
       wcslen.c.obj                                  18       0         0      
       copy_decompress_none.c.obj                    14       0         0      
       copy_zero_init.c.obj                          12       0         0      
       errno.c.obj                                   8        0         4      
       exit.c.obj                                    4        0         0      
       div0.asm.obj                                  2        0         0      
    +--+---------------------------------------------+--------+---------+---------+
       Total:                                        7001     257       4      
                                                                               
       Linker Generated:                             0        65        0      
    +--+---------------------------------------------+--------+---------+---------+
       Grand Total:                                  120077   1139      17373  


LINKER GENERATED COPY TABLES

__TI_cinit_table @ 0001d980 records: 3, size/record: 8, table size: 24
	.data: load addr=0001d950, load size=0000000c bytes, run addr=0800589c, run size=0000004c bytes, compression=lzss
	FEE_DATA_SECTION: load addr=0001d968, load size=00000009 bytes, run addr=08005768, run size=00000131 bytes, compression=lzss
	.bss: load addr=0001d978, load size=00000008 bytes, run addr=08001500, run size=00004268 bytes, compression=zero_init


LINKER GENERATED HANDLER TABLE

__TI_handler_table @ 0001d95c records: 3, size/record: 4, table size: 12
	index: 0, handler: __TI_zero_init
	index: 1, handler: __TI_decompress_lzss
	index: 2, handler: __TI_decompress_none

VENEERS

callee name               veneer name
   callee addr  veneer addr  call addr  call info
--------------  -----------  ---------  ----------------
Fapi_serviceWatchdogTimer  $Ven$TA$L$PI$$Fapi_serviceWatchdogTimer
   0001be58     0001be74     0001be3c   F021_API_CortexR4_BE_V3D16_NDS.lib : Read.WdService.obj (.text:_Fapi_checkWdService)

[1 trampolines]
[1 trampoline calls]


GLOBAL SYMBOLS: SORTED ALPHABETICALLY BY Name 

address   name                                                         
-------   ----                                                         
0001be69  C$$EXIT                                                      
0000cf18  COUNT_ARGS                                                   
0001d8a8  Device_FlashDevice                                           
0000bef4  EVE_ALPHA_FUNC                                               
0000c1a8  EVE_BEGIN                                                    
0000bdb8  EVE_BITMAP_HANDLE                                            
0000be00  EVE_BITMAP_LAYOUT                                            
0000c45c  EVE_BITMAP_LAYOUT_H                                          
0000be48  EVE_BITMAP_SIZE                                              
0000c490  EVE_BITMAP_SIZE_H                                            
0000bddc  EVE_BITMAP_SOURCE                                            
0000c310  EVE_BITMAP_TRANSFORM_A                                       
0000c354  EVE_BITMAP_TRANSFORM_B                                       
0000c38c  EVE_BITMAP_TRANSFORM_C                                       
0000c3b8  EVE_BITMAP_TRANSFORM_D                                       
0000c3f0  EVE_BITMAP_TRANSFORM_E                                       
0000c414  EVE_BITMAP_TRANSFORM_F                                       
0000bf70  EVE_BLEND_FUNC                                               
0000c160  EVE_CALL                                                     
0000beac  EVE_CELL                                                     
0000bc78  EVE_CLEAR                                                    
0000bc54  EVE_CLEAR_COLOR                                              
0000c020  EVE_CLEAR_COLOR_A                                            
0000bc0c  EVE_CLEAR_COLOR_RGB                                          
0000c068  EVE_CLEAR_STENCIL                                            
0000c08c  EVE_CLEAR_TAG                                                
0000bbf0  EVE_CMD                                                      
0000cbb4  EVE_CMD_APPEND                                               
0000c78c  EVE_CMD_BGCOLOR                                              
0000ca8c  EVE_CMD_BITMAP_TRANSFORM                                     
0000d064  EVE_CMD_BUTTON                                               
0000cb24  EVE_CMD_CALIBRATE                                            
0000cc44  EVE_CMD_CLOCK                                                
0000cdf0  EVE_CMD_COLDSTART                                            
0000d23c  EVE_CMD_CSKETCH                                              
0000ce08  EVE_CMD_DIAL                                                 
0000ce88  EVE_CMD_DLSTART                                              
0000c894  EVE_CMD_FGCOLOR                                              
0000c634  EVE_CMD_GAUGE                                                
0000c974  EVE_CMD_GETMATRIX                                            
0000c6cc  EVE_CMD_GETPROPS                                             
0000cd6c  EVE_CMD_GETPTR                                               
0000ca68  EVE_CMD_GRADCOLOR                                            
0000ccac  EVE_CMD_GRADIENT                                             
0000cb48  EVE_CMD_INFLATE                                              
0000c870  EVE_CMD_INTERRUPT                                            
0000c550  EVE_CMD_KEYS                                                 
0000c61c  EVE_CMD_LOADIDENTITY                                         
0000ce58  EVE_CMD_LOADIMAGE                                            
0000cb9c  EVE_CMD_LOGO                                                 
0000d2c0  EVE_CMD_MEDIAFIFO                                            
0000c708  EVE_CMD_MEMCPY                                               
0000cedc  EVE_CMD_MEMCRC                                               
0000ca2c  EVE_CMD_MEMSET                                               
0000c8dc  EVE_CMD_MEMWRITE                                             
0000cbe4  EVE_CMD_MEMZERO                                              
0000c5cc  EVE_CMD_NUMBER                                               
0000d338  EVE_CMD_PLAYVIDEO                                            
0000cd90  EVE_CMD_PROGRESS                                             
0000c69c  EVE_CMD_REGREAD                                              
0000d308  EVE_CMD_ROMFONT                                              
0000c8b8  EVE_CMD_ROTATE                                               
0000cc14  EVE_CMD_SCALE                                                
0000cec4  EVE_CMD_SCREENSAVER                                          
0000c90c  EVE_CMD_SCROLLBAR                                            
0000d3a8  EVE_CMD_SETBASE                                              
0000d3cc  EVE_CMD_SETBITMAP                                            
0000cb6c  EVE_CMD_SETFONT                                              
0000d438  EVE_CMD_SETFONT2                                             
0000cd04  EVE_CMD_SETMATRIX                                            
0000d29c  EVE_CMD_SETROTATE                                            
0000d414  EVE_CMD_SETSCRATCH                                           
0000c9d4  EVE_CMD_SKETCH                                               
0000c810  EVE_CMD_SLIDER                                               
0000cea0  EVE_CMD_SNAPSHOT                                             
0000d474  EVE_CMD_SNAPSHOT2                                            
0000c744  EVE_CMD_SPINNER                                              
0000c7f8  EVE_CMD_STOP                                                 
0000c7b0  EVE_CMD_SWAP                                                 
0000d2f0  EVE_CMD_SYNC                                                 
0000cf8c  EVE_CMD_TEXT                                                 
0000d150  EVE_CMD_TOGGLE                                               
0000cd1c  EVE_CMD_TRACK                                                
0000c7c8  EVE_CMD_TRANSLATE                                            
0000d360  EVE_CMD_VIDEOFRAME                                           
0000d390  EVE_CMD_VIDEOSTART                                           
0000bd08  EVE_COLOR                                                    
0000c044  EVE_COLOR_A                                                  
0000c1cc  EVE_COLOR_MASK                                               
0000bcc0  EVE_COLOR_RGB                                                
0000c2d0  EVE_DISPLAY                                                  
08005724  EVE_DISP_CSPREAD                                             
08005728  EVE_DISP_DITHER                                              
0800572c  EVE_DISP_HCYCLE                                              
08005730  EVE_DISP_HEIGHT                                              
08005734  EVE_DISP_HOFFSET                                             
08005738  EVE_DISP_HSYNC0                                              
0800573c  EVE_DISP_HSYNC1                                              
08005740  EVE_DISP_PCLK                                                
08005744  EVE_DISP_PCLKPOL                                             
08005748  EVE_DISP_PCLK_FREQ                                           
0800574c  EVE_DISP_SWIZZLE                                             
08005750  EVE_DISP_VCYCLE                                              
08005754  EVE_DISP_VOFFSET                                             
08005758  EVE_DISP_VSYNC0                                              
0800575c  EVE_DISP_VSYNC1                                              
08005760  EVE_DISP_WIDTH                                               
0000c224  EVE_END                                                      
0000b28c  EVE_Init                                                     
0000c184  EVE_JUMP                                                     
0000b4fc  EVE_LIB_AwaitCoProEmpty                                      
0000b4d0  EVE_LIB_BeginCoProList                                       
0000bb58  EVE_LIB_BitmapTransform                                      
0000b4ec  EVE_LIB_EndCoProList                                         
0000ba68  EVE_LIB_GetMatrix                                            
0000b9d8  EVE_LIB_GetProps                                             
0000ba38  EVE_LIB_GetPtr                                               
0000b508  EVE_LIB_GetResult                                            
0000bb18  EVE_LIB_MemCrc                                               
0000b8e4  EVE_LIB_MemRead16                                            
0000b8b4  EVE_LIB_MemRead32                                            
0000b914  EVE_LIB_MemRead8                                             
0000b8c8  EVE_LIB_MemWrite16                                           
0000b898  EVE_LIB_MemWrite32                                           
0000b8f8  EVE_LIB_MemWrite8                                            
0000b66c  EVE_LIB_ReadDataFromRAMG                                     
0000b928  EVE_LIB_SendString                                           
0000b760  EVE_LIB_WriteDataToCMD                                       
0000b568  EVE_LIB_WriteDataToRAMG                                      
0000bffc  EVE_LINE_WIDTH                                               
0000c294  EVE_MACRO                                                    
0000c538  EVE_NOP                                                      
0000c4c8  EVE_PALETTE_SOURCE                                           
0000bfd8  EVE_POINT_SIZE                                               
0000c254  EVE_RESTORE_CONTEXT                                          
0000c26c  EVE_RETURN                                                   
0000c23c  EVE_SAVE_CONTEXT                                             
0000c12c  EVE_SCISSOR_SIZE                                             
0000c0f8  EVE_SCISSOR_XY                                               
0000bf28  EVE_STENCIL_FUNC                                             
0000c0b0  EVE_STENCIL_MASK                                             
0000bfa4  EVE_STENCIL_OP                                               
0000bed0  EVE_TAG                                                      
0000c0d4  EVE_TAG_MASK                                                 
08005764  EVE_TOUCH_ADDR                                               
0000bd2c  EVE_VERTEX2F                                                 
0000bd60  EVE_VERTEX2II                                                
0000c438  EVE_VERTEX_FORMAT                                            
0000c4ec  EVE_VERTEX_TRANSLATE_X                                       
0000c514  EVE_VERTEX_TRANSLATE_Y                                       
0001b8c5  Fapi_calculateFletcherChecksum                               
0001b0b1  Fapi_doBlankCheck                                            
0001b145  Fapi_enableEepromBankSectors                                 
0001bac1  Fapi_flushPipeline                                           
0001bd79  Fapi_getNumberOfBankSectors                                  
00019759  Fapi_initializeFlashBanks                                    
0001b615  Fapi_isAddressEcc                                            
0001b989  Fapi_issueAsyncCommand                                       
0001b8fd  Fapi_issueAsyncCommandWithAddress                            
0001be58  Fapi_serviceWatchdogTimer                                    
0001a515  Fapi_setActiveFlashBank                                      
0001b92d  Fapi_waitDelay                                               
0001d938  Fee_BlockConfiguration                                       
0001d92c  Fee_VirtualSectorConfiguration                               
00018bdc  HAL_CheckCmdFreeSpace                                        
000188c8  HAL_ChipSelect                                               
000188bc  HAL_EVE_Deinit                                               
00018844  HAL_EVE_Init                                                 
00018b7c  HAL_GetCmdPointer                                            
00018b34  HAL_HostCmdWrite                                             
00018b6c  HAL_IncCmdPointer                                            
00018ad4  HAL_MemRead16                                                
00018aa4  HAL_MemRead32                                                
00018b04  HAL_MemRead8                                                 
00018a44  HAL_MemWrite16                                               
00018a14  HAL_MemWrite32                                               
00018a74  HAL_MemWrite8                                                
000188ec  HAL_PowerDown                                                
000189ac  HAL_Read                                                     
000189e8  HAL_Read16                                                   
000189c8  HAL_Read32                                                   
00018a00  HAL_Read8                                                    
00018930  HAL_SetReadAddress                                           
00018910  HAL_SetWriteAddress                                          
00018b94  HAL_WaitCmdFifoEmpty                                         
0001894c  HAL_Write                                                    
00018980  HAL_Write16                                                  
00018968  HAL_Write32                                                  
00018998  HAL_Write8                                                   
00016ef8  IsdwdKeySequenceCorrect                                      
000177e4  MCU_CShigh                                                   
000177cc  MCU_CSlow                                                    
000177c4  MCU_Deinit                                                   
00017994  MCU_Delay_20ms                                               
000179d4  MCU_Delay_500ms                                              
00017780  MCU_Init                                                     
00017814  MCU_PDhigh                                                   
000177fc  MCU_PDlow                                                    
00017af8  MCU_SPIRead                                                  
00017a38  MCU_SPIRead16                                                
00017a5c  MCU_SPIRead24                                                
00017a80  MCU_SPIRead32                                                
00017a14  MCU_SPIRead8                                                 
00017aa4  MCU_SPIWrite                                                 
00017a48  MCU_SPIWrite16                                               
00017a6c  MCU_SPIWrite24                                               
00017a90  MCU_SPIWrite32                                               
00017a24  MCU_SPIWrite8                                                
000177c8  MCU_Setup                                                    
00017ba8  MCU_be16toh                                                  
00017bc4  MCU_be32toh                                                  
00017b4c  MCU_htobe16                                                  
00017b68  MCU_htobe32                                                  
00017b80  MCU_htole16                                                  
00017b94  MCU_htole32                                                  
00017bdc  MCU_le16toh                                                  
00017bf0  MCU_le32toh                                                  
0001d948  SHT$$INIT_ARRAY$$Base                                        
0001d950  SHT$$INIT_ARRAY$$Limit                                       
000120d8  SpiRxStatus                                                  
0001204c  SpiTxStatus                                                  
00000af4  TI_FeeInternal_AlignAddressForECC                            
00001188  TI_FeeInternal_BlankCheck                                    
00004f34  TI_FeeInternal_CheckForError                                 
00002a54  TI_FeeInternal_CheckModuleState                              
00002ab4  TI_FeeInternal_CheckReadParameters                           
000056cc  TI_FeeInternal_EnableRequiredFlashSector                     
00003044  TI_FeeInternal_FeeManager                                    
00000ec4  TI_FeeInternal_FindNextVirtualSector                         
000050b4  TI_FeeInternal_Fletcher16                                    
00001d24  TI_FeeInternal_GetArrayIndex                                 
00001c68  TI_FeeInternal_GetBlockIndex                                 
00001c2c  TI_FeeInternal_GetBlockNumber                                
00000e84  TI_FeeInternal_GetBlockSize                                  
00002be4  TI_FeeInternal_GetCurrentBlockAddress                        
00001ce8  TI_FeeInternal_GetDataSetIndex                               
00002ce8  TI_FeeInternal_GetNextFlashAddress                           
00001a50  TI_FeeInternal_GetVirtualSectorIndex                         
00000020  TI_FeeInternal_GetVirtualSectorParameter                     
00004b14  TI_FeeInternal_InvalidateErase                               
00000e08  TI_FeeInternal_PollFlashStatus                               
00002d38  TI_FeeInternal_SanityCheck                                   
00002f28  TI_FeeInternal_SetClearCopyBlockState                        
00004dc4  TI_FeeInternal_StartProgramBlock                             
00001e90  TI_FeeInternal_UpdateBlockOffsetArray                        
000044bc  TI_FeeInternal_WriteBlockHeader                              
00000664  TI_FeeInternal_WriteDataF021                                 
00000b2c  TI_FeeInternal_WriteInitialize                               
0000481c  TI_FeeInternal_WritePreviousBlockHeader                      
000001b8  TI_FeeInternal_WriteVirtualSectorHeader                      
000051e0  TI_Fee_ErrorRecovery                                         
0800585c  TI_Fee_FapiInitCalled                                        
00004ec8  TI_Fee_GetStatus                                             
08005768  TI_Fee_GlobalVariables                                       
0000d550  TI_Fee_Init                                                  
0000ec34  TI_Fee_MainFunction                                          
0001cb34  TI_Fee_ReadSync                                              
000054bc  TI_Fee_SuspendResumeErase                                    
0001be7c  TI_Fee_WriteAsync                                            
08005845  TI_Fee_bEraseSuspended                                       
08005846  TI_Fee_bIsMainFunctionCalled                                 
08005848  TI_Fee_oStatusWord                                           
08005840  TI_Fee_u32ActCpyVS                                           
08005838  TI_Fee_u32BlockEraseCount                                    
08005834  TI_Fee_u32FletcherChecksum                                   
08005830  TI_Fee_u8DataSets                                            
0800583c  TI_Fee_u8DeviceIndex                                         
08005844  TI_Fee_u8ErrEraseVS                                          
0800584c  TI_FlashStatusWord                                           
0001b751  _Fapi_EnableSectors                                          
0001be37  _Fapi_checkWdService                                         
0001b815  _Fapi_issueFsmCommand                                        
0001b461  _Fapi_loopRegionForValue                                     
0001b95d  _Fapi_readDword                                              
00010fd0  _Z10eve_get_xyR14Bridgetek_EVE2PtS1_                         
00006000  _Z11draw_centerR14Bridgetek_EVE2P16dashboard_data_t          
00006230  _Z11draw_statusR14Bridgetek_EVE2P16dashboard_data_t          
0001446c  _Z11update_datav                                             
00010d78  _Z12eve_read_tagR14Bridgetek_EVE2Ph                          
00010de4  _Z13eve_calibrateR14Bridgetek_EVE2                           
000064ec  _Z14init_dashboardP16dashboard_data_t                        
00010b90  _Z15loadCalibrationR14Bridgetek_EVE2                         
00010c4c  _Z15saveCalibrationR14Bridgetek_EVE2                         
000199b8  _Z15ui_draw_buttonsR14Bridgetek_EVE2P16dashboard_data_t      
00019e50  _Z15ui_draw_rpm_barR14Bridgetek_EVE2f                        
0001104c  _Z15ui_handle_touchR14Bridgetek_EVE2P16dashboard_data_t      
00005e08  _Z16draw_motor_blockR14Bridgetek_EVE2iPKcffff                
0001782c  _Z17MCU_SPIReadWrite8h                                       
00017874  _Z18MCU_SPIReadWrite16t                                      
000178bc  _Z18MCU_SPIReadWrite24j                                      
0001791c  _Z18MCU_SPIReadWrite32j                                      
00006888  _Z21update_dashboard_dataP16dashboard_data_t                 
00006b9c  _Z21update_dashboard_drawR14Bridgetek_EVE2P16dashboard_data_t
0001bc78  _Z3absf                                                      
0001bc90  _Z4fabsf                                                     
00010d04  _Z5delayi                                                    
00005dbc  _Z7dtostrfdahPc                                              
00014454  _Z9init_datav                                                
0001bae4  _ZN10tps_data_tC1Ev                                          
0001bb04  _ZN11rear_data_tC1Ev                                         
0001bb24  _ZN12front_data_tC1Ev                                        
0001ba54  _ZN12motor_data_tC1Et                                        
0001ba78  _ZN13driver_data_tC1Et                                       
0001b398  _ZN14Bridgetek_EVE210CMD_BUTTONEssssstPKcz                   
0001b850  _ZN14Bridgetek_EVE210CMD_NUMBEREsssti                        
00015610  _ZN14Bridgetek_EVE210DISP_WIDTHEv                            
0001bd88  _ZN14Bridgetek_EVE211CMD_DLSTARTEv                           
00015628  _ZN14Bridgetek_EVE211DISP_HEIGHTEv                           
0001b704  _ZN14Bridgetek_EVE212CMD_PROGRESSEssssttt                    
0001bca8  _ZN14Bridgetek_EVE212LIB_MemRead8Ej                          
0001bcc0  _ZN14Bridgetek_EVE213CMD_CALIBRATEEj                         
0001bcd8  _ZN14Bridgetek_EVE213LIB_MemRead16Ej                         
0001bcf0  _ZN14Bridgetek_EVE213LIB_MemRead32Ej                         
0001bb44  _ZN14Bridgetek_EVE213LIB_MemWrite8Ejh                        
0001bb64  _ZN14Bridgetek_EVE214LIB_MemWrite32Ejj                       
0001b9b4  _ZN14Bridgetek_EVE215CLEAR_COLOR_RGBEhhh                     
0001bd98  _ZN14Bridgetek_EVE216LIB_EndCoProListEv                      
0001bda8  _ZN14Bridgetek_EVE218LIB_BeginCoProListEv                    
0001bdb8  _ZN14Bridgetek_EVE219LIB_AwaitCoProEmptyEv                   
0001bdc8  _ZN14Bridgetek_EVE23ENDEv                                    
0001bd08  _ZN14Bridgetek_EVE23TAGEh                                    
0001bdd8  _ZN14Bridgetek_EVE24InitEv                                   
0001bd20  _ZN14Bridgetek_EVE25BEGINEh                                  
0001b9dc  _ZN14Bridgetek_EVE25CLEAREhhh                                
000155f4  _ZN14Bridgetek_EVE25setupEj                                  
0001bde8  _ZN14Bridgetek_EVE27DISPLAYEv                                
0001bdf8  _ZN14Bridgetek_EVE28CMD_SWAPEv                               
0001b4c0  _ZN14Bridgetek_EVE28CMD_TEXTEssstPKcz                        
0001bb84  _ZN14Bridgetek_EVE28VERTEX2FEss                              
00015640  _ZN14Bridgetek_EVE28setpanelEj                               
0001ba04  _ZN14Bridgetek_EVE29COLOR_RGBEhhh                            
000155b0  _ZN14Bridgetek_EVE2C1Ev                                      
000155b0  _ZN14Bridgetek_EVE2C2Ev                                      
0001bba4  _ZN14current_data_tC1Ev                                      
0001ba9c  _ZN15driver_status_tC1Et                                     
0001bbc4  _ZN15main_ecu_data_tC1Ev                                     
0001bbe4  _ZN17calibration_cmd_tC1Ev                                   
0001bc04  _ZN19canopen_heartbeat_tC1Ev                                 
0001d980  __TI_CINIT_Base                                              
0001d998  __TI_CINIT_Limit                                             
0001d95c  __TI_Handler_Table_Base                                      
0001d968  __TI_Handler_Table_Limit                                     
00018f48  __TI_PINIT_Base                                              
00018f4c  __TI_PINIT_Limit                                             
0001b401  __TI_auto_init_nobinit                                       
0001b32d  __TI_decompress_lzss                                         
0001be29  __TI_decompress_none                                         
0001b519  __TI_ltoa                                                    
ffffffff  __TI_pprof_out_hndl                                          
000139d9  __TI_printfi                                                 
ffffffff  __TI_prof_data_size                                          
ffffffff  __TI_prof_data_start                                         
00000000  __TI_static_base__                                           
0001be43  __TI_zero_init                                               
0001be61  __aeabi_errno_addr                                           
0001b5c0  __aeabi_idiv                                                 
00014427  __aeabi_idiv0                                                
0001b5c0  __aeabi_idivmod                                              
00014427  __aeabi_ldiv0                                                
0001b23f  __aeabi_memclr                                               
0001b23f  __aeabi_memclr4                                              
0001b23f  __aeabi_memclr8                                              
0001b013  __aeabi_memcpy                                               
0001b013  __aeabi_memcpy4                                              
0001b013  __aeabi_memcpy8                                              
0001b241  __aeabi_memset                                               
0001b241  __aeabi_memset4                                              
0001b241  __aeabi_memset8                                              
0001921c  __aeabi_uldivmod                                             
ffffffff  __binit__                                                    
ffffffff  __c_args__                                                   
08001500  __start___llvm_prf_cnts                                      
00018740  __sti___12_sys_main_cpp_26991e22                             
00014b04  __sti___8_data_cpp_tps_data                                  
08001500  __stop___llvm_prf_cnts                                       
000194d0  _c_int00                                                     
00018e60  _coreClearAuxiliaryDataFault_                                
00018e74  _coreClearAuxiliaryInstructionFault_                         
00018e38  _coreClearDataFaultAddress_                                  
00018e10  _coreClearDataFault_                                         
00018e4c  _coreClearInstructionFaultAddress_                           
00018e24  _coreClearInstructionFault_                                  
00018da4  _coreDisableEventBusExport_                                  
00018de8  _coreDisableFlashEcc_                                        
00018dc4  _coreDisableRamEcc_                                          
00018d94  _coreEnableEventBusExport_                                   
00018dd4  _coreEnableFlashEcc_                                         
00018df8  _coreEnableIrqVicOffset_                                     
00018db4  _coreEnableRamEcc_                                           
00018d7c  _coreEnableVfp_                                              
00018e58  _coreGetAuxiliaryDataFault_                                  
00018e6c  _coreGetAuxiliaryInstructionFault_                           
00018e30  _coreGetDataFaultAddress_                                    
00018e08  _coreGetDataFault_                                           
00018e44  _coreGetInstructionFaultAddress_                             
00018e1c  _coreGetInstructionFault_                                    
00018c04  _coreInitRegisters_                                          
00018d10  _coreInitStackPointer_                                       
0001d71c  _ctypes_                                                     
0001acbc  _dabort                                                      
00018e88  _disable_FIQ_interrupt_                                      
00018e90  _disable_IRQ_interrupt_                                      
00018e80  _disable_interrupt_                                          
00018e98  _enable_interrupt_                                           
00018f28  _errata_CORTEXR4_57_                                         
00018f38  _errata_CORTEXR4_66_                                         
00016528  _errata_SSWF021_45_both_plls                                 
0001671c  _errata_SSWF021_45_pll1                                      
00016894  _errata_SSWF021_45_pll2                                      
00018ea0  _esmCcmErrorsClear_                                          
00018d5c  _getCPSRValue_                                               
00018d64  _gotoCPUIdle_                                                
0001aee0  _pmuDisableCountersGlobal_                                   
0001aed0  _pmuEnableCountersGlobal_                                    
0001af3c  _pmuGetCycleCount_                                           
0001af44  _pmuGetEventCount_                                           
0001af50  _pmuGetOverflow_                                             
0001ae84  _pmuInit_                                                    
0001af10  _pmuResetCounters_                                           
0001aef0  _pmuResetCycleCounter_                                       
0001af00  _pmuResetEventCounters_                                      
0001af30  _pmuSetCountEvent_                                           
0001af20  _pmuStartCounters_                                           
0001af28  _pmuStopCounters_                                            
0001be09  _scaleEEFclk                                                 
0001be19  _scaleMainFclk                                               
UNDEFED   _system_post_cinit                                           
0001be69  abort                                                        
000097fc  adc1ParityCheck                                              
000098e8  adc2ParityCheck                                              
0001b6b5  atoi                                                         
ffffffff  binit                                                        
080058a8  cal_center_steer_timer                                       
080058b0  cal_current_sensors_timer                                    
080058a4  cal_left_steer_timer                                         
080058ac  cal_right_steer_timer                                        
0800589c  cal_tps_0_timer                                              
080058a0  cal_tps_100_timer                                            
08005688  calibration_cmd                                              
00010990  can1GetConfigValue                                           
0001a378  can1HighLevelInterrupt                                       
0001a460  can1LowLevelInterrupt                                        
000099a0  can1ParityCheck                                              
00009a78  can2ParityCheck                                              
00009b40  can3ParityCheck                                              
00010830  canDisableErrorNotification                                  
00010810  canDisableStatusChangeNotification                           
00010888  canDisableloopback                                           
000107d0  canEnableErrorNotification                                   
000107f0  canEnableStatusChangeNotification                            
00010850  canEnableloopback                                            
0001aa34  canErrorNotification                                         
00010578  canFillMessageObjectData                                     
000102a0  canGetData                                                   
000107ac  canGetErrorLevel                                             
000103f8  canGetID                                                     
00010788  canGetLastError                                              
0000fd14  canInit                                                      
00010974  canIoRxGetBit                                                
000108b8  canIoSetDirection                                            
00010908  canIoSetPort                                                 
00010958  canIoTxGetBit                                                
0001072c  canIsMessageBoxValid                                         
000106d0  canIsRxMessageArrived                                        
00010674  canIsTxMessagePending                                        
00018610  canMessageNotification                                       
000104d8  canSendRemoteFrame                                           
0001aa48  canStatusChangeNotification                                  
000101a4  canTransmit                                                  
00010460  canUpdateID                                                  
08005694  canopen_heartbeat                                            
000085c0  ccmSelfCheck                                                 
0000ac8c  ccmr4GetConfigValue                                          
00008ec8  checkB0RAMECC                                                
000090b8  checkB1RAMECC                                                
0000a1a8  checkClockMonitor                                            
000092a8  checkFlashECC                                                
0000a284  checkFlashEEPROMECC                                          
0000a41c  checkPLL1Slip                                                
0000a51c  checkPLL2Slip                                                
0000a5e0  checkRAMAddrParity                                           
00009f60  checkRAMECC                                                  
0000a6ec  checkRAMUERRTest                                             
00008d4c  checkefcSelfTest                                             
0001a1a0  connect_input                                                
0001bc25  copysign                                                     
0001bc25  copysignl                                                    
000087c4  cpuSelfTest                                                  
0000938c  cpuSelfTestFail                                              
080056a0  current_data                                                 
080058cf  current_graph                                                
080058ce  current_page                                                 
00012ea4  customTrimLPO                                                
00009384  custom_dabort                                                
08001500  dashboard_data                                               
0000b0e8  disableParity                                                
080055f4  display_data                                                 
0001aabc  dmaGroupANotification                                        
0000943c  dmaParityCheck                                               
080056ac  driver1_data                                                 
080056b8  driver1_status                                               
080056c4  driver2_data                                                 
080056d0  driver2_status                                               
00016f60  dwdClearFlag                                                 
00016e94  dwdCounterEnable                                             
00016edc  dwdGenerateSysReset                                          
00016f2c  dwdGetStatus                                                 
00016f70  dwdGetViolationStatus                                        
00016e18  dwdInit                                                      
00016ec0  dwdReset                                                     
00016ea4  dwdSetPreload                                                
00016e88  dwwdGetCurrentDownCounter                                    
00016e40  dwwdInit                                                     
00008bf0  efcCheck                                                     
0000abf0  efcGetConfigValue                                            
00008d24  efcSelfTest                                                  
00008c78  efcStuckZeroTest                                             
0000b060  enableParity                                                 
0000acfc  errata_PBIST_4                                               
080058e4  errno                                                        
00017348  esmActivateNormalOperation                                   
0001741c  esmClearStatus                                               
0001745c  esmClearStatusBuffer                                         
00017310  esmDisableError                                              
00017380  esmDisableInterrupt                                          
000172e8  esmEnableError                                               
00017358  esmEnableInterrupt                                           
00017554  esmEnterSelfTest                                             
000172cc  esmError                                                     
0001762c  esmGetConfigValue                                            
00017498  esmGetStatus                                                 
0001751c  esmGetStatusBuffer                                           
0001a9cc  esmGroup1Notification                                        
0001a9dc  esmGroup2Notification                                        
0001a7b4  esmHighInterrupt                                             
000171c4  esmInit                                                      
000175dc  esmSelfTestStatus                                            
00017478  esmSetCounterPreloadValue                                    
000173a8  esmSetInterruptLevel                                         
00017338  esmTriggerErrorPinReset                                      
0001ada5  floor                                                        
0001ada5  floorl                                                       
0000a854  fmcBus1ParityCheck                                           
00008dec  fmcBus2Check                                                 
00008e28  fmcECCcheck                                                  
0001b2b9  frexp                                                        
0001b2b9  frexpl                                                       
080056dc  front_data                                                   
00017e78  gioDisableNotification                                       
00017e10  gioEnableNotification                                        
00017d78  gioGetBit                                                    
00017ee0  gioGetConfigValue                                            
00017da0  gioGetPort                                                   
00017c18  gioInit                                                      
0001aa70  gioNotification                                              
00017d08  gioSetBit                                                    
00017ce8  gioSetDirection                                              
00017d58  gioSetPort                                                   
00017db8  gioToggleBit                                                 
0001be70  handlePLLLockFail                                            
000094e8  het1ParityCheck                                              
00009650  het2ParityCheck                                              
00009594  htu1ParityCheck                                              
0000974c  htu2ParityCheck                                              
0001a020  init_inputs                                                  
080058b4  input_targets                                                
0001abcd  ldexp                                                        
0001abcd  ldexpl                                                       
00018474  main                                                         
080056e8  main_ecu_data                                                
00012584  mapClocks                                                    
0001ba2d  memccpy                                                      
0001b013  memcpy                                                       
00008704  memoryInit                                                   
0001a9ec  memoryPort0TestFailNotification                              
0001aa08  memoryPort1TestFailNotification                              
0001b247  memset                                                       
00009c14  mibspi1ParityCheck                                           
00009d1c  mibspi3ParityCheck                                           
00009e40  mibspi5ParityCheck                                           
080056f4  motor1_data                                                  
08005700  motor2_data                                                  
00014cf4  muxInit                                                      
0000a97c  pbistFail                                                    
0000aa00  pbistGetConfigValue                                          
00008b38  pbistIsTestCompleted                                         
00008b64  pbistIsTestPassed                                            
00008b98  pbistPortTestStatus                                          
00008a3c  pbistRun                                                     
0000885c  pbistSelfCheck                                               
00008b08  pbistStop                                                    
00012530  periphInit                                                   
0001be6c  phantomInterrupt                                             
00015190  pinmuxGetConfigValue                                         
0001a070  read_inputs                                                  
0800570c  rear_data                                                    
00000000  resetEntry                                                   
0001a690  rtiCompare0Interrupt                                         
0001a6d8  rtiCompare1Interrupt                                         
0001a720  rtiCompare2Interrupt                                         
0001a768  rtiCompare3Interrupt                                         
00017020  rtiDisableNotification                                       
00016ff8  rtiEnableNotification                                        
0001703c  rtiGetConfigValue                                            
00016d8c  rtiGetCurrentTick                                            
00016d64  rtiGetPeriod                                                 
00016b8c  rtiInit                                                      
000185c0  rtiNotification                                              
00016cd8  rtiResetCounter                                              
00016d3c  rtiSetPeriod                                                 
00016c80  rtiStartCounter                                              
00016cac  rtiStopCounter                                               
0001abcd  scalbn                                                       
0001abcd  scalbnl                                                      
00016248  sciDisableLoopback                                           
000162d4  sciDisableNotification                                       
00016214  sciEnableLoopback                                            
0001626c  sciEnableNotification                                        
0001633c  sciEnterResetState                                           
0001635c  sciExitResetState                                            
0001637c  sciGetConfigValue                                            
0001809c  sciHighLevelInterrupt                                        
00015d80  sciInit                                                      
000160c4  sciIsIdleDetected                                            
000160a8  sciIsRxReady                                                 
00015f28  sciIsTxReady                                                 
0001826c  sciLowLevelInterrupt                                         
0001aa84  sciNotification                                              
0001613c  sciReceive                                                   
00016110  sciReceiveByte                                               
000160e0  sciRxError                                                   
00015f74  sciSend                                                      
00015f44  sciSendByte                                                  
00015e8c  sciSetBaudrate                                               
00015e6c  sciSetFunctional                                             
000085b0  selftestFailNotification                                     
000124f0  setupFlash                                                   
0001241c  setupPLL                                                     
00012210  spi4GetConfigValue                                           
00012198  spiDisableLoopback                                           
000121e4  spiDisableNotification                                       
00012164  spiEnableLoopback                                            
000121b4  spiEnableNotification                                        
0001aaac  spiEndNotification                                           
00011ab4  spiGetData                                                   
00011844  spiInit                                                      
0001aa98  spiNotification                                              
00011998  spiReceiveData                                               
00011f0c  spiSendAndGetData                                            
00011cd8  spiSendData                                                  
00011978  spiSetFunctional                                             
00011dd0  spiTransmitAndReceiveData                                    
00011bac  spiTransmitData                                              
0001b7d5  sprintf                                                      
00012d68  sramGetConfigValue                                           
0000ab4c  stcGetConfigValue                                            
00008748  stcSelfCheck                                                 
00009388  stcSelfCheckFail                                             
0001bd39  strchr                                                       
0001bd4f  strlen                                                       
0001b88d  strstr                                                       
000127a8  systemGetConfigValue                                         
000126ac  systemInit                                                   
00012778  systemPowerDown                                              
00012bbc  tcmflashGetConfigValue                                       
08005718  tps_data                                                     
0001247c  trimLPO                                                      
0001a140  update_inputs                                                
00013054  vimChannelMap                                                
000132c0  vimDisableInterrupt                                          
000130f8  vimEnableInterrupt                                           
0001336c  vimGetConfigValue                                            
00012f80  vimInit                                                      
00009390  vimParityCheck                                               
00018f50  vimParityErrorHandler                                        
0001bd65  wcslen                                                       


GLOBAL SYMBOLS: SORTED BY Symbol Address 

address   name                                                         
-------   ----                                                         
00000000  __TI_static_base__                                           
00000000  resetEntry                                                   
00000020  TI_FeeInternal_GetVirtualSectorParameter                     
000001b8  TI_FeeInternal_WriteVirtualSectorHeader                      
00000664  TI_FeeInternal_WriteDataF021                                 
00000af4  TI_FeeInternal_AlignAddressForECC                            
00000b2c  TI_FeeInternal_WriteInitialize                               
00000e08  TI_FeeInternal_PollFlashStatus                               
00000e84  TI_FeeInternal_GetBlockSize                                  
00000ec4  TI_FeeInternal_FindNextVirtualSector                         
00001188  TI_FeeInternal_BlankCheck                                    
00001a50  TI_FeeInternal_GetVirtualSectorIndex                         
00001c2c  TI_FeeInternal_GetBlockNumber                                
00001c68  TI_FeeInternal_GetBlockIndex                                 
00001ce8  TI_FeeInternal_GetDataSetIndex                               
00001d24  TI_FeeInternal_GetArrayIndex                                 
00001e90  TI_FeeInternal_UpdateBlockOffsetArray                        
00002a54  TI_FeeInternal_CheckModuleState                              
[...]
00017e10  gioEnableNotification                                        
00017e78  gioDisableNotification                                       
00017ee0  gioGetConfigValue                                            
0001809c  sciHighLevelInterrupt                                        
0001826c  sciLowLevelInterrupt                                         
00018474  main                                                         
000185c0  rtiNotification                                              
00018610  canMessageNotification                                       
00018740  __sti___12_sys_main_cpp_26991e22                             
00018844  HAL_EVE_Init                                                 
000188bc  HAL_EVE_Deinit                                               
000188c8  HAL_ChipSelect                                               
000188ec  HAL_PowerDown                                                
00018910  HAL_SetWriteAddress                                          
00018930  HAL_SetReadAddress                                           
0001894c  HAL_Write                                                    
00018968  HAL_Write32                                                  
00018980  HAL_Write16                                                  
00018998  HAL_Write8                                                   
000189ac  HAL_Read                                                     
000189c8  HAL_Read32                                                   
000189e8  HAL_Read16                                                   
00018a00  HAL_Read8                                                    
00018a14  HAL_MemWrite32                                               
00018a44  HAL_MemWrite16                                               
00018a74  HAL_MemWrite8                                                
00018aa4  HAL_MemRead32                                                
00018ad4  HAL_MemRead16                                                
00018b04  HAL_MemRead8                                                 
00018b34  HAL_HostCmdWrite                                             
00018b6c  HAL_IncCmdPointer                                            
00018b7c  HAL_GetCmdPointer                                            
00018b94  HAL_WaitCmdFifoEmpty                                         
00018bdc  HAL_CheckCmdFreeSpace                                        
00018c04  _coreInitRegisters_                                          
00018d10  _coreInitStackPointer_                                       
00018d5c  _getCPSRValue_                                               
00018d64  _gotoCPUIdle_                                                
00018d7c  _coreEnableVfp_                                              
00018d94  _coreEnableEventBusExport_                                   
00018da4  _coreDisableEventBusExport_                                  
00018db4  _coreEnableRamEcc_                                           
00018dc4  _coreDisableRamEcc_                                          
00018dd4  _coreEnableFlashEcc_                                         
00018de8  _coreDisableFlashEcc_                                        
00018df8  _coreEnableIrqVicOffset_                                     
00018e08  _coreGetDataFault_                                           
00018e10  _coreClearDataFault_                                         
00018e1c  _coreGetInstructionFault_                                    
00018e24  _coreClearInstructionFault_                                  
00018e30  _coreGetDataFaultAddress_                                    
00018e38  _coreClearDataFaultAddress_                                  
00018e44  _coreGetInstructionFaultAddress_                             
00018e4c  _coreClearInstructionFaultAddress_                           
00018e58  _coreGetAuxiliaryDataFault_                                  
00018e60  _coreClearAuxiliaryDataFault_                                
00018e6c  _coreGetAuxiliaryInstructionFault_                           
00018e74  _coreClearAuxiliaryInstructionFault_                         
00018e80  _disable_interrupt_                                          
00018e88  _disable_FIQ_interrupt_                                      
00018e90  _disable_IRQ_interrupt_                                      
00018e98  _enable_interrupt_                                           
00018ea0  _esmCcmErrorsClear_                                          
00018f28  _errata_CORTEXR4_57_                                         
00018f38  _errata_CORTEXR4_66_                                         
00018f48  __TI_PINIT_Base                                              
00018f4c  __TI_PINIT_Limit                                             
00018f50  vimParityErrorHandler                                        
0001921c  __aeabi_uldivmod                                             
000194d0  _c_int00                                                     
00019759  Fapi_initializeFlashBanks                                    
000199b8  _Z15ui_draw_buttonsR14Bridgetek_EVE2P16dashboard_data_t      
00019e50  _Z15ui_draw_rpm_barR14Bridgetek_EVE2f                        
0001a020  init_inputs                                                  
0001a070  read_inputs                                                  
0001a140  update_inputs                                                
0001a1a0  connect_input                                                
0001a378  can1HighLevelInterrupt                                       
0001a460  can1LowLevelInterrupt                                        
0001a515  Fapi_setActiveFlashBank                                      
0001a690  rtiCompare0Interrupt                                         
0001a6d8  rtiCompare1Interrupt                                         
0001a720  rtiCompare2Interrupt                                         
0001a768  rtiCompare3Interrupt                                         
0001a7b4  esmHighInterrupt                                             
0001a9cc  esmGroup1Notification                                        
0001a9dc  esmGroup2Notification                                        
0001a9ec  memoryPort0TestFailNotification                              
0001aa08  memoryPort1TestFailNotification                              
0001aa34  canErrorNotification                                         
0001aa48  canStatusChangeNotification                                  
0001aa70  gioNotification                                              
0001aa84  sciNotification                                              
0001aa98  spiNotification                                              
0001aaac  spiEndNotification                                           
0001aabc  dmaGroupANotification                                        
0001abcd  ldexp                                                        
0001abcd  ldexpl                                                       
0001abcd  scalbn                                                       
0001abcd  scalbnl                                                      
0001acbc  _dabort                                                      
0001ada5  floor                                                        
0001ada5  floorl                                                       
0001ae84  _pmuInit_                                                    
0001aed0  _pmuEnableCountersGlobal_                                    
0001aee0  _pmuDisableCountersGlobal_                                   
0001aef0  _pmuResetCycleCounter_                                       
0001af00  _pmuResetEventCounters_                                      
0001af10  _pmuResetCounters_                                           
0001af20  _pmuStartCounters_                                           
0001af28  _pmuStopCounters_                                            
0001af30  _pmuSetCountEvent_                                           
0001af3c  _pmuGetCycleCount_                                           
0001af44  _pmuGetEventCount_                                           
0001af50  _pmuGetOverflow_                                             
0001b013  __aeabi_memcpy                                               
0001b013  __aeabi_memcpy4                                              
0001b013  __aeabi_memcpy8                                              
0001b013  memcpy                                                       
0001b0b1  Fapi_doBlankCheck                                            
0001b145  Fapi_enableEepromBankSectors                                 
0001b23f  __aeabi_memclr                                               
0001b23f  __aeabi_memclr4                                              
0001b23f  __aeabi_memclr8                                              
0001b241  __aeabi_memset                                               
0001b241  __aeabi_memset4                                              
0001b241  __aeabi_memset8                                              
0001b247  memset                                                       
0001b2b9  frexp                                                        
0001b2b9  frexpl                                                       
0001b32d  __TI_decompress_lzss                                         
0001b398  _ZN14Bridgetek_EVE210CMD_BUTTONEssssstPKcz                   
0001b401  __TI_auto_init_nobinit                                       
0001b461  _Fapi_loopRegionForValue                                     
0001b4c0  _ZN14Bridgetek_EVE28CMD_TEXTEssstPKcz                        
0001b519  __TI_ltoa                                                    
0001b5c0  __aeabi_idiv                                                 
0001b5c0  __aeabi_idivmod                                              
0001b615  Fapi_isAddressEcc                                            
0001b6b5  atoi                                                         
0001b704  _ZN14Bridgetek_EVE212CMD_PROGRESSEssssttt                    
0001b751  _Fapi_EnableSectors                                          
0001b7d5  sprintf                                                      
0001b815  _Fapi_issueFsmCommand                                        
0001b850  _ZN14Bridgetek_EVE210CMD_NUMBEREsssti                        
0001b88d  strstr                                                       
0001b8c5  Fapi_calculateFletcherChecksum                               
0001b8fd  Fapi_issueAsyncCommandWithAddress                            
0001b92d  Fapi_waitDelay                                               
0001b95d  _Fapi_readDword                                              
0001b989  Fapi_issueAsyncCommand                                       
0001b9b4  _ZN14Bridgetek_EVE215CLEAR_COLOR_RGBEhhh                     
0001b9dc  _ZN14Bridgetek_EVE25CLEAREhhh                                
0001ba04  _ZN14Bridgetek_EVE29COLOR_RGBEhhh                            
0001ba2d  memccpy                                                      
0001ba54  _ZN12motor_data_tC1Et                                        
0001ba78  _ZN13driver_data_tC1Et                                       
0001ba9c  _ZN15driver_status_tC1Et                                     
0001bac1  Fapi_flushPipeline                                           
0001bae4  _ZN10tps_data_tC1Ev                                          
0001bb04  _ZN11rear_data_tC1Ev                                         
0001bb24  _ZN12front_data_tC1Ev                                        
0001bb44  _ZN14Bridgetek_EVE213LIB_MemWrite8Ejh                        
0001bb64  _ZN14Bridgetek_EVE214LIB_MemWrite32Ejj                       
0001bb84  _ZN14Bridgetek_EVE28VERTEX2FEss                              
0001bba4  _ZN14current_data_tC1Ev                                      
0001bbc4  _ZN15main_ecu_data_tC1Ev                                     
0001bbe4  _ZN17calibration_cmd_tC1Ev                                   
0001bc04  _ZN19canopen_heartbeat_tC1Ev                                 
0001bc25  copysign                                                     
0001bc25  copysignl                                                    
0001bc78  _Z3absf                                                      
0001bc90  _Z4fabsf                                                     
0001bca8  _ZN14Bridgetek_EVE212LIB_MemRead8Ej                          
0001bcc0  _ZN14Bridgetek_EVE213CMD_CALIBRATEEj                         
0001bcd8  _ZN14Bridgetek_EVE213LIB_MemRead16Ej                         
0001bcf0  _ZN14Bridgetek_EVE213LIB_MemRead32Ej                         
0001bd08  _ZN14Bridgetek_EVE23TAGEh                                    
0001bd20  _ZN14Bridgetek_EVE25BEGINEh                                  
0001bd39  strchr                                                       
0001bd4f  strlen                                                       
0001bd65  wcslen                                                       
0001bd79  Fapi_getNumberOfBankSectors                                  
0001bd88  _ZN14Bridgetek_EVE211CMD_DLSTARTEv                           
0001bd98  _ZN14Bridgetek_EVE216LIB_EndCoProListEv                      
0001bda8  _ZN14Bridgetek_EVE218LIB_BeginCoProListEv                    
0001bdb8  _ZN14Bridgetek_EVE219LIB_AwaitCoProEmptyEv                   
0001bdc8  _ZN14Bridgetek_EVE23ENDEv                                    
0001bdd8  _ZN14Bridgetek_EVE24InitEv                                   
0001bde8  _ZN14Bridgetek_EVE27DISPLAYEv                                
0001bdf8  _ZN14Bridgetek_EVE28CMD_SWAPEv                               
0001be09  _scaleEEFclk                                                 
0001be19  _scaleMainFclk                                               
0001be29  __TI_decompress_none                                         
0001be37  _Fapi_checkWdService                                         
0001be43  __TI_zero_init                                               
0001be58  Fapi_serviceWatchdogTimer                                    
0001be61  __aeabi_errno_addr                                           
0001be69  C$$EXIT                                                      
0001be69  abort                                                        
0001be6c  phantomInterrupt                                             
0001be70  handlePLLLockFail                                            
0001be7c  TI_Fee_WriteAsync                                            
0001cb34  TI_Fee_ReadSync                                              
0001d71c  _ctypes_                                                     
0001d8a8  Device_FlashDevice                                           
0001d92c  Fee_VirtualSectorConfiguration                               
0001d938  Fee_BlockConfiguration                                       
0001d948  SHT$$INIT_ARRAY$$Base                                        
0001d950  SHT$$INIT_ARRAY$$Limit                                       
0001d95c  __TI_Handler_Table_Base                                      
0001d968  __TI_Handler_Table_Limit                                     
0001d980  __TI_CINIT_Base                                              
0001d998  __TI_CINIT_Limit                                             
08001500  __start___llvm_prf_cnts                                      
08001500  __stop___llvm_prf_cnts                                       
08001500  dashboard_data                                               
080055f4  display_data                                                 
08005688  calibration_cmd                                              
08005694  canopen_heartbeat                                            
080056a0  current_data                                                 
080056ac  driver1_data                                                 
080056b8  driver1_status                                               
080056c4  driver2_data                                                 
080056d0  driver2_status                                               
080056dc  front_data                                                   
080056e8  main_ecu_data                                                
080056f4  motor1_data                                                  
08005700  motor2_data                                                  
0800570c  rear_data                                                    
08005718  tps_data                                                     
08005724  EVE_DISP_CSPREAD                                             
08005728  EVE_DISP_DITHER                                              
0800572c  EVE_DISP_HCYCLE                                              
08005730  EVE_DISP_HEIGHT                                              
08005734  EVE_DISP_HOFFSET                                             
08005738  EVE_DISP_HSYNC0                                              
0800573c  EVE_DISP_HSYNC1                                              
08005740  EVE_DISP_PCLK                                                
08005744  EVE_DISP_PCLKPOL                                             
08005748  EVE_DISP_PCLK_FREQ                                           
0800574c  EVE_DISP_SWIZZLE                                             
08005750  EVE_DISP_VCYCLE                                              
08005754  EVE_DISP_VOFFSET                                             
08005758  EVE_DISP_VSYNC0                                              
0800575c  EVE_DISP_VSYNC1                                              
08005760  EVE_DISP_WIDTH                                               
08005764  EVE_TOUCH_ADDR                                               
08005768  TI_Fee_GlobalVariables                                       
08005830  TI_Fee_u8DataSets                                            
08005834  TI_Fee_u32FletcherChecksum                                   
08005838  TI_Fee_u32BlockEraseCount                                    
0800583c  TI_Fee_u8DeviceIndex                                         
08005840  TI_Fee_u32ActCpyVS                                           
08005844  TI_Fee_u8ErrEraseVS                                          
08005845  TI_Fee_bEraseSuspended                                       
08005846  TI_Fee_bIsMainFunctionCalled                                 
08005848  TI_Fee_oStatusWord                                           
0800584c  TI_FlashStatusWord                                           
0800585c  TI_Fee_FapiInitCalled                                        
0800589c  cal_tps_0_timer                                              
080058a0  cal_tps_100_timer                                            
080058a4  cal_left_steer_timer                                         
080058a8  cal_center_steer_timer                                       
080058ac  cal_right_steer_timer                                        
080058b0  cal_current_sensors_timer                                    
080058b4  input_targets                                                
080058ce  current_page                                                 
080058cf  current_graph                                                
080058e4  errno                                                        
ffffffff  __TI_pprof_out_hndl                                          
ffffffff  __TI_prof_data_size                                          
ffffffff  __TI_prof_data_start                                         
ffffffff  __binit__                                                    
ffffffff  __c_args__                                                   
ffffffff  binit                                                        
UNDEFED   _system_post_cinit                                           

[676 symbols]
