******************************************************************************
                  TI ARM Linker PC v20.2.7                     
******************************************************************************
>> Linked Sun Jun 21 19:02:50 2026

OUTPUT FILE NAME:   <tms570_on_board_ecu.out>
ENTRY POINT SYMBOL: "_c_int00"  address: 00007a08


MEMORY CONFIGURATION

         name            origin    length      used     unused   attr    fill
----------------------  --------  ---------  --------  --------  ----  --------
  VECTORS               00000000   00000020  00000020  00000000     X
  FLASH0                00000020   0013ffe0  000088c4  0013771c  R  X
  STACKS                08000000   00001500  00000000  00001500  RW  
  RAM                   08001500   0002eb00  0000415e  0002a9a2  RW  


SEGMENT ALLOCATION MAP

run origin  load origin   length   init length attrs members
----------  ----------- ---------- ----------- ----- -------
00000000    00000000    000088e8   000088e8    r-x
  00000000    00000000    00000020   00000020    r-x .intvecs
  00000020    00000020    00008670   00008670    r-x .text
  00008690    00008690    00000220   00000220    r-- .const
  000088b0    000088b0    00000004   00000004    r-- .init_array
  000088b8    000088b8    00000030   00000030    r-- .cinit
08001500    08001500    0000415e   00000000    rw-
  08001500    08001500    00004140   00000000    rw- .bss
  08005640    08005640    0000001e   00000000    rw- .data


SECTION ALLOCATION MAP

 output                                  attributes/
section   page    origin      length       input sections
--------  ----  ----------  ----------   ----------------
.intvecs   0    00000000    00000020     
                  00000000    00000020     sys_intvecs.obj (.intvecs)

.text      0    00000020    00008670     
                  00000020    00002cdc     sys_selftest.obj (.text)
                  00002cfc    00000e7c     can.obj (.text)
                  00003b78    00000b64     system.obj (.text)
                  000046dc    00000a58     sys_vim.obj (.text)
                  00005134    00000a08     data.obj (.text)
                  00005b3c    000008bc     pinmux.obj (.text)
                  000063f8    00000664     errata_SSWF021_45.obj (.text)
                  00006a5c    000005bc     esm.obj (.text)
                  00007018    000003d8     sci.obj (.text:retain)
                  000073f0    0000034c     sys_core.obj (.text)
                  0000773c    000002cc     sys_vim.obj (.text:retain)
                  00007a08    00000288     sys_startup.obj (.text:retain)
                  00007c90    0000019c     can.obj (.text:retain)
                  00007e2c    00000124     rti.obj (.text:retain)
                  00007f50    00000114     esm.obj (.text:retain)
                  00008064    00000104     notification.obj (.text)
                  00008168    000000e8     dabort.obj (.text)
                  00008250    000000e0     sys_pmu.obj (.text)
                  00008330    0000009c     rtsv7R4_T_be_v3D16_eabi.lib : memcpy_t2.asm.obj (.text)
                  000083cc    0000007a                                 : memset_t2.asm.obj (.text)
                  00008446    0000006c                                 : copy_decompress_lzss.c.obj (.text:decompress:lzss:__TI_decompress_lzss)
                  000084b2    00000002     --HOLE-- [fill = 0]
                  000084b4    00000060                                 : autoinit.c.obj (.text:__TI_auto_init_nobinit:__TI_auto_init_nobinit)
                  00008514    00000024     data.obj (.text:_ZN12motor_data_tC1Et)
                  00008538    00000024     data.obj (.text:_ZN13driver_data_tC1Et)
                  0000855c    00000024     data.obj (.text:_ZN15driver_status_tC1Et)
                  00008580    00000020     data.obj (.text:_ZN10tps_data_tC1Ev)
                  000085a0    00000020     data.obj (.text:_ZN11rear_data_tC1Ev)
                  000085c0    00000020     data.obj (.text:_ZN12front_data_tC1Ev)
                  000085e0    00000020     data.obj (.text:_ZN14current_data_tC1Ev)
                  00008600    00000020     data.obj (.text:_ZN15main_ecu_data_tC1Ev)
                  00008620    00000020     data.obj (.text:_ZN17calibration_cmd_tC1Ev)
                  00008640    00000020     data.obj (.text:_ZN19canopen_heartbeat_tC1Ev)
                  00008660    0000000e     rtsv7R4_T_be_v3D16_eabi.lib : copy_decompress_none.c.obj (.text:decompress:none:__TI_decompress_none)
                  0000866e    0000000c                                 : copy_zero_init.c.obj (.text:decompress:ZI:__TI_zero_init)
                  0000867a    00000002     --HOLE-- [fill = 0]
                  0000867c    00000008     sys_main.obj (.text)
                  00008684    00000004     rtsv7R4_T_be_v3D16_eabi.lib : exit.c.obj (.text:abort:abort)
                  00008688    00000004     sys_phantom.obj (.text:retain)
                  0000868c    00000004     sys_startup.obj (.text)

.const     0    00008690    00000220     
                  00008690    00000200     sys_vim.obj (.const:s_vim_init)
                  00008890    00000020     can.obj (.const:s_canByteOrder)

.cinit     0    000088b8    00000030     
                  000088b8    0000000c     (__TI_handler_table)
                  000088c4    00000004     --HOLE-- [fill = 0]
                  000088c8    00000008     (.cinit..bss.load) [load image, compression = zero_init]
                  000088d0    00000008     (.cinit..data.load) [load image, compression = lzss]
                  000088d8    00000010     (__TI_cinit_table)

.bss       0    08001500    00004140     UNINITIALIZED
                  08001500    0000407c     (.common:dashboard_data)
                  0800557c    00000028     sci.obj (.bss:g_sciTransfer_t)
                  080055a4    0000000c     data.obj (.bss:calibration_cmd)
                  080055b0    0000000c     data.obj (.bss:canopen_heartbeat)
                  080055bc    0000000c     data.obj (.bss:current_data)
                  080055c8    0000000c     data.obj (.bss:driver1_data)
                  080055d4    0000000c     data.obj (.bss:driver1_status)
                  080055e0    0000000c     data.obj (.bss:driver2_data)
                  080055ec    0000000c     data.obj (.bss:driver2_status)
                  080055f8    0000000c     data.obj (.bss:front_data)
                  08005604    0000000c     data.obj (.bss:main_ecu_data)
                  08005610    0000000c     data.obj (.bss:motor1_data)
                  0800561c    0000000c     data.obj (.bss:motor2_data)
                  08005628    0000000c     data.obj (.bss:rear_data)
                  08005634    0000000c     data.obj (.bss:tps_data)

.data      0    08005640    0000001e     UNINITIALIZED
                  08005640    00000018     dashboard.obj (.data)
                  08005658    00000006     data.obj (.data)

__llvm_prf_cnts 
*          0    08001500    00000000     UNINITIALIZED

.init_array 
*          0    000088b0    00000004     
                  000088b0    00000004     data.obj (.init_array)

MODULE SUMMARY

       Module                       code    ro data   rw data
       ------                       ----    -------   -------
    .\source\
       dashboard.obj                0       0         16532  
       sys_selftest.obj             11484   0         0      
       can.obj                      4120    32        0      
       sys_vim.obj                  3364    512       0      
       data.obj                     2900    4         162    
       system.obj                   2916    0         0      
       pinmux.obj                   2236    0         0      
       esm.obj                      1744    0         0      
       errata_SSWF021_45.obj        1636    0         0      
       sci.obj                      984     0         40     
       sys_core.obj                 844     0         0      
       sys_startup.obj              652     0         0      
       rti.obj                      292     0         0      
       notification.obj             260     0         0      
       dabort.obj                   232     0         0      
       sys_pmu.obj                  224     0         0      
       sys_intvecs.obj              32      0         0      
       sys_main.obj                 8       0         0      
       sys_phantom.obj              4       0         0      
    +--+----------------------------+-------+---------+---------+
       Total:                       33932   548       16734  
                                                             
    C:/ti/ccs1281/ccs/tools/compiler/ti-cgt-arm_20.2.7.LTS/lib/rtsv7R4_T_be_v3D16_eabi.lib
       memcpy_t2.asm.obj            156     0         0      
       memset_t2.asm.obj            122     0         0      
       copy_decompress_lzss.c.obj   108     0         0      
       autoinit.c.obj               96      0         0      
       copy_decompress_none.c.obj   14      0         0      
       copy_zero_init.c.obj         12      0         0      
       exit.c.obj                   4       0         0      
    +--+----------------------------+-------+---------+---------+
       Total:                       512     0         0      
                                                             
       Linker Generated:            0       44        0      
    +--+----------------------------+-------+---------+---------+
       Grand Total:                 34444   592       16734  


LINKER GENERATED COPY TABLES

__TI_cinit_table @ 000088d8 records: 2, size/record: 8, table size: 16
	.bss: load addr=000088c8, load size=00000008 bytes, run addr=08001500, run size=00004140 bytes, compression=zero_init
	.data: load addr=000088d0, load size=00000008 bytes, run addr=08005640, run size=0000001e bytes, compression=lzss


LINKER GENERATED HANDLER TABLE

__TI_handler_table @ 000088b8 records: 3, size/record: 4, table size: 12
	index: 0, handler: __TI_zero_init
	index: 1, handler: __TI_decompress_lzss
	index: 2, handler: __TI_decompress_none


GLOBAL SYMBOLS: SORTED ALPHABETICALLY BY Name 

address   name                                
-------   ----                                
00008685  C$$EXIT                             
000088b0  SHT$$INIT_ARRAY$$Base               
000088b4  SHT$$INIT_ARRAY$$Limit              
00005178  _Z11update_datav                    
00005160  _Z9init_datav                       
00008580  _ZN10tps_data_tC1Ev                 
000085a0  _ZN11rear_data_tC1Ev                
000085c0  _ZN12front_data_tC1Ev               
00008514  _ZN12motor_data_tC1Et               
00008538  _ZN13driver_data_tC1Et              
000085e0  _ZN14current_data_tC1Ev             
0000855c  _ZN15driver_status_tC1Et            
00008600  _ZN15main_ecu_data_tC1Ev            
00008620  _ZN17calibration_cmd_tC1Ev          
00008640  _ZN19canopen_heartbeat_tC1Ev        
000088d8  __TI_CINIT_Base                     
000088e8  __TI_CINIT_Limit                    
000088b8  __TI_Handler_Table_Base             
000088c4  __TI_Handler_Table_Limit            
00007734  __TI_PINIT_Base                     
00007738  __TI_PINIT_Limit                    
000084b5  __TI_auto_init_nobinit              
00008447  __TI_decompress_lzss                
00008661  __TI_decompress_none                
ffffffff  __TI_pprof_out_hndl                 
ffffffff  __TI_prof_data_size                 
ffffffff  __TI_prof_data_start                
00000000  __TI_static_base__                  
0000866f  __TI_zero_init                      
000083cd  __aeabi_memclr                      
000083cd  __aeabi_memclr4                     
000083cd  __aeabi_memclr8                     
00008331  __aeabi_memcpy                      
00008331  __aeabi_memcpy4                     
00008331  __aeabi_memcpy8                     
000083cf  __aeabi_memset                      
000083cf  __aeabi_memset4                     
000083cf  __aeabi_memset8                     
ffffffff  __binit__                           
ffffffff  __c_args__                          
08001500  __start___llvm_prf_cnts             
00005930  __sti___8_data_cpp_tps_data         
08001500  __stop___llvm_prf_cnts              
00007a08  _c_int00                            
0000764c  _coreClearAuxiliaryDataFault_       
00007660  _coreClearAuxiliaryInstructionFault_
00007624  _coreClearDataFaultAddress_         
000075fc  _coreClearDataFault_                
00007638  _coreClearInstructionFaultAddress_  
00007610  _coreClearInstructionFault_         
00007590  _coreDisableEventBusExport_         
000075d4  _coreDisableFlashEcc_               
000075b0  _coreDisableRamEcc_                 
00007580  _coreEnableEventBusExport_          
000075c0  _coreEnableFlashEcc_                
000075e4  _coreEnableIrqVicOffset_            
000075a0  _coreEnableRamEcc_                  
00007568  _coreEnableVfp_                     
00007644  _coreGetAuxiliaryDataFault_         
00007658  _coreGetAuxiliaryInstructionFault_  
0000761c  _coreGetDataFaultAddress_           
000075f4  _coreGetDataFault_                  
00007630  _coreGetInstructionFaultAddress_    
00007608  _coreGetInstructionFault_           
000073f0  _coreInitRegisters_                 
000074fc  _coreInitStackPointer_              
00008168  _dabort                             
00007674  _disable_FIQ_interrupt_             
0000767c  _disable_IRQ_interrupt_             
0000766c  _disable_interrupt_                 
00007684  _enable_interrupt_                  
00007714  _errata_CORTEXR4_57_                
00007724  _errata_CORTEXR4_66_                
000063f8  _errata_SSWF021_45_both_plls        
000065ec  _errata_SSWF021_45_pll1             
00006764  _errata_SSWF021_45_pll2             
0000768c  _esmCcmErrorsClear_                 
00007548  _getCPSRValue_                      
00007550  _gotoCPUIdle_                       
000082ac  _pmuDisableCountersGlobal_          
0000829c  _pmuEnableCountersGlobal_           
00008308  _pmuGetCycleCount_                  
00008310  _pmuGetEventCount_                  
0000831c  _pmuGetOverflow_                    
00008250  _pmuInit_                           
000082dc  _pmuResetCounters_                  
000082bc  _pmuResetCycleCounter_              
000082cc  _pmuResetEventCounters_             
000082fc  _pmuSetCountEvent_                  
000082ec  _pmuStartCounters_                  
000082f4  _pmuStopCounters_                   
UNDEFED   _system_post_cinit                  
00008685  abort                               
0000126c  adc1ParityCheck                     
00001358  adc2ParityCheck                     
ffffffff  binit                               
0800564c  cal_center_steer_timer              
08005654  cal_current_sensors_timer           
08005648  cal_left_steer_timer                
08005650  cal_right_steer_timer               
08005640  cal_tps_0_timer                     
08005644  cal_tps_100_timer                   
080055a4  calibration_cmd                     
00003978  can1GetConfigValue                  
00007c90  can1HighLevelInterrupt              
00007d78  can1LowLevelInterrupt               
00001410  can1ParityCheck                     
000014e8  can2ParityCheck                     
000015b0  can3ParityCheck                     
00003818  canDisableErrorNotification         
000037f8  canDisableStatusChangeNotification  
00003870  canDisableloopback                  
000037b8  canEnableErrorNotification          
000037d8  canEnableStatusChangeNotification   
00003838  canEnableloopback                   
000080cc  canErrorNotification                
00003560  canFillMessageObjectData            
00003288  canGetData                          
00003794  canGetErrorLevel                    
000033e0  canGetID                            
00003770  canGetLastError                     
00002cfc  canInit                             
0000395c  canIoRxGetBit                       
000038a0  canIoSetDirection                   
000038f0  canIoSetPort                        
00003940  canIoTxGetBit                       
00003714  canIsMessageBoxValid                
000036b8  canIsRxMessageArrived               
0000365c  canIsTxMessagePending               
000080f4  canMessageNotification              
000034c0  canSendRemoteFrame                  
000080e0  canStatusChangeNotification         
0000318c  canTransmit                         
00003448  canUpdateID                         
080055b0  canopen_heartbeat                   
00000030  ccmSelfCheck                        
000026fc  ccmr4GetConfigValue                 
00000938  checkB0RAMECC                       
00000b28  checkB1RAMECC                       
00001c18  checkClockMonitor                   
00000d18  checkFlashECC                       
00001cf4  checkFlashEEPROMECC                 
00001e8c  checkPLL1Slip                       
00001f8c  checkPLL2Slip                       
00002050  checkRAMAddrParity                  
000019d0  checkRAMECC                         
0000215c  checkRAMUERRTest                    
000007bc  checkefcSelfTest                    
00000234  cpuSelfTest                         
00000dfc  cpuSelfTestFail                     
080055bc  current_data                        
00004600  customTrimLPO                       
00000df4  custom_dabort                       
08001500  dashboard_data                      
00002b58  disableParity                       
00008154  dmaGroupANotification               
00000eac  dmaParityCheck                      
080055c8  driver1_data                        
080055d4  driver1_status                      
080055e0  driver2_data                        
080055ec  driver2_status                      
00000660  efcCheck                            
00002660  efcGetConfigValue                   
00000794  efcSelfTest                         
000006e8  efcStuckZeroTest                    
00002ad0  enableParity                        
0000276c  errata_PBIST_4                      
00006be0  esmActivateNormalOperation          
00006cb4  esmClearStatus                      
00006cf4  esmClearStatusBuffer                
00006ba8  esmDisableError                     
00006c18  esmDisableInterrupt                 
00006b80  esmEnableError                      
00006bf0  esmEnableInterrupt                  
00006dec  esmEnterSelfTest                    
00006b64  esmError                            
00006ec4  esmGetConfigValue                   
00006d30  esmGetStatus                        
00006db4  esmGetStatusBuffer                  
00008064  esmGroup1Notification               
00008074  esmGroup2Notification               
00007f50  esmHighInterrupt                    
00006a5c  esmInit                             
00006e74  esmSelfTestStatus                   
00006d10  esmSetCounterPreloadValue           
00006c40  esmSetInterruptLevel                
00006bd0  esmTriggerErrorPinReset             
000022c4  fmcBus1ParityCheck                  
0000085c  fmcBus2Check                        
00000898  fmcECCcheck                         
080055f8  front_data                          
00008108  gioNotification                     
0000868c  handlePLLLockFail                   
00000f58  het1ParityCheck                     
000010c0  het2ParityCheck                     
00001004  htu1ParityCheck                     
000011bc  htu2ParityCheck                     
0000867c  main                                
08005604  main_ecu_data                       
00003ce0  mapClocks                           
00008331  memcpy                              
00000174  memoryInit                          
00008084  memoryPort0TestFailNotification     
000080a0  memoryPort1TestFailNotification     
000083d5  memset                              
00001684  mibspi1ParityCheck                  
0000178c  mibspi3ParityCheck                  
000018b0  mibspi5ParityCheck                  
08005610  motor1_data                         
0800561c  motor2_data                         
00005b3c  muxInit                             
000023ec  pbistFail                           
00002470  pbistGetConfigValue                 
000005a8  pbistIsTestCompleted                
000005d4  pbistIsTestPassed                   
00000608  pbistPortTestStatus                 
000004ac  pbistRun                            
000002cc  pbistSelfCheck                      
00000578  pbistStop                           
00003c8c  periphInit                          
00008688  phantomInterrupt                    
00005fd8  pinmuxGetConfigValue                
08005628  rear_data                           
00000000  resetEntry                          
00007e2c  rtiCompare0Interrupt                
00007e74  rtiCompare1Interrupt                
00007ebc  rtiCompare2Interrupt                
00007f04  rtiCompare3Interrupt                
000080bc  rtiNotification                     
00007018  sciHighLevelInterrupt               
000071e8  sciLowLevelInterrupt                
0000811c  sciNotification                     
00000020  selftestFailNotification            
00003c4c  setupFlash                          
00003b78  setupPLL                            
00008144  spiEndNotification                  
00008130  spiNotification                     
000044c4  sramGetConfigValue                  
000025bc  stcGetConfigValue                   
000001b8  stcSelfCheck                        
00000df8  stcSelfCheckFail                    
00003f04  systemGetConfigValue                
00003e08  systemInit                          
00003ed4  systemPowerDown                     
00004318  tcmflashGetConfigValue              
08005634  tps_data                            
00003bd8  trimLPO                             
000047b0  vimChannelMap                       
00004a1c  vimDisableInterrupt                 
00004854  vimEnableInterrupt                  
00004ac8  vimGetConfigValue                   
000046dc  vimInit                             
00000e00  vimParityCheck                      
0000773c  vimParityErrorHandler               


GLOBAL SYMBOLS: SORTED BY Symbol Address 

address   name                                
-------   ----                                
00000000  __TI_static_base__                  
00000000  resetEntry                          
00000020  selftestFailNotification            
00000030  ccmSelfCheck                        
00000174  memoryInit                          
000001b8  stcSelfCheck                        
00000234  cpuSelfTest                         
000002cc  pbistSelfCheck                      
000004ac  pbistRun                            
00000578  pbistStop                           
000005a8  pbistIsTestCompleted                
000005d4  pbistIsTestPassed                   
00000608  pbistPortTestStatus                 
00000660  efcCheck                            
000006e8  efcStuckZeroTest                    
00000794  efcSelfTest                         
000007bc  checkefcSelfTest                    
0000085c  fmcBus2Check                        
00000898  fmcECCcheck                         
00000938  checkB0RAMECC                       
00000b28  checkB1RAMECC                       
00000d18  checkFlashECC                       
00000df4  custom_dabort                       
00000df8  stcSelfCheckFail                    
00000dfc  cpuSelfTestFail                     
00000e00  vimParityCheck                      
00000eac  dmaParityCheck                      
00000f58  het1ParityCheck                     
00001004  htu1ParityCheck                     
000010c0  het2ParityCheck                     
000011bc  htu2ParityCheck                     
0000126c  adc1ParityCheck                     
00001358  adc2ParityCheck                     
00001410  can1ParityCheck                     
000014e8  can2ParityCheck                     
000015b0  can3ParityCheck                     
00001684  mibspi1ParityCheck                  
0000178c  mibspi3ParityCheck                  
000018b0  mibspi5ParityCheck                  
000019d0  checkRAMECC                         
00001c18  checkClockMonitor                   
00001cf4  checkFlashEEPROMECC                 
00001e8c  checkPLL1Slip                       
00001f8c  checkPLL2Slip                       
00002050  checkRAMAddrParity                  
0000215c  checkRAMUERRTest                    
000022c4  fmcBus1ParityCheck                  
000023ec  pbistFail                           
00002470  pbistGetConfigValue                 
000025bc  stcGetConfigValue                   
00002660  efcGetConfigValue                   
000026fc  ccmr4GetConfigValue                 
0000276c  errata_PBIST_4                      
00002ad0  enableParity                        
00002b58  disableParity                       
00002cfc  canInit                             
0000318c  canTransmit                         
00003288  canGetData                          
000033e0  canGetID                            
00003448  canUpdateID                         
000034c0  canSendRemoteFrame                  
00003560  canFillMessageObjectData            
0000365c  canIsTxMessagePending               
000036b8  canIsRxMessageArrived               
00003714  canIsMessageBoxValid                
00003770  canGetLastError                     
00003794  canGetErrorLevel                    
000037b8  canEnableErrorNotification          
000037d8  canEnableStatusChangeNotification   
000037f8  canDisableStatusChangeNotification  
00003818  canDisableErrorNotification         
00003838  canEnableloopback                   
00003870  canDisableloopback                  
000038a0  canIoSetDirection                   
000038f0  canIoSetPort                        
00003940  canIoTxGetBit                       
0000395c  canIoRxGetBit                       
00003978  can1GetConfigValue                  
00003b78  setupPLL                            
00003bd8  trimLPO                             
00003c4c  setupFlash                          
00003c8c  periphInit                          
00003ce0  mapClocks                           
00003e08  systemInit                          
00003ed4  systemPowerDown                     
00003f04  systemGetConfigValue                
00004318  tcmflashGetConfigValue              
000044c4  sramGetConfigValue                  
00004600  customTrimLPO                       
000046dc  vimInit                             
000047b0  vimChannelMap                       
00004854  vimEnableInterrupt                  
00004a1c  vimDisableInterrupt                 
00004ac8  vimGetConfigValue                   
00005160  _Z9init_datav                       
00005178  _Z11update_datav                    
00005930  __sti___8_data_cpp_tps_data         
00005b3c  muxInit                             
00005fd8  pinmuxGetConfigValue                
000063f8  _errata_SSWF021_45_both_plls        
000065ec  _errata_SSWF021_45_pll1             
00006764  _errata_SSWF021_45_pll2             
00006a5c  esmInit                             
00006b64  esmError                            
00006b80  esmEnableError                      
00006ba8  esmDisableError                     
00006bd0  esmTriggerErrorPinReset             
00006be0  esmActivateNormalOperation          
00006bf0  esmEnableInterrupt                  
00006c18  esmDisableInterrupt                 
00006c40  esmSetInterruptLevel                
00006cb4  esmClearStatus                      
00006cf4  esmClearStatusBuffer                
00006d10  esmSetCounterPreloadValue           
00006d30  esmGetStatus                        
00006db4  esmGetStatusBuffer                  
00006dec  esmEnterSelfTest                    
00006e74  esmSelfTestStatus                   
00006ec4  esmGetConfigValue                   
00007018  sciHighLevelInterrupt               
000071e8  sciLowLevelInterrupt                
000073f0  _coreInitRegisters_                 
000074fc  _coreInitStackPointer_              
00007548  _getCPSRValue_                      
00007550  _gotoCPUIdle_                       
00007568  _coreEnableVfp_                     
00007580  _coreEnableEventBusExport_          
00007590  _coreDisableEventBusExport_         
000075a0  _coreEnableRamEcc_                  
000075b0  _coreDisableRamEcc_                 
000075c0  _coreEnableFlashEcc_                
000075d4  _coreDisableFlashEcc_               
000075e4  _coreEnableIrqVicOffset_            
000075f4  _coreGetDataFault_                  
000075fc  _coreClearDataFault_                
00007608  _coreGetInstructionFault_           
00007610  _coreClearInstructionFault_         
0000761c  _coreGetDataFaultAddress_           
00007624  _coreClearDataFaultAddress_         
00007630  _coreGetInstructionFaultAddress_    
00007638  _coreClearInstructionFaultAddress_  
00007644  _coreGetAuxiliaryDataFault_         
0000764c  _coreClearAuxiliaryDataFault_       
00007658  _coreGetAuxiliaryInstructionFault_  
00007660  _coreClearAuxiliaryInstructionFault_
0000766c  _disable_interrupt_                 
00007674  _disable_FIQ_interrupt_             
0000767c  _disable_IRQ_interrupt_             
00007684  _enable_interrupt_                  
0000768c  _esmCcmErrorsClear_                 
00007714  _errata_CORTEXR4_57_                
00007724  _errata_CORTEXR4_66_                
00007734  __TI_PINIT_Base                     
00007738  __TI_PINIT_Limit                    
0000773c  vimParityErrorHandler               
00007a08  _c_int00                            
00007c90  can1HighLevelInterrupt              
00007d78  can1LowLevelInterrupt               
00007e2c  rtiCompare0Interrupt                
00007e74  rtiCompare1Interrupt                
00007ebc  rtiCompare2Interrupt                
00007f04  rtiCompare3Interrupt                
00007f50  esmHighInterrupt                    
00008064  esmGroup1Notification               
00008074  esmGroup2Notification               
00008084  memoryPort0TestFailNotification     
000080a0  memoryPort1TestFailNotification     
000080bc  rtiNotification                     
000080cc  canErrorNotification                
000080e0  canStatusChangeNotification         
000080f4  canMessageNotification              
00008108  gioNotification                     
0000811c  sciNotification                     
00008130  spiNotification                     
00008144  spiEndNotification                  
00008154  dmaGroupANotification               
00008168  _dabort                             
00008250  _pmuInit_                           
0000829c  _pmuEnableCountersGlobal_           
000082ac  _pmuDisableCountersGlobal_          
000082bc  _pmuResetCycleCounter_              
000082cc  _pmuResetEventCounters_             
000082dc  _pmuResetCounters_                  
000082ec  _pmuStartCounters_                  
000082f4  _pmuStopCounters_                   
000082fc  _pmuSetCountEvent_                  
00008308  _pmuGetCycleCount_                  
00008310  _pmuGetEventCount_                  
0000831c  _pmuGetOverflow_                    
00008331  __aeabi_memcpy                      
00008331  __aeabi_memcpy4                     
00008331  __aeabi_memcpy8                     
00008331  memcpy                              
000083cd  __aeabi_memclr                      
000083cd  __aeabi_memclr4                     
000083cd  __aeabi_memclr8                     
000083cf  __aeabi_memset                      
000083cf  __aeabi_memset4                     
000083cf  __aeabi_memset8                     
000083d5  memset                              
00008447  __TI_decompress_lzss                
000084b5  __TI_auto_init_nobinit              
00008514  _ZN12motor_data_tC1Et               
00008538  _ZN13driver_data_tC1Et              
0000855c  _ZN15driver_status_tC1Et            
00008580  _ZN10tps_data_tC1Ev                 
000085a0  _ZN11rear_data_tC1Ev                
000085c0  _ZN12front_data_tC1Ev               
000085e0  _ZN14current_data_tC1Ev             
00008600  _ZN15main_ecu_data_tC1Ev            
00008620  _ZN17calibration_cmd_tC1Ev          
00008640  _ZN19canopen_heartbeat_tC1Ev        
00008661  __TI_decompress_none                
0000866f  __TI_zero_init                      
0000867c  main                                
00008685  C$$EXIT                             
00008685  abort                               
00008688  phantomInterrupt                    
0000868c  handlePLLLockFail                   
000088b0  SHT$$INIT_ARRAY$$Base               
000088b4  SHT$$INIT_ARRAY$$Limit              
000088b8  __TI_Handler_Table_Base             
000088c4  __TI_Handler_Table_Limit            
000088d8  __TI_CINIT_Base                     
000088e8  __TI_CINIT_Limit                    
08001500  __start___llvm_prf_cnts             
08001500  __stop___llvm_prf_cnts              
08001500  dashboard_data                      
080055a4  calibration_cmd                     
080055b0  canopen_heartbeat                   
080055bc  current_data                        
080055c8  driver1_data                        
080055d4  driver1_status                      
080055e0  driver2_data                        
080055ec  driver2_status                      
080055f8  front_data                          
08005604  main_ecu_data                       
08005610  motor1_data                         
0800561c  motor2_data                         
08005628  rear_data                           
08005634  tps_data                            
08005640  cal_tps_0_timer                     
08005644  cal_tps_100_timer                   
08005648  cal_left_steer_timer                
0800564c  cal_center_steer_timer              
08005650  cal_right_steer_timer               
08005654  cal_current_sensors_timer           
ffffffff  __TI_pprof_out_hndl                 
ffffffff  __TI_prof_data_size                 
ffffffff  __TI_prof_data_start                
ffffffff  __binit__                           
ffffffff  __c_args__                          
ffffffff  binit                               
UNDEFED   _system_post_cinit                  

[254 symbols]
