******************************************************************************
                  TI ARM Linker PC v20.2.7                     
******************************************************************************
>> Linked Sun Jun 21 02:45:07 2026

OUTPUT FILE NAME:   <tms570_on_board_ecu.out>
ENTRY POINT SYMBOL: "_c_int00"  address: 000076cc


MEMORY CONFIGURATION

         name            origin    length      used     unused   attr    fill
----------------------  --------  ---------  --------  --------  ----  --------
  VECTORS               00000000   00000020  00000020  00000000     X
  FLASH0                00000020   0013ffe0  00008434  00137bac  R  X
  STACKS                08000000   00001500  00000000  00001500  RW  
  RAM                   08001500   0002eb00  0000413d  0002a9c3  RW  


SEGMENT ALLOCATION MAP

run origin  load origin   length   init length attrs members
----------  ----------- ---------- ----------- ----- -------
00000000    00000000    00008454   00008454    r-x
  00000000    00000000    00000020   00000020    r-x .intvecs
  00000020    00000020    000081fc   000081fc    r-x .text
  0000821c    0000821c    00000220   00000220    r-- .const
  0000843c    0000843c    00000004   00000004    r-- .init_array
  00008440    00008440    00000014   00000014    r-- .cinit
08001500    08001500    0000413d   00000000    rw-
  08001500    08001500    0000413d   00000000    rw- .bss


SECTION ALLOCATION MAP

 output                                  attributes/
section   page    origin      length       input sections
--------  ----  ----------  ----------   ----------------
.intvecs   0    00000000    00000020     
                  00000000    00000020     sys_intvecs.obj (.intvecs)

.text      0    00000020    000081fc     
                  00000020    00002cdc     sys_selftest.obj (.text)
                  00002cfc    00000e2c     can.obj (.text)
                  00003b28    00000b64     system.obj (.text)
                  0000468c    00000a58     sys_vim.obj (.text)
                  000050e4    000008bc     pinmux.obj (.text)
                  000059a0    0000071c     data.obj (.text)
                  000060bc    00000664     errata_SSWF021_45.obj (.text)
                  00006720    000005bc     esm.obj (.text)
                  00006cdc    000003d8     sci.obj (.text:retain)
                  000070b4    0000034c     sys_core.obj (.text)
                  00007400    000002cc     sys_vim.obj (.text:retain)
                  000076cc    00000288     sys_startup.obj (.text:retain)
                  00007954    0000019c     can.obj (.text:retain)
                  00007af0    00000124     rti.obj (.text:retain)
                  00007c14    00000114     esm.obj (.text:retain)
                  00007d28    00000104     notification.obj (.text)
                  00007e2c    000000e8     dabort.obj (.text)
                  00007f14    000000e0     sys_pmu.obj (.text)
                  00007ff4    0000007a     rtsv7R4_T_be_v3D16_eabi.lib : memset_t2.asm.obj (.text)
                  0000806e    00000002     --HOLE-- [fill = 0]
                  00008070    00000060                                 : autoinit.c.obj (.text:__TI_auto_init_nobinit:__TI_auto_init_nobinit)
                  000080d0    00000024     data.obj (.text:_ZN12motor_data_tC1Et)
                  000080f4    00000024     data.obj (.text:_ZN13driver_data_tC1Et)
                  00008118    00000024     data.obj (.text:_ZN15driver_status_tC1Et)
                  0000813c    00000020     data.obj (.text:_ZN10tps_data_tC1Ev)
                  0000815c    00000020     data.obj (.text:_ZN11rear_data_tC1Ev)
                  0000817c    00000020     data.obj (.text:_ZN12front_data_tC1Ev)
                  0000819c    00000020     data.obj (.text:_ZN14current_data_tC1Ev)
                  000081bc    00000020     data.obj (.text:_ZN15main_ecu_data_tC1Ev)
                  000081dc    00000020     data.obj (.text:_ZN19canopen_heartbeat_tC1Ev)
                  000081fc    0000000c     rtsv7R4_T_be_v3D16_eabi.lib : copy_zero_init.c.obj (.text:decompress:ZI:__TI_zero_init)
                  00008208    00000008     sys_main.obj (.text)
                  00008210    00000004     rtsv7R4_T_be_v3D16_eabi.lib : exit.c.obj (.text:abort:abort)
                  00008214    00000004     sys_phantom.obj (.text:retain)
                  00008218    00000004     sys_startup.obj (.text)

.const     0    0000821c    00000220     
                  0000821c    00000200     sys_vim.obj (.const:s_vim_init)
                  0000841c    00000020     can.obj (.const:s_canByteOrder)

.cinit     0    00008440    00000014     
                  00008440    00000008     (.cinit..bss.load) [load image, compression = zero_init]
                  00008448    00000004     (__TI_handler_table)
                  0000844c    00000008     (__TI_cinit_table)

.bss       0    08001500    0000413d     UNINITIALIZED
                  08001500    0000407c     (.common:dashboard_data)
                  0800557c    00000028     sci.obj (.bss:g_sciTransfer_t)
                  080055a4    0000000c     data.obj (.bss:canopen_heartbeat)
                  080055b0    0000000c     data.obj (.bss:current_data)
                  080055bc    0000000c     data.obj (.bss:driver1_data)
                  080055c8    0000000c     data.obj (.bss:driver1_status)
                  080055d4    0000000c     data.obj (.bss:driver2_data)
                  080055e0    0000000c     data.obj (.bss:driver2_status)
                  080055ec    0000000c     data.obj (.bss:front_data)
                  080055f8    0000000c     data.obj (.bss:main_ecu_data)
                  08005604    0000000c     data.obj (.bss:motor1_data)
                  08005610    0000000c     data.obj (.bss:motor2_data)
                  0800561c    0000000c     data.obj (.bss:rear_data)
                  08005628    0000000c     data.obj (.bss:tps_data)
                  08005634    00000009     (.common:buttons_data)

__llvm_prf_cnts 
*          0    08001500    00000000     UNINITIALIZED

.init_array 
*          0    0000843c    00000004     
                  0000843c    00000004     data.obj (.init_array)

MODULE SUMMARY

       Module                  code    ro data   rw data
       ------                  ----    -------   -------
    .\source\
       dashboard.obj           0       0         16508  
       sys_selftest.obj        11484   0         0      
       can.obj                 4040    32        0      
       sys_vim.obj             3364    512       0      
       system.obj              2916    0         0      
       data.obj                2120    4         153    
       pinmux.obj              2236    0         0      
       esm.obj                 1744    0         0      
       errata_SSWF021_45.obj   1636    0         0      
       sci.obj                 984     0         40     
       sys_core.obj            844     0         0      
       sys_startup.obj         652     0         0      
       rti.obj                 292     0         0      
       notification.obj        260     0         0      
       dabort.obj              232     0         0      
       sys_pmu.obj             224     0         0      
       sys_intvecs.obj         32      0         0      
       sys_main.obj            8       0         0      
       sys_phantom.obj         4       0         0      
    +--+-----------------------+-------+---------+---------+
       Total:                  33072   548       16701  
                                                        
    C:/ti/ccs1281/ccs/tools/compiler/ti-cgt-arm_20.2.7.LTS/lib/rtsv7R4_T_be_v3D16_eabi.lib
       memset_t2.asm.obj       122     0         0      
       autoinit.c.obj          96      0         0      
       copy_zero_init.c.obj    12      0         0      
       exit.c.obj              4       0         0      
    +--+-----------------------+-------+---------+---------+
       Total:                  234     0         0      
                                                        
       Linker Generated:       0       20        0      
    +--+-----------------------+-------+---------+---------+
       Grand Total:            33306   568       16701  


LINKER GENERATED COPY TABLES

__TI_cinit_table @ 0000844c records: 1, size/record: 8, table size: 8
	.bss: load addr=00008440, load size=00000008 bytes, run addr=08001500, run size=0000413d bytes, compression=zero_init


LINKER GENERATED HANDLER TABLE

__TI_handler_table @ 00008448 records: 1, size/record: 4, table size: 4
	index: 0, handler: __TI_zero_init


GLOBAL SYMBOLS: SORTED ALPHABETICALLY BY Name 

address   name                                
-------   ----                                
00008211  C$$EXIT                             
0000843c  SHT$$INIT_ARRAY$$Base               
00008440  SHT$$INIT_ARRAY$$Limit              
000059b8  _Z11update_datav                    
000059a0  _Z9init_datav                       
0000813c  _ZN10tps_data_tC1Ev                 
0000815c  _ZN11rear_data_tC1Ev                
0000817c  _ZN12front_data_tC1Ev               
000080d0  _ZN12motor_data_tC1Et               
000080f4  _ZN13driver_data_tC1Et              
0000819c  _ZN14current_data_tC1Ev             
00008118  _ZN15driver_status_tC1Et            
000081bc  _ZN15main_ecu_data_tC1Ev            
000081dc  _ZN19canopen_heartbeat_tC1Ev        
0000844c  __TI_CINIT_Base                     
00008454  __TI_CINIT_Limit                    
00008448  __TI_Handler_Table_Base             
0000844c  __TI_Handler_Table_Limit            
000073f8  __TI_PINIT_Base                     
000073fc  __TI_PINIT_Limit                    
00008071  __TI_auto_init_nobinit              
ffffffff  __TI_pprof_out_hndl                 
ffffffff  __TI_prof_data_size                 
ffffffff  __TI_prof_data_start                
00000000  __TI_static_base__                  
000081fd  __TI_zero_init                      
00007ff5  __aeabi_memclr                      
00007ff5  __aeabi_memclr4                     
00007ff5  __aeabi_memclr8                     
00007ff7  __aeabi_memset                      
00007ff7  __aeabi_memset4                     
00007ff7  __aeabi_memset8                     
ffffffff  __binit__                           
ffffffff  __c_args__                          
08001500  __start___llvm_prf_cnts             
00005ef0  __sti___8_data_cpp_tps_data         
08001500  __stop___llvm_prf_cnts              
000076cc  _c_int00                            
00007310  _coreClearAuxiliaryDataFault_       
00007324  _coreClearAuxiliaryInstructionFault_
000072e8  _coreClearDataFaultAddress_         
000072c0  _coreClearDataFault_                
000072fc  _coreClearInstructionFaultAddress_  
000072d4  _coreClearInstructionFault_         
00007254  _coreDisableEventBusExport_         
00007298  _coreDisableFlashEcc_               
00007274  _coreDisableRamEcc_                 
00007244  _coreEnableEventBusExport_          
00007284  _coreEnableFlashEcc_                
000072a8  _coreEnableIrqVicOffset_            
00007264  _coreEnableRamEcc_                  
0000722c  _coreEnableVfp_                     
00007308  _coreGetAuxiliaryDataFault_         
0000731c  _coreGetAuxiliaryInstructionFault_  
000072e0  _coreGetDataFaultAddress_           
000072b8  _coreGetDataFault_                  
000072f4  _coreGetInstructionFaultAddress_    
000072cc  _coreGetInstructionFault_           
000070b4  _coreInitRegisters_                 
000071c0  _coreInitStackPointer_              
00007e2c  _dabort                             
00007338  _disable_FIQ_interrupt_             
00007340  _disable_IRQ_interrupt_             
00007330  _disable_interrupt_                 
00007348  _enable_interrupt_                  
000073d8  _errata_CORTEXR4_57_                
000073e8  _errata_CORTEXR4_66_                
000060bc  _errata_SSWF021_45_both_plls        
000062b0  _errata_SSWF021_45_pll1             
00006428  _errata_SSWF021_45_pll2             
00007350  _esmCcmErrorsClear_                 
0000720c  _getCPSRValue_                      
00007214  _gotoCPUIdle_                       
00007f70  _pmuDisableCountersGlobal_          
00007f60  _pmuEnableCountersGlobal_           
00007fcc  _pmuGetCycleCount_                  
00007fd4  _pmuGetEventCount_                  
00007fe0  _pmuGetOverflow_                    
00007f14  _pmuInit_                           
00007fa0  _pmuResetCounters_                  
00007f80  _pmuResetCycleCounter_              
00007f90  _pmuResetEventCounters_             
00007fc0  _pmuSetCountEvent_                  
00007fb0  _pmuStartCounters_                  
00007fb8  _pmuStopCounters_                   
UNDEFED   _system_post_cinit                  
00008211  abort                               
0000126c  adc1ParityCheck                     
00001358  adc2ParityCheck                     
ffffffff  binit                               
08005634  buttons_data                        
0000392c  can1GetConfigValue                  
00007954  can1HighLevelInterrupt              
00007a3c  can1LowLevelInterrupt               
00001410  can1ParityCheck                     
000014e8  can2ParityCheck                     
000015b0  can3ParityCheck                     
000037cc  canDisableErrorNotification         
000037ac  canDisableStatusChangeNotification  
00003824  canDisableloopback                  
0000376c  canEnableErrorNotification          
0000378c  canEnableStatusChangeNotification   
000037ec  canEnableloopback                   
00007d90  canErrorNotification                
00003514  canFillMessageObjectData            
0000323c  canGetData                          
00003748  canGetErrorLevel                    
00003394  canGetID                            
00003724  canGetLastError                     
00002cfc  canInit                             
00003910  canIoRxGetBit                       
00003854  canIoSetDirection                   
000038a4  canIoSetPort                        
000038f4  canIoTxGetBit                       
000036c8  canIsMessageBoxValid                
0000366c  canIsRxMessageArrived               
00003610  canIsTxMessagePending               
00007db8  canMessageNotification              
00003474  canSendRemoteFrame                  
00007da4  canStatusChangeNotification         
00003140  canTransmit                         
000033fc  canUpdateID                         
080055a4  canopen_heartbeat                   
00000030  ccmSelfCheck                        
000026fc  ccmr4GetConfigValue                 
00000938  checkB0RAMECC                       
00000b28  checkB1RAMECC                       
00001c18  checkClockMonitor                   
00000d18  checkFlashECC                       
00001cf4  checkFlashEEPROMECC                 
00001e8c  checkPLL1Slip                       
00001f8c  checkPLL2Slip                       
00002050  checkRAMAddrParity                  
000019d0  checkRAMECC                         
0000215c  checkRAMUERRTest                    
000007bc  checkefcSelfTest                    
00000234  cpuSelfTest                         
00000dfc  cpuSelfTestFail                     
080055b0  current_data                        
000045b0  customTrimLPO                       
00000df4  custom_dabort                       
08001500  dashboard_data                      
00002b58  disableParity                       
00007e18  dmaGroupANotification               
00000eac  dmaParityCheck                      
080055bc  driver1_data                        
080055c8  driver1_status                      
080055d4  driver2_data                        
080055e0  driver2_status                      
00000660  efcCheck                            
00002660  efcGetConfigValue                   
00000794  efcSelfTest                         
000006e8  efcStuckZeroTest                    
00002ad0  enableParity                        
0000276c  errata_PBIST_4                      
000068a4  esmActivateNormalOperation          
00006978  esmClearStatus                      
000069b8  esmClearStatusBuffer                
0000686c  esmDisableError                     
000068dc  esmDisableInterrupt                 
00006844  esmEnableError                      
000068b4  esmEnableInterrupt                  
00006ab0  esmEnterSelfTest                    
00006828  esmError                            
00006b88  esmGetConfigValue                   
000069f4  esmGetStatus                        
00006a78  esmGetStatusBuffer                  
00007d28  esmGroup1Notification               
00007d38  esmGroup2Notification               
00007c14  esmHighInterrupt                    
00006720  esmInit                             
00006b38  esmSelfTestStatus                   
000069d4  esmSetCounterPreloadValue           
00006904  esmSetInterruptLevel                
00006894  esmTriggerErrorPinReset             
000022c4  fmcBus1ParityCheck                  
0000085c  fmcBus2Check                        
00000898  fmcECCcheck                         
080055ec  front_data                          
00007dcc  gioNotification                     
00008218  handlePLLLockFail                   
00000f58  het1ParityCheck                     
000010c0  het2ParityCheck                     
00001004  htu1ParityCheck                     
000011bc  htu2ParityCheck                     
00008208  main                                
080055f8  main_ecu_data                       
00003c90  mapClocks                           
00000174  memoryInit                          
00007d48  memoryPort0TestFailNotification     
00007d64  memoryPort1TestFailNotification     
00007ffd  memset                              
00001684  mibspi1ParityCheck                  
0000178c  mibspi3ParityCheck                  
000018b0  mibspi5ParityCheck                  
08005604  motor1_data                         
08005610  motor2_data                         
000050e4  muxInit                             
000023ec  pbistFail                           
00002470  pbistGetConfigValue                 
000005a8  pbistIsTestCompleted                
000005d4  pbistIsTestPassed                   
00000608  pbistPortTestStatus                 
000004ac  pbistRun                            
000002cc  pbistSelfCheck                      
00000578  pbistStop                           
00003c3c  periphInit                          
00008214  phantomInterrupt                    
00005580  pinmuxGetConfigValue                
0800561c  rear_data                           
00000000  resetEntry                          
00007af0  rtiCompare0Interrupt                
00007b38  rtiCompare1Interrupt                
00007b80  rtiCompare2Interrupt                
00007bc8  rtiCompare3Interrupt                
00007d80  rtiNotification                     
00006cdc  sciHighLevelInterrupt               
00006eac  sciLowLevelInterrupt                
00007de0  sciNotification                     
00000020  selftestFailNotification            
00003bfc  setupFlash                          
00003b28  setupPLL                            
00007e08  spiEndNotification                  
00007df4  spiNotification                     
00004474  sramGetConfigValue                  
000025bc  stcGetConfigValue                   
000001b8  stcSelfCheck                        
00000df8  stcSelfCheckFail                    
00003eb4  systemGetConfigValue                
00003db8  systemInit                          
00003e84  systemPowerDown                     
000042c8  tcmflashGetConfigValue              
08005628  tps_data                            
00003b88  trimLPO                             
00004760  vimChannelMap                       
000049cc  vimDisableInterrupt                 
00004804  vimEnableInterrupt                  
00004a78  vimGetConfigValue                   
0000468c  vimInit                             
00000e00  vimParityCheck                      
00007400  vimParityErrorHandler               


GLOBAL SYMBOLS: SORTED BY Symbol Address 

address   name                                
-------   ----                                
00000000  __TI_static_base__                  
00000000  resetEntry                          
00000020  selftestFailNotification            
00000030  ccmSelfCheck                        
00000174  memoryInit                          
000001b8  stcSelfCheck                        
00000234  cpuSelfTest                         
000002cc  pbistSelfCheck                      
000004ac  pbistRun                            
00000578  pbistStop                           
000005a8  pbistIsTestCompleted                
000005d4  pbistIsTestPassed                   
00000608  pbistPortTestStatus                 
00000660  efcCheck                            
000006e8  efcStuckZeroTest                    
00000794  efcSelfTest                         
000007bc  checkefcSelfTest                    
0000085c  fmcBus2Check                        
00000898  fmcECCcheck                         
00000938  checkB0RAMECC                       
00000b28  checkB1RAMECC                       
00000d18  checkFlashECC                       
00000df4  custom_dabort                       
00000df8  stcSelfCheckFail                    
00000dfc  cpuSelfTestFail                     
00000e00  vimParityCheck                      
00000eac  dmaParityCheck                      
00000f58  het1ParityCheck                     
00001004  htu1ParityCheck                     
000010c0  het2ParityCheck                     
000011bc  htu2ParityCheck                     
0000126c  adc1ParityCheck                     
00001358  adc2ParityCheck                     
00001410  can1ParityCheck                     
000014e8  can2ParityCheck                     
000015b0  can3ParityCheck                     
00001684  mibspi1ParityCheck                  
0000178c  mibspi3ParityCheck                  
000018b0  mibspi5ParityCheck                  
000019d0  checkRAMECC                         
00001c18  checkClockMonitor                   
00001cf4  checkFlashEEPROMECC                 
00001e8c  checkPLL1Slip                       
00001f8c  checkPLL2Slip                       
00002050  checkRAMAddrParity                  
0000215c  checkRAMUERRTest                    
000022c4  fmcBus1ParityCheck                  
000023ec  pbistFail                           
00002470  pbistGetConfigValue                 
000025bc  stcGetConfigValue                   
00002660  efcGetConfigValue                   
000026fc  ccmr4GetConfigValue                 
0000276c  errata_PBIST_4                      
00002ad0  enableParity                        
00002b58  disableParity                       
00002cfc  canInit                             
00003140  canTransmit                         
0000323c  canGetData                          
00003394  canGetID                            
000033fc  canUpdateID                         
00003474  canSendRemoteFrame                  
00003514  canFillMessageObjectData            
00003610  canIsTxMessagePending               
0000366c  canIsRxMessageArrived               
000036c8  canIsMessageBoxValid                
00003724  canGetLastError                     
00003748  canGetErrorLevel                    
0000376c  canEnableErrorNotification          
0000378c  canEnableStatusChangeNotification   
000037ac  canDisableStatusChangeNotification  
000037cc  canDisableErrorNotification         
000037ec  canEnableloopback                   
00003824  canDisableloopback                  
00003854  canIoSetDirection                   
000038a4  canIoSetPort                        
000038f4  canIoTxGetBit                       
00003910  canIoRxGetBit                       
0000392c  can1GetConfigValue                  
00003b28  setupPLL                            
00003b88  trimLPO                             
00003bfc  setupFlash                          
00003c3c  periphInit                          
00003c90  mapClocks                           
00003db8  systemInit                          
00003e84  systemPowerDown                     
00003eb4  systemGetConfigValue                
000042c8  tcmflashGetConfigValue              
00004474  sramGetConfigValue                  
000045b0  customTrimLPO                       
0000468c  vimInit                             
00004760  vimChannelMap                       
00004804  vimEnableInterrupt                  
000049cc  vimDisableInterrupt                 
00004a78  vimGetConfigValue                   
000050e4  muxInit                             
00005580  pinmuxGetConfigValue                
000059a0  _Z9init_datav                       
000059b8  _Z11update_datav                    
00005ef0  __sti___8_data_cpp_tps_data         
000060bc  _errata_SSWF021_45_both_plls        
000062b0  _errata_SSWF021_45_pll1             
00006428  _errata_SSWF021_45_pll2             
00006720  esmInit                             
00006828  esmError                            
00006844  esmEnableError                      
0000686c  esmDisableError                     
00006894  esmTriggerErrorPinReset             
000068a4  esmActivateNormalOperation          
000068b4  esmEnableInterrupt                  
000068dc  esmDisableInterrupt                 
00006904  esmSetInterruptLevel                
00006978  esmClearStatus                      
000069b8  esmClearStatusBuffer                
000069d4  esmSetCounterPreloadValue           
000069f4  esmGetStatus                        
00006a78  esmGetStatusBuffer                  
00006ab0  esmEnterSelfTest                    
00006b38  esmSelfTestStatus                   
00006b88  esmGetConfigValue                   
00006cdc  sciHighLevelInterrupt               
00006eac  sciLowLevelInterrupt                
000070b4  _coreInitRegisters_                 
000071c0  _coreInitStackPointer_              
0000720c  _getCPSRValue_                      
00007214  _gotoCPUIdle_                       
0000722c  _coreEnableVfp_                     
00007244  _coreEnableEventBusExport_          
00007254  _coreDisableEventBusExport_         
00007264  _coreEnableRamEcc_                  
00007274  _coreDisableRamEcc_                 
00007284  _coreEnableFlashEcc_                
00007298  _coreDisableFlashEcc_               
000072a8  _coreEnableIrqVicOffset_            
000072b8  _coreGetDataFault_                  
000072c0  _coreClearDataFault_                
000072cc  _coreGetInstructionFault_           
000072d4  _coreClearInstructionFault_         
000072e0  _coreGetDataFaultAddress_           
000072e8  _coreClearDataFaultAddress_         
000072f4  _coreGetInstructionFaultAddress_    
000072fc  _coreClearInstructionFaultAddress_  
00007308  _coreGetAuxiliaryDataFault_         
00007310  _coreClearAuxiliaryDataFault_       
0000731c  _coreGetAuxiliaryInstructionFault_  
00007324  _coreClearAuxiliaryInstructionFault_
00007330  _disable_interrupt_                 
00007338  _disable_FIQ_interrupt_             
00007340  _disable_IRQ_interrupt_             
00007348  _enable_interrupt_                  
00007350  _esmCcmErrorsClear_                 
000073d8  _errata_CORTEXR4_57_                
000073e8  _errata_CORTEXR4_66_                
000073f8  __TI_PINIT_Base                     
000073fc  __TI_PINIT_Limit                    
00007400  vimParityErrorHandler               
000076cc  _c_int00                            
00007954  can1HighLevelInterrupt              
00007a3c  can1LowLevelInterrupt               
00007af0  rtiCompare0Interrupt                
00007b38  rtiCompare1Interrupt                
00007b80  rtiCompare2Interrupt                
00007bc8  rtiCompare3Interrupt                
00007c14  esmHighInterrupt                    
00007d28  esmGroup1Notification               
00007d38  esmGroup2Notification               
00007d48  memoryPort0TestFailNotification     
00007d64  memoryPort1TestFailNotification     
00007d80  rtiNotification                     
00007d90  canErrorNotification                
00007da4  canStatusChangeNotification         
00007db8  canMessageNotification              
00007dcc  gioNotification                     
00007de0  sciNotification                     
00007df4  spiNotification                     
00007e08  spiEndNotification                  
00007e18  dmaGroupANotification               
00007e2c  _dabort                             
00007f14  _pmuInit_                           
00007f60  _pmuEnableCountersGlobal_           
00007f70  _pmuDisableCountersGlobal_          
00007f80  _pmuResetCycleCounter_              
00007f90  _pmuResetEventCounters_             
00007fa0  _pmuResetCounters_                  
00007fb0  _pmuStartCounters_                  
00007fb8  _pmuStopCounters_                   
00007fc0  _pmuSetCountEvent_                  
00007fcc  _pmuGetCycleCount_                  
00007fd4  _pmuGetEventCount_                  
00007fe0  _pmuGetOverflow_                    
00007ff5  __aeabi_memclr                      
00007ff5  __aeabi_memclr4                     
00007ff5  __aeabi_memclr8                     
00007ff7  __aeabi_memset                      
00007ff7  __aeabi_memset4                     
00007ff7  __aeabi_memset8                     
00007ffd  memset                              
00008071  __TI_auto_init_nobinit              
000080d0  _ZN12motor_data_tC1Et               
000080f4  _ZN13driver_data_tC1Et              
00008118  _ZN15driver_status_tC1Et            
0000813c  _ZN10tps_data_tC1Ev                 
0000815c  _ZN11rear_data_tC1Ev                
0000817c  _ZN12front_data_tC1Ev               
0000819c  _ZN14current_data_tC1Ev             
000081bc  _ZN15main_ecu_data_tC1Ev            
000081dc  _ZN19canopen_heartbeat_tC1Ev        
000081fd  __TI_zero_init                      
00008208  main                                
00008211  C$$EXIT                             
00008211  abort                               
00008214  phantomInterrupt                    
00008218  handlePLLLockFail                   
0000843c  SHT$$INIT_ARRAY$$Base               
00008440  SHT$$INIT_ARRAY$$Limit              
00008448  __TI_Handler_Table_Base             
0000844c  __TI_CINIT_Base                     
0000844c  __TI_Handler_Table_Limit            
00008454  __TI_CINIT_Limit                    
08001500  __start___llvm_prf_cnts             
08001500  __stop___llvm_prf_cnts              
08001500  dashboard_data                      
080055a4  canopen_heartbeat                   
080055b0  current_data                        
080055bc  driver1_data                        
080055c8  driver1_status                      
080055d4  driver2_data                        
080055e0  driver2_status                      
080055ec  front_data                          
080055f8  main_ecu_data                       
08005604  motor1_data                         
08005610  motor2_data                         
0800561c  rear_data                           
08005628  tps_data                            
08005634  buttons_data                        
ffffffff  __TI_pprof_out_hndl                 
ffffffff  __TI_prof_data_size                 
ffffffff  __TI_prof_data_start                
ffffffff  __binit__                           
ffffffff  __c_args__                          
ffffffff  binit                               
UNDEFED   _system_post_cinit                  

[241 symbols]
