******************************************************************************
                  TI ARM Linker PC v20.2.7                     
******************************************************************************
>> Linked Wed Aug 19 20:40:18 2026

OUTPUT FILE NAME:   <tms570_on_board_ecu.out>
ENTRY POINT SYMBOL: "_c_int00"  address: 0001b520


MEMORY CONFIGURATION

         name            origin    length      used     unused   attr    fill
----------------------  --------  ---------  --------  --------  ----  --------
  VECTORS               00000000   00000020  00000020  00000000     X
  FLASH0                00000020   0013ffe0  0001fbb0  00120430  R  X
  STACKS                08000000   00001500  00000000  00001500  RW  
  RAM                   08001500   0002eb00  00005a8d  00029073  RW  


SEGMENT ALLOCATION MAP

run origin  load origin   length   init length attrs members
----------  ----------- ---------- ----------- ----- -------
00000000    00000000    0001fbd0   0001fbd0    r-x
  00000000    00000000    00000020   00000020    r-x .intvecs
  00000020    00000020    0001e100   0001e100    r-x .text
  0001e120    0001e120    00001624   00001624    r-x FEE_TEXT_SECTION
  0001f744    0001f744    0000038c   0000038c    r-- .const
  0001fad0    0001fad0    000000a0   000000a0    r-- FEE_CONST_SECTION
  0001fb70    0001fb70    00000008   00000008    r-- .init_array
  0001fb78    0001fb78    00000058   00000058    r-- .cinit
08001500    08001500    00005a90   00000000    rw-
  08001500    08001500    000058f4   00000000    rw- .bss
  08006df4    08006df4    00000131   00000000    rw- FEE_DATA_SECTION
  08006f28    08006f28    00000068   00000000    rw- .data


SECTION ALLOCATION MAP

 output                                  attributes/
section   page    origin      length       input sections
--------  ----  ----------  ----------   ----------------
.intvecs   0    00000000    00000020     
                  00000000    00000020     sys_intvecs.obj (.intvecs)

.text      0    00000020    0001e100     
                  00000020    000057c4     ti_fee_util.obj (.text)
                  000057e4    00004414     dashboard.obj (.text)
                  00009bf8    00002cdc     sys_selftest.obj (.text)
                  0000c8d4    00002240     EVE_API.obj (.text)
                  0000eb14    00001768     ti_fee_ini.obj (.text)
                  0001027c    000010e0     ti_fee_main.obj (.text)
                  0001135c    0000101c     ui_touch.obj (.text)
                  00012378    00000e7c     can.obj (.text)
                  000131f4    00000c1c     data.obj (.text)
                  00013e10    00000bd8     spi.obj (.text)
                  000149e8    00000b64     system.obj (.text)
                  0001554c    00000a58     sys_vim.obj (.text)
                  00015fa4    00000a4e     rtsv7R4_T_be_v3D16_eabi.lib : _printfi.c.obj (.text:__TI_printfi)
                  000169f2    00000002                                 : div0.asm.obj (.text)
                  000169f4    000008bc     pinmux.obj (.text)
                  000172b0    000007d0     Bridgetek_EVE2.obj (.text)
                  00017a80    000007a8     sci.obj (.text)
                  00018228    00000664     errata_SSWF021_45.obj (.text)
                  0001888c    00000638     rti.obj (.text)
                  00018ec4    000005bc     esm.obj (.text)
                  00019480    00000498     EVE_MCU.obj (.text)
                  00019918    00000484     gio.obj (.text)
                  00019d9c    00000454     test_data.obj (.text)
                  0001a1f0    000003d8     sci.obj (.text:retain)
                  0001a5c8    000003c0     EVE_HAL.obj (.text)
                  0001a988    0000034c     sys_core.obj (.text)
                  0001acd4    000002cc     sys_vim.obj (.text:retain)
                  0001afa0    000002cc     sys_main.obj (.text)
                  0001b26c    000002b4     rtsv7R4_T_be_v3D16_eabi.lib : ull_div32.asm.obj (.text)
                  0001b520    00000288     sys_startup.obj (.text:retain)
                  0001b7a8    00000260     F021_API_CortexR4_BE_V3D16_NDS.lib : FlashStateMachine.InitializeFlashBanks.obj (.text:Fapi_initializeFlashBanks)
                  0001ba08    00000250     ui_buttons.obj (.text)
                  0001bc58    00000248     rtsv7R4_T_be_v3D16_eabi.lib : _printfi.c.obj (.text:_pconv_a)
                  0001bea0    0000022c     inputs.obj (.text)
                  0001c0cc    000001d0     ui_rpm_bar.obj (.text)
                  0001c29c    000001a0     rtsv7R4_T_be_v3D16_eabi.lib : _printfi.c.obj (.text:_pconv_g)
                  0001c43c    0000019c     can.obj (.text:retain)
                  0001c5d8    0000017c     F021_API_CortexR4_BE_V3D16_NDS.lib : FlashStateMachine.SetActiveBank.obj (.text:Fapi_setActiveFlashBank)
                  0001c754    0000012c     sound.obj (.text)
                  0001c880    00000124     rti.obj (.text:retain)
                  0001c9a4    00000114     esm.obj (.text:retain)
                  0001cab8    00000104     rtsv7R4_T_be_v3D16_eabi.lib : _printfi.c.obj (.text:_pconv_e)
                  0001cbbc    00000104     notification.obj (.text)
                  0001ccc0    000000fc     rtsv7R4_T_be_v3D16_eabi.lib : _printfi.c.obj (.text:fcvt)
                  0001cdbc    000000f0                                 : s_scalbn.c.obj (.text:scalbn)
                  0001ceac    000000e8     dabort.obj (.text)
                  0001cf94    000000e0     rtsv7R4_T_be_v3D16_eabi.lib : s_floor.c.obj (.text:floor)
                  0001d074    000000e0     sys_pmu.obj (.text)
                  0001d154    000000ad     rtsv7R4_T_be_v3D16_eabi.lib : _printfi.c.obj (.text:_ltostr)
                  0001d201    00000001     --HOLE-- [fill = 0]
                  0001d202    0000009c                                 : memcpy_t2.asm.obj (.text)
                  0001d29e    00000002     --HOLE-- [fill = 0]
                  0001d2a0    00000094     F021_API_CortexR4_BE_V3D16_NDS.lib : BlankCheck.obj (.text:Fapi_doBlankCheck)
                  0001d334    00000080                                        : FlashStateMachine.EnableEepromSectors.obj (.text:Fapi_enableEepromBankSectors)
                  0001d3b4    0000007a     rtsv7R4_T_be_v3D16_eabi.lib : _printfi.c.obj (.text:_mcpy)
                  0001d42e    0000007a                                 : memset_t2.asm.obj (.text)
                  0001d4a8    00000074                                 : s_frexp.c.obj (.text:frexp)
                  0001d51c    0000006c                                 : copy_decompress_lzss.c.obj (.text:decompress:lzss:__TI_decompress_lzss)
                  0001d588    00000068     dashboard.obj (.text:_ZN14Bridgetek_EVE210CMD_BUTTONEssssstPKcz)
                  0001d5f0    00000060     rtsv7R4_T_be_v3D16_eabi.lib : autoinit.c.obj (.text:__TI_auto_init_nobinit:__TI_auto_init_nobinit)
                  0001d650    0000005e     F021_API_CortexR4_BE_V3D16_NDS.lib : Read.LoopDword.obj (.text:_Fapi_loopRegionForValue)
                  0001d6ae    00000002     --HOLE-- [fill = 0]
                  0001d6b0    00000058     dashboard.obj (.text:_ZN14Bridgetek_EVE28CMD_TEXTEssstPKcz)
                  0001d708    00000054     rtsv7R4_T_be_v3D16_eabi.lib : _ltoa.c.obj (.text:__TI_ltoa)
                  0001d75c    00000054                                 : _printfi.c.obj (.text:_ecpy)
                  0001d7b0    00000054                                 : i_div32.asm.obj (.text)
                  0001d804    00000050     F021_API_CortexR4_BE_V3D16_NDS.lib : FlashStateMachine.Hercules.IsEccAddress.obj (.text:Fapi_isAddressEcc)
                  0001d854    00000050     rtsv7R4_T_be_v3D16_eabi.lib : _printfi.c.obj (.text:_pconv_f)
                  0001d8a4    00000050                                 : atoi.c.obj (.text:atoi)
                  0001d8f4    00000050                                 : u_div32.asm.obj (.text)
                  0001d944    0000004c     dashboard.obj (.text:_ZN14Bridgetek_EVE212CMD_PROGRESSEssssttt)
                  0001d990    00000044     F021_API_CortexR4_BE_V3D16_NDS.lib : FlashStateMachine.EnableEepromSectors.obj (.text:_Fapi_EnableSectors)
                  0001d9d4    00000040     rtsv7R4_T_be_v3D16_eabi.lib : _printfi.c.obj (.text:_fcpy)
                  0001da14    00000040                                 : sprintf.c.obj (.text:sprintf)
                  0001da54    0000003c     F021_API_CortexR4_BE_V3D16_NDS.lib : FlashStateMachine.IssueFsmCommand.obj (.text:_Fapi_issueFsmCommand)
                  0001da90    0000003c     dashboard.obj (.text:_ZN14Bridgetek_EVE210CMD_NUMBEREsssti)
                  0001dacc    00000038     rtsv7R4_T_be_v3D16_eabi.lib : strstr.c.obj (.text:strstr)
                  0001db04    00000036     F021_API_CortexR4_BE_V3D16_NDS.lib : Utilities.CalculateFletcher.obj (.text:Fapi_calculateFletcherChecksum)
                  0001db3a    00000036     rtsv7R4_T_be_v3D16_eabi.lib : strncpy.c.obj (.text:strncpy)
                  0001db70    00000030     F021_API_CortexR4_BE_V3D16_NDS.lib : Async.WithAddress.obj (.text:Fapi_issueAsyncCommandWithAddress)
                  0001dba0    00000030                                        : Utilities.WaitDelay.obj (.text:Fapi_waitDelay)
                  0001dbd0    0000002c                                        : Read.Common.obj (.text:_Fapi_readDword)
                  0001dbfc    0000002a                                        : Async.obj (.text:Fapi_issueAsyncCommand)
                  0001dc26    00000002     --HOLE-- [fill = 0]
                  0001dc28    00000028     dashboard.obj (.text:_ZN14Bridgetek_EVE215CLEAR_COLOR_RGBEhhh)
                  0001dc50    00000028     dashboard.obj (.text:_ZN14Bridgetek_EVE25CLEAREhhh)
                  0001dc78    00000028     dashboard.obj (.text:_ZN14Bridgetek_EVE29COLOR_RGBEhhh)
                  0001dca0    00000026     rtsv7R4_T_be_v3D16_eabi.lib : memccpy.c.obj (.text:memccpy)
                  0001dcc6    00000002     --HOLE-- [fill = 0]
                  0001dcc8    00000024     data.obj (.text:_ZN12motor_data_tC1Et)
                  0001dcec    00000024     data.obj (.text:_ZN13driver_data_tC1Et)
                  0001dd10    00000024     data.obj (.text:_ZN15driver_status_tC1Et)
                  0001dd34    00000022     F021_API_CortexR4_BE_V3D16_NDS.lib : Read.FlushPipeline.obj (.text:Fapi_flushPipeline)
                  0001dd56    00000002     --HOLE-- [fill = 0]
                  0001dd58    00000020     data.obj (.text:_ZN10tps_data_tC1Ev)
                  0001dd78    00000020     data.obj (.text:_ZN11rear_data_tC1Ev)
                  0001dd98    00000020     data.obj (.text:_ZN12front_data_tC1Ev)
                  0001ddb8    00000020     ui_touch.obj (.text:_ZN14Bridgetek_EVE213LIB_MemWrite8Ejh)
                  0001ddd8    00000020     ui_touch.obj (.text:_ZN14Bridgetek_EVE214LIB_MemWrite32Ejj)
                  0001ddf8    00000020     dashboard.obj (.text:_ZN14Bridgetek_EVE28VERTEX2FEss)
                  0001de18    00000020     data.obj (.text:_ZN14current_data_tC1Ev)
                  0001de38    00000020     data.obj (.text:_ZN15main_ecu_data_tC1Ev)
                  0001de58    00000020     data.obj (.text:_ZN17calibration_cmd_tC1Ev)
                  0001de78    00000020     data.obj (.text:_ZN19canopen_heartbeat_tC1Ev)
                  0001de98    0000001e     rtsv7R4_T_be_v3D16_eabi.lib : s_copysign.c.obj (.text:copysign)
                  0001deb6    0000001c     F021_API_CortexR4_BE_V3D16_NDS.lib : FlashStateMachine.InitializeFlashBanks.obj (.text:_Fapi_divideUnsignedLong)
                  0001ded2    0000001a     rtsv7R4_T_be_v3D16_eabi.lib : sprintf.c.obj (.text:_outs)
                  0001deec    00000018     dashboard.obj (.text:_Z3absf)
                  0001df04    00000018     dashboard.obj (.text:_Z4fabsf)
                  0001df1c    00000018     dashboard.obj (.text:_ZN14Bridgetek_EVE210LINE_WIDTHEt)
                  0001df34    00000018     dashboard.obj (.text:_ZN14Bridgetek_EVE210POINT_SIZEEt)
                  0001df4c    00000018     ui_touch.obj (.text:_ZN14Bridgetek_EVE212LIB_MemRead8Ej)
                  0001df64    00000018     ui_touch.obj (.text:_ZN14Bridgetek_EVE213CMD_CALIBRATEEj)
                  0001df7c    00000018     ui_touch.obj (.text:_ZN14Bridgetek_EVE213LIB_MemRead16Ej)
                  0001df94    00000018     ui_touch.obj (.text:_ZN14Bridgetek_EVE213LIB_MemRead32Ej)
                  0001dfac    00000018     dashboard.obj (.text:_ZN14Bridgetek_EVE23TAGEh)
                  0001dfc4    00000018     dashboard.obj (.text:_ZN14Bridgetek_EVE25BEGINEh)
                  0001dfdc    00000016     rtsv7R4_T_be_v3D16_eabi.lib : strchr.c.obj (.text:strchr)
                  0001dff2    00000016                                 : strlen.c.obj (.text:strlen)
                  0001e008    00000012                                 : wcslen.c.obj (.text:wcslen)
                  0001e01a    00000002     --HOLE-- [fill = 0]
                  0001e01c    00000010     F021_API_CortexR4_BE_V3D16_NDS.lib : Utilities.GetNumberOfSectors.obj (.text:Fapi_getNumberOfBankSectors)
                  0001e02c    00000010     dashboard.obj (.text:_ZN14Bridgetek_EVE211CMD_DLSTARTEv)
                  0001e03c    00000010     dashboard.obj (.text:_ZN14Bridgetek_EVE216LIB_EndCoProListEv)
                  0001e04c    00000010     dashboard.obj (.text:_ZN14Bridgetek_EVE218LIB_BeginCoProListEv)
                  0001e05c    00000010     ui_touch.obj (.text:_ZN14Bridgetek_EVE219LIB_AwaitCoProEmptyEv)
                  0001e06c    00000010     dashboard.obj (.text:_ZN14Bridgetek_EVE23ENDEv)
                  0001e07c    00000010     sys_main.obj (.text:_ZN14Bridgetek_EVE24InitEv)
                  0001e08c    00000010     dashboard.obj (.text:_ZN14Bridgetek_EVE27DISPLAYEv)
                  0001e09c    00000010     dashboard.obj (.text:_ZN14Bridgetek_EVE28CMD_SWAPEv)
                  0001e0ac    00000010     F021_API_CortexR4_BE_V3D16_NDS.lib : FlashStateMachine.ScaleFclk.obj (.text:_scaleEEFclk)
                  0001e0bc    00000010                                        : FlashStateMachine.ScaleFclk.obj (.text:_scaleMainFclk)
                  0001e0cc    0000000e     rtsv7R4_T_be_v3D16_eabi.lib : copy_decompress_none.c.obj (.text:decompress:none:__TI_decompress_none)
                  0001e0da    0000000c     F021_API_CortexR4_BE_V3D16_NDS.lib : Read.WdService.obj (.text:_Fapi_checkWdService)
                  0001e0e6    0000000c     rtsv7R4_T_be_v3D16_eabi.lib : copy_zero_init.c.obj (.text:decompress:ZI:__TI_zero_init)
                  0001e0f2    0000000a                                 : sprintf.c.obj (.text:_outc)
                  0001e0fc    00000008     Fapi_UserDefinedFunctions.obj (.text)
                  0001e104    00000008     rtsv7R4_T_be_v3D16_eabi.lib : errno.c.obj (.text:__aeabi_errno_addr)
                  0001e10c    00000004                                 : exit.c.obj (.text:abort:abort)
                  0001e110    00000004     sys_phantom.obj (.text:retain)
                  0001e114    00000004     sys_startup.obj (.text)
                  0001e118    00000008     Fapi_UserDefinedFunctions.obj (.tramp.Fapi_serviceWatchdogTimer.1)

.const     0    0001f744    0000038c     
                  0001f744    00000200     sys_vim.obj (.const:s_vim_init)
                  0001f944    00000101     rtsv7R4_T_be_v3D16_eabi.lib : ctype.c.obj (.const:.string:_ctypes_)
                  0001fa45    00000023     Bridgetek_EVE2.obj (.const:.string:$P$T0$1)
                  0001fa68    00000023     Bridgetek_EVE2.obj (.const:.string:$P$T1$2)
                  0001fa8b    00000023     Bridgetek_EVE2.obj (.const:.string:$P$T2$3)
                  0001faae    00000002     --HOLE-- [fill = 0]
                  0001fab0    00000020     can.obj (.const:s_canByteOrder)

.cinit     0    0001fb78    00000058     
                  0001fb78    0000001b     (.cinit..data.load) [load image, compression = lzss]
                  0001fb93    00000001     --HOLE-- [fill = 0]
                  0001fb94    0000000c     (__TI_handler_table)
                  0001fba0    00000009     (.cinit.FEE_DATA_SECTION.load) [load image, compression = lzss]
                  0001fba9    00000007     --HOLE-- [fill = 0]
                  0001fbb0    00000008     (.cinit..bss.load) [load image, compression = zero_init]
                  0001fbb8    00000018     (__TI_cinit_table)

.bss       0    08001500    000058f4     UNINITIALIZED
                  08001500    0000407c     (.common:dashboard_data)
                  0800557c    00001680     dashboard.obj (.bss:s_logs)
                  08006bfc    00000078     spi.obj (.bss:g_spiPacket_t)
                  08006c74    00000069     sys_main.obj (.bss:display_data)
                  08006cdd    00000003     --HOLE--
                  08006ce0    00000028     sci.obj (.bss:g_sciTransfer_t)
                  08006d08    0000000c     data.obj (.bss:calibration_cmd)
                  08006d14    0000000c     data.obj (.bss:canopen_heartbeat)
                  08006d20    0000000c     data.obj (.bss:current_data)
                  08006d2c    0000000c     data.obj (.bss:driver1_data)
                  08006d38    0000000c     data.obj (.bss:driver1_status)
                  08006d44    0000000c     data.obj (.bss:driver2_data)
                  08006d50    0000000c     data.obj (.bss:driver2_status)
                  08006d5c    0000000c     data.obj (.bss:front_data)
                  08006d68    0000000c     data.obj (.bss:main_ecu_data)
                  08006d74    0000000c     data.obj (.bss:motor1_data)
                  08006d80    0000000c     data.obj (.bss:motor2_data)
                  08006d8c    0000000c     data.obj (.bss:rear_data)
                  08006d98    0000000c     data.obj (.bss:tps_data)
                  08006da4    00000009     (.common:buttons_data)
                  08006dad    00000003     --HOLE--
                  08006db0    00000004     (.common:EVE_DISP_CSPREAD)
                  08006db4    00000004     (.common:EVE_DISP_DITHER)
                  08006db8    00000004     (.common:EVE_DISP_HCYCLE)
                  08006dbc    00000004     (.common:EVE_DISP_HEIGHT)
                  08006dc0    00000004     (.common:EVE_DISP_HOFFSET)
                  08006dc4    00000004     (.common:EVE_DISP_HSYNC0)
                  08006dc8    00000004     (.common:EVE_DISP_HSYNC1)
                  08006dcc    00000004     (.common:EVE_DISP_PCLK)
                  08006dd0    00000004     (.common:EVE_DISP_PCLKPOL)
                  08006dd4    00000004     (.common:EVE_DISP_PCLK_FREQ)
                  08006dd8    00000004     (.common:EVE_DISP_SWIZZLE)
                  08006ddc    00000004     (.common:EVE_DISP_VCYCLE)
                  08006de0    00000004     (.common:EVE_DISP_VOFFSET)
                  08006de4    00000004     (.common:EVE_DISP_VSYNC0)
                  08006de8    00000004     (.common:EVE_DISP_VSYNC1)
                  08006dec    00000004     (.common:EVE_DISP_WIDTH)
                  08006df0    00000004     (.common:EVE_TOUCH_ADDR)

.data      0    08006f28    00000068     UNINITIALIZED
                  08006f28    0000002d     dashboard.obj (.data)
                  08006f55    00000002     pages.obj (.data)
                  08006f57    00000001     F021_API_CortexR4_BE_V3D16_NDS.lib : FlashStateMachine.SetActiveBank.obj (.data)
                  08006f58    00000010     inputs.obj (.data:input_targets)
                  08006f68    0000000a     data.obj (.data)
                  08006f72    00000002     ui_touch.obj (.data)
                  08006f74    00000008     F021_API_CortexR4_BE_V3D16_NDS.lib : FlashStateMachine.ScaleFclk.obj (.data)
                  08006f7c    00000008     test_data.obj (.data)
                  08006f84    00000004     EVE_MCU.obj (.data:dataconfig)
                  08006f88    00000004     inputs.obj (.data:last_input_states)
                  08006f8c    00000004     rtsv7R4_T_be_v3D16_eabi.lib : errno.c.obj (.data)

FEE_TEXT_SECTION 
*          0    0001e120    00001624     
                  0001e120    00000c3c     ti_fee_writeAsync.obj (FEE_TEXT_SECTION)
                  0001ed5c    000009e8     ti_fee_readSync.obj (FEE_TEXT_SECTION)

FEE_CONST_SECTION 
*          0    0001fad0    000000a0     
                  0001fad0    00000084     Device_TMS570LS12.obj (FEE_CONST_SECTION)
                  0001fb54    0000001c     ti_fee_cfg.obj (FEE_CONST_SECTION)

FEE_DATA_SECTION 
*          0    08006df4    00000131     UNINITIALIZED
                  08006df4    000000f5     ti_fee_ini.obj (FEE_DATA_SECTION)
                  08006ee9    00000001     ti_fee_main.obj (FEE_DATA_SECTION)
                  08006eea    00000002     --HOLE--
                  08006eec    0000002e     ti_fee_util.obj (FEE_DATA_SECTION:uninit)
                  08006f1a    00000002     --HOLE--
                  08006f1c    00000009     ti_fee_util.obj (FEE_DATA_SECTION:init)

__llvm_prf_cnts 
*          0    08001500    00000000     UNINITIALIZED

.init_array 
*          0    0001fb70    00000008     
                  0001fb70    00000004     sys_main.obj (.init_array)
                  0001fb74    00000004     data.obj (.init_array)

MODULE SUMMARY

       Module                                        code     ro data   rw data
       ------                                        ----     -------   -------
    .\ft81x_driver\
       EVE_API.obj                                   8768     0         0      
       Bridgetek_EVE2.obj                            2000     105       68     
       EVE_MCU.obj                                   1176     0         4      
       EVE_HAL.obj                                   960      0         0      
       sound.obj                                     300      0         0      
    +--+---------------------------------------------+--------+---------+---------+
       Total:                                        13204    105       72     
                                                                               
    .\source\
       dashboard.obj                                 18148    0         22313  
       ti_fee_util.obj                               22468    0         55     
       sys_selftest.obj                              11484    0         0      
       ti_fee_ini.obj                                5992     0         245    
       ti_fee_main.obj                               4320     0         1      
       ui_touch.obj                                  4300     0         2      
       can.obj                                       4120     32        0      
       sys_vim.obj                                   3364     512       0      
       data.obj                                      3432     4         175    
       spi.obj                                       3032     0         120    
       ti_fee_writeAsync.obj                         3132     0         0      
       sci.obj                                       2944     0         40     
       system.obj                                    2916     0         0      
       ti_fee_readSync.obj                           2536     0         0      
       pinmux.obj                                    2236     0         0      
       rti.obj                                       1884     0         0      
       esm.obj                                       1744     0         0      
       errata_SSWF021_45.obj                         1636     0         0      
       gio.obj                                       1156     0         0      
       test_data.obj                                 1108     0         8      
       sys_core.obj                                  844      0         0      
       sys_main.obj                                  732      4         105    
       sys_startup.obj                               652      0         0      
       ui_buttons.obj                                592      0         0      
       inputs.obj                                    556      0         20     
       ui_rpm_bar.obj                                464      0         0      
       notification.obj                              260      0         0      
       dabort.obj                                    232      0         0      
       sys_pmu.obj                                   224      0         0      
       Device_TMS570LS12.obj                         0        132       0      
       sys_intvecs.obj                               32       0         0      
       ti_fee_cfg.obj                                0        28        0      
       Fapi_UserDefinedFunctions.obj                 16       0         0      
       sys_phantom.obj                               4        0         0      
       pages.obj                                     0        0         2      
    +--+---------------------------------------------+--------+---------+---------+
       Total:                                        106560   712       23086  
                                                                               
    C:/ti/Hercules/F021 Flash API/02.01.01/F021_API_CortexR4_BE_V3D16_NDS.lib
       FlashStateMachine.InitializeFlashBanks.obj    636      0         0      
       FlashStateMachine.SetActiveBank.obj           380      0         1      
       FlashStateMachine.EnableEepromSectors.obj     196      0         0      
       BlankCheck.obj                                148      0         0      
       Read.LoopDword.obj                            94       0         0      
       FlashStateMachine.Hercules.IsEccAddress.obj   80       0         0      
       FlashStateMachine.IssueFsmCommand.obj         60       0         0      
       Utilities.CalculateFletcher.obj               54       0         0      
       Async.WithAddress.obj                         48       0         0      
       Utilities.WaitDelay.obj                       48       0         0      
       Read.Common.obj                               44       0         0      
       Async.obj                                     42       0         0      
       FlashStateMachine.ScaleFclk.obj               32       0         8      
       Read.FlushPipeline.obj                        34       0         0      
       Utilities.GetNumberOfSectors.obj              16       0         0      
       Read.WdService.obj                            12       0         0      
    +--+---------------------------------------------+--------+---------+---------+
       Total:                                        1924     0         9      
                                                                               
    C:/ti/ccs1281/ccs/tools/compiler/ti-cgt-arm_20.2.7.LTS/lib/rtsv7R4_T_be_v3D16_eabi.lib
       _printfi.c.obj                                4673     0         0      
       ull_div32.asm.obj                             692      0         0      
       ctype.c.obj                                   0        257       0      
       s_scalbn.c.obj                                240      0         0      
       s_floor.c.obj                                 224      0         0      
       memcpy_t2.asm.obj                             156      0         0      
       memset_t2.asm.obj                             122      0         0      
       s_frexp.c.obj                                 116      0         0      
       copy_decompress_lzss.c.obj                    108      0         0      
       sprintf.c.obj                                 100      0         0      
       autoinit.c.obj                                96       0         0      
       _ltoa.c.obj                                   84       0         0      
       i_div32.asm.obj                               84       0         0      
       atoi.c.obj                                    80       0         0      
       u_div32.asm.obj                               80       0         0      
       strstr.c.obj                                  56       0         0      
       strncpy.c.obj                                 54       0         0      
       memccpy.c.obj                                 38       0         0      
       s_copysign.c.obj                              30       0         0      
       strchr.c.obj                                  22       0         0      
       strlen.c.obj                                  22       0         0      
       wcslen.c.obj                                  18       0         0      
       copy_decompress_none.c.obj                    14       0         0      
       copy_zero_init.c.obj                          12       0         0      
       errno.c.obj                                   8        0         4      
       exit.c.obj                                    4        0         0      
       div0.asm.obj                                  2        0         0      
    +--+---------------------------------------------+--------+---------+---------+
       Total:                                        7135     257       4      
                                                                               
       Linker Generated:                             0        80        0      
    +--+---------------------------------------------+--------+---------+---------+
       Grand Total:                                  128823   1154      23171  


LINKER GENERATED COPY TABLES

__TI_cinit_table @ 0001fbb8 records: 3, size/record: 8, table size: 24
	.data: load addr=0001fb78, load size=0000001b bytes, run addr=08006f28, run size=00000068 bytes, compression=lzss
	FEE_DATA_SECTION: load addr=0001fba0, load size=00000009 bytes, run addr=08006df4, run size=00000131 bytes, compression=lzss
	.bss: load addr=0001fbb0, load size=00000008 bytes, run addr=08001500, run size=000058f4 bytes, compression=zero_init


LINKER GENERATED HANDLER TABLE

__TI_handler_table @ 0001fb94 records: 3, size/record: 4, table size: 12
	index: 0, handler: __TI_zero_init
	index: 1, handler: __TI_decompress_lzss
	index: 2, handler: __TI_decompress_none

VENEERS

callee name               veneer name
   callee addr  veneer addr  call addr  call info
--------------  -----------  ---------  ----------------
Fapi_serviceWatchdogTimer  $Ven$TA$L$PI$$Fapi_serviceWatchdogTimer
   0001e0fc     0001e118     0001e0e0   F021_API_CortexR4_BE_V3D16_NDS.lib : Read.WdService.obj (.text:_Fapi_checkWdService)

[1 trampolines]
[1 trampoline calls]


GLOBAL SYMBOLS: SORTED ALPHABETICALLY BY Name 

address   name                                                         
-------   ----                                                         
0001e10d  C$$EXIT                                                      
0000e560  COUNT_ARGS                                                   
0001fad0  Device_FlashDevice                                           
0000d53c  EVE_ALPHA_FUNC                                               
0000d7f0  EVE_BEGIN                                                    
0000d400  EVE_BITMAP_HANDLE                                            
0000d448  EVE_BITMAP_LAYOUT                                            
0000daa4  EVE_BITMAP_LAYOUT_H                                          
0000d490  EVE_BITMAP_SIZE                                              
0000dad8  EVE_BITMAP_SIZE_H                                            
0000d424  EVE_BITMAP_SOURCE                                            
0000d958  EVE_BITMAP_TRANSFORM_A                                       
0000d99c  EVE_BITMAP_TRANSFORM_B                                       
0000d9d4  EVE_BITMAP_TRANSFORM_C                                       
0000da00  EVE_BITMAP_TRANSFORM_D                                       
0000da38  EVE_BITMAP_TRANSFORM_E                                       
0000da5c  EVE_BITMAP_TRANSFORM_F                                       
0000d5b8  EVE_BLEND_FUNC                                               
0000d7a8  EVE_CALL                                                     
0000d4f4  EVE_CELL                                                     
0000d2c0  EVE_CLEAR                                                    
0000d29c  EVE_CLEAR_COLOR                                              
0000d668  EVE_CLEAR_COLOR_A                                            
0000d254  EVE_CLEAR_COLOR_RGB                                          
0000d6b0  EVE_CLEAR_STENCIL                                            
0000d6d4  EVE_CLEAR_TAG                                                
0000d238  EVE_CMD                                                      
0000e1fc  EVE_CMD_APPEND                                               
0000ddd4  EVE_CMD_BGCOLOR                                              
0000e0d4  EVE_CMD_BITMAP_TRANSFORM                                     
0000e6ac  EVE_CMD_BUTTON                                               
0000e16c  EVE_CMD_CALIBRATE                                            
0000e28c  EVE_CMD_CLOCK                                                
0000e438  EVE_CMD_COLDSTART                                            
0000e884  EVE_CMD_CSKETCH                                              
0000e450  EVE_CMD_DIAL                                                 
0000e4d0  EVE_CMD_DLSTART                                              
0000dedc  EVE_CMD_FGCOLOR                                              
0000dc7c  EVE_CMD_GAUGE                                                
0000dfbc  EVE_CMD_GETMATRIX                                            
0000dd14  EVE_CMD_GETPROPS                                             
0000e3b4  EVE_CMD_GETPTR                                               
0000e0b0  EVE_CMD_GRADCOLOR                                            
0000e2f4  EVE_CMD_GRADIENT                                             
0000e190  EVE_CMD_INFLATE                                              
0000deb8  EVE_CMD_INTERRUPT                                            
0000db98  EVE_CMD_KEYS                                                 
0000dc64  EVE_CMD_LOADIDENTITY                                         
0000e4a0  EVE_CMD_LOADIMAGE                                            
0000e1e4  EVE_CMD_LOGO                                                 
0000e908  EVE_CMD_MEDIAFIFO                                            
0000dd50  EVE_CMD_MEMCPY                                               
0000e524  EVE_CMD_MEMCRC                                               
0000e074  EVE_CMD_MEMSET                                               
0000df24  EVE_CMD_MEMWRITE                                             
0000e22c  EVE_CMD_MEMZERO                                              
0000dc14  EVE_CMD_NUMBER                                               
0000e980  EVE_CMD_PLAYVIDEO                                            
0000e3d8  EVE_CMD_PROGRESS                                             
0000dce4  EVE_CMD_REGREAD                                              
0000e950  EVE_CMD_ROMFONT                                              
0000df00  EVE_CMD_ROTATE                                               
0000e25c  EVE_CMD_SCALE                                                
0000e50c  EVE_CMD_SCREENSAVER                                          
0000df54  EVE_CMD_SCROLLBAR                                            
0000e9f0  EVE_CMD_SETBASE                                              
0000ea14  EVE_CMD_SETBITMAP                                            
0000e1b4  EVE_CMD_SETFONT                                              
0000ea80  EVE_CMD_SETFONT2                                             
0000e34c  EVE_CMD_SETMATRIX                                            
0000e8e4  EVE_CMD_SETROTATE                                            
0000ea5c  EVE_CMD_SETSCRATCH                                           
0000e01c  EVE_CMD_SKETCH                                               
0000de58  EVE_CMD_SLIDER                                               
0000e4e8  EVE_CMD_SNAPSHOT                                             
0000eabc  EVE_CMD_SNAPSHOT2                                            
0000dd8c  EVE_CMD_SPINNER                                              
0000de40  EVE_CMD_STOP                                                 
0000ddf8  EVE_CMD_SWAP                                                 
0000e938  EVE_CMD_SYNC                                                 
0000e5d4  EVE_CMD_TEXT                                                 
0000e798  EVE_CMD_TOGGLE                                               
0000e364  EVE_CMD_TRACK                                                
0000de10  EVE_CMD_TRANSLATE                                            
0000e9a8  EVE_CMD_VIDEOFRAME                                           
0000e9d8  EVE_CMD_VIDEOSTART                                           
0000d350  EVE_COLOR                                                    
0000d68c  EVE_COLOR_A                                                  
0000d814  EVE_COLOR_MASK                                               
0000d308  EVE_COLOR_RGB                                                
0000d918  EVE_DISPLAY                                                  
08006db0  EVE_DISP_CSPREAD                                             
08006db4  EVE_DISP_DITHER                                              
08006db8  EVE_DISP_HCYCLE                                              
08006dbc  EVE_DISP_HEIGHT                                              
08006dc0  EVE_DISP_HOFFSET                                             
08006dc4  EVE_DISP_HSYNC0                                              
08006dc8  EVE_DISP_HSYNC1                                              
08006dcc  EVE_DISP_PCLK                                                
08006dd0  EVE_DISP_PCLKPOL                                             
08006dd4  EVE_DISP_PCLK_FREQ                                           
08006dd8  EVE_DISP_SWIZZLE                                             
08006ddc  EVE_DISP_VCYCLE                                              
08006de0  EVE_DISP_VOFFSET                                             
08006de4  EVE_DISP_VSYNC0                                              
08006de8  EVE_DISP_VSYNC1                                              
08006dec  EVE_DISP_WIDTH                                               
0000d86c  EVE_END                                                      
0000c8d4  EVE_Init                                                     
0000d7cc  EVE_JUMP                                                     
0000cb44  EVE_LIB_AwaitCoProEmpty                                      
0000cb18  EVE_LIB_BeginCoProList                                       
0000d1a0  EVE_LIB_BitmapTransform                                      
0000cb34  EVE_LIB_EndCoProList                                         
0000d0b0  EVE_LIB_GetMatrix                                            
0000d020  EVE_LIB_GetProps                                             
0000d080  EVE_LIB_GetPtr                                               
0000cb50  EVE_LIB_GetResult                                            
0000d160  EVE_LIB_MemCrc                                               
0000cf2c  EVE_LIB_MemRead16                                            
0000cefc  EVE_LIB_MemRead32                                            
0000cf5c  EVE_LIB_MemRead8                                             
0000cf10  EVE_LIB_MemWrite16                                           
0000cee0  EVE_LIB_MemWrite32                                           
0000cf40  EVE_LIB_MemWrite8                                            
0000ccb4  EVE_LIB_ReadDataFromRAMG                                     
0000cf70  EVE_LIB_SendString                                           
0000cda8  EVE_LIB_WriteDataToCMD                                       
0000cbb0  EVE_LIB_WriteDataToRAMG                                      
0000d644  EVE_LINE_WIDTH                                               
0000d8dc  EVE_MACRO                                                    
0000db80  EVE_NOP                                                      
0000db10  EVE_PALETTE_SOURCE                                           
0000d620  EVE_POINT_SIZE                                               
0000d89c  EVE_RESTORE_CONTEXT                                          
0000d8b4  EVE_RETURN                                                   
0000d884  EVE_SAVE_CONTEXT                                             
0000d774  EVE_SCISSOR_SIZE                                             
0000d740  EVE_SCISSOR_XY                                               
0000d570  EVE_STENCIL_FUNC                                             
0000d6f8  EVE_STENCIL_MASK                                             
0000d5ec  EVE_STENCIL_OP                                               
0000d518  EVE_TAG                                                      
0000d71c  EVE_TAG_MASK                                                 
08006df0  EVE_TOUCH_ADDR                                               
0000d374  EVE_VERTEX2F                                                 
0000d3a8  EVE_VERTEX2II                                                
0000da80  EVE_VERTEX_FORMAT                                            
0000db34  EVE_VERTEX_TRANSLATE_X                                       
0000db5c  EVE_VERTEX_TRANSLATE_Y                                       
0001db05  Fapi_calculateFletcherChecksum                               
0001d2a1  Fapi_doBlankCheck                                            
0001d335  Fapi_enableEepromBankSectors                                 
0001dd35  Fapi_flushPipeline                                           
0001e01d  Fapi_getNumberOfBankSectors                                  
0001b7a9  Fapi_initializeFlashBanks                                    
0001d805  Fapi_isAddressEcc                                            
0001dbfd  Fapi_issueAsyncCommand                                       
0001db71  Fapi_issueAsyncCommandWithAddress                            
0001e0fc  Fapi_serviceWatchdogTimer                                    
0001c5d9  Fapi_setActiveFlashBank                                      
0001dba1  Fapi_waitDelay                                               
0001fb60  Fee_BlockConfiguration                                       
0001fb54  Fee_VirtualSectorConfiguration                               
0001a960  HAL_CheckCmdFreeSpace                                        
0001a64c  HAL_ChipSelect                                               
0001a640  HAL_EVE_Deinit                                               
0001a5c8  HAL_EVE_Init                                                 
0001a900  HAL_GetCmdPointer                                            
0001a8b8  HAL_HostCmdWrite                                             
0001a8f0  HAL_IncCmdPointer                                            
0001a858  HAL_MemRead16                                                
0001a828  HAL_MemRead32                                                
0001a888  HAL_MemRead8                                                 
0001a7c8  HAL_MemWrite16                                               
0001a798  HAL_MemWrite32                                               
0001a7f8  HAL_MemWrite8                                                
0001a670  HAL_PowerDown                                                
0001a730  HAL_Read                                                     
0001a76c  HAL_Read16                                                   
0001a74c  HAL_Read32                                                   
0001a784  HAL_Read8                                                    
0001a6b4  HAL_SetReadAddress                                           
0001a694  HAL_SetWriteAddress                                          
0001a918  HAL_WaitCmdFifoEmpty                                         
0001a6d0  HAL_Write                                                    
0001a704  HAL_Write16                                                  
0001a6ec  HAL_Write32                                                  
0001a71c  HAL_Write8                                                   
00018bf8  IsdwdKeySequenceCorrect                                      
000194e4  MCU_CShigh                                                   
000194cc  MCU_CSlow                                                    
000194c4  MCU_Deinit                                                   
00019694  MCU_Delay_20ms                                               
000196d4  MCU_Delay_500ms                                              
00019480  MCU_Init                                                     
00019514  MCU_PDhigh                                                   
000194fc  MCU_PDlow                                                    
000197f8  MCU_SPIRead                                                  
00019738  MCU_SPIRead16                                                
0001975c  MCU_SPIRead24                                                
00019780  MCU_SPIRead32                                                
00019714  MCU_SPIRead8                                                 
000197a4  MCU_SPIWrite                                                 
00019748  MCU_SPIWrite16                                               
0001976c  MCU_SPIWrite24                                               
00019790  MCU_SPIWrite32                                               
00019724  MCU_SPIWrite8                                                
000194c8  MCU_Setup                                                    
000198a8  MCU_be16toh                                                  
000198c4  MCU_be32toh                                                  
0001984c  MCU_htobe16                                                  
00019868  MCU_htobe32                                                  
00019880  MCU_htole16                                                  
00019894  MCU_htole32                                                  
000198dc  MCU_le16toh                                                  
000198f0  MCU_le32toh                                                  
0001fb70  SHT$$INIT_ARRAY$$Base                                        
0001fb78  SHT$$INIT_ARRAY$$Limit                                       
000146a4  SpiRxStatus                                                  
00014618  SpiTxStatus                                                  
00000af4  TI_FeeInternal_AlignAddressForECC                            
00001188  TI_FeeInternal_BlankCheck                                    
00004f2c  TI_FeeInternal_CheckForError                                 
00002a54  TI_FeeInternal_CheckModuleState                              
00002ab4  TI_FeeInternal_CheckReadParameters                           
000056c0  TI_FeeInternal_EnableRequiredFlashSector                     
00003044  TI_FeeInternal_FeeManager                                    
00000ec4  TI_FeeInternal_FindNextVirtualSector                         
000050ac  TI_FeeInternal_Fletcher16                                    
00001d24  TI_FeeInternal_GetArrayIndex                                 
00001c68  TI_FeeInternal_GetBlockIndex                                 
00001c2c  TI_FeeInternal_GetBlockNumber                                
00000e84  TI_FeeInternal_GetBlockSize                                  
00002be4  TI_FeeInternal_GetCurrentBlockAddress                        
00001ce8  TI_FeeInternal_GetDataSetIndex                               
00002ce8  TI_FeeInternal_GetNextFlashAddress                           
00001a50  TI_FeeInternal_GetVirtualSectorIndex                         
00000020  TI_FeeInternal_GetVirtualSectorParameter                     
00004b0c  TI_FeeInternal_InvalidateErase                               
00000e08  TI_FeeInternal_PollFlashStatus                               
00002d38  TI_FeeInternal_SanityCheck                                   
00002f28  TI_FeeInternal_SetClearCopyBlockState                        
00004dbc  TI_FeeInternal_StartProgramBlock                             
00001e90  TI_FeeInternal_UpdateBlockOffsetArray                        
000044bc  TI_FeeInternal_WriteBlockHeader                              
00000664  TI_FeeInternal_WriteDataF021                                 
00000b2c  TI_FeeInternal_WriteInitialize                               
00004814  TI_FeeInternal_WritePreviousBlockHeader                      
000001b8  TI_FeeInternal_WriteVirtualSectorHeader                      
000051d8  TI_Fee_ErrorRecovery                                         
08006ee8  TI_Fee_FapiInitCalled                                        
00004ec0  TI_Fee_GetStatus                                             
08006df4  TI_Fee_GlobalVariables                                       
0000eb98  TI_Fee_Init                                                  
0001027c  TI_Fee_MainFunction                                          
0001ed5c  TI_Fee_ReadSync                                              
000054b0  TI_Fee_SuspendResumeErase                                    
0001e120  TI_Fee_WriteAsync                                            
08006ed1  TI_Fee_bEraseSuspended                                       
08006ed2  TI_Fee_bIsMainFunctionCalled                                 
08006ed4  TI_Fee_oStatusWord                                           
08006ecc  TI_Fee_u32ActCpyVS                                           
08006ec4  TI_Fee_u32BlockEraseCount                                    
08006ec0  TI_Fee_u32FletcherChecksum                                   
08006ebc  TI_Fee_u8DataSets                                            
08006ec8  TI_Fee_u8DeviceIndex                                         
08006ed0  TI_Fee_u8ErrEraseVS                                          
08006ed8  TI_FlashStatusWord                                           
0001d991  _Fapi_EnableSectors                                          
0001e0db  _Fapi_checkWdService                                         
0001da55  _Fapi_issueFsmCommand                                        
0001d651  _Fapi_loopRegionForValue                                     
0001dbd1  _Fapi_readDword                                              
000118ac  _Z10eve_get_xyR14Bridgetek_EVE2PtS1_                         
00006690  _Z11draw_centerR14Bridgetek_EVE2P16dashboard_data_t          
000068c0  _Z11draw_statusR14Bridgetek_EVE2P16dashboard_data_t          
00013238  _Z11update_datav                                             
00011654  _Z12eve_read_tagR14Bridgetek_EVE2Ph                          
000116c0  _Z13eve_calibrateR14Bridgetek_EVE2                           
0000739c  _Z14init_dashboardP16dashboard_data_t                        
0001146c  _Z15loadCalibrationR14Bridgetek_EVE2                         
00011528  _Z15saveCalibrationR14Bridgetek_EVE2                         
0001ba08  _Z15ui_draw_buttonsR14Bridgetek_EVE2P16dashboard_data_t      
0001c0cc  _Z15ui_draw_rpm_barR14Bridgetek_EVE2f                        
00011994  _Z15ui_handle_touchR14Bridgetek_EVE2P16dashboard_data_t      
00006460  _Z16draw_motor_blockR14Bridgetek_EVE2iPKcffff                
00019ddc  _Z16test_data_togglev                                        
00019e10  _Z16test_data_updateP16dashboard_data_t                      
0001952c  _Z17MCU_SPIReadWrite8h                                       
00019574  _Z18MCU_SPIReadWrite16t                                      
000195bc  _Z18MCU_SPIReadWrite24j                                      
0001961c  _Z18MCU_SPIReadWrite32j                                      
000061f4  _Z19dashboard_log_eventh11log_level_tPKc                     
000063d8  _Z20dashboard_logs_clearv                                    
00019dd0  _Z20test_data_is_enabledv                                    
00006378  _Z21dashboard_logs_scrolli                                   
00019d9c  _Z21test_data_set_enabledb                                   
00007748  _Z21update_dashboard_dataP16dashboard_data_t                 
000080d0  _Z21update_dashboard_drawR14Bridgetek_EVE2P16dashboard_data_t
00005f54  _Z32dashboard_race_overlay_is_activev                        
00005f70  _Z34dashboard_race_overlay_acknowledgev                      
0001deec  _Z3absf                                                      
0001df04  _Z4fabsf                                                     
000115e0  _Z5delayi                                                    
00006414  _Z7dtostrfdahPc                                              
00013220  _Z9init_datav                                                
0001dd58  _ZN10tps_data_tC1Ev                                          
0001dd78  _ZN11rear_data_tC1Ev                                         
0001dd98  _ZN12front_data_tC1Ev                                        
0001dcc8  _ZN12motor_data_tC1Et                                        
0001dcec  _ZN13driver_data_tC1Et                                       
0001d588  _ZN14Bridgetek_EVE210CMD_BUTTONEssssstPKcz                   
0001da90  _ZN14Bridgetek_EVE210CMD_NUMBEREsssti                        
00017310  _ZN14Bridgetek_EVE210DISP_WIDTHEv                            
0001df1c  _ZN14Bridgetek_EVE210LINE_WIDTHEt                            
0001df34  _ZN14Bridgetek_EVE210POINT_SIZEEt                            
0001e02c  _ZN14Bridgetek_EVE211CMD_DLSTARTEv                           
00017328  _ZN14Bridgetek_EVE211DISP_HEIGHTEv                           
0001d944  _ZN14Bridgetek_EVE212CMD_PROGRESSEssssttt                    
0001df4c  _ZN14Bridgetek_EVE212LIB_MemRead8Ej                          
0001df64  _ZN14Bridgetek_EVE213CMD_CALIBRATEEj                         
0001df7c  _ZN14Bridgetek_EVE213LIB_MemRead16Ej                         
0001df94  _ZN14Bridgetek_EVE213LIB_MemRead32Ej                         
0001ddb8  _ZN14Bridgetek_EVE213LIB_MemWrite8Ejh                        
0001ddd8  _ZN14Bridgetek_EVE214LIB_MemWrite32Ejj                       
0001dc28  _ZN14Bridgetek_EVE215CLEAR_COLOR_RGBEhhh                     
0001e03c  _ZN14Bridgetek_EVE216LIB_EndCoProListEv                      
0001e04c  _ZN14Bridgetek_EVE218LIB_BeginCoProListEv                    
0001e05c  _ZN14Bridgetek_EVE219LIB_AwaitCoProEmptyEv                   
0001e06c  _ZN14Bridgetek_EVE23ENDEv                                    
0001dfac  _ZN14Bridgetek_EVE23TAGEh                                    
0001e07c  _ZN14Bridgetek_EVE24InitEv                                   
0001dfc4  _ZN14Bridgetek_EVE25BEGINEh                                  
0001dc50  _ZN14Bridgetek_EVE25CLEAREhhh                                
000172f4  _ZN14Bridgetek_EVE25setupEj                                  
0001e08c  _ZN14Bridgetek_EVE27DISPLAYEv                                
0001e09c  _ZN14Bridgetek_EVE28CMD_SWAPEv                               
0001d6b0  _ZN14Bridgetek_EVE28CMD_TEXTEssstPKcz                        
0001ddf8  _ZN14Bridgetek_EVE28VERTEX2FEss                              
00017340  _ZN14Bridgetek_EVE28setpanelEj                               
0001dc78  _ZN14Bridgetek_EVE29COLOR_RGBEhhh                            
000172b0  _ZN14Bridgetek_EVE2C1Ev                                      
000172b0  _ZN14Bridgetek_EVE2C2Ev                                      
0001de18  _ZN14current_data_tC1Ev                                      
0001dd10  _ZN15driver_status_tC1Et                                     
0001de38  _ZN15main_ecu_data_tC1Ev                                     
0001de58  _ZN17calibration_cmd_tC1Ev                                   
0001de78  _ZN19canopen_heartbeat_tC1Ev                                 
0001fbb8  __TI_CINIT_Base                                              
0001fbd0  __TI_CINIT_Limit                                             
0001fb94  __TI_Handler_Table_Base                                      
0001fba0  __TI_Handler_Table_Limit                                     
0001accc  __TI_PINIT_Base                                              
0001acd0  __TI_PINIT_Limit                                             
0001d5f1  __TI_auto_init_nobinit                                       
0001d51d  __TI_decompress_lzss                                         
0001e0cd  __TI_decompress_none                                         
0001d709  __TI_ltoa                                                    
ffffffff  __TI_pprof_out_hndl                                          
00015fa5  __TI_printfi                                                 
ffffffff  __TI_prof_data_size                                          
ffffffff  __TI_prof_data_start                                         
00000000  __TI_static_base__                                           
0001e0e7  __TI_zero_init                                               
0001e105  __aeabi_errno_addr                                           
0001d7b0  __aeabi_idiv                                                 
000169f3  __aeabi_idiv0                                                
0001d7b0  __aeabi_idivmod                                              
000169f3  __aeabi_ldiv0                                                
0001d42f  __aeabi_memclr                                               
0001d42f  __aeabi_memclr4                                              
0001d42f  __aeabi_memclr8                                              
0001d203  __aeabi_memcpy                                               
0001d203  __aeabi_memcpy4                                              
0001d203  __aeabi_memcpy8                                              
0001d431  __aeabi_memset                                               
0001d431  __aeabi_memset4                                              
0001d431  __aeabi_memset8                                              
0001d8f4  __aeabi_uidiv                                                
0001d8f4  __aeabi_uidivmod                                             
0001b26c  __aeabi_uldivmod                                             
ffffffff  __binit__                                                    
ffffffff  __c_args__                                                   
08001500  __start___llvm_prf_cnts                                      
0001b200  __sti___12_sys_main_cpp_26991e22                             
00013b94  __sti___8_data_cpp_tps_data                                  
08001500  __stop___llvm_prf_cnts                                       
0001b520  _c_int00                                                     
0001abe4  _coreClearAuxiliaryDataFault_                                
0001abf8  _coreClearAuxiliaryInstructionFault_                         
0001abbc  _coreClearDataFaultAddress_                                  
0001ab94  _coreClearDataFault_                                         
0001abd0  _coreClearInstructionFaultAddress_                           
0001aba8  _coreClearInstructionFault_                                  
0001ab28  _coreDisableEventBusExport_                                  
0001ab6c  _coreDisableFlashEcc_                                        
0001ab48  _coreDisableRamEcc_                                          
0001ab18  _coreEnableEventBusExport_                                   
0001ab58  _coreEnableFlashEcc_                                         
0001ab7c  _coreEnableIrqVicOffset_                                     
0001ab38  _coreEnableRamEcc_                                           
0001ab00  _coreEnableVfp_                                              
0001abdc  _coreGetAuxiliaryDataFault_                                  
0001abf0  _coreGetAuxiliaryInstructionFault_                           
0001abb4  _coreGetDataFaultAddress_                                    
0001ab8c  _coreGetDataFault_                                           
0001abc8  _coreGetInstructionFaultAddress_                             
0001aba0  _coreGetInstructionFault_                                    
0001a988  _coreInitRegisters_                                          
0001aa94  _coreInitStackPointer_                                       
0001f944  _ctypes_                                                     
0001ceac  _dabort                                                      
0001ac0c  _disable_FIQ_interrupt_                                      
0001ac14  _disable_IRQ_interrupt_                                      
0001ac04  _disable_interrupt_                                          
0001ac1c  _enable_interrupt_                                           
0001acac  _errata_CORTEXR4_57_                                         
0001acbc  _errata_CORTEXR4_66_                                         
00018228  _errata_SSWF021_45_both_plls                                 
0001841c  _errata_SSWF021_45_pll1                                      
00018594  _errata_SSWF021_45_pll2                                      
0001ac24  _esmCcmErrorsClear_                                          
0001aae0  _getCPSRValue_                                               
0001aae8  _gotoCPUIdle_                                                
0001d0d0  _pmuDisableCountersGlobal_                                   
0001d0c0  _pmuEnableCountersGlobal_                                    
0001d12c  _pmuGetCycleCount_                                           
0001d134  _pmuGetEventCount_                                           
0001d140  _pmuGetOverflow_                                             
0001d074  _pmuInit_                                                    
0001d100  _pmuResetCounters_                                           
0001d0e0  _pmuResetCycleCounter_                                       
0001d0f0  _pmuResetEventCounters_                                      
0001d120  _pmuSetCountEvent_                                           
0001d110  _pmuStartCounters_                                           
0001d118  _pmuStopCounters_                                            
0001e0ad  _scaleEEFclk                                                 
0001e0bd  _scaleMainFclk                                               
UNDEFED   _system_post_cinit                                           
0001e10d  abort                                                        
0000ae44  adc1ParityCheck                                              
0000af30  adc2ParityCheck                                              
0001d8a5  atoi                                                         
ffffffff  binit                                                        
08006da4  buttons_data                                                 
08006f34  cal_center_steer_timer                                       
08006f3c  cal_current_sensors_timer                                    
08006f30  cal_left_steer_timer                                         
08006f38  cal_right_steer_timer                                        
08006f28  cal_tps_0_timer                                              
08006f2c  cal_tps_100_timer                                            
08006d08  calibration_cmd                                              
00012ff4  can1GetConfigValue                                           
0001c43c  can1HighLevelInterrupt                                       
0001c524  can1LowLevelInterrupt                                        
0000afe8  can1ParityCheck                                              
0000b0c0  can2ParityCheck                                              
0000b188  can3ParityCheck                                              
00012e94  canDisableErrorNotification                                  
00012e74  canDisableStatusChangeNotification                           
00012eec  canDisableloopback                                           
00012e34  canEnableErrorNotification                                   
00012e54  canEnableStatusChangeNotification                            
00012eb4  canEnableloopback                                            
0001cc24  canErrorNotification                                         
00012bdc  canFillMessageObjectData                                     
00012904  canGetData                                                   
00012e10  canGetErrorLevel                                             
00012a5c  canGetID                                                     
00012dec  canGetLastError                                              
00012378  canInit                                                      
00012fd8  canIoRxGetBit                                                
00012f1c  canIoSetDirection                                            
00012f6c  canIoSetPort                                                 
00012fbc  canIoTxGetBit                                                
00012d90  canIsMessageBoxValid                                         
00012d34  canIsRxMessageArrived                                        
00012cd8  canIsTxMessagePending                                        
0001b0d0  canMessageNotification                                       
00012b3c  canSendRemoteFrame                                           
0001cc38  canStatusChangeNotification                                  
00012808  canTransmit                                                  
00012ac4  canUpdateID                                                  
08006d14  canopen_heartbeat                                            
00009c08  ccmSelfCheck                                                 
0000c2d4  ccmr4GetConfigValue                                          
0000a510  checkB0RAMECC                                                
0000a700  checkB1RAMECC                                                
0000b7f0  checkClockMonitor                                            
0000a8f0  checkFlashECC                                                
0000b8cc  checkFlashEEPROMECC                                          
0000ba64  checkPLL1Slip                                                
0000bb64  checkPLL2Slip                                                
0000bc28  checkRAMAddrParity                                           
0000b5a8  checkRAMECC                                                  
0000bd34  checkRAMUERRTest                                             
0000a394  checkefcSelfTest                                             
0001c080  connect_input                                                
0001de99  copysign                                                     
0001de99  copysignl                                                    
00009e0c  cpuSelfTest                                                  
0000a9d4  cpuSelfTestFail                                              
08006d20  current_data                                                 
08006f56  current_graph                                                
08006f55  current_page                                                 
00015470  customTrimLPO                                                
0000a9cc  custom_dabort                                                
08001500  dashboard_data                                               
0000c730  disableParity                                                
08006c74  display_data                                                 
0001ccac  dmaGroupANotification                                        
0000aa84  dmaParityCheck                                               
08006d2c  driver1_data                                                 
08006d38  driver1_status                                               
08006d44  driver2_data                                                 
08006d50  driver2_status                                               
00018c60  dwdClearFlag                                                 
00018b94  dwdCounterEnable                                             
00018bdc  dwdGenerateSysReset                                          
00018c2c  dwdGetStatus                                                 
00018c70  dwdGetViolationStatus                                        
00018b18  dwdInit                                                      
00018bc0  dwdReset                                                     
00018ba4  dwdSetPreload                                                
00018b88  dwwdGetCurrentDownCounter                                    
00018b40  dwwdInit                                                     
0000a238  efcCheck                                                     
0000c238  efcGetConfigValue                                            
0000a36c  efcSelfTest                                                  
0000a2c0  efcStuckZeroTest                                             
0000c6a8  enableParity                                                 
0001c754  enableSound                                                  
0000c344  errata_PBIST_4                                               
08006f8c  errno                                                        
00019048  esmActivateNormalOperation                                   
0001911c  esmClearStatus                                               
0001915c  esmClearStatusBuffer                                         
00019010  esmDisableError                                              
00019080  esmDisableInterrupt                                          
00018fe8  esmEnableError                                               
00019058  esmEnableInterrupt                                           
00019254  esmEnterSelfTest                                             
00018fcc  esmError                                                     
0001932c  esmGetConfigValue                                            
00019198  esmGetStatus                                                 
0001921c  esmGetStatusBuffer                                           
0001cbbc  esmGroup1Notification                                        
0001cbcc  esmGroup2Notification                                        
0001c9a4  esmHighInterrupt                                             
00018ec4  esmInit                                                      
000192dc  esmSelfTestStatus                                            
00019178  esmSetCounterPreloadValue                                    
000190a8  esmSetInterruptLevel                                         
00019038  esmTriggerErrorPinReset                                      
0001cf95  floor                                                        
0001cf95  floorl                                                       
0000be9c  fmcBus1ParityCheck                                           
0000a434  fmcBus2Check                                                 
0000a470  fmcECCcheck                                                  
0001d4a9  frexp                                                        
0001d4a9  frexpl                                                       
08006d5c  front_data                                                   
00019b78  gioDisableNotification                                       
00019b10  gioEnableNotification                                        
00019a78  gioGetBit                                                    
00019be0  gioGetConfigValue                                            
00019aa0  gioGetPort                                                   
00019918  gioInit                                                      
0001cc60  gioNotification                                              
00019a08  gioSetBit                                                    
000199e8  gioSetDirection                                              
00019a58  gioSetPort                                                   
00019ab8  gioToggleBit                                                 
0001e114  handlePLLLockFail                                            
0000ab30  het1ParityCheck                                              
0000ac98  het2ParityCheck                                              
0000abdc  htu1ParityCheck                                              
0000ad94  htu2ParityCheck                                              
0001bea0  init_inputs                                                  
08006f58  input_targets                                                
0001cdbd  ldexp                                                        
0001cdbd  ldexpl                                                       
0001afa0  main                                                         
08006d68  main_ecu_data                                                
00014b50  mapClocks                                                    
0001dca1  memccpy                                                      
0001d203  memcpy                                                       
00009d4c  memoryInit                                                   
0001cbdc  memoryPort0TestFailNotification                              
0001cbf8  memoryPort1TestFailNotification                              
0001d437  memset                                                       
0000b25c  mibspi1ParityCheck                                           
0000b364  mibspi3ParityCheck                                           
0000b488  mibspi5ParityCheck                                           
08006d74  motor1_data                                                  
08006d80  motor2_data                                                  
000169f4  muxInit                                                      
0000bfc4  pbistFail                                                    
0000c048  pbistGetConfigValue                                          
0000a180  pbistIsTestCompleted                                         
0000a1ac  pbistIsTestPassed                                            
0000a1e0  pbistPortTestStatus                                          
0000a084  pbistRun                                                     
00009ea4  pbistSelfCheck                                               
0000a150  pbistStop                                                    
00014afc  periphInit                                                   
0001e110  phantomInterrupt                                             
00016e90  pinmuxGetConfigValue                                         
0001c828  playBell                                                     
0001c810  playChimes                                                   
0001c858  playClack                                                    
0001c7fc  playClick                                                    
0001c840  playPip                                                      
0001c7c8  playSound                                                    
0001beec  read_inputs                                                  
08006d8c  rear_data                                                    
00000000  resetEntry                                                   
0001c880  rtiCompare0Interrupt                                         
0001c8c8  rtiCompare1Interrupt                                         
0001c910  rtiCompare2Interrupt                                         
0001c958  rtiCompare3Interrupt                                         
00018d20  rtiDisableNotification                                       
00018cf8  rtiEnableNotification                                        
00018d3c  rtiGetConfigValue                                            
00018a8c  rtiGetCurrentTick                                            
00018a64  rtiGetPeriod                                                 
0001888c  rtiInit                                                      
0001b080  rtiNotification                                              
000189d8  rtiResetCounter                                              
00018a3c  rtiSetPeriod                                                 
00018980  rtiStartCounter                                              
000189ac  rtiStopCounter                                               
0001cdbd  scalbn                                                       
0001cdbd  scalbnl                                                      
00017f48  sciDisableLoopback                                           
00017fd4  sciDisableNotification                                       
00017f14  sciEnableLoopback                                            
00017f6c  sciEnableNotification                                        
0001803c  sciEnterResetState                                           
0001805c  sciExitResetState                                            
0001807c  sciGetConfigValue                                            
0001a1f0  sciHighLevelInterrupt                                        
00017a80  sciInit                                                      
00017dc4  sciIsIdleDetected                                            
00017da8  sciIsRxReady                                                 
00017c28  sciIsTxReady                                                 
0001a3c0  sciLowLevelInterrupt                                         
0001cc74  sciNotification                                              
00017e3c  sciReceive                                                   
00017e10  sciReceiveByte                                               
00017de0  sciRxError                                                   
00017c74  sciSend                                                      
00017c44  sciSendByte                                                  
00017b8c  sciSetBaudrate                                               
00017b6c  sciSetFunctional                                             
00009bf8  selftestFailNotification                                     
00014abc  setupFlash                                                   
000149e8  setupPLL                                                     
000147dc  spi4GetConfigValue                                           
00014764  spiDisableLoopback                                           
000147b0  spiDisableNotification                                       
00014730  spiEnableLoopback                                            
00014780  spiEnableNotification                                        
0001cc9c  spiEndNotification                                           
00014080  spiGetData                                                   
00013e10  spiInit                                                      
0001cc88  spiNotification                                              
00013f64  spiReceiveData                                               
000144d8  spiSendAndGetData                                            
000142a4  spiSendData                                                  
00013f44  spiSetFunctional                                             
0001439c  spiTransmitAndReceiveData                                    
00014178  spiTransmitData                                              
0001da15  sprintf                                                      
00015334  sramGetConfigValue                                           
0000c194  stcGetConfigValue                                            
00009d90  stcSelfCheck                                                 
0000a9d0  stcSelfCheckFail                                             
0001dfdd  strchr                                                       
0001dff3  strlen                                                       
[...]
0001a704  HAL_Write16                                                  
0001a71c  HAL_Write8                                                   
0001a730  HAL_Read                                                     
0001a74c  HAL_Read32                                                   
0001a76c  HAL_Read16                                                   
0001a784  HAL_Read8                                                    
0001a798  HAL_MemWrite32                                               
0001a7c8  HAL_MemWrite16                                               
0001a7f8  HAL_MemWrite8                                                
0001a828  HAL_MemRead32                                                
0001a858  HAL_MemRead16                                                
0001a888  HAL_MemRead8                                                 
0001a8b8  HAL_HostCmdWrite                                             
0001a8f0  HAL_IncCmdPointer                                            
0001a900  HAL_GetCmdPointer                                            
0001a918  HAL_WaitCmdFifoEmpty                                         
0001a960  HAL_CheckCmdFreeSpace                                        
0001a988  _coreInitRegisters_                                          
0001aa94  _coreInitStackPointer_                                       
0001aae0  _getCPSRValue_                                               
0001aae8  _gotoCPUIdle_                                                
0001ab00  _coreEnableVfp_                                              
0001ab18  _coreEnableEventBusExport_                                   
0001ab28  _coreDisableEventBusExport_                                  
0001ab38  _coreEnableRamEcc_                                           
0001ab48  _coreDisableRamEcc_                                          
0001ab58  _coreEnableFlashEcc_                                         
0001ab6c  _coreDisableFlashEcc_                                        
0001ab7c  _coreEnableIrqVicOffset_                                     
0001ab8c  _coreGetDataFault_                                           
0001ab94  _coreClearDataFault_                                         
0001aba0  _coreGetInstructionFault_                                    
0001aba8  _coreClearInstructionFault_                                  
0001abb4  _coreGetDataFaultAddress_                                    
0001abbc  _coreClearDataFaultAddress_                                  
0001abc8  _coreGetInstructionFaultAddress_                             
0001abd0  _coreClearInstructionFaultAddress_                           
0001abdc  _coreGetAuxiliaryDataFault_                                  
0001abe4  _coreClearAuxiliaryDataFault_                                
0001abf0  _coreGetAuxiliaryInstructionFault_                           
0001abf8  _coreClearAuxiliaryInstructionFault_                         
0001ac04  _disable_interrupt_                                          
0001ac0c  _disable_FIQ_interrupt_                                      
0001ac14  _disable_IRQ_interrupt_                                      
0001ac1c  _enable_interrupt_                                           
0001ac24  _esmCcmErrorsClear_                                          
0001acac  _errata_CORTEXR4_57_                                         
0001acbc  _errata_CORTEXR4_66_                                         
0001accc  __TI_PINIT_Base                                              
0001acd0  __TI_PINIT_Limit                                             
0001acd4  vimParityErrorHandler                                        
0001afa0  main                                                         
0001b080  rtiNotification                                              
0001b0d0  canMessageNotification                                       
0001b200  __sti___12_sys_main_cpp_26991e22                             
0001b26c  __aeabi_uldivmod                                             
0001b520  _c_int00                                                     
0001b7a9  Fapi_initializeFlashBanks                                    
0001ba08  _Z15ui_draw_buttonsR14Bridgetek_EVE2P16dashboard_data_t      
0001bea0  init_inputs                                                  
0001beec  read_inputs                                                  
0001bfbc  update_inputs                                                
0001c080  connect_input                                                
0001c0cc  _Z15ui_draw_rpm_barR14Bridgetek_EVE2f                        
0001c43c  can1HighLevelInterrupt                                       
0001c524  can1LowLevelInterrupt                                        
0001c5d9  Fapi_setActiveFlashBank                                      
0001c754  enableSound                                                  
0001c7c8  playSound                                                    
0001c7fc  playClick                                                    
0001c810  playChimes                                                   
0001c828  playBell                                                     
0001c840  playPip                                                      
0001c858  playClack                                                    
0001c880  rtiCompare0Interrupt                                         
0001c8c8  rtiCompare1Interrupt                                         
0001c910  rtiCompare2Interrupt                                         
0001c958  rtiCompare3Interrupt                                         
0001c9a4  esmHighInterrupt                                             
0001cbbc  esmGroup1Notification                                        
0001cbcc  esmGroup2Notification                                        
0001cbdc  memoryPort0TestFailNotification                              
0001cbf8  memoryPort1TestFailNotification                              
0001cc24  canErrorNotification                                         
0001cc38  canStatusChangeNotification                                  
0001cc60  gioNotification                                              
0001cc74  sciNotification                                              
0001cc88  spiNotification                                              
0001cc9c  spiEndNotification                                           
0001ccac  dmaGroupANotification                                        
0001cdbd  ldexp                                                        
0001cdbd  ldexpl                                                       
0001cdbd  scalbn                                                       
0001cdbd  scalbnl                                                      
0001ceac  _dabort                                                      
0001cf95  floor                                                        
0001cf95  floorl                                                       
0001d074  _pmuInit_                                                    
0001d0c0  _pmuEnableCountersGlobal_                                    
0001d0d0  _pmuDisableCountersGlobal_                                   
0001d0e0  _pmuResetCycleCounter_                                       
0001d0f0  _pmuResetEventCounters_                                      
0001d100  _pmuResetCounters_                                           
0001d110  _pmuStartCounters_                                           
0001d118  _pmuStopCounters_                                            
0001d120  _pmuSetCountEvent_                                           
0001d12c  _pmuGetCycleCount_                                           
0001d134  _pmuGetEventCount_                                           
0001d140  _pmuGetOverflow_                                             
0001d203  __aeabi_memcpy                                               
0001d203  __aeabi_memcpy4                                              
0001d203  __aeabi_memcpy8                                              
0001d203  memcpy                                                       
0001d2a1  Fapi_doBlankCheck                                            
0001d335  Fapi_enableEepromBankSectors                                 
0001d42f  __aeabi_memclr                                               
0001d42f  __aeabi_memclr4                                              
0001d42f  __aeabi_memclr8                                              
0001d431  __aeabi_memset                                               
0001d431  __aeabi_memset4                                              
0001d431  __aeabi_memset8                                              
0001d437  memset                                                       
0001d4a9  frexp                                                        
0001d4a9  frexpl                                                       
0001d51d  __TI_decompress_lzss                                         
0001d588  _ZN14Bridgetek_EVE210CMD_BUTTONEssssstPKcz                   
0001d5f1  __TI_auto_init_nobinit                                       
0001d651  _Fapi_loopRegionForValue                                     
0001d6b0  _ZN14Bridgetek_EVE28CMD_TEXTEssstPKcz                        
0001d709  __TI_ltoa                                                    
0001d7b0  __aeabi_idiv                                                 
0001d7b0  __aeabi_idivmod                                              
0001d805  Fapi_isAddressEcc                                            
0001d8a5  atoi                                                         
0001d8f4  __aeabi_uidiv                                                
0001d8f4  __aeabi_uidivmod                                             
0001d944  _ZN14Bridgetek_EVE212CMD_PROGRESSEssssttt                    
0001d991  _Fapi_EnableSectors                                          
0001da15  sprintf                                                      
0001da55  _Fapi_issueFsmCommand                                        
0001da90  _ZN14Bridgetek_EVE210CMD_NUMBEREsssti                        
0001dacd  strstr                                                       
0001db05  Fapi_calculateFletcherChecksum                               
0001db3b  strncpy                                                      
0001db71  Fapi_issueAsyncCommandWithAddress                            
0001dba1  Fapi_waitDelay                                               
0001dbd1  _Fapi_readDword                                              
0001dbfd  Fapi_issueAsyncCommand                                       
0001dc28  _ZN14Bridgetek_EVE215CLEAR_COLOR_RGBEhhh                     
0001dc50  _ZN14Bridgetek_EVE25CLEAREhhh                                
0001dc78  _ZN14Bridgetek_EVE29COLOR_RGBEhhh                            
0001dca1  memccpy                                                      
0001dcc8  _ZN12motor_data_tC1Et                                        
0001dcec  _ZN13driver_data_tC1Et                                       
0001dd10  _ZN15driver_status_tC1Et                                     
0001dd35  Fapi_flushPipeline                                           
0001dd58  _ZN10tps_data_tC1Ev                                          
0001dd78  _ZN11rear_data_tC1Ev                                         
0001dd98  _ZN12front_data_tC1Ev                                        
0001ddb8  _ZN14Bridgetek_EVE213LIB_MemWrite8Ejh                        
0001ddd8  _ZN14Bridgetek_EVE214LIB_MemWrite32Ejj                       
0001ddf8  _ZN14Bridgetek_EVE28VERTEX2FEss                              
0001de18  _ZN14current_data_tC1Ev                                      
0001de38  _ZN15main_ecu_data_tC1Ev                                     
0001de58  _ZN17calibration_cmd_tC1Ev                                   
0001de78  _ZN19canopen_heartbeat_tC1Ev                                 
0001de99  copysign                                                     
0001de99  copysignl                                                    
0001deec  _Z3absf                                                      
0001df04  _Z4fabsf                                                     
0001df1c  _ZN14Bridgetek_EVE210LINE_WIDTHEt                            
0001df34  _ZN14Bridgetek_EVE210POINT_SIZEEt                            
0001df4c  _ZN14Bridgetek_EVE212LIB_MemRead8Ej                          
0001df64  _ZN14Bridgetek_EVE213CMD_CALIBRATEEj                         
0001df7c  _ZN14Bridgetek_EVE213LIB_MemRead16Ej                         
0001df94  _ZN14Bridgetek_EVE213LIB_MemRead32Ej                         
0001dfac  _ZN14Bridgetek_EVE23TAGEh                                    
0001dfc4  _ZN14Bridgetek_EVE25BEGINEh                                  
0001dfdd  strchr                                                       
0001dff3  strlen                                                       
0001e009  wcslen                                                       
0001e01d  Fapi_getNumberOfBankSectors                                  
0001e02c  _ZN14Bridgetek_EVE211CMD_DLSTARTEv                           
0001e03c  _ZN14Bridgetek_EVE216LIB_EndCoProListEv                      
0001e04c  _ZN14Bridgetek_EVE218LIB_BeginCoProListEv                    
0001e05c  _ZN14Bridgetek_EVE219LIB_AwaitCoProEmptyEv                   
0001e06c  _ZN14Bridgetek_EVE23ENDEv                                    
0001e07c  _ZN14Bridgetek_EVE24InitEv                                   
0001e08c  _ZN14Bridgetek_EVE27DISPLAYEv                                
0001e09c  _ZN14Bridgetek_EVE28CMD_SWAPEv                               
0001e0ad  _scaleEEFclk                                                 
0001e0bd  _scaleMainFclk                                               
0001e0cd  __TI_decompress_none                                         
0001e0db  _Fapi_checkWdService                                         
0001e0e7  __TI_zero_init                                               
0001e0fc  Fapi_serviceWatchdogTimer                                    
0001e105  __aeabi_errno_addr                                           
0001e10d  C$$EXIT                                                      
0001e10d  abort                                                        
0001e110  phantomInterrupt                                             
0001e114  handlePLLLockFail                                            
0001e120  TI_Fee_WriteAsync                                            
0001ed5c  TI_Fee_ReadSync                                              
0001f944  _ctypes_                                                     
0001fad0  Device_FlashDevice                                           
0001fb54  Fee_VirtualSectorConfiguration                               
0001fb60  Fee_BlockConfiguration                                       
0001fb70  SHT$$INIT_ARRAY$$Base                                        
0001fb78  SHT$$INIT_ARRAY$$Limit                                       
0001fb94  __TI_Handler_Table_Base                                      
0001fba0  __TI_Handler_Table_Limit                                     
0001fbb8  __TI_CINIT_Base                                              
0001fbd0  __TI_CINIT_Limit                                             
08001500  __start___llvm_prf_cnts                                      
08001500  __stop___llvm_prf_cnts                                       
08001500  dashboard_data                                               
08006c74  display_data                                                 
08006d08  calibration_cmd                                              
08006d14  canopen_heartbeat                                            
08006d20  current_data                                                 
08006d2c  driver1_data                                                 
08006d38  driver1_status                                               
08006d44  driver2_data                                                 
08006d50  driver2_status                                               
08006d5c  front_data                                                   
08006d68  main_ecu_data                                                
08006d74  motor1_data                                                  
08006d80  motor2_data                                                  
08006d8c  rear_data                                                    
08006d98  tps_data                                                     
08006da4  buttons_data                                                 
08006db0  EVE_DISP_CSPREAD                                             
08006db4  EVE_DISP_DITHER                                              
08006db8  EVE_DISP_HCYCLE                                              
08006dbc  EVE_DISP_HEIGHT                                              
08006dc0  EVE_DISP_HOFFSET                                             
08006dc4  EVE_DISP_HSYNC0                                              
08006dc8  EVE_DISP_HSYNC1                                              
08006dcc  EVE_DISP_PCLK                                                
08006dd0  EVE_DISP_PCLKPOL                                             
08006dd4  EVE_DISP_PCLK_FREQ                                           
08006dd8  EVE_DISP_SWIZZLE                                             
08006ddc  EVE_DISP_VCYCLE                                              
08006de0  EVE_DISP_VOFFSET                                             
08006de4  EVE_DISP_VSYNC0                                              
08006de8  EVE_DISP_VSYNC1                                              
08006dec  EVE_DISP_WIDTH                                               
08006df0  EVE_TOUCH_ADDR                                               
08006df4  TI_Fee_GlobalVariables                                       
08006ebc  TI_Fee_u8DataSets                                            
08006ec0  TI_Fee_u32FletcherChecksum                                   
08006ec4  TI_Fee_u32BlockEraseCount                                    
08006ec8  TI_Fee_u8DeviceIndex                                         
08006ecc  TI_Fee_u32ActCpyVS                                           
08006ed0  TI_Fee_u8ErrEraseVS                                          
08006ed1  TI_Fee_bEraseSuspended                                       
08006ed2  TI_Fee_bIsMainFunctionCalled                                 
08006ed4  TI_Fee_oStatusWord                                           
08006ed8  TI_FlashStatusWord                                           
08006ee8  TI_Fee_FapiInitCalled                                        
08006f28  cal_tps_0_timer                                              
08006f2c  cal_tps_100_timer                                            
08006f30  cal_left_steer_timer                                         
08006f34  cal_center_steer_timer                                       
08006f38  cal_right_steer_timer                                        
08006f3c  cal_current_sensors_timer                                    
08006f55  current_page                                                 
08006f56  current_graph                                                
08006f58  input_targets                                                
08006f8c  errno                                                        
ffffffff  __TI_pprof_out_hndl                                          
ffffffff  __TI_prof_data_size                                          
ffffffff  __TI_prof_data_start                                         
ffffffff  __binit__                                                    
ffffffff  __c_args__                                                   
ffffffff  binit                                                        
UNDEFED   _system_post_cinit                                           

[698 symbols]
