******************************************************************************
                  TI ARM Linker PC v20.2.7                     
******************************************************************************
>> Linked Sat Jul  4 23:54:26 2026

OUTPUT FILE NAME:   <tms570_on_board_ecu.out>
ENTRY POINT SYMBOL: "_c_int00"  address: 000194a4


MEMORY CONFIGURATION

         name            origin    length      used     unused   attr    fill
----------------------  --------  ---------  --------  --------  ----  --------
  VECTORS               00000000   00000020  00000020  00000000     X
  FLASH0                00000020   0013ffe0  0001da78  00122568  R  X
  STACKS                08000000   00001500  00000000  00001500  RW  
  RAM                   08001500   0002eb00  000043f8  0002a708  RW  


SEGMENT ALLOCATION MAP

run origin  load origin   length   init length attrs members
----------  ----------- ---------- ----------- ----- -------
00000000    00000000    0001da98   0001da98    r-x
  00000000    00000000    00000020   00000020    r-x .intvecs
  00000020    00000020    0001bfd0   0001bfd0    r-x .text
  0001bff0    0001bff0    00001624   00001624    r-x FEE_TEXT_SECTION
  0001d614    0001d614    0000038c   0000038c    r-- .const
  0001d9a0    0001d9a0    000000a0   000000a0    r-- FEE_CONST_SECTION
  0001da40    0001da40    00000008   00000008    r-- .init_array
  0001da48    0001da48    00000050   00000050    r-- .cinit
08001500    08001500    000043fb   00000000    rw-
  08001500    08001500    00004274   00000000    rw- .bss
  08005774    08005774    00000131   00000000    rw- FEE_DATA_SECTION
  080058a8    080058a8    00000053   00000000    rw- .data


SECTION ALLOCATION MAP

 output                                  attributes/
section   page    origin      length       input sections
--------  ----  ----------  ----------   ----------------
.intvecs   0    00000000    00000020     
                  00000000    00000020     sys_intvecs.obj (.intvecs)

.text      0    00000020    0001bfd0     
                  00000020    000057c4     ti_fee_util.obj (.text)
                  000057e4    00002d08     dashboard.obj (.text)
                  000084ec    00002cdc     sys_selftest.obj (.text)
                  0000b1c8    00002240     EVE_API.obj (.text)
                  0000d408    00001768     ti_fee_ini.obj (.text)
                  0000eb70    000010e0     ti_fee_main.obj (.text)
                  0000fc50    00000e7c     can.obj (.text)
                  00010acc    00000bfc     ui_touch.obj (.text)
                  000116c8    00000bd8     spi.obj (.text)
                  000122a0    00000b64     system.obj (.text)
                  00012e04    00000a58     sys_vim.obj (.text)
                  0001385c    00000a4e     rtsv7R4_T_be_v3D16_eabi.lib : _printfi.c.obj (.text:__TI_printfi)
                  000142aa    00000002                                 : div0.asm.obj (.text)
                  000142ac    00000a1c     data.obj (.text)
                  00014cc8    000008bc     pinmux.obj (.text)
                  00015584    000007d0     Bridgetek_EVE2.obj (.text)
                  00015d54    000007a8     sci.obj (.text)
                  000164fc    00000664     errata_SSWF021_45.obj (.text)
                  00016b60    00000638     rti.obj (.text)
                  00017198    000005bc     esm.obj (.text)
                  00017754    00000498     EVE_MCU.obj (.text)
                  00017bec    00000484     gio.obj (.text)
                  00018070    000003d8     sci.obj (.text:retain)
                  00018448    000003d0     sys_main.obj (.text)
                  00018818    000003c0     EVE_HAL.obj (.text)
                  00018bd8    0000034c     sys_core.obj (.text)
                  00018f24    000002cc     sys_vim.obj (.text:retain)
                  000191f0    000002b4     rtsv7R4_T_be_v3D16_eabi.lib : ull_div32.asm.obj (.text)
                  000194a4    00000288     sys_startup.obj (.text:retain)
                  0001972c    00000260     F021_API_CortexR4_BE_V3D16_NDS.lib : FlashStateMachine.InitializeFlashBanks.obj (.text:Fapi_initializeFlashBanks)
                  0001998c    00000250     ui_buttons.obj (.text)
                  00019bdc    00000248     rtsv7R4_T_be_v3D16_eabi.lib : _printfi.c.obj (.text:_pconv_a)
                  00019e24    0000022c     inputs.obj (.text)
                  0001a050    000001d0     ui_rpm_bar.obj (.text)
                  0001a220    000001a0     rtsv7R4_T_be_v3D16_eabi.lib : _printfi.c.obj (.text:_pconv_g)
                  0001a3c0    0000019c     can.obj (.text:retain)
                  0001a55c    0000017c     F021_API_CortexR4_BE_V3D16_NDS.lib : FlashStateMachine.SetActiveBank.obj (.text:Fapi_setActiveFlashBank)
                  0001a6d8    0000012c     sound.obj (.text)
                  0001a804    00000124     rti.obj (.text:retain)
                  0001a928    00000114     esm.obj (.text:retain)
                  0001aa3c    00000104     rtsv7R4_T_be_v3D16_eabi.lib : _printfi.c.obj (.text:_pconv_e)
                  0001ab40    00000104     notification.obj (.text)
                  0001ac44    000000fc     rtsv7R4_T_be_v3D16_eabi.lib : _printfi.c.obj (.text:fcvt)
                  0001ad40    000000f0                                 : s_scalbn.c.obj (.text:scalbn)
                  0001ae30    000000e8     dabort.obj (.text)
                  0001af18    000000e0     rtsv7R4_T_be_v3D16_eabi.lib : s_floor.c.obj (.text:floor)
                  0001aff8    000000e0     sys_pmu.obj (.text)
                  0001b0d8    000000ad     rtsv7R4_T_be_v3D16_eabi.lib : _printfi.c.obj (.text:_ltostr)
                  0001b185    00000001     --HOLE-- [fill = 0]
                  0001b186    0000009c                                 : memcpy_t2.asm.obj (.text)
                  0001b222    00000002     --HOLE-- [fill = 0]
                  0001b224    00000094     F021_API_CortexR4_BE_V3D16_NDS.lib : BlankCheck.obj (.text:Fapi_doBlankCheck)
                  0001b2b8    00000080                                        : FlashStateMachine.EnableEepromSectors.obj (.text:Fapi_enableEepromBankSectors)
                  0001b338    0000007a     rtsv7R4_T_be_v3D16_eabi.lib : _printfi.c.obj (.text:_mcpy)
                  0001b3b2    0000007a                                 : memset_t2.asm.obj (.text)
                  0001b42c    00000074                                 : s_frexp.c.obj (.text:frexp)
                  0001b4a0    0000006c                                 : copy_decompress_lzss.c.obj (.text:decompress:lzss:__TI_decompress_lzss)
                  0001b50c    00000068     dashboard.obj (.text:_ZN14Bridgetek_EVE210CMD_BUTTONEssssstPKcz)
                  0001b574    00000060     rtsv7R4_T_be_v3D16_eabi.lib : autoinit.c.obj (.text:__TI_auto_init_nobinit:__TI_auto_init_nobinit)
                  0001b5d4    0000005e     F021_API_CortexR4_BE_V3D16_NDS.lib : Read.LoopDword.obj (.text:_Fapi_loopRegionForValue)
                  0001b632    00000002     --HOLE-- [fill = 0]
                  0001b634    00000058     dashboard.obj (.text:_ZN14Bridgetek_EVE28CMD_TEXTEssstPKcz)
                  0001b68c    00000054     rtsv7R4_T_be_v3D16_eabi.lib : _ltoa.c.obj (.text:__TI_ltoa)
                  0001b6e0    00000054                                 : _printfi.c.obj (.text:_ecpy)
                  0001b734    00000054                                 : i_div32.asm.obj (.text)
                  0001b788    00000050     F021_API_CortexR4_BE_V3D16_NDS.lib : FlashStateMachine.Hercules.IsEccAddress.obj (.text:Fapi_isAddressEcc)
                  0001b7d8    00000050     rtsv7R4_T_be_v3D16_eabi.lib : _printfi.c.obj (.text:_pconv_f)
                  0001b828    00000050                                 : atoi.c.obj (.text:atoi)
                  0001b878    0000004c     dashboard.obj (.text:_ZN14Bridgetek_EVE212CMD_PROGRESSEssssttt)
                  0001b8c4    00000044     F021_API_CortexR4_BE_V3D16_NDS.lib : FlashStateMachine.EnableEepromSectors.obj (.text:_Fapi_EnableSectors)
                  0001b908    00000040     rtsv7R4_T_be_v3D16_eabi.lib : _printfi.c.obj (.text:_fcpy)
                  0001b948    00000040                                 : sprintf.c.obj (.text:sprintf)
                  0001b988    0000003c     F021_API_CortexR4_BE_V3D16_NDS.lib : FlashStateMachine.IssueFsmCommand.obj (.text:_Fapi_issueFsmCommand)
                  0001b9c4    0000003c     dashboard.obj (.text:_ZN14Bridgetek_EVE210CMD_NUMBEREsssti)
                  0001ba00    00000038     rtsv7R4_T_be_v3D16_eabi.lib : strstr.c.obj (.text:strstr)
                  0001ba38    00000036     F021_API_CortexR4_BE_V3D16_NDS.lib : Utilities.CalculateFletcher.obj (.text:Fapi_calculateFletcherChecksum)
                  0001ba6e    00000002     --HOLE-- [fill = 0]
                  0001ba70    00000030                                        : Async.WithAddress.obj (.text:Fapi_issueAsyncCommandWithAddress)
                  0001baa0    00000030                                        : Utilities.WaitDelay.obj (.text:Fapi_waitDelay)
                  0001bad0    0000002c                                        : Read.Common.obj (.text:_Fapi_readDword)
                  0001bafc    0000002a                                        : Async.obj (.text:Fapi_issueAsyncCommand)
                  0001bb26    00000002     --HOLE-- [fill = 0]
                  0001bb28    00000028     dashboard.obj (.text:_ZN14Bridgetek_EVE215CLEAR_COLOR_RGBEhhh)
                  0001bb50    00000028     dashboard.obj (.text:_ZN14Bridgetek_EVE25CLEAREhhh)
                  0001bb78    00000028     dashboard.obj (.text:_ZN14Bridgetek_EVE29COLOR_RGBEhhh)
                  0001bba0    00000026     rtsv7R4_T_be_v3D16_eabi.lib : memccpy.c.obj (.text:memccpy)
                  0001bbc6    00000002     --HOLE-- [fill = 0]
                  0001bbc8    00000024     data.obj (.text:_ZN12motor_data_tC1Et)
                  0001bbec    00000024     data.obj (.text:_ZN13driver_data_tC1Et)
                  0001bc10    00000024     data.obj (.text:_ZN15driver_status_tC1Et)
                  0001bc34    00000022     F021_API_CortexR4_BE_V3D16_NDS.lib : Read.FlushPipeline.obj (.text:Fapi_flushPipeline)
                  0001bc56    00000002     --HOLE-- [fill = 0]
                  0001bc58    00000020     data.obj (.text:_ZN10tps_data_tC1Ev)
                  0001bc78    00000020     data.obj (.text:_ZN11rear_data_tC1Ev)
                  0001bc98    00000020     data.obj (.text:_ZN12front_data_tC1Ev)
                  0001bcb8    00000020     ui_touch.obj (.text:_ZN14Bridgetek_EVE213LIB_MemWrite8Ejh)
                  0001bcd8    00000020     ui_touch.obj (.text:_ZN14Bridgetek_EVE214LIB_MemWrite32Ejj)
                  0001bcf8    00000020     dashboard.obj (.text:_ZN14Bridgetek_EVE28VERTEX2FEss)
                  0001bd18    00000020     data.obj (.text:_ZN14current_data_tC1Ev)
                  0001bd38    00000020     data.obj (.text:_ZN15main_ecu_data_tC1Ev)
                  0001bd58    00000020     data.obj (.text:_ZN17calibration_cmd_tC1Ev)
                  0001bd78    00000020     data.obj (.text:_ZN19canopen_heartbeat_tC1Ev)
                  0001bd98    0000001e     rtsv7R4_T_be_v3D16_eabi.lib : s_copysign.c.obj (.text:copysign)
                  0001bdb6    0000001c     F021_API_CortexR4_BE_V3D16_NDS.lib : FlashStateMachine.InitializeFlashBanks.obj (.text:_Fapi_divideUnsignedLong)
                  0001bdd2    0000001a     rtsv7R4_T_be_v3D16_eabi.lib : sprintf.c.obj (.text:_outs)
                  0001bdec    00000018     dashboard.obj (.text:_Z3absf)
                  0001be04    00000018     dashboard.obj (.text:_Z4fabsf)
                  0001be1c    00000018     ui_touch.obj (.text:_ZN14Bridgetek_EVE212LIB_MemRead8Ej)
                  0001be34    00000018     ui_touch.obj (.text:_ZN14Bridgetek_EVE213CMD_CALIBRATEEj)
                  0001be4c    00000018     ui_touch.obj (.text:_ZN14Bridgetek_EVE213LIB_MemRead16Ej)
                  0001be64    00000018     ui_touch.obj (.text:_ZN14Bridgetek_EVE213LIB_MemRead32Ej)
                  0001be7c    00000018     dashboard.obj (.text:_ZN14Bridgetek_EVE23TAGEh)
                  0001be94    00000018     dashboard.obj (.text:_ZN14Bridgetek_EVE25BEGINEh)
                  0001beac    00000016     rtsv7R4_T_be_v3D16_eabi.lib : strchr.c.obj (.text:strchr)
                  0001bec2    00000016                                 : strlen.c.obj (.text:strlen)
                  0001bed8    00000012                                 : wcslen.c.obj (.text:wcslen)
                  0001beea    00000002     --HOLE-- [fill = 0]
                  0001beec    00000010     F021_API_CortexR4_BE_V3D16_NDS.lib : Utilities.GetNumberOfSectors.obj (.text:Fapi_getNumberOfBankSectors)
                  0001befc    00000010     dashboard.obj (.text:_ZN14Bridgetek_EVE211CMD_DLSTARTEv)
                  0001bf0c    00000010     dashboard.obj (.text:_ZN14Bridgetek_EVE216LIB_EndCoProListEv)
                  0001bf1c    00000010     dashboard.obj (.text:_ZN14Bridgetek_EVE218LIB_BeginCoProListEv)
                  0001bf2c    00000010     ui_touch.obj (.text:_ZN14Bridgetek_EVE219LIB_AwaitCoProEmptyEv)
                  0001bf3c    00000010     dashboard.obj (.text:_ZN14Bridgetek_EVE23ENDEv)
                  0001bf4c    00000010     sys_main.obj (.text:_ZN14Bridgetek_EVE24InitEv)
                  0001bf5c    00000010     dashboard.obj (.text:_ZN14Bridgetek_EVE27DISPLAYEv)
                  0001bf6c    00000010     dashboard.obj (.text:_ZN14Bridgetek_EVE28CMD_SWAPEv)
                  0001bf7c    00000010     F021_API_CortexR4_BE_V3D16_NDS.lib : FlashStateMachine.ScaleFclk.obj (.text:_scaleEEFclk)
                  0001bf8c    00000010                                        : FlashStateMachine.ScaleFclk.obj (.text:_scaleMainFclk)
                  0001bf9c    0000000e     rtsv7R4_T_be_v3D16_eabi.lib : copy_decompress_none.c.obj (.text:decompress:none:__TI_decompress_none)
                  0001bfaa    0000000c     F021_API_CortexR4_BE_V3D16_NDS.lib : Read.WdService.obj (.text:_Fapi_checkWdService)
                  0001bfb6    0000000c     rtsv7R4_T_be_v3D16_eabi.lib : copy_zero_init.c.obj (.text:decompress:ZI:__TI_zero_init)
                  0001bfc2    0000000a                                 : sprintf.c.obj (.text:_outc)
                  0001bfcc    00000008     Fapi_UserDefinedFunctions.obj (.text)
                  0001bfd4    00000008     rtsv7R4_T_be_v3D16_eabi.lib : errno.c.obj (.text:__aeabi_errno_addr)
                  0001bfdc    00000004                                 : exit.c.obj (.text:abort:abort)
                  0001bfe0    00000004     sys_phantom.obj (.text:retain)
                  0001bfe4    00000004     sys_startup.obj (.text)
                  0001bfe8    00000008     Fapi_UserDefinedFunctions.obj (.tramp.Fapi_serviceWatchdogTimer.1)

.const     0    0001d614    0000038c     
                  0001d614    00000200     sys_vim.obj (.const:s_vim_init)
                  0001d814    00000101     rtsv7R4_T_be_v3D16_eabi.lib : ctype.c.obj (.const:.string:_ctypes_)
                  0001d915    00000023     Bridgetek_EVE2.obj (.const:.string:$P$T0$1)
                  0001d938    00000023     Bridgetek_EVE2.obj (.const:.string:$P$T1$2)
                  0001d95b    00000023     Bridgetek_EVE2.obj (.const:.string:$P$T2$3)
                  0001d97e    00000002     --HOLE-- [fill = 0]
                  0001d980    00000020     can.obj (.const:s_canByteOrder)

.cinit     0    0001da48    00000050     
                  0001da48    00000011     (.cinit..data.load) [load image, compression = lzss]
                  0001da59    00000003     --HOLE-- [fill = 0]
                  0001da5c    0000000c     (__TI_handler_table)
                  0001da68    00000009     (.cinit.FEE_DATA_SECTION.load) [load image, compression = lzss]
                  0001da71    00000007     --HOLE-- [fill = 0]
                  0001da78    00000008     (.cinit..bss.load) [load image, compression = zero_init]
                  0001da80    00000018     (__TI_cinit_table)

.bss       0    08001500    00004274     UNINITIALIZED
                  08001500    0000407c     (.common:dashboard_data)
                  0800557c    00000078     spi.obj (.bss:g_spiPacket_t)
                  080055f4    00000069     sys_main.obj (.bss:display_data)
                  0800565d    00000003     --HOLE--
                  08005660    00000028     sci.obj (.bss:g_sciTransfer_t)
                  08005688    0000000c     data.obj (.bss:calibration_cmd)
                  08005694    0000000c     data.obj (.bss:canopen_heartbeat)
                  080056a0    0000000c     data.obj (.bss:current_data)
                  080056ac    0000000c     data.obj (.bss:driver1_data)
                  080056b8    0000000c     data.obj (.bss:driver1_status)
                  080056c4    0000000c     data.obj (.bss:driver2_data)
                  080056d0    0000000c     data.obj (.bss:driver2_status)
                  080056dc    0000000c     data.obj (.bss:front_data)
                  080056e8    0000000c     data.obj (.bss:main_ecu_data)
                  080056f4    0000000c     data.obj (.bss:motor1_data)
                  08005700    0000000c     data.obj (.bss:motor2_data)
                  0800570c    0000000c     data.obj (.bss:rear_data)
                  08005718    0000000c     data.obj (.bss:tps_data)
                  08005724    00000009     (.common:buttons_data)
                  0800572d    00000003     --HOLE--
                  08005730    00000004     (.common:EVE_DISP_CSPREAD)
                  08005734    00000004     (.common:EVE_DISP_DITHER)
                  08005738    00000004     (.common:EVE_DISP_HCYCLE)
                  0800573c    00000004     (.common:EVE_DISP_HEIGHT)
                  08005740    00000004     (.common:EVE_DISP_HOFFSET)
                  08005744    00000004     (.common:EVE_DISP_HSYNC0)
                  08005748    00000004     (.common:EVE_DISP_HSYNC1)
                  0800574c    00000004     (.common:EVE_DISP_PCLK)
                  08005750    00000004     (.common:EVE_DISP_PCLKPOL)
                  08005754    00000004     (.common:EVE_DISP_PCLK_FREQ)
                  08005758    00000004     (.common:EVE_DISP_SWIZZLE)
                  0800575c    00000004     (.common:EVE_DISP_VCYCLE)
                  08005760    00000004     (.common:EVE_DISP_VOFFSET)
                  08005764    00000004     (.common:EVE_DISP_VSYNC0)
                  08005768    00000004     (.common:EVE_DISP_VSYNC1)
                  0800576c    00000004     (.common:EVE_DISP_WIDTH)
                  08005770    00000004     (.common:EVE_TOUCH_ADDR)

.data      0    080058a8    00000053     UNINITIALIZED
                  080058a8    00000018     dashboard.obj (.data)
                  080058c0    00000010     inputs.obj (.data:input_targets)
                  080058d0    0000000a     data.obj (.data)
                  080058da    0000000a     ui_touch.obj (.data)
                  080058e4    00000008     F021_API_CortexR4_BE_V3D16_NDS.lib : FlashStateMachine.ScaleFclk.obj (.data)
                  080058ec    00000004     EVE_MCU.obj (.data:dataconfig)
                  080058f0    00000004     inputs.obj (.data:last_input_states)
                  080058f4    00000004     rtsv7R4_T_be_v3D16_eabi.lib : errno.c.obj (.data)
                  080058f8    00000002     pages.obj (.data)
                  080058fa    00000001     F021_API_CortexR4_BE_V3D16_NDS.lib : FlashStateMachine.SetActiveBank.obj (.data)

FEE_TEXT_SECTION 
*          0    0001bff0    00001624     
                  0001bff0    00000c3c     ti_fee_writeAsync.obj (FEE_TEXT_SECTION)
                  0001cc2c    000009e8     ti_fee_readSync.obj (FEE_TEXT_SECTION)

FEE_CONST_SECTION 
*          0    0001d9a0    000000a0     
                  0001d9a0    00000084     Device_TMS570LS12.obj (FEE_CONST_SECTION)
                  0001da24    0000001c     ti_fee_cfg.obj (FEE_CONST_SECTION)

FEE_DATA_SECTION 
*          0    08005774    00000131     UNINITIALIZED
                  08005774    000000f5     ti_fee_ini.obj (FEE_DATA_SECTION)
                  08005869    00000001     ti_fee_main.obj (FEE_DATA_SECTION)
                  0800586a    00000002     --HOLE--
                  0800586c    0000002e     ti_fee_util.obj (FEE_DATA_SECTION:uninit)
                  0800589a    00000002     --HOLE--
                  0800589c    00000009     ti_fee_util.obj (FEE_DATA_SECTION:init)

__llvm_prf_cnts 
*          0    08001500    00000000     UNINITIALIZED

.init_array 
*          0    0001da40    00000008     
                  0001da40    00000004     sys_main.obj (.init_array)
                  0001da44    00000004     data.obj (.init_array)

MODULE SUMMARY

       Module                                        code     ro data   rw data
       ------                                        ----     -------   -------
    .\ft81x_driver\
       EVE_API.obj                                   8768     0         0      
       Bridgetek_EVE2.obj                            2000     105       68     
       EVE_MCU.obj                                   1176     0         4      
       EVE_HAL.obj                                   960      0         0      
       sound.obj                                     300      0         0      
    +--+---------------------------------------------+--------+---------+---------+
       Total:                                        13204    105       72     
                                                                               
    .\source\
       dashboard.obj                                 12200    0         16532  
       ti_fee_util.obj                               22468    0         55     
       sys_selftest.obj                              11484    0         0      
       ti_fee_ini.obj                                5992     0         245    
       ti_fee_main.obj                               4320     0         1      
       can.obj                                       4120     32        0      
       sys_vim.obj                                   3364     512       0      
       ui_touch.obj                                  3244     0         10     
       spi.obj                                       3032     0         120    
       ti_fee_writeAsync.obj                         3132     0         0      
       data.obj                                      2920     4         175    
       sci.obj                                       2944     0         40     
       system.obj                                    2916     0         0      
       ti_fee_readSync.obj                           2536     0         0      
       pinmux.obj                                    2236     0         0      
       rti.obj                                       1884     0         0      
       esm.obj                                       1744     0         0      
       errata_SSWF021_45.obj                         1636     0         0      
       gio.obj                                       1156     0         0      
       sys_main.obj                                  992      4         105    
       sys_core.obj                                  844      0         0      
       sys_startup.obj                               652      0         0      
       ui_buttons.obj                                592      0         0      
       inputs.obj                                    556      0         20     
       ui_rpm_bar.obj                                464      0         0      
       notification.obj                              260      0         0      
       dabort.obj                                    232      0         0      
       sys_pmu.obj                                   224      0         0      
       Device_TMS570LS12.obj                         0        132       0      
       sys_intvecs.obj                               32       0         0      
       ti_fee_cfg.obj                                0        28        0      
       Fapi_UserDefinedFunctions.obj                 16       0         0      
       sys_phantom.obj                               4        0         0      
       pages.obj                                     0        0         2      
    +--+---------------------------------------------+--------+---------+---------+
       Total:                                        98196    712       17305  
                                                                               
    C:/ti/Hercules/F021 Flash API/02.01.01/F021_API_CortexR4_BE_V3D16_NDS.lib
       FlashStateMachine.InitializeFlashBanks.obj    636      0         0      
       FlashStateMachine.SetActiveBank.obj           380      0         1      
       FlashStateMachine.EnableEepromSectors.obj     196      0         0      
       BlankCheck.obj                                148      0         0      
       Read.LoopDword.obj                            94       0         0      
       FlashStateMachine.Hercules.IsEccAddress.obj   80       0         0      
       FlashStateMachine.IssueFsmCommand.obj         60       0         0      
       Utilities.CalculateFletcher.obj               54       0         0      
       Async.WithAddress.obj                         48       0         0      
       Utilities.WaitDelay.obj                       48       0         0      
       Read.Common.obj                               44       0         0      
       Async.obj                                     42       0         0      
       FlashStateMachine.ScaleFclk.obj               32       0         8      
       Read.FlushPipeline.obj                        34       0         0      
       Utilities.GetNumberOfSectors.obj              16       0         0      
       Read.WdService.obj                            12       0         0      
    +--+---------------------------------------------+--------+---------+---------+
       Total:                                        1924     0         9      
                                                                               
    C:/ti/ccs1281/ccs/tools/compiler/ti-cgt-arm_20.2.7.LTS/lib/rtsv7R4_T_be_v3D16_eabi.lib
       _printfi.c.obj                                4673     0         0      
       ull_div32.asm.obj                             692      0         0      
       ctype.c.obj                                   0        257       0      
       s_scalbn.c.obj                                240      0         0      
       s_floor.c.obj                                 224      0         0      
       memcpy_t2.asm.obj                             156      0         0      
       memset_t2.asm.obj                             122      0         0      
       s_frexp.c.obj                                 116      0         0      
       copy_decompress_lzss.c.obj                    108      0         0      
       sprintf.c.obj                                 100      0         0      
       autoinit.c.obj                                96       0         0      
       _ltoa.c.obj                                   84       0         0      
       i_div32.asm.obj                               84       0         0      
       atoi.c.obj                                    80       0         0      
       strstr.c.obj                                  56       0         0      
       memccpy.c.obj                                 38       0         0      
       s_copysign.c.obj                              30       0         0      
       strchr.c.obj                                  22       0         0      
       strlen.c.obj                                  22       0         0      
       wcslen.c.obj                                  18       0         0      
       copy_decompress_none.c.obj                    14       0         0      
       copy_zero_init.c.obj                          12       0         0      
       errno.c.obj                                   8        0         4      
       exit.c.obj                                    4        0         0      
       div0.asm.obj                                  2        0         0      
    +--+---------------------------------------------+--------+---------+---------+
       Total:                                        7001     257       4      
                                                                               
       Linker Generated:                             0        70        0      
    +--+---------------------------------------------+--------+---------+---------+
       Grand Total:                                  120325   1144      17390  


LINKER GENERATED COPY TABLES

__TI_cinit_table @ 0001da80 records: 3, size/record: 8, table size: 24
	.data: load addr=0001da48, load size=00000011 bytes, run addr=080058a8, run size=00000053 bytes, compression=lzss
	FEE_DATA_SECTION: load addr=0001da68, load size=00000009 bytes, run addr=08005774, run size=00000131 bytes, compression=lzss
	.bss: load addr=0001da78, load size=00000008 bytes, run addr=08001500, run size=00004274 bytes, compression=zero_init


LINKER GENERATED HANDLER TABLE

__TI_handler_table @ 0001da5c records: 3, size/record: 4, table size: 12
	index: 0, handler: __TI_zero_init
	index: 1, handler: __TI_decompress_lzss
	index: 2, handler: __TI_decompress_none

VENEERS

callee name               veneer name
   callee addr  veneer addr  call addr  call info
--------------  -----------  ---------  ----------------
Fapi_serviceWatchdogTimer  $Ven$TA$L$PI$$Fapi_serviceWatchdogTimer
   0001bfcc     0001bfe8     0001bfb0   F021_API_CortexR4_BE_V3D16_NDS.lib : Read.WdService.obj (.text:_Fapi_checkWdService)

[1 trampolines]
[1 trampoline calls]


GLOBAL SYMBOLS: SORTED ALPHABETICALLY BY Name 

address   name                                                         
-------   ----                                                         
0001bfdd  C$$EXIT                                                      
0000ce54  COUNT_ARGS                                                   
0001d9a0  Device_FlashDevice                                           
0000be30  EVE_ALPHA_FUNC                                               
0000c0e4  EVE_BEGIN                                                    
0000bcf4  EVE_BITMAP_HANDLE                                            
0000bd3c  EVE_BITMAP_LAYOUT                                            
0000c398  EVE_BITMAP_LAYOUT_H                                          
0000bd84  EVE_BITMAP_SIZE                                              
0000c3cc  EVE_BITMAP_SIZE_H                                            
0000bd18  EVE_BITMAP_SOURCE                                            
0000c24c  EVE_BITMAP_TRANSFORM_A                                       
0000c290  EVE_BITMAP_TRANSFORM_B                                       
0000c2c8  EVE_BITMAP_TRANSFORM_C                                       
0000c2f4  EVE_BITMAP_TRANSFORM_D                                       
0000c32c  EVE_BITMAP_TRANSFORM_E                                       
0000c350  EVE_BITMAP_TRANSFORM_F                                       
0000beac  EVE_BLEND_FUNC                                               
0000c09c  EVE_CALL                                                     
0000bde8  EVE_CELL                                                     
0000bbb4  EVE_CLEAR                                                    
0000bb90  EVE_CLEAR_COLOR                                              
0000bf5c  EVE_CLEAR_COLOR_A                                            
0000bb48  EVE_CLEAR_COLOR_RGB                                          
0000bfa4  EVE_CLEAR_STENCIL                                            
0000bfc8  EVE_CLEAR_TAG                                                
0000bb2c  EVE_CMD                                                      
0000caf0  EVE_CMD_APPEND                                               
0000c6c8  EVE_CMD_BGCOLOR                                              
0000c9c8  EVE_CMD_BITMAP_TRANSFORM                                     
0000cfa0  EVE_CMD_BUTTON                                               
0000ca60  EVE_CMD_CALIBRATE                                            
0000cb80  EVE_CMD_CLOCK                                                
0000cd2c  EVE_CMD_COLDSTART                                            
0000d178  EVE_CMD_CSKETCH                                              
0000cd44  EVE_CMD_DIAL                                                 
0000cdc4  EVE_CMD_DLSTART                                              
0000c7d0  EVE_CMD_FGCOLOR                                              
0000c570  EVE_CMD_GAUGE                                                
0000c8b0  EVE_CMD_GETMATRIX                                            
0000c608  EVE_CMD_GETPROPS                                             
0000cca8  EVE_CMD_GETPTR                                               
0000c9a4  EVE_CMD_GRADCOLOR                                            
0000cbe8  EVE_CMD_GRADIENT                                             
0000ca84  EVE_CMD_INFLATE                                              
0000c7ac  EVE_CMD_INTERRUPT                                            
0000c48c  EVE_CMD_KEYS                                                 
0000c558  EVE_CMD_LOADIDENTITY                                         
0000cd94  EVE_CMD_LOADIMAGE                                            
0000cad8  EVE_CMD_LOGO                                                 
0000d1fc  EVE_CMD_MEDIAFIFO                                            
0000c644  EVE_CMD_MEMCPY                                               
0000ce18  EVE_CMD_MEMCRC                                               
0000c968  EVE_CMD_MEMSET                                               
0000c818  EVE_CMD_MEMWRITE                                             
0000cb20  EVE_CMD_MEMZERO                                              
0000c508  EVE_CMD_NUMBER                                               
0000d274  EVE_CMD_PLAYVIDEO                                            
0000cccc  EVE_CMD_PROGRESS                                             
0000c5d8  EVE_CMD_REGREAD                                              
0000d244  EVE_CMD_ROMFONT                                              
0000c7f4  EVE_CMD_ROTATE                                               
0000cb50  EVE_CMD_SCALE                                                
0000ce00  EVE_CMD_SCREENSAVER                                          
0000c848  EVE_CMD_SCROLLBAR                                            
0000d2e4  EVE_CMD_SETBASE                                              
0000d308  EVE_CMD_SETBITMAP                                            
0000caa8  EVE_CMD_SETFONT                                              
0000d374  EVE_CMD_SETFONT2                                             
0000cc40  EVE_CMD_SETMATRIX                                            
0000d1d8  EVE_CMD_SETROTATE                                            
0000d350  EVE_CMD_SETSCRATCH                                           
0000c910  EVE_CMD_SKETCH                                               
0000c74c  EVE_CMD_SLIDER                                               
0000cddc  EVE_CMD_SNAPSHOT                                             
0000d3b0  EVE_CMD_SNAPSHOT2                                            
0000c680  EVE_CMD_SPINNER                                              
0000c734  EVE_CMD_STOP                                                 
0000c6ec  EVE_CMD_SWAP                                                 
0000d22c  EVE_CMD_SYNC                                                 
0000cec8  EVE_CMD_TEXT                                                 
0000d08c  EVE_CMD_TOGGLE                                               
0000cc58  EVE_CMD_TRACK                                                
0000c704  EVE_CMD_TRANSLATE                                            
0000d29c  EVE_CMD_VIDEOFRAME                                           
0000d2cc  EVE_CMD_VIDEOSTART                                           
0000bc44  EVE_COLOR                                                    
0000bf80  EVE_COLOR_A                                                  
0000c108  EVE_COLOR_MASK                                               
0000bbfc  EVE_COLOR_RGB                                                
0000c20c  EVE_DISPLAY                                                  
08005730  EVE_DISP_CSPREAD                                             
08005734  EVE_DISP_DITHER                                              
08005738  EVE_DISP_HCYCLE                                              
0800573c  EVE_DISP_HEIGHT                                              
08005740  EVE_DISP_HOFFSET                                             
08005744  EVE_DISP_HSYNC0                                              
08005748  EVE_DISP_HSYNC1                                              
0800574c  EVE_DISP_PCLK                                                
08005750  EVE_DISP_PCLKPOL                                             
08005754  EVE_DISP_PCLK_FREQ                                           
08005758  EVE_DISP_SWIZZLE                                             
0800575c  EVE_DISP_VCYCLE                                              
08005760  EVE_DISP_VOFFSET                                             
08005764  EVE_DISP_VSYNC0                                              
08005768  EVE_DISP_VSYNC1                                              
0800576c  EVE_DISP_WIDTH                                               
0000c160  EVE_END                                                      
0000b1c8  EVE_Init                                                     
0000c0c0  EVE_JUMP                                                     
0000b438  EVE_LIB_AwaitCoProEmpty                                      
0000b40c  EVE_LIB_BeginCoProList                                       
0000ba94  EVE_LIB_BitmapTransform                                      
0000b428  EVE_LIB_EndCoProList                                         
0000b9a4  EVE_LIB_GetMatrix                                            
0000b914  EVE_LIB_GetProps                                             
0000b974  EVE_LIB_GetPtr                                               
0000b444  EVE_LIB_GetResult                                            
0000ba54  EVE_LIB_MemCrc                                               
0000b820  EVE_LIB_MemRead16                                            
0000b7f0  EVE_LIB_MemRead32                                            
0000b850  EVE_LIB_MemRead8                                             
0000b804  EVE_LIB_MemWrite16                                           
0000b7d4  EVE_LIB_MemWrite32                                           
0000b834  EVE_LIB_MemWrite8                                            
0000b5a8  EVE_LIB_ReadDataFromRAMG                                     
0000b864  EVE_LIB_SendString                                           
0000b69c  EVE_LIB_WriteDataToCMD                                       
0000b4a4  EVE_LIB_WriteDataToRAMG                                      
0000bf38  EVE_LINE_WIDTH                                               
0000c1d0  EVE_MACRO                                                    
0000c474  EVE_NOP                                                      
0000c404  EVE_PALETTE_SOURCE                                           
0000bf14  EVE_POINT_SIZE                                               
0000c190  EVE_RESTORE_CONTEXT                                          
0000c1a8  EVE_RETURN                                                   
0000c178  EVE_SAVE_CONTEXT                                             
0000c068  EVE_SCISSOR_SIZE                                             
0000c034  EVE_SCISSOR_XY                                               
0000be64  EVE_STENCIL_FUNC                                             
0000bfec  EVE_STENCIL_MASK                                             
0000bee0  EVE_STENCIL_OP                                               
0000be0c  EVE_TAG                                                      
0000c010  EVE_TAG_MASK                                                 
08005770  EVE_TOUCH_ADDR                                               
0000bc68  EVE_VERTEX2F                                                 
0000bc9c  EVE_VERTEX2II                                                
0000c374  EVE_VERTEX_FORMAT                                            
0000c428  EVE_VERTEX_TRANSLATE_X                                       
0000c450  EVE_VERTEX_TRANSLATE_Y                                       
0001ba39  Fapi_calculateFletcherChecksum                               
0001b225  Fapi_doBlankCheck                                            
0001b2b9  Fapi_enableEepromBankSectors                                 
0001bc35  Fapi_flushPipeline                                           
0001beed  Fapi_getNumberOfBankSectors                                  
0001972d  Fapi_initializeFlashBanks                                    
0001b789  Fapi_isAddressEcc                                            
0001bafd  Fapi_issueAsyncCommand                                       
0001ba71  Fapi_issueAsyncCommandWithAddress                            
0001bfcc  Fapi_serviceWatchdogTimer                                    
0001a55d  Fapi_setActiveFlashBank                                      
0001baa1  Fapi_waitDelay                                               
0001da30  Fee_BlockConfiguration                                       
0001da24  Fee_VirtualSectorConfiguration                               
00018bb0  HAL_CheckCmdFreeSpace                                        
0001889c  HAL_ChipSelect                                               
00018890  HAL_EVE_Deinit                                               
00018818  HAL_EVE_Init                                                 
00018b50  HAL_GetCmdPointer                                            
00018b08  HAL_HostCmdWrite                                             
00018b40  HAL_IncCmdPointer                                            
00018aa8  HAL_MemRead16                                                
00018a78  HAL_MemRead32                                                
00018ad8  HAL_MemRead8                                                 
00018a18  HAL_MemWrite16                                               
000189e8  HAL_MemWrite32                                               
00018a48  HAL_MemWrite8                                                
000188c0  HAL_PowerDown                                                
00018980  HAL_Read                                                     
000189bc  HAL_Read16                                                   
0001899c  HAL_Read32                                                   
000189d4  HAL_Read8                                                    
00018904  HAL_SetReadAddress                                           
000188e4  HAL_SetWriteAddress                                          
00018b68  HAL_WaitCmdFifoEmpty                                         
00018920  HAL_Write                                                    
00018954  HAL_Write16                                                  
0001893c  HAL_Write32                                                  
0001896c  HAL_Write8                                                   
00016ecc  IsdwdKeySequenceCorrect                                      
000177b8  MCU_CShigh                                                   
000177a0  MCU_CSlow                                                    
00017798  MCU_Deinit                                                   
00017968  MCU_Delay_20ms                                               
000179a8  MCU_Delay_500ms                                              
00017754  MCU_Init                                                     
000177e8  MCU_PDhigh                                                   
000177d0  MCU_PDlow                                                    
00017acc  MCU_SPIRead                                                  
00017a0c  MCU_SPIRead16                                                
00017a30  MCU_SPIRead24                                                
00017a54  MCU_SPIRead32                                                
000179e8  MCU_SPIRead8                                                 
00017a78  MCU_SPIWrite                                                 
00017a1c  MCU_SPIWrite16                                               
00017a40  MCU_SPIWrite24                                               
00017a64  MCU_SPIWrite32                                               
000179f8  MCU_SPIWrite8                                                
0001779c  MCU_Setup                                                    
00017b7c  MCU_be16toh                                                  
00017b98  MCU_be32toh                                                  
00017b20  MCU_htobe16                                                  
00017b3c  MCU_htobe32                                                  
00017b54  MCU_htole16                                                  
00017b68  MCU_htole32                                                  
00017bb0  MCU_le16toh                                                  
00017bc4  MCU_le32toh                                                  
0001da40  SHT$$INIT_ARRAY$$Base                                        
0001da48  SHT$$INIT_ARRAY$$Limit                                       
00011f5c  SpiRxStatus                                                  
00011ed0  SpiTxStatus                                                  
00000af4  TI_FeeInternal_AlignAddressForECC                            
00001188  TI_FeeInternal_BlankCheck                                    
00004f2c  TI_FeeInternal_CheckForError                                 
00002a54  TI_FeeInternal_CheckModuleState                              
00002ab4  TI_FeeInternal_CheckReadParameters                           
000056c0  TI_FeeInternal_EnableRequiredFlashSector                     
00003044  TI_FeeInternal_FeeManager                                    
00000ec4  TI_FeeInternal_FindNextVirtualSector                         
000050ac  TI_FeeInternal_Fletcher16                                    
00001d24  TI_FeeInternal_GetArrayIndex                                 
00001c68  TI_FeeInternal_GetBlockIndex                                 
00001c2c  TI_FeeInternal_GetBlockNumber                                
00000e84  TI_FeeInternal_GetBlockSize                                  
00002be4  TI_FeeInternal_GetCurrentBlockAddress                        
00001ce8  TI_FeeInternal_GetDataSetIndex                               
00002ce8  TI_FeeInternal_GetNextFlashAddress                           
00001a50  TI_FeeInternal_GetVirtualSectorIndex                         
00000020  TI_FeeInternal_GetVirtualSectorParameter                     
00004b0c  TI_FeeInternal_InvalidateErase                               
00000e08  TI_FeeInternal_PollFlashStatus                               
00002d38  TI_FeeInternal_SanityCheck                                   
00002f28  TI_FeeInternal_SetClearCopyBlockState                        
00004dbc  TI_FeeInternal_StartProgramBlock                             
00001e90  TI_FeeInternal_UpdateBlockOffsetArray                        
000044bc  TI_FeeInternal_WriteBlockHeader                              
00000664  TI_FeeInternal_WriteDataF021                                 
00000b2c  TI_FeeInternal_WriteInitialize                               
00004814  TI_FeeInternal_WritePreviousBlockHeader                      
000001b8  TI_FeeInternal_WriteVirtualSectorHeader                      
000051d8  TI_Fee_ErrorRecovery                                         
08005868  TI_Fee_FapiInitCalled                                        
00004ec0  TI_Fee_GetStatus                                             
08005774  TI_Fee_GlobalVariables                                       
0000d48c  TI_Fee_Init                                                  
0000eb70  TI_Fee_MainFunction                                          
0001cc2c  TI_Fee_ReadSync                                              
000054b0  TI_Fee_SuspendResumeErase                                    
0001bff0  TI_Fee_WriteAsync                                            
08005851  TI_Fee_bEraseSuspended                                       
08005852  TI_Fee_bIsMainFunctionCalled                                 
08005854  TI_Fee_oStatusWord                                           
0800584c  TI_Fee_u32ActCpyVS                                           
08005844  TI_Fee_u32BlockEraseCount                                    
08005840  TI_Fee_u32FletcherChecksum                                   
0800583c  TI_Fee_u8DataSets                                            
08005848  TI_Fee_u8DeviceIndex                                         
08005850  TI_Fee_u8ErrEraseVS                                          
08005858  TI_FlashStatusWord                                           
0001b8c5  _Fapi_EnableSectors                                          
0001bfab  _Fapi_checkWdService                                         
0001b989  _Fapi_issueFsmCommand                                        
0001b5d5  _Fapi_loopRegionForValue                                     
0001bad1  _Fapi_readDword                                              
00010f0c  _Z10eve_get_xyR14Bridgetek_EVE2PtS1_                         
00005f9c  _Z11draw_centerR14Bridgetek_EVE2P16dashboard_data_t          
000061cc  _Z11draw_statusR14Bridgetek_EVE2P16dashboard_data_t          
000142f0  _Z11update_datav                                             
00010cb4  _Z12eve_read_tagR14Bridgetek_EVE2Ph                          
00010d20  _Z13eve_calibrateR14Bridgetek_EVE2                           
0000646c  _Z14init_dashboardP16dashboard_data_t                        
00010acc  _Z15loadCalibrationR14Bridgetek_EVE2                         
00010b88  _Z15saveCalibrationR14Bridgetek_EVE2                         
0001998c  _Z15ui_draw_buttonsR14Bridgetek_EVE2P16dashboard_data_t      
0001a050  _Z15ui_draw_rpm_barR14Bridgetek_EVE2f                        
00010f88  _Z15ui_handle_touchR14Bridgetek_EVE2P16dashboard_data_t      
00005d9c  _Z16draw_motor_blockR14Bridgetek_EVE2iPKcffff                
00017800  _Z17MCU_SPIReadWrite8h                                       
00017848  _Z18MCU_SPIReadWrite16t                                      
00017890  _Z18MCU_SPIReadWrite24j                                      
000178f0  _Z18MCU_SPIReadWrite32j                                      
00006808  _Z21update_dashboard_dataP16dashboard_data_t                 
00006adc  _Z21update_dashboard_drawR14Bridgetek_EVE2P16dashboard_data_t
0001bdec  _Z3absf                                                      
0001be04  _Z4fabsf                                                     
00010c40  _Z5delayi                                                    
00005d28  _Z7dtostrfdahPc                                              
000142d8  _Z9init_datav                                                
0001bc58  _ZN10tps_data_tC1Ev                                          
0001bc78  _ZN11rear_data_tC1Ev                                         
0001bc98  _ZN12front_data_tC1Ev                                        
0001bbc8  _ZN12motor_data_tC1Et                                        
0001bbec  _ZN13driver_data_tC1Et                                       
0001b50c  _ZN14Bridgetek_EVE210CMD_BUTTONEssssstPKcz                   
0001b9c4  _ZN14Bridgetek_EVE210CMD_NUMBEREsssti                        
000155e4  _ZN14Bridgetek_EVE210DISP_WIDTHEv                            
0001befc  _ZN14Bridgetek_EVE211CMD_DLSTARTEv                           
000155fc  _ZN14Bridgetek_EVE211DISP_HEIGHTEv                           
0001b878  _ZN14Bridgetek_EVE212CMD_PROGRESSEssssttt                    
0001be1c  _ZN14Bridgetek_EVE212LIB_MemRead8Ej                          
0001be34  _ZN14Bridgetek_EVE213CMD_CALIBRATEEj                         
0001be4c  _ZN14Bridgetek_EVE213LIB_MemRead16Ej                         
0001be64  _ZN14Bridgetek_EVE213LIB_MemRead32Ej                         
0001bcb8  _ZN14Bridgetek_EVE213LIB_MemWrite8Ejh                        
0001bcd8  _ZN14Bridgetek_EVE214LIB_MemWrite32Ejj                       
0001bb28  _ZN14Bridgetek_EVE215CLEAR_COLOR_RGBEhhh                     
0001bf0c  _ZN14Bridgetek_EVE216LIB_EndCoProListEv                      
0001bf1c  _ZN14Bridgetek_EVE218LIB_BeginCoProListEv                    
0001bf2c  _ZN14Bridgetek_EVE219LIB_AwaitCoProEmptyEv                   
0001bf3c  _ZN14Bridgetek_EVE23ENDEv                                    
0001be7c  _ZN14Bridgetek_EVE23TAGEh                                    
0001bf4c  _ZN14Bridgetek_EVE24InitEv                                   
0001be94  _ZN14Bridgetek_EVE25BEGINEh                                  
0001bb50  _ZN14Bridgetek_EVE25CLEAREhhh                                
000155c8  _ZN14Bridgetek_EVE25setupEj                                  
0001bf5c  _ZN14Bridgetek_EVE27DISPLAYEv                                
0001bf6c  _ZN14Bridgetek_EVE28CMD_SWAPEv                               
0001b634  _ZN14Bridgetek_EVE28CMD_TEXTEssstPKcz                        
0001bcf8  _ZN14Bridgetek_EVE28VERTEX2FEss                              
00015614  _ZN14Bridgetek_EVE28setpanelEj                               
0001bb78  _ZN14Bridgetek_EVE29COLOR_RGBEhhh                            
00015584  _ZN14Bridgetek_EVE2C1Ev                                      
00015584  _ZN14Bridgetek_EVE2C2Ev                                      
0001bd18  _ZN14current_data_tC1Ev                                      
0001bc10  _ZN15driver_status_tC1Et                                     
0001bd38  _ZN15main_ecu_data_tC1Ev                                     
0001bd58  _ZN17calibration_cmd_tC1Ev                                   
0001bd78  _ZN19canopen_heartbeat_tC1Ev                                 
0001da80  __TI_CINIT_Base                                              
0001da98  __TI_CINIT_Limit                                             
0001da5c  __TI_Handler_Table_Base                                      
0001da68  __TI_Handler_Table_Limit                                     
00018f1c  __TI_PINIT_Base                                              
00018f20  __TI_PINIT_Limit                                             
0001b575  __TI_auto_init_nobinit                                       
0001b4a1  __TI_decompress_lzss                                         
0001bf9d  __TI_decompress_none                                         
0001b68d  __TI_ltoa                                                    
ffffffff  __TI_pprof_out_hndl                                          
0001385d  __TI_printfi                                                 
ffffffff  __TI_prof_data_size                                          
ffffffff  __TI_prof_data_start                                         
00000000  __TI_static_base__                                           
0001bfb7  __TI_zero_init                                               
0001bfd5  __aeabi_errno_addr                                           
0001b734  __aeabi_idiv                                                 
000142ab  __aeabi_idiv0                                                
0001b734  __aeabi_idivmod                                              
000142ab  __aeabi_ldiv0                                                
0001b3b3  __aeabi_memclr                                               
0001b3b3  __aeabi_memclr4                                              
0001b3b3  __aeabi_memclr8                                              
0001b187  __aeabi_memcpy                                               
0001b187  __aeabi_memcpy4                                              
0001b187  __aeabi_memcpy8                                              
0001b3b5  __aeabi_memset                                               
0001b3b5  __aeabi_memset4                                              
0001b3b5  __aeabi_memset8                                              
000191f0  __aeabi_uldivmod                                             
ffffffff  __binit__                                                    
ffffffff  __c_args__                                                   
08001500  __start___llvm_prf_cnts                                      
00018714  __sti___12_sys_main_cpp_26991e22                             
00014a98  __sti___8_data_cpp_tps_data                                  
08001500  __stop___llvm_prf_cnts                                       
000194a4  _c_int00                                                     
00018e34  _coreClearAuxiliaryDataFault_                                
00018e48  _coreClearAuxiliaryInstructionFault_                         
00018e0c  _coreClearDataFaultAddress_                                  
00018de4  _coreClearDataFault_                                         
00018e20  _coreClearInstructionFaultAddress_                           
00018df8  _coreClearInstructionFault_                                  
00018d78  _coreDisableEventBusExport_                                  
00018dbc  _coreDisableFlashEcc_                                        
00018d98  _coreDisableRamEcc_                                          
00018d68  _coreEnableEventBusExport_                                   
00018da8  _coreEnableFlashEcc_                                         
00018dcc  _coreEnableIrqVicOffset_                                     
00018d88  _coreEnableRamEcc_                                           
00018d50  _coreEnableVfp_                                              
00018e2c  _coreGetAuxiliaryDataFault_                                  
00018e40  _coreGetAuxiliaryInstructionFault_                           
00018e04  _coreGetDataFaultAddress_                                    
00018ddc  _coreGetDataFault_                                           
00018e18  _coreGetInstructionFaultAddress_                             
00018df0  _coreGetInstructionFault_                                    
00018bd8  _coreInitRegisters_                                          
00018ce4  _coreInitStackPointer_                                       
0001d814  _ctypes_                                                     
0001ae30  _dabort                                                      
00018e5c  _disable_FIQ_interrupt_                                      
00018e64  _disable_IRQ_interrupt_                                      
00018e54  _disable_interrupt_                                          
00018e6c  _enable_interrupt_                                           
00018efc  _errata_CORTEXR4_57_                                         
00018f0c  _errata_CORTEXR4_66_                                         
000164fc  _errata_SSWF021_45_both_plls                                 
000166f0  _errata_SSWF021_45_pll1                                      
00016868  _errata_SSWF021_45_pll2                                      
00018e74  _esmCcmErrorsClear_                                          
00018d30  _getCPSRValue_                                               
00018d38  _gotoCPUIdle_                                                
0001b054  _pmuDisableCountersGlobal_                                   
0001b044  _pmuEnableCountersGlobal_                                    
0001b0b0  _pmuGetCycleCount_                                           
0001b0b8  _pmuGetEventCount_                                           
0001b0c4  _pmuGetOverflow_                                             
0001aff8  _pmuInit_                                                    
0001b084  _pmuResetCounters_                                           
0001b064  _pmuResetCycleCounter_                                       
0001b074  _pmuResetEventCounters_                                      
0001b0a4  _pmuSetCountEvent_                                           
0001b094  _pmuStartCounters_                                           
0001b09c  _pmuStopCounters_                                            
0001bf7d  _scaleEEFclk                                                 
0001bf8d  _scaleMainFclk                                               
UNDEFED   _system_post_cinit                                           
0001bfdd  abort                                                        
00009738  adc1ParityCheck                                              
00009824  adc2ParityCheck                                              
0001b829  atoi                                                         
ffffffff  binit                                                        
08005724  buttons_data                                                 
080058b4  cal_center_steer_timer                                       
080058bc  cal_current_sensors_timer                                    
080058b0  cal_left_steer_timer                                         
080058b8  cal_right_steer_timer                                        
080058a8  cal_tps_0_timer                                              
080058ac  cal_tps_100_timer                                            
08005688  calibration_cmd                                              
000108cc  can1GetConfigValue                                           
0001a3c0  can1HighLevelInterrupt                                       
0001a4a8  can1LowLevelInterrupt                                        
000098dc  can1ParityCheck                                              
000099b4  can2ParityCheck                                              
00009a7c  can3ParityCheck                                              
0001076c  canDisableErrorNotification                                  
0001074c  canDisableStatusChangeNotification                           
000107c4  canDisableloopback                                           
0001070c  canEnableErrorNotification                                   
0001072c  canEnableStatusChangeNotification                            
0001078c  canEnableloopback                                            
0001aba8  canErrorNotification                                         
000104b4  canFillMessageObjectData                                     
000101dc  canGetData                                                   
000106e8  canGetErrorLevel                                             
00010334  canGetID                                                     
000106c4  canGetLastError                                              
0000fc50  canInit                                                      
000108b0  canIoRxGetBit                                                
000107f4  canIoSetDirection                                            
00010844  canIoSetPort                                                 
00010894  canIoTxGetBit                                                
00010668  canIsMessageBoxValid                                         
0001060c  canIsRxMessageArrived                                        
000105b0  canIsTxMessagePending                                        
000185e4  canMessageNotification                                       
00010414  canSendRemoteFrame                                           
0001abbc  canStatusChangeNotification                                  
000100e0  canTransmit                                                  
0001039c  canUpdateID                                                  
08005694  canopen_heartbeat                                            
000084fc  ccmSelfCheck                                                 
0000abc8  ccmr4GetConfigValue                                          
00008e04  checkB0RAMECC                                                
00008ff4  checkB1RAMECC                                                
0000a0e4  checkClockMonitor                                            
000091e4  checkFlashECC                                                
0000a1c0  checkFlashEEPROMECC                                          
0000a358  checkPLL1Slip                                                
0000a458  checkPLL2Slip                                                
0000a51c  checkRAMAddrParity                                           
00009e9c  checkRAMECC                                                  
0000a628  checkRAMUERRTest                                             
00008c88  checkefcSelfTest                                             
0001a004  connect_input                                                
0001bd99  copysign                                                     
0001bd99  copysignl                                                    
00008700  cpuSelfTest                                                  
000092c8  cpuSelfTestFail                                              
080056a0  current_data                                                 
080058f9  current_graph                                                
080058f8  current_page                                                 
00012d28  customTrimLPO                                                
000092c0  custom_dabort                                                
08001500  dashboard_data                                               
0000b024  disableParity                                                
080055f4  display_data                                                 
0001ac30  dmaGroupANotification                                        
00009378  dmaParityCheck                                               
080056ac  driver1_data                                                 
080056b8  driver1_status                                               
080056c4  driver2_data                                                 
080056d0  driver2_status                                               
00016f34  dwdClearFlag                                                 
00016e68  dwdCounterEnable                                             
00016eb0  dwdGenerateSysReset                                          
00016f00  dwdGetStatus                                                 
00016f44  dwdGetViolationStatus                                        
00016dec  dwdInit                                                      
00016e94  dwdReset                                                     
00016e78  dwdSetPreload                                                
00016e5c  dwwdGetCurrentDownCounter                                    
00016e14  dwwdInit                                                     
00008b2c  efcCheck                                                     
0000ab2c  efcGetConfigValue                                            
00008c60  efcSelfTest                                                  
00008bb4  efcStuckZeroTest                                             
0000af9c  enableParity                                                 
0001a6d8  enableSound                                                  
0000ac38  errata_PBIST_4                                               
080058f4  errno                                                        
0001731c  esmActivateNormalOperation                                   
000173f0  esmClearStatus                                               
00017430  esmClearStatusBuffer                                         
000172e4  esmDisableError                                              
00017354  esmDisableInterrupt                                          
000172bc  esmEnableError                                               
0001732c  esmEnableInterrupt                                           
00017528  esmEnterSelfTest                                             
000172a0  esmError                                                     
00017600  esmGetConfigValue                                            
0001746c  esmGetStatus                                                 
000174f0  esmGetStatusBuffer                                           
0001ab40  esmGroup1Notification                                        
0001ab50  esmGroup2Notification                                        
0001a928  esmHighInterrupt                                             
00017198  esmInit                                                      
000175b0  esmSelfTestStatus                                            
0001744c  esmSetCounterPreloadValue                                    
0001737c  esmSetInterruptLevel                                         
0001730c  esmTriggerErrorPinReset                                      
0001af19  floor                                                        
0001af19  floorl                                                       
0000a790  fmcBus1ParityCheck                                           
00008d28  fmcBus2Check                                                 
00008d64  fmcECCcheck                                                  
0001b42d  frexp                                                        
0001b42d  frexpl                                                       
080056dc  front_data                                                   
00017e4c  gioDisableNotification                                       
00017de4  gioEnableNotification                                        
00017d4c  gioGetBit                                                    
00017eb4  gioGetConfigValue                                            
00017d74  gioGetPort                                                   
00017bec  gioInit                                                      
0001abe4  gioNotification                                              
00017cdc  gioSetBit                                                    
00017cbc  gioSetDirection                                              
00017d2c  gioSetPort                                                   
00017d8c  gioToggleBit                                                 
0001bfe4  handlePLLLockFail                                            
00009424  het1ParityCheck                                              
0000958c  het2ParityCheck                                              
000094d0  htu1ParityCheck                                              
00009688  htu2ParityCheck                                              
00019e24  init_inputs                                                  
080058c0  input_targets                                                
0001ad41  ldexp                                                        
0001ad41  ldexpl                                                       
00018448  main                                                         
080056e8  main_ecu_data                                                
00012408  mapClocks                                                    
0001bba1  memccpy                                                      
0001b187  memcpy                                                       
00008640  memoryInit                                                   
0001ab60  memoryPort0TestFailNotification                              
0001ab7c  memoryPort1TestFailNotification                              
0001b3bb  memset                                                       
00009b50  mibspi1ParityCheck                                           
00009c58  mibspi3ParityCheck                                           
00009d7c  mibspi5ParityCheck                                           
080056f4  motor1_data                                                  
08005700  motor2_data                                                  
00014cc8  muxInit                                                      
0000a8b8  pbistFail                                                    
0000a93c  pbistGetConfigValue                                          
00008a74  pbistIsTestCompleted                                         
00008aa0  pbistIsTestPassed                                            
00008ad4  pbistPortTestStatus                                          
00008978  pbistRun                                                     
00008798  pbistSelfCheck                                               
00008a44  pbistStop                                                    
000123b4  periphInit                                                   
0001bfe0  phantomInterrupt                                             
00015164  pinmuxGetConfigValue                                         
0001a7ac  playBell                                                     
0001a794  playChimes                                                   
0001a7dc  playClack                                                    
0001a780  playClick                                                    
0001a7c4  playPip                                                      
0001a74c  playSound                                                    
00019e70  read_inputs                                                  
0800570c  rear_data                                                    
00000000  resetEntry                                                   
0001a804  rtiCompare0Interrupt                                         
0001a84c  rtiCompare1Interrupt                                         
0001a894  rtiCompare2Interrupt                                         
0001a8dc  rtiCompare3Interrupt                                         
00016ff4  rtiDisableNotification                                       
00016fcc  rtiEnableNotification                                        
00017010  rtiGetConfigValue                                            
00016d60  rtiGetCurrentTick                                            
00016d38  rtiGetPeriod                                                 
00016b60  rtiInit                                                      
00018594  rtiNotification                                              
00016cac  rtiResetCounter                                              
00016d10  rtiSetPeriod                                                 
00016c54  rtiStartCounter                                              
00016c80  rtiStopCounter                                               
0001ad41  scalbn                                                       
0001ad41  scalbnl                                                      
0001621c  sciDisableLoopback                                           
000162a8  sciDisableNotification                                       
000161e8  sciEnableLoopback                                            
00016240  sciEnableNotification                                        
00016310  sciEnterResetState                                           
00016330  sciExitResetState                                            
00016350  sciGetConfigValue                                            
00018070  sciHighLevelInterrupt                                        
00015d54  sciInit                                                      
00016098  sciIsIdleDetected                                            
0001607c  sciIsRxReady                                                 
00015efc  sciIsTxReady                                                 
00018240  sciLowLevelInterrupt                                         
0001abf8  sciNotification                                              
00016110  sciReceive                                                   
000160e4  sciReceiveByte                                               
000160b4  sciRxError                                                   
00015f48  sciSend                                                      
00015f18  sciSendByte                                                  
00015e60  sciSetBaudrate                                               
00015e40  sciSetFunctional                                             
000084ec  selftestFailNotification                                     
00012374  setupFlash                                                   
000122a0  setupPLL                                                     
00012094  spi4GetConfigValue                                           
0001201c  spiDisableLoopback                                           
00012068  spiDisableNotification                                       
00011fe8  spiEnableLoopback                                            
00012038  spiEnableNotification                                        
0001ac20  spiEndNotification                                           
00011938  spiGetData                                                   
000116c8  spiInit                                                      
0001ac0c  spiNotification                                              
0001181c  spiReceiveData                                               
00011d90  spiSendAndGetData                                            
00011b5c  spiSendData                                                  
000117fc  spiSetFunctional                                             
00011c54  spiTransmitAndReceiveData                                    
00011a30  spiTransmitData                                              
0001b949  sprintf                                                      
00012bec  sramGetConfigValue                                           
0000aa88  stcGetConfigValue                                            
00008684  stcSelfCheck                                                 
000092c4  stcSelfCheckFail                                             
0001bead  strchr                                                       
0001bec3  strlen                                                       
0001ba01  strstr                                                       
0001262c  systemGetConfigValue                                         
00012530  systemInit                                                   
000125fc  systemPowerDown                                              
00012a40  tcmflashGetConfigValue                                       
08005718  tps_data                                                     
00012300  trimLPO                                                      
00019f40  update_inputs                                                
00012ed8  vimChannelMap                                                
00013144  vimDisableInterrupt                                          
00012f7c  vimEnableInterrupt                                           
000131f0  vimGetConfigValue                                            
00012e04  vimInit                                                      
000092cc  vimParityCheck                                               
00018f24  vimParityErrorHandler                                        
0001bed9  wcslen                                                       


GLOBAL SYMBOLS: SORTED BY Symbol Address 

address   name                                                         
-------   ----                                                         
00000000  __TI_static_base__                                           
00000000  resetEntry                                                   
00000020  TI_FeeInternal_GetVirtualSectorParameter                     
000001b8  TI_FeeInternal_WriteVirtualSectorHeader                      
00000664  TI_FeeInternal_WriteDataF021                                 
[...]
00018714  __sti___12_sys_main_cpp_26991e22                             
00018818  HAL_EVE_Init                                                 
00018890  HAL_EVE_Deinit                                               
0001889c  HAL_ChipSelect                                               
000188c0  HAL_PowerDown                                                
000188e4  HAL_SetWriteAddress                                          
00018904  HAL_SetReadAddress                                           
00018920  HAL_Write                                                    
0001893c  HAL_Write32                                                  
00018954  HAL_Write16                                                  
0001896c  HAL_Write8                                                   
00018980  HAL_Read                                                     
0001899c  HAL_Read32                                                   
000189bc  HAL_Read16                                                   
000189d4  HAL_Read8                                                    
000189e8  HAL_MemWrite32                                               
00018a18  HAL_MemWrite16                                               
00018a48  HAL_MemWrite8                                                
00018a78  HAL_MemRead32                                                
00018aa8  HAL_MemRead16                                                
00018ad8  HAL_MemRead8                                                 
00018b08  HAL_HostCmdWrite                                             
00018b40  HAL_IncCmdPointer                                            
00018b50  HAL_GetCmdPointer                                            
00018b68  HAL_WaitCmdFifoEmpty                                         
00018bb0  HAL_CheckCmdFreeSpace                                        
00018bd8  _coreInitRegisters_                                          
00018ce4  _coreInitStackPointer_                                       
00018d30  _getCPSRValue_                                               
00018d38  _gotoCPUIdle_                                                
00018d50  _coreEnableVfp_                                              
00018d68  _coreEnableEventBusExport_                                   
00018d78  _coreDisableEventBusExport_                                  
00018d88  _coreEnableRamEcc_                                           
00018d98  _coreDisableRamEcc_                                          
00018da8  _coreEnableFlashEcc_                                         
00018dbc  _coreDisableFlashEcc_                                        
00018dcc  _coreEnableIrqVicOffset_                                     
00018ddc  _coreGetDataFault_                                           
00018de4  _coreClearDataFault_                                         
00018df0  _coreGetInstructionFault_                                    
00018df8  _coreClearInstructionFault_                                  
00018e04  _coreGetDataFaultAddress_                                    
00018e0c  _coreClearDataFaultAddress_                                  
00018e18  _coreGetInstructionFaultAddress_                             
00018e20  _coreClearInstructionFaultAddress_                           
00018e2c  _coreGetAuxiliaryDataFault_                                  
00018e34  _coreClearAuxiliaryDataFault_                                
00018e40  _coreGetAuxiliaryInstructionFault_                           
00018e48  _coreClearAuxiliaryInstructionFault_                         
00018e54  _disable_interrupt_                                          
00018e5c  _disable_FIQ_interrupt_                                      
00018e64  _disable_IRQ_interrupt_                                      
00018e6c  _enable_interrupt_                                           
00018e74  _esmCcmErrorsClear_                                          
00018efc  _errata_CORTEXR4_57_                                         
00018f0c  _errata_CORTEXR4_66_                                         
00018f1c  __TI_PINIT_Base                                              
00018f20  __TI_PINIT_Limit                                             
00018f24  vimParityErrorHandler                                        
000191f0  __aeabi_uldivmod                                             
000194a4  _c_int00                                                     
0001972d  Fapi_initializeFlashBanks                                    
0001998c  _Z15ui_draw_buttonsR14Bridgetek_EVE2P16dashboard_data_t      
00019e24  init_inputs                                                  
00019e70  read_inputs                                                  
00019f40  update_inputs                                                
0001a004  connect_input                                                
0001a050  _Z15ui_draw_rpm_barR14Bridgetek_EVE2f                        
0001a3c0  can1HighLevelInterrupt                                       
0001a4a8  can1LowLevelInterrupt                                        
0001a55d  Fapi_setActiveFlashBank                                      
0001a6d8  enableSound                                                  
0001a74c  playSound                                                    
0001a780  playClick                                                    
0001a794  playChimes                                                   
0001a7ac  playBell                                                     
0001a7c4  playPip                                                      
0001a7dc  playClack                                                    
0001a804  rtiCompare0Interrupt                                         
0001a84c  rtiCompare1Interrupt                                         
0001a894  rtiCompare2Interrupt                                         
0001a8dc  rtiCompare3Interrupt                                         
0001a928  esmHighInterrupt                                             
0001ab40  esmGroup1Notification                                        
0001ab50  esmGroup2Notification                                        
0001ab60  memoryPort0TestFailNotification                              
0001ab7c  memoryPort1TestFailNotification                              
0001aba8  canErrorNotification                                         
0001abbc  canStatusChangeNotification                                  
0001abe4  gioNotification                                              
0001abf8  sciNotification                                              
0001ac0c  spiNotification                                              
0001ac20  spiEndNotification                                           
0001ac30  dmaGroupANotification                                        
0001ad41  ldexp                                                        
0001ad41  ldexpl                                                       
0001ad41  scalbn                                                       
0001ad41  scalbnl                                                      
0001ae30  _dabort                                                      
0001af19  floor                                                        
0001af19  floorl                                                       
0001aff8  _pmuInit_                                                    
0001b044  _pmuEnableCountersGlobal_                                    
0001b054  _pmuDisableCountersGlobal_                                   
0001b064  _pmuResetCycleCounter_                                       
0001b074  _pmuResetEventCounters_                                      
0001b084  _pmuResetCounters_                                           
0001b094  _pmuStartCounters_                                           
0001b09c  _pmuStopCounters_                                            
0001b0a4  _pmuSetCountEvent_                                           
0001b0b0  _pmuGetCycleCount_                                           
0001b0b8  _pmuGetEventCount_                                           
0001b0c4  _pmuGetOverflow_                                             
0001b187  __aeabi_memcpy                                               
0001b187  __aeabi_memcpy4                                              
0001b187  __aeabi_memcpy8                                              
0001b187  memcpy                                                       
0001b225  Fapi_doBlankCheck                                            
0001b2b9  Fapi_enableEepromBankSectors                                 
0001b3b3  __aeabi_memclr                                               
0001b3b3  __aeabi_memclr4                                              
0001b3b3  __aeabi_memclr8                                              
0001b3b5  __aeabi_memset                                               
0001b3b5  __aeabi_memset4                                              
0001b3b5  __aeabi_memset8                                              
0001b3bb  memset                                                       
0001b42d  frexp                                                        
0001b42d  frexpl                                                       
0001b4a1  __TI_decompress_lzss                                         
0001b50c  _ZN14Bridgetek_EVE210CMD_BUTTONEssssstPKcz                   
0001b575  __TI_auto_init_nobinit                                       
0001b5d5  _Fapi_loopRegionForValue                                     
0001b634  _ZN14Bridgetek_EVE28CMD_TEXTEssstPKcz                        
0001b68d  __TI_ltoa                                                    
0001b734  __aeabi_idiv                                                 
0001b734  __aeabi_idivmod                                              
0001b789  Fapi_isAddressEcc                                            
0001b829  atoi                                                         
0001b878  _ZN14Bridgetek_EVE212CMD_PROGRESSEssssttt                    
0001b8c5  _Fapi_EnableSectors                                          
0001b949  sprintf                                                      
0001b989  _Fapi_issueFsmCommand                                        
0001b9c4  _ZN14Bridgetek_EVE210CMD_NUMBEREsssti                        
0001ba01  strstr                                                       
0001ba39  Fapi_calculateFletcherChecksum                               
0001ba71  Fapi_issueAsyncCommandWithAddress                            
0001baa1  Fapi_waitDelay                                               
0001bad1  _Fapi_readDword                                              
0001bafd  Fapi_issueAsyncCommand                                       
0001bb28  _ZN14Bridgetek_EVE215CLEAR_COLOR_RGBEhhh                     
0001bb50  _ZN14Bridgetek_EVE25CLEAREhhh                                
0001bb78  _ZN14Bridgetek_EVE29COLOR_RGBEhhh                            
0001bba1  memccpy                                                      
0001bbc8  _ZN12motor_data_tC1Et                                        
0001bbec  _ZN13driver_data_tC1Et                                       
0001bc10  _ZN15driver_status_tC1Et                                     
0001bc35  Fapi_flushPipeline                                           
0001bc58  _ZN10tps_data_tC1Ev                                          
0001bc78  _ZN11rear_data_tC1Ev                                         
0001bc98  _ZN12front_data_tC1Ev                                        
0001bcb8  _ZN14Bridgetek_EVE213LIB_MemWrite8Ejh                        
0001bcd8  _ZN14Bridgetek_EVE214LIB_MemWrite32Ejj                       
0001bcf8  _ZN14Bridgetek_EVE28VERTEX2FEss                              
0001bd18  _ZN14current_data_tC1Ev                                      
0001bd38  _ZN15main_ecu_data_tC1Ev                                     
0001bd58  _ZN17calibration_cmd_tC1Ev                                   
0001bd78  _ZN19canopen_heartbeat_tC1Ev                                 
0001bd99  copysign                                                     
0001bd99  copysignl                                                    
0001bdec  _Z3absf                                                      
0001be04  _Z4fabsf                                                     
0001be1c  _ZN14Bridgetek_EVE212LIB_MemRead8Ej                          
0001be34  _ZN14Bridgetek_EVE213CMD_CALIBRATEEj                         
0001be4c  _ZN14Bridgetek_EVE213LIB_MemRead16Ej                         
0001be64  _ZN14Bridgetek_EVE213LIB_MemRead32Ej                         
0001be7c  _ZN14Bridgetek_EVE23TAGEh                                    
0001be94  _ZN14Bridgetek_EVE25BEGINEh                                  
0001bead  strchr                                                       
0001bec3  strlen                                                       
0001bed9  wcslen                                                       
0001beed  Fapi_getNumberOfBankSectors                                  
0001befc  _ZN14Bridgetek_EVE211CMD_DLSTARTEv                           
0001bf0c  _ZN14Bridgetek_EVE216LIB_EndCoProListEv                      
0001bf1c  _ZN14Bridgetek_EVE218LIB_BeginCoProListEv                    
0001bf2c  _ZN14Bridgetek_EVE219LIB_AwaitCoProEmptyEv                   
0001bf3c  _ZN14Bridgetek_EVE23ENDEv                                    
0001bf4c  _ZN14Bridgetek_EVE24InitEv                                   
0001bf5c  _ZN14Bridgetek_EVE27DISPLAYEv                                
0001bf6c  _ZN14Bridgetek_EVE28CMD_SWAPEv                               
0001bf7d  _scaleEEFclk                                                 
0001bf8d  _scaleMainFclk                                               
0001bf9d  __TI_decompress_none                                         
0001bfab  _Fapi_checkWdService                                         
0001bfb7  __TI_zero_init                                               
0001bfcc  Fapi_serviceWatchdogTimer                                    
0001bfd5  __aeabi_errno_addr                                           
0001bfdd  C$$EXIT                                                      
0001bfdd  abort                                                        
0001bfe0  phantomInterrupt                                             
0001bfe4  handlePLLLockFail                                            
0001bff0  TI_Fee_WriteAsync                                            
0001cc2c  TI_Fee_ReadSync                                              
0001d814  _ctypes_                                                     
0001d9a0  Device_FlashDevice                                           
0001da24  Fee_VirtualSectorConfiguration                               
0001da30  Fee_BlockConfiguration                                       
0001da40  SHT$$INIT_ARRAY$$Base                                        
0001da48  SHT$$INIT_ARRAY$$Limit                                       
0001da5c  __TI_Handler_Table_Base                                      
0001da68  __TI_Handler_Table_Limit                                     
0001da80  __TI_CINIT_Base                                              
0001da98  __TI_CINIT_Limit                                             
08001500  __start___llvm_prf_cnts                                      
08001500  __stop___llvm_prf_cnts                                       
08001500  dashboard_data                                               
080055f4  display_data                                                 
08005688  calibration_cmd                                              
08005694  canopen_heartbeat                                            
080056a0  current_data                                                 
080056ac  driver1_data                                                 
080056b8  driver1_status                                               
080056c4  driver2_data                                                 
080056d0  driver2_status                                               
080056dc  front_data                                                   
080056e8  main_ecu_data                                                
080056f4  motor1_data                                                  
08005700  motor2_data                                                  
0800570c  rear_data                                                    
08005718  tps_data                                                     
08005724  buttons_data                                                 
08005730  EVE_DISP_CSPREAD                                             
08005734  EVE_DISP_DITHER                                              
08005738  EVE_DISP_HCYCLE                                              
0800573c  EVE_DISP_HEIGHT                                              
08005740  EVE_DISP_HOFFSET                                             
08005744  EVE_DISP_HSYNC0                                              
08005748  EVE_DISP_HSYNC1                                              
0800574c  EVE_DISP_PCLK                                                
08005750  EVE_DISP_PCLKPOL                                             
08005754  EVE_DISP_PCLK_FREQ                                           
08005758  EVE_DISP_SWIZZLE                                             
0800575c  EVE_DISP_VCYCLE                                              
08005760  EVE_DISP_VOFFSET                                             
08005764  EVE_DISP_VSYNC0                                              
08005768  EVE_DISP_VSYNC1                                              
0800576c  EVE_DISP_WIDTH                                               
08005770  EVE_TOUCH_ADDR                                               
08005774  TI_Fee_GlobalVariables                                       
0800583c  TI_Fee_u8DataSets                                            
08005840  TI_Fee_u32FletcherChecksum                                   
08005844  TI_Fee_u32BlockEraseCount                                    
08005848  TI_Fee_u8DeviceIndex                                         
0800584c  TI_Fee_u32ActCpyVS                                           
08005850  TI_Fee_u8ErrEraseVS                                          
08005851  TI_Fee_bEraseSuspended                                       
08005852  TI_Fee_bIsMainFunctionCalled                                 
08005854  TI_Fee_oStatusWord                                           
08005858  TI_FlashStatusWord                                           
08005868  TI_Fee_FapiInitCalled                                        
080058a8  cal_tps_0_timer                                              
080058ac  cal_tps_100_timer                                            
080058b0  cal_left_steer_timer                                         
080058b4  cal_center_steer_timer                                       
080058b8  cal_right_steer_timer                                        
080058bc  cal_current_sensors_timer                                    
080058c0  input_targets                                                
080058f4  errno                                                        
080058f8  current_page                                                 
080058f9  current_graph                                                
ffffffff  __TI_pprof_out_hndl                                          
ffffffff  __TI_prof_data_size                                          
ffffffff  __TI_prof_data_start                                         
ffffffff  __binit__                                                    
ffffffff  __c_args__                                                   
ffffffff  binit                                                        
UNDEFED   _system_post_cinit                                           

[684 symbols]
