<?xml version="1.0" encoding="ISO-8859-1" ?>
<link_info>
   <banner>TI ARM Linker PC v20.2.7.LTS</banner>
   <copyright>Copyright (c) 1996-2018 Texas Instruments Incorporated</copyright>
   <link_time>0x6a38649f</link_time>
   <link_errors>0x0</link_errors>
   <output_file>tms570_on_board_ecu.out</output_file>
   <entry_point>
      <name>_c_int00</name>
      <address>0x194d0</address>
   </entry_point>
   <input_file_list>
      <input_file id="fl-2">
         <path>.\ft81x_driver\</path>
         <kind>object</kind>
         <file>Bridgetek_EVE2.obj</file>
         <name>Bridgetek_EVE2.obj</name>
      </input_file>
      <input_file id="fl-3">
         <path>.\ft81x_driver\</path>
         <kind>object</kind>
         <file>EVE_API.obj</file>
         <name>EVE_API.obj</name>
      </input_file>
      <input_file id="fl-4">
         <path>.\ft81x_driver\</path>
         <kind>object</kind>
         <file>EVE_HAL.obj</file>
         <name>EVE_HAL.obj</name>
      </input_file>
      <input_file id="fl-5">
         <path>.\ft81x_driver\</path>
         <kind>object</kind>
         <file>EVE_MCU.obj</file>
         <name>EVE_MCU.obj</name>
      </input_file>
      <input_file id="fl-6">
         <path>.\source\</path>
         <kind>object</kind>
         <file>Device_TMS570LS12.obj</file>
         <name>Device_TMS570LS12.obj</name>
      </input_file>
      <input_file id="fl-7">
         <path>.\source\</path>
         <kind>object</kind>
         <file>Fapi_UserDefinedFunctions.obj</file>
         <name>Fapi_UserDefinedFunctions.obj</name>
      </input_file>
      <input_file id="fl-8">
         <path>.\source\</path>
         <kind>object</kind>
         <file>can.obj</file>
         <name>can.obj</name>
      </input_file>
      <input_file id="fl-9">
         <path>.\source\</path>
         <kind>object</kind>
         <file>dabort.obj</file>
         <name>dabort.obj</name>
      </input_file>
      <input_file id="fl-a">
         <path>.\source\</path>
         <kind>object</kind>
         <file>dashboard.obj</file>
         <name>dashboard.obj</name>
      </input_file>
      <input_file id="fl-b">
         <path>.\source\</path>
         <kind>object</kind>
         <file>data.obj</file>
         <name>data.obj</name>
      </input_file>
      <input_file id="fl-c">
         <path>.\source\</path>
         <kind>object</kind>
         <file>errata_SSWF021_45.obj</file>
         <name>errata_SSWF021_45.obj</name>
      </input_file>
      <input_file id="fl-d">
         <path>.\source\</path>
         <kind>object</kind>
         <file>esm.obj</file>
         <name>esm.obj</name>
      </input_file>
      <input_file id="fl-e">
         <path>.\source\</path>
         <kind>object</kind>
         <file>gio.obj</file>
         <name>gio.obj</name>
      </input_file>
      <input_file id="fl-f">
         <path>.\source\</path>
         <kind>object</kind>
         <file>inputs.obj</file>
         <name>inputs.obj</name>
      </input_file>
      <input_file id="fl-10">
         <path>.\source\</path>
         <kind>object</kind>
         <file>notification.obj</file>
         <name>notification.obj</name>
      </input_file>
      <input_file id="fl-11">
         <path>.\source\</path>
         <kind>object</kind>
         <file>pages.obj</file>
         <name>pages.obj</name>
      </input_file>
      <input_file id="fl-12">
         <path>.\source\</path>
         <kind>object</kind>
         <file>pinmux.obj</file>
         <name>pinmux.obj</name>
      </input_file>
      <input_file id="fl-13">
         <path>.\source\</path>
         <kind>object</kind>
         <file>rti.obj</file>
         <name>rti.obj</name>
      </input_file>
      <input_file id="fl-14">
         <path>.\source\</path>
         <kind>object</kind>
         <file>sci.obj</file>
         <name>sci.obj</name>
      </input_file>
      <input_file id="fl-15">
         <path>.\source\</path>
         <kind>object</kind>
         <file>spi.obj</file>
         <name>spi.obj</name>
      </input_file>
      <input_file id="fl-16">
         <path>.\source\</path>
         <kind>object</kind>
         <file>sys_core.obj</file>
         <name>sys_core.obj</name>
      </input_file>
      <input_file id="fl-17">
         <path>.\source\</path>
         <kind>object</kind>
         <file>sys_dma.obj</file>
         <name>sys_dma.obj</name>
      </input_file>
      <input_file id="fl-18">
         <path>.\source\</path>
         <kind>object</kind>
         <file>sys_intvecs.obj</file>
         <name>sys_intvecs.obj</name>
      </input_file>
      <input_file id="fl-19">
         <path>.\source\</path>
         <kind>object</kind>
         <file>sys_main.obj</file>
         <name>sys_main.obj</name>
      </input_file>
      <input_file id="fl-1a">
         <path>.\source\</path>
         <kind>object</kind>
         <file>sys_mpu.obj</file>
         <name>sys_mpu.obj</name>
      </input_file>
      <input_file id="fl-1b">
         <path>.\source\</path>
         <kind>object</kind>
         <file>sys_pcr.obj</file>
         <name>sys_pcr.obj</name>
      </input_file>
      <input_file id="fl-1c">
         <path>.\source\</path>
         <kind>object</kind>
         <file>sys_phantom.obj</file>
         <name>sys_phantom.obj</name>
      </input_file>
      <input_file id="fl-1d">
         <path>.\source\</path>
         <kind>object</kind>
         <file>sys_pmm.obj</file>
         <name>sys_pmm.obj</name>
      </input_file>
      <input_file id="fl-1e">
         <path>.\source\</path>
         <kind>object</kind>
         <file>sys_pmu.obj</file>
         <name>sys_pmu.obj</name>
      </input_file>
      <input_file id="fl-1f">
         <path>.\source\</path>
         <kind>object</kind>
         <file>sys_selftest.obj</file>
         <name>sys_selftest.obj</name>
      </input_file>
      <input_file id="fl-20">
         <path>.\source\</path>
         <kind>object</kind>
         <file>sys_startup.obj</file>
         <name>sys_startup.obj</name>
      </input_file>
      <input_file id="fl-21">
         <path>.\source\</path>
         <kind>object</kind>
         <file>sys_vim.obj</file>
         <name>sys_vim.obj</name>
      </input_file>
      <input_file id="fl-22">
         <path>.\source\</path>
         <kind>object</kind>
         <file>system.obj</file>
         <name>system.obj</name>
      </input_file>
      <input_file id="fl-23">
         <path>.\source\</path>
         <kind>object</kind>
         <file>test_main_ecu.obj</file>
         <name>test_main_ecu.obj</name>
      </input_file>
      <input_file id="fl-24">
         <path>.\source\</path>
         <kind>object</kind>
         <file>ti_fee_Info.obj</file>
         <name>ti_fee_Info.obj</name>
      </input_file>
      <input_file id="fl-25">
         <path>.\source\</path>
         <kind>object</kind>
         <file>ti_fee_cancel.obj</file>
         <name>ti_fee_cancel.obj</name>
      </input_file>
      <input_file id="fl-26">
         <path>.\source\</path>
         <kind>object</kind>
         <file>ti_fee_cfg.obj</file>
         <name>ti_fee_cfg.obj</name>
      </input_file>
      <input_file id="fl-27">
         <path>.\source\</path>
         <kind>object</kind>
         <file>ti_fee_eraseimmediateblock.obj</file>
         <name>ti_fee_eraseimmediateblock.obj</name>
      </input_file>
      <input_file id="fl-28">
         <path>.\source\</path>
         <kind>object</kind>
         <file>ti_fee_format.obj</file>
         <name>ti_fee_format.obj</name>
      </input_file>
      <input_file id="fl-29">
         <path>.\source\</path>
         <kind>object</kind>
         <file>ti_fee_ini.obj</file>
         <name>ti_fee_ini.obj</name>
      </input_file>
      <input_file id="fl-2a">
         <path>.\source\</path>
         <kind>object</kind>
         <file>ti_fee_invalidateblock.obj</file>
         <name>ti_fee_invalidateblock.obj</name>
      </input_file>
      <input_file id="fl-2b">
         <path>.\source\</path>
         <kind>object</kind>
         <file>ti_fee_main.obj</file>
         <name>ti_fee_main.obj</name>
      </input_file>
      <input_file id="fl-2c">
         <path>.\source\</path>
         <kind>object</kind>
         <file>ti_fee_read.obj</file>
         <name>ti_fee_read.obj</name>
      </input_file>
      <input_file id="fl-2d">
         <path>.\source\</path>
         <kind>object</kind>
         <file>ti_fee_readSync.obj</file>
         <name>ti_fee_readSync.obj</name>
      </input_file>
      <input_file id="fl-2e">
         <path>.\source\</path>
         <kind>object</kind>
         <file>ti_fee_shutdown.obj</file>
         <name>ti_fee_shutdown.obj</name>
      </input_file>
      <input_file id="fl-2f">
         <path>.\source\</path>
         <kind>object</kind>
         <file>ti_fee_util.obj</file>
         <name>ti_fee_util.obj</name>
      </input_file>
      <input_file id="fl-30">
         <path>.\source\</path>
         <kind>object</kind>
         <file>ti_fee_writeAsync.obj</file>
         <name>ti_fee_writeAsync.obj</name>
      </input_file>
      <input_file id="fl-31">
         <path>.\source\</path>
         <kind>object</kind>
         <file>ti_fee_writeSync.obj</file>
         <name>ti_fee_writeSync.obj</name>
      </input_file>
      <input_file id="fl-32">
         <path>.\source\</path>
         <kind>object</kind>
         <file>ui_buttons.obj</file>
         <name>ui_buttons.obj</name>
      </input_file>
      <input_file id="fl-33">
         <path>.\source\</path>
         <kind>object</kind>
         <file>ui_rpm_bar.obj</file>
         <name>ui_rpm_bar.obj</name>
      </input_file>
      <input_file id="fl-34">
         <path>.\source\</path>
         <kind>object</kind>
         <file>ui_touch.obj</file>
         <name>ui_touch.obj</name>
      </input_file>
      <input_file id="fl-39">
         <kind>object</kind>
         <file>&lt;internal&gt;</file>
         <name>&lt;internal&gt;</name>
      </input_file>
      <input_file id="fl-3a">
         <path>C:\ti\ccs1281\ccs\tools\compiler\ti-cgt-arm_20.2.7.LTS\lib\</path>
         <kind>archive</kind>
         <file>rtsv7R4_T_be_v3D16_eabi.lib</file>
         <name>s_floor.c.obj</name>
      </input_file>
      <input_file id="fl-3b">
         <path>C:\ti\ccs1281\ccs\tools\compiler\ti-cgt-arm_20.2.7.LTS\lib\</path>
         <kind>archive</kind>
         <file>rtsv7R4_T_be_v3D16_eabi.lib</file>
         <name>sprintf.c.obj</name>
      </input_file>
      <input_file id="fl-3c">
         <path>C:\ti\ccs1281\ccs\tools\compiler\ti-cgt-arm_20.2.7.LTS\lib\</path>
         <kind>archive</kind>
         <file>rtsv7R4_T_be_v3D16_eabi.lib</file>
         <name>memcpy_t2.asm.obj</name>
      </input_file>
      <input_file id="fl-3d">
         <path>C:\ti\ccs1281\ccs\tools\compiler\ti-cgt-arm_20.2.7.LTS\lib\</path>
         <kind>archive</kind>
         <file>rtsv7R4_T_be_v3D16_eabi.lib</file>
         <name>i_div32.asm.obj</name>
      </input_file>
      <input_file id="fl-3e">
         <path>C:\ti\ccs1281\ccs\tools\compiler\ti-cgt-arm_20.2.7.LTS\lib\</path>
         <kind>archive</kind>
         <file>rtsv7R4_T_be_v3D16_eabi.lib</file>
         <name>u_div32.asm.obj</name>
      </input_file>
      <input_file id="fl-3f">
         <path>C:\ti\ccs1281\ccs\tools\compiler\ti-cgt-arm_20.2.7.LTS\lib\</path>
         <kind>archive</kind>
         <file>rtsv7R4_T_be_v3D16_eabi.lib</file>
         <name>autoinit.c.obj</name>
      </input_file>
      <input_file id="fl-40">
         <path>C:\ti\ccs1281\ccs\tools\compiler\ti-cgt-arm_20.2.7.LTS\lib\</path>
         <kind>archive</kind>
         <file>rtsv7R4_T_be_v3D16_eabi.lib</file>
         <name>cpy_tbl.c.obj</name>
      </input_file>
      <input_file id="fl-41">
         <path>C:\ti\ccs1281\ccs\tools\compiler\ti-cgt-arm_20.2.7.LTS\lib\</path>
         <kind>archive</kind>
         <file>rtsv7R4_T_be_v3D16_eabi.lib</file>
         <name>copy_zero_init.c.obj</name>
      </input_file>
      <input_file id="fl-42">
         <path>C:\ti\ccs1281\ccs\tools\compiler\ti-cgt-arm_20.2.7.LTS\lib\</path>
         <kind>archive</kind>
         <file>rtsv7R4_T_be_v3D16_eabi.lib</file>
         <name>copy_decompress_none.c.obj</name>
      </input_file>
      <input_file id="fl-43">
         <path>C:\ti\ccs1281\ccs\tools\compiler\ti-cgt-arm_20.2.7.LTS\lib\</path>
         <kind>archive</kind>
         <file>rtsv7R4_T_be_v3D16_eabi.lib</file>
         <name>copy_decompress_lzss.c.obj</name>
      </input_file>
      <input_file id="fl-44">
         <path>C:\ti\ccs1281\ccs\tools\compiler\ti-cgt-arm_20.2.7.LTS\lib\</path>
         <kind>archive</kind>
         <file>rtsv7R4_T_be_v3D16_eabi.lib</file>
         <name>exit.c.obj</name>
      </input_file>
      <input_file id="fl-45">
         <path>C:\ti\ccs1281\ccs\tools\compiler\ti-cgt-arm_20.2.7.LTS\lib\</path>
         <kind>archive</kind>
         <file>rtsv7R4_T_be_v3D16_eabi.lib</file>
         <name>_lock.c.obj</name>
      </input_file>
      <input_file id="fl-46">
         <path>C:\ti\ccs1281\ccs\tools\compiler\ti-cgt-arm_20.2.7.LTS\lib\</path>
         <kind>archive</kind>
         <file>rtsv7R4_T_be_v3D16_eabi.lib</file>
         <name>strlen.c.obj</name>
      </input_file>
      <input_file id="fl-47">
         <path>C:\ti\ccs1281\ccs\tools\compiler\ti-cgt-arm_20.2.7.LTS\lib\</path>
         <kind>archive</kind>
         <file>rtsv7R4_T_be_v3D16_eabi.lib</file>
         <name>strstr.c.obj</name>
      </input_file>
      <input_file id="fl-48">
         <path>C:\ti\ccs1281\ccs\tools\compiler\ti-cgt-arm_20.2.7.LTS\lib\</path>
         <kind>archive</kind>
         <file>rtsv7R4_T_be_v3D16_eabi.lib</file>
         <name>_printfi.c.obj</name>
      </input_file>
      <input_file id="fl-49">
         <path>C:\ti\ccs1281\ccs\tools\compiler\ti-cgt-arm_20.2.7.LTS\lib\</path>
         <kind>archive</kind>
         <file>rtsv7R4_T_be_v3D16_eabi.lib</file>
         <name>div0.asm.obj</name>
      </input_file>
      <input_file id="fl-4a">
         <path>C:\ti\ccs1281\ccs\tools\compiler\ti-cgt-arm_20.2.7.LTS\lib\</path>
         <kind>archive</kind>
         <file>rtsv7R4_T_be_v3D16_eabi.lib</file>
         <name>memset_t2.asm.obj</name>
      </input_file>
      <input_file id="fl-4b">
         <path>C:\ti\ccs1281\ccs\tools\compiler\ti-cgt-arm_20.2.7.LTS\lib\</path>
         <kind>archive</kind>
         <file>rtsv7R4_T_be_v3D16_eabi.lib</file>
         <name>ull_div32.asm.obj</name>
      </input_file>
      <input_file id="fl-4c">
         <path>C:\ti\ccs1281\ccs\tools\compiler\ti-cgt-arm_20.2.7.LTS\lib\</path>
         <kind>archive</kind>
         <file>rtsv7R4_T_be_v3D16_eabi.lib</file>
         <name>_ltoa.c.obj</name>
      </input_file>
      <input_file id="fl-4d">
         <path>C:\ti\ccs1281\ccs\tools\compiler\ti-cgt-arm_20.2.7.LTS\lib\</path>
         <kind>archive</kind>
         <file>rtsv7R4_T_be_v3D16_eabi.lib</file>
         <name>atoi.c.obj</name>
      </input_file>
      <input_file id="fl-4e">
         <path>C:\ti\ccs1281\ccs\tools\compiler\ti-cgt-arm_20.2.7.LTS\lib\</path>
         <kind>archive</kind>
         <file>rtsv7R4_T_be_v3D16_eabi.lib</file>
         <name>ctype.c.obj</name>
      </input_file>
      <input_file id="fl-4f">
         <path>C:\ti\ccs1281\ccs\tools\compiler\ti-cgt-arm_20.2.7.LTS\lib\</path>
         <kind>archive</kind>
         <file>rtsv7R4_T_be_v3D16_eabi.lib</file>
         <name>memccpy.c.obj</name>
      </input_file>
      <input_file id="fl-50">
         <path>C:\ti\ccs1281\ccs\tools\compiler\ti-cgt-arm_20.2.7.LTS\lib\</path>
         <kind>archive</kind>
         <file>rtsv7R4_T_be_v3D16_eabi.lib</file>
         <name>strchr.c.obj</name>
      </input_file>
      <input_file id="fl-51">
         <path>C:\ti\ccs1281\ccs\tools\compiler\ti-cgt-arm_20.2.7.LTS\lib\</path>
         <kind>archive</kind>
         <file>rtsv7R4_T_be_v3D16_eabi.lib</file>
         <name>errno.c.obj</name>
      </input_file>
      <input_file id="fl-52">
         <path>C:\ti\ccs1281\ccs\tools\compiler\ti-cgt-arm_20.2.7.LTS\lib\</path>
         <kind>archive</kind>
         <file>rtsv7R4_T_be_v3D16_eabi.lib</file>
         <name>wcslen.c.obj</name>
      </input_file>
      <input_file id="fl-53">
         <path>C:\ti\ccs1281\ccs\tools\compiler\ti-cgt-arm_20.2.7.LTS\lib\</path>
         <kind>archive</kind>
         <file>rtsv7R4_T_be_v3D16_eabi.lib</file>
         <name>s_frexp.c.obj</name>
      </input_file>
      <input_file id="fl-54">
         <path>C:\ti\ccs1281\ccs\tools\compiler\ti-cgt-arm_20.2.7.LTS\lib\</path>
         <kind>archive</kind>
         <file>rtsv7R4_T_be_v3D16_eabi.lib</file>
         <name>s_scalbn.c.obj</name>
      </input_file>
      <input_file id="fl-55">
         <path>C:\ti\ccs1281\ccs\tools\compiler\ti-cgt-arm_20.2.7.LTS\lib\</path>
         <kind>archive</kind>
         <file>rtsv7R4_T_be_v3D16_eabi.lib</file>
         <name>s_copysign.c.obj</name>
      </input_file>
      <input_file id="fl-56">
         <path>C:\ti\Hercules\F021 Flash API\02.01.01\</path>
         <kind>archive</kind>
         <file>F021_API_CortexR4_BE_V3D16_NDS.lib</file>
         <name>Async.obj</name>
      </input_file>
      <input_file id="fl-57">
         <path>C:\ti\Hercules\F021 Flash API\02.01.01\</path>
         <kind>archive</kind>
         <file>F021_API_CortexR4_BE_V3D16_NDS.lib</file>
         <name>Async.WithAddress.obj</name>
      </input_file>
      <input_file id="fl-58">
         <path>C:\ti\Hercules\F021 Flash API\02.01.01\</path>
         <kind>archive</kind>
         <file>F021_API_CortexR4_BE_V3D16_NDS.lib</file>
         <name>BlankCheck.obj</name>
      </input_file>
      <input_file id="fl-59">
         <path>C:\ti\Hercules\F021 Flash API\02.01.01\</path>
         <kind>archive</kind>
         <file>F021_API_CortexR4_BE_V3D16_NDS.lib</file>
         <name>FlashStateMachine.EnableEepromSectors.obj</name>
      </input_file>
      <input_file id="fl-5a">
         <path>C:\ti\Hercules\F021 Flash API\02.01.01\</path>
         <kind>archive</kind>
         <file>F021_API_CortexR4_BE_V3D16_NDS.lib</file>
         <name>FlashStateMachine.InitializeFlashBanks.obj</name>
      </input_file>
      <input_file id="fl-5b">
         <path>C:\ti\Hercules\F021 Flash API\02.01.01\</path>
         <kind>archive</kind>
         <file>F021_API_CortexR4_BE_V3D16_NDS.lib</file>
         <name>FlashStateMachine.IssueFsmCommand.obj</name>
      </input_file>
      <input_file id="fl-5c">
         <path>C:\ti\Hercules\F021 Flash API\02.01.01\</path>
         <kind>archive</kind>
         <file>F021_API_CortexR4_BE_V3D16_NDS.lib</file>
         <name>FlashStateMachine.ScaleFclk.obj</name>
      </input_file>
      <input_file id="fl-5d">
         <path>C:\ti\Hercules\F021 Flash API\02.01.01\</path>
         <kind>archive</kind>
         <file>F021_API_CortexR4_BE_V3D16_NDS.lib</file>
         <name>FlashStateMachine.SetActiveBank.obj</name>
      </input_file>
      <input_file id="fl-5e">
         <path>C:\ti\Hercules\F021 Flash API\02.01.01\</path>
         <kind>archive</kind>
         <file>F021_API_CortexR4_BE_V3D16_NDS.lib</file>
         <name>Read.FlushPipeline.obj</name>
      </input_file>
      <input_file id="fl-5f">
         <path>C:\ti\Hercules\F021 Flash API\02.01.01\</path>
         <kind>archive</kind>
         <file>F021_API_CortexR4_BE_V3D16_NDS.lib</file>
         <name>Read.LoopDword.obj</name>
      </input_file>
      <input_file id="fl-60">
         <path>C:\ti\Hercules\F021 Flash API\02.01.01\</path>
         <kind>archive</kind>
         <file>F021_API_CortexR4_BE_V3D16_NDS.lib</file>
         <name>Read.WdService.obj</name>
      </input_file>
      <input_file id="fl-61">
         <path>C:\ti\Hercules\F021 Flash API\02.01.01\</path>
         <kind>archive</kind>
         <file>F021_API_CortexR4_BE_V3D16_NDS.lib</file>
         <name>Utilities.CalculateFletcher.obj</name>
      </input_file>
      <input_file id="fl-62">
         <path>C:\ti\Hercules\F021 Flash API\02.01.01\</path>
         <kind>archive</kind>
         <file>F021_API_CortexR4_BE_V3D16_NDS.lib</file>
         <name>Utilities.WaitDelay.obj</name>
      </input_file>
      <input_file id="fl-63">
         <path>C:\ti\Hercules\F021 Flash API\02.01.01\</path>
         <kind>archive</kind>
         <file>F021_API_CortexR4_BE_V3D16_NDS.lib</file>
         <name>Utilities.GetNumberOfSectors.obj</name>
      </input_file>
      <input_file id="fl-64">
         <path>C:\ti\Hercules\F021 Flash API\02.01.01\</path>
         <kind>archive</kind>
         <file>F021_API_CortexR4_BE_V3D16_NDS.lib</file>
         <name>Read.Common.obj</name>
      </input_file>
      <input_file id="fl-65">
         <path>C:\ti\Hercules\F021 Flash API\02.01.01\</path>
         <kind>archive</kind>
         <file>F021_API_CortexR4_BE_V3D16_NDS.lib</file>
         <name>FlashStateMachine.Hercules.IsEccAddress.obj</name>
      </input_file>
   </input_file_list>
   <object_component_list>
      <object_component id="oc-41">
         <name>.intvecs</name>
         <load_address>0x0</load_address>
         <run_address>0x0</run_address>
         <size>0x20</size>
         <input_file_ref idref="fl-18"/>
      </object_component>
      <object_component id="oc-169">
         <name>.text</name>
         <load_address>0x20</load_address>
         <run_address>0x20</run_address>
         <size>0x57d0</size>
         <input_file_ref idref="fl-2f"/>
      </object_component>
      <object_component id="oc-181">
         <name>.text</name>
         <load_address>0x57f0</load_address>
         <run_address>0x57f0</run_address>
         <size>0x2dc0</size>
         <input_file_ref idref="fl-a"/>
      </object_component>
      <object_component id="oc-93">
         <name>.text</name>
         <load_address>0x85b0</load_address>
         <run_address>0x85b0</run_address>
         <size>0x2cdc</size>
         <input_file_ref idref="fl-1f"/>
      </object_component>
      <object_component id="oc-2f0">
         <name>.text</name>
         <load_address>0xb28c</load_address>
         <run_address>0xb28c</run_address>
         <size>0x2240</size>
         <input_file_ref idref="fl-3"/>
      </object_component>
      <object_component id="oc-15d">
         <name>.text</name>
         <load_address>0xd4cc</load_address>
         <run_address>0xd4cc</run_address>
         <size>0x1768</size>
         <input_file_ref idref="fl-29"/>
      </object_component>
      <object_component id="oc-163">
         <name>.text</name>
         <load_address>0xec34</load_address>
         <run_address>0xec34</run_address>
         <size>0x10e0</size>
         <input_file_ref idref="fl-2b"/>
      </object_component>
      <object_component id="oc-14a">
         <name>.text</name>
         <load_address>0xfd14</load_address>
         <run_address>0xfd14</run_address>
         <size>0xe7c</size>
         <input_file_ref idref="fl-8"/>
      </object_component>
      <object_component id="oc-17b">
         <name>.text</name>
         <load_address>0x10b90</load_address>
         <run_address>0x10b90</run_address>
         <size>0xcb4</size>
         <input_file_ref idref="fl-34"/>
      </object_component>
      <object_component id="oc-630">
         <name>.text</name>
         <load_address>0x11844</load_address>
         <run_address>0x11844</run_address>
         <size>0xbd8</size>
         <input_file_ref idref="fl-15"/>
      </object_component>
      <object_component id="oc-8d">
         <name>.text</name>
         <load_address>0x1241c</load_address>
         <run_address>0x1241c</run_address>
         <size>0xb64</size>
         <input_file_ref idref="fl-22"/>
      </object_component>
      <object_component id="oc-52">
         <name>.text</name>
         <load_address>0x12f80</load_address>
         <run_address>0x12f80</run_address>
         <size>0xa58</size>
         <input_file_ref idref="fl-21"/>
      </object_component>
      <object_component id="oc-56b">
         <name>.text:__TI_printfi</name>
         <load_address>0x139d8</load_address>
         <run_address>0x139d8</run_address>
         <size>0xa4e</size>
         <input_file_ref idref="fl-48"/>
      </object_component>
      <object_component id="oc-585">
         <name>.text</name>
         <load_address>0x14426</load_address>
         <run_address>0x14426</run_address>
         <size>0x2</size>
         <input_file_ref idref="fl-49"/>
      </object_component>
      <object_component id="oc-b7">
         <name>.text</name>
         <load_address>0x14428</load_address>
         <run_address>0x14428</run_address>
         <size>0x8cc</size>
         <input_file_ref idref="fl-b"/>
      </object_component>
      <object_component id="oc-fe">
         <name>.text</name>
         <load_address>0x14cf4</load_address>
         <run_address>0x14cf4</run_address>
         <size>0x8bc</size>
         <input_file_ref idref="fl-12"/>
      </object_component>
      <object_component id="oc-150">
         <name>.text</name>
         <load_address>0x155b0</load_address>
         <run_address>0x155b0</run_address>
         <size>0x7d0</size>
         <input_file_ref idref="fl-2"/>
      </object_component>
      <object_component id="oc-144">
         <name>.text</name>
         <load_address>0x15d80</load_address>
         <run_address>0x15d80</run_address>
         <size>0x7a8</size>
         <input_file_ref idref="fl-14"/>
      </object_component>
      <object_component id="oc-81">
         <name>.text</name>
         <load_address>0x16528</load_address>
         <run_address>0x16528</run_address>
         <size>0x664</size>
         <input_file_ref idref="fl-c"/>
      </object_component>
      <object_component id="oc-175">
         <name>.text</name>
         <load_address>0x16b8c</load_address>
         <run_address>0x16b8c</run_address>
         <size>0x638</size>
         <input_file_ref idref="fl-13"/>
      </object_component>
      <object_component id="oc-99">
         <name>.text</name>
         <load_address>0x171c4</load_address>
         <run_address>0x171c4</run_address>
         <size>0x5bc</size>
         <input_file_ref idref="fl-d"/>
      </object_component>
      <object_component id="oc-5c8">
         <name>.text</name>
         <load_address>0x17780</load_address>
         <run_address>0x17780</run_address>
         <size>0x498</size>
         <input_file_ref idref="fl-5"/>
      </object_component>
      <object_component id="oc-31d">
         <name>.text</name>
         <load_address>0x17c18</load_address>
         <run_address>0x17c18</run_address>
         <size>0x484</size>
         <input_file_ref idref="fl-e"/>
      </object_component>
      <object_component id="oc-3b">
         <name>.text:retain</name>
         <load_address>0x1809c</load_address>
         <run_address>0x1809c</run_address>
         <size>0x3d8</size>
         <input_file_ref idref="fl-14"/>
      </object_component>
      <object_component id="oc-a0">
         <name>.text</name>
         <load_address>0x18474</load_address>
         <run_address>0x18474</run_address>
         <size>0x3d0</size>
         <input_file_ref idref="fl-19"/>
      </object_component>
      <object_component id="oc-515">
         <name>.text</name>
         <load_address>0x18844</load_address>
         <run_address>0x18844</run_address>
         <size>0x3c0</size>
         <input_file_ref idref="fl-4"/>
      </object_component>
      <object_component id="oc-7c">
         <name>.text</name>
         <load_address>0x18c04</load_address>
         <run_address>0x18c04</run_address>
         <size>0x34c</size>
         <input_file_ref idref="fl-16"/>
      </object_component>
      <object_component id="oc-4d">
         <name>.text:retain</name>
         <load_address>0x18f50</load_address>
         <run_address>0x18f50</run_address>
         <size>0x2cc</size>
         <input_file_ref idref="fl-21"/>
      </object_component>
      <object_component id="oc-64c">
         <name>.text</name>
         <load_address>0x1921c</load_address>
         <run_address>0x1921c</run_address>
         <size>0x2b4</size>
         <input_file_ref idref="fl-4b"/>
      </object_component>
      <object_component id="oc-1f">
         <name>.text:retain</name>
         <load_address>0x194d0</load_address>
         <run_address>0x194d0</run_address>
         <size>0x288</size>
         <input_file_ref idref="fl-20"/>
      </object_component>
      <object_component id="oc-2ff">
         <name>.text:Fapi_initializeFlashBanks</name>
         <load_address>0x19758</load_address>
         <run_address>0x19758</run_address>
         <size>0x260</size>
         <input_file_ref idref="fl-5a"/>
      </object_component>
      <object_component id="oc-3e7">
         <name>.text</name>
         <load_address>0x199b8</load_address>
         <run_address>0x199b8</run_address>
         <size>0x250</size>
         <input_file_ref idref="fl-32"/>
      </object_component>
      <object_component id="oc-600">
         <name>.text:_pconv_a</name>
         <load_address>0x19c08</load_address>
         <run_address>0x19c08</run_address>
         <size>0x248</size>
         <input_file_ref idref="fl-48"/>
      </object_component>
      <object_component id="oc-3e1">
         <name>.text</name>
         <load_address>0x19e50</load_address>
         <run_address>0x19e50</run_address>
         <size>0x1d0</size>
         <input_file_ref idref="fl-33"/>
      </object_component>
      <object_component id="oc-16f">
         <name>.text</name>
         <load_address>0x1a020</load_address>
         <run_address>0x1a020</run_address>
         <size>0x1b8</size>
         <input_file_ref idref="fl-f"/>
      </object_component>
      <object_component id="oc-5ee">
         <name>.text:_pconv_g</name>
         <load_address>0x1a1d8</load_address>
         <run_address>0x1a1d8</run_address>
         <size>0x1a0</size>
         <input_file_ref idref="fl-48"/>
      </object_component>
      <object_component id="oc-25">
         <name>.text:retain</name>
         <load_address>0x1a378</load_address>
         <run_address>0x1a378</run_address>
         <size>0x19c</size>
         <input_file_ref idref="fl-8"/>
      </object_component>
      <object_component id="oc-300">
         <name>.text:Fapi_setActiveFlashBank</name>
         <load_address>0x1a514</load_address>
         <run_address>0x1a514</run_address>
         <size>0x17c</size>
         <input_file_ref idref="fl-5d"/>
      </object_component>
      <object_component id="oc-35">
         <name>.text:retain</name>
         <load_address>0x1a690</load_address>
         <run_address>0x1a690</run_address>
         <size>0x124</size>
         <input_file_ref idref="fl-13"/>
      </object_component>
      <object_component id="oc-2f">
         <name>.text:retain</name>
         <load_address>0x1a7b4</load_address>
         <run_address>0x1a7b4</run_address>
         <size>0x114</size>
         <input_file_ref idref="fl-d"/>
      </object_component>
      <object_component id="oc-5fa">
         <name>.text:_pconv_e</name>
         <load_address>0x1a8c8</load_address>
         <run_address>0x1a8c8</run_address>
         <size>0x104</size>
         <input_file_ref idref="fl-48"/>
      </object_component>
      <object_component id="oc-a8">
         <name>.text</name>
         <load_address>0x1a9cc</load_address>
         <run_address>0x1a9cc</run_address>
         <size>0x104</size>
         <input_file_ref idref="fl-10"/>
      </object_component>
      <object_component id="oc-665">
         <name>.text:fcvt</name>
         <load_address>0x1aad0</load_address>
         <run_address>0x1aad0</run_address>
         <size>0xfc</size>
         <input_file_ref idref="fl-48"/>
      </object_component>
      <object_component id="oc-679">
         <name>.text:scalbn</name>
         <load_address>0x1abcc</load_address>
         <run_address>0x1abcc</run_address>
         <size>0xf0</size>
         <input_file_ref idref="fl-54"/>
      </object_component>
      <object_component id="oc-c3">
         <name>.text</name>
         <load_address>0x1acbc</load_address>
         <run_address>0x1acbc</run_address>
         <size>0xe8</size>
         <input_file_ref idref="fl-9"/>
      </object_component>
      <object_component id="oc-2c3">
         <name>.text:floor</name>
         <load_address>0x1ada4</load_address>
         <run_address>0x1ada4</run_address>
         <size>0xe0</size>
         <input_file_ref idref="fl-3a"/>
      </object_component>
      <object_component id="oc-106">
         <name>.text</name>
         <load_address>0x1ae84</load_address>
         <run_address>0x1ae84</run_address>
         <size>0xe0</size>
         <input_file_ref idref="fl-1e"/>
      </object_component>
      <object_component id="oc-5e8">
         <name>.text:_ltostr</name>
         <load_address>0x1af64</load_address>
         <run_address>0x1af64</run_address>
         <size>0xad</size>
         <input_file_ref idref="fl-48"/>
      </object_component>
      <object_component id="oc-64">
         <name>.text</name>
         <load_address>0x1b012</load_address>
         <run_address>0x1b012</run_address>
         <size>0x9c</size>
         <input_file_ref idref="fl-3c"/>
      </object_component>
      <object_component id="oc-311">
         <name>.text:Fapi_doBlankCheck</name>
         <load_address>0x1b0b0</load_address>
         <run_address>0x1b0b0</run_address>
         <size>0x94</size>
         <input_file_ref idref="fl-58"/>
      </object_component>
      <object_component id="oc-301">
         <name>.text:Fapi_enableEepromBankSectors</name>
         <load_address>0x1b144</load_address>
         <run_address>0x1b144</run_address>
         <size>0x80</size>
         <input_file_ref idref="fl-59"/>
      </object_component>
      <object_component id="oc-65e">
         <name>.text:_mcpy</name>
         <load_address>0x1b1c4</load_address>
         <run_address>0x1b1c4</run_address>
         <size>0x7a</size>
         <input_file_ref idref="fl-48"/>
      </object_component>
      <object_component id="oc-f0">
         <name>.text</name>
         <load_address>0x1b23e</load_address>
         <run_address>0x1b23e</run_address>
         <size>0x7a</size>
         <input_file_ref idref="fl-4a"/>
      </object_component>
      <object_component id="oc-673">
         <name>.text:frexp</name>
         <load_address>0x1b2b8</load_address>
         <run_address>0x1b2b8</run_address>
         <size>0x74</size>
         <input_file_ref idref="fl-53"/>
      </object_component>
      <object_component id="oc-12">
         <name>.text:decompress:lzss:__TI_decompress_lzss</name>
         <load_address>0x1b32c</load_address>
         <run_address>0x1b32c</run_address>
         <size>0x6c</size>
         <input_file_ref idref="fl-43"/>
      </object_component>
      <object_component id="oc-400">
         <name>.text:_ZN14Bridgetek_EVE210CMD_BUTTONEssssstPKcz</name>
         <load_address>0x1b398</load_address>
         <run_address>0x1b398</run_address>
         <size>0x68</size>
         <input_file_ref idref="fl-a"/>
      </object_component>
      <object_component id="oc-11a">
         <name>.text:__TI_auto_init_nobinit:__TI_auto_init_nobinit</name>
         <load_address>0x1b400</load_address>
         <run_address>0x1b400</run_address>
         <size>0x60</size>
         <input_file_ref idref="fl-3f"/>
      </object_component>
      <object_component id="oc-54c">
         <name>.text:_Fapi_loopRegionForValue</name>
         <load_address>0x1b460</load_address>
         <run_address>0x1b460</run_address>
         <size>0x5e</size>
         <input_file_ref idref="fl-5f"/>
      </object_component>
      <object_component id="oc-386">
         <name>.text:_ZN14Bridgetek_EVE28CMD_TEXTEssstPKcz</name>
         <load_address>0x1b4c0</load_address>
         <run_address>0x1b4c0</run_address>
         <size>0x58</size>
         <input_file_ref idref="fl-a"/>
      </object_component>
      <object_component id="oc-652">
         <name>.text:__TI_ltoa</name>
         <load_address>0x1b518</load_address>
         <run_address>0x1b518</run_address>
         <size>0x54</size>
         <input_file_ref idref="fl-4c"/>
      </object_component>
      <object_component id="oc-658">
         <name>.text:_ecpy</name>
         <load_address>0x1b56c</load_address>
         <run_address>0x1b56c</run_address>
         <size>0x54</size>
         <input_file_ref idref="fl-48"/>
      </object_component>
      <object_component id="oc-3ed">
         <name>.text</name>
         <load_address>0x1b5c0</load_address>
         <run_address>0x1b5c0</run_address>
         <size>0x54</size>
         <input_file_ref idref="fl-3d"/>
      </object_component>
      <object_component id="oc-640">
         <name>.text:Fapi_isAddressEcc</name>
         <load_address>0x1b614</load_address>
         <run_address>0x1b614</run_address>
         <size>0x50</size>
         <input_file_ref idref="fl-65"/>
      </object_component>
      <object_component id="oc-5f4">
         <name>.text:_pconv_f</name>
         <load_address>0x1b664</load_address>
         <run_address>0x1b664</run_address>
         <size>0x50</size>
         <input_file_ref idref="fl-48"/>
      </object_component>
      <object_component id="oc-5e2">
         <name>.text:atoi</name>
         <load_address>0x1b6b4</load_address>
         <run_address>0x1b6b4</run_address>
         <size>0x50</size>
         <input_file_ref idref="fl-4d"/>
      </object_component>
      <object_component id="oc-3da">
         <name>.text:_ZN14Bridgetek_EVE212CMD_PROGRESSEssssttt</name>
         <load_address>0x1b704</load_address>
         <run_address>0x1b704</run_address>
         <size>0x4c</size>
         <input_file_ref idref="fl-a"/>
      </object_component>
      <object_component id="oc-53b">
         <name>.text:_Fapi_EnableSectors</name>
         <load_address>0x1b750</load_address>
         <run_address>0x1b750</run_address>
         <size>0x44</size>
         <input_file_ref idref="fl-59"/>
      </object_component>
      <object_component id="oc-66b">
         <name>.text:_fcpy</name>
         <load_address>0x1b794</load_address>
         <run_address>0x1b794</run_address>
         <size>0x40</size>
         <input_file_ref idref="fl-48"/>
      </object_component>
      <object_component id="oc-3cd">
         <name>.text:sprintf</name>
         <load_address>0x1b7d4</load_address>
         <run_address>0x1b7d4</run_address>
         <size>0x40</size>
         <input_file_ref idref="fl-3b"/>
      </object_component>
      <object_component id="oc-54d">
         <name>.text:_Fapi_issueFsmCommand</name>
         <load_address>0x1b814</load_address>
         <run_address>0x1b814</run_address>
         <size>0x3c</size>
         <input_file_ref idref="fl-5b"/>
      </object_component>
      <object_component id="oc-3d3">
         <name>.text:_ZN14Bridgetek_EVE210CMD_NUMBEREsssti</name>
         <load_address>0x1b850</load_address>
         <run_address>0x1b850</run_address>
         <size>0x3c</size>
         <input_file_ref idref="fl-a"/>
      </object_component>
      <object_component id="oc-521">
         <name>.text:strstr</name>
         <load_address>0x1b88c</load_address>
         <run_address>0x1b88c</run_address>
         <size>0x38</size>
         <input_file_ref idref="fl-47"/>
      </object_component>
      <object_component id="oc-535">
         <name>.text:Fapi_calculateFletcherChecksum</name>
         <load_address>0x1b8c4</load_address>
         <run_address>0x1b8c4</run_address>
         <size>0x36</size>
         <input_file_ref idref="fl-61"/>
      </object_component>
      <object_component id="oc-313">
         <name>.text:Fapi_issueAsyncCommandWithAddress</name>
         <load_address>0x1b8fc</load_address>
         <run_address>0x1b8fc</run_address>
         <size>0x30</size>
         <input_file_ref idref="fl-57"/>
      </object_component>
      <object_component id="oc-5db">
         <name>.text:Fapi_waitDelay</name>
         <load_address>0x1b92c</load_address>
         <run_address>0x1b92c</run_address>
         <size>0x30</size>
         <input_file_ref idref="fl-62"/>
      </object_component>
      <object_component id="oc-5dc">
         <name>.text:_Fapi_readDword</name>
         <load_address>0x1b95c</load_address>
         <run_address>0x1b95c</run_address>
         <size>0x2c</size>
         <input_file_ref idref="fl-64"/>
      </object_component>
      <object_component id="oc-312">
         <name>.text:Fapi_issueAsyncCommand</name>
         <load_address>0x1b988</load_address>
         <run_address>0x1b988</run_address>
         <size>0x2a</size>
         <input_file_ref idref="fl-56"/>
      </object_component>
      <object_component id="oc-371">
         <name>.text:_ZN14Bridgetek_EVE215CLEAR_COLOR_RGBEhhh</name>
         <load_address>0x1b9b4</load_address>
         <run_address>0x1b9b4</run_address>
         <size>0x28</size>
         <input_file_ref idref="fl-a"/>
      </object_component>
      <object_component id="oc-378">
         <name>.text:_ZN14Bridgetek_EVE25CLEAREhhh</name>
         <load_address>0x1b9dc</load_address>
         <run_address>0x1b9dc</run_address>
         <size>0x28</size>
         <input_file_ref idref="fl-a"/>
      </object_component>
      <object_component id="oc-37f">
         <name>.text:_ZN14Bridgetek_EVE29COLOR_RGBEhhh</name>
         <load_address>0x1ba04</load_address>
         <run_address>0x1ba04</run_address>
         <size>0x28</size>
         <input_file_ref idref="fl-a"/>
      </object_component>
      <object_component id="oc-606">
         <name>.text:memccpy</name>
         <load_address>0x1ba2c</load_address>
         <run_address>0x1ba2c</run_address>
         <size>0x26</size>
         <input_file_ref idref="fl-4f"/>
      </object_component>
      <object_component id="oc-21f">
         <name>.text:_ZN12motor_data_tC1Et</name>
         <load_address>0x1ba54</load_address>
         <run_address>0x1ba54</run_address>
         <size>0x24</size>
         <input_file_ref idref="fl-b"/>
      </object_component>
      <object_component id="oc-226">
         <name>.text:_ZN13driver_data_tC1Et</name>
         <load_address>0x1ba78</load_address>
         <run_address>0x1ba78</run_address>
         <size>0x24</size>
         <input_file_ref idref="fl-b"/>
      </object_component>
      <object_component id="oc-218">
         <name>.text:_ZN15driver_status_tC1Et</name>
         <load_address>0x1ba9c</load_address>
         <run_address>0x1ba9c</run_address>
         <size>0x24</size>
         <input_file_ref idref="fl-b"/>
      </object_component>
      <object_component id="oc-54b">
         <name>.text:Fapi_flushPipeline</name>
         <load_address>0x1bac0</load_address>
         <run_address>0x1bac0</run_address>
         <size>0x22</size>
         <input_file_ref idref="fl-5e"/>
      </object_component>
      <object_component id="oc-1fc">
         <name>.text:_ZN10tps_data_tC1Ev</name>
         <load_address>0x1bae4</load_address>
         <run_address>0x1bae4</run_address>
         <size>0x20</size>
         <input_file_ref idref="fl-b"/>
      </object_component>
      <object_component id="oc-211">
         <name>.text:_ZN11rear_data_tC1Ev</name>
         <load_address>0x1bb04</load_address>
         <run_address>0x1bb04</run_address>
         <size>0x20</size>
         <input_file_ref idref="fl-b"/>
      </object_component>
      <object_component id="oc-203">
         <name>.text:_ZN12front_data_tC1Ev</name>
         <load_address>0x1bb24</load_address>
         <run_address>0x1bb24</run_address>
         <size>0x20</size>
         <input_file_ref idref="fl-b"/>
      </object_component>
      <object_component id="oc-35c">
         <name>.text:_ZN14Bridgetek_EVE213LIB_MemWrite8Ejh</name>
         <load_address>0x1bb44</load_address>
         <run_address>0x1bb44</run_address>
         <size>0x20</size>
         <input_file_ref idref="fl-34"/>
      </object_component>
      <object_component id="oc-33a">
         <name>.text:_ZN14Bridgetek_EVE214LIB_MemWrite32Ejj</name>
         <load_address>0x1bb64</load_address>
         <run_address>0x1bb64</run_address>
         <size>0x20</size>
         <input_file_ref idref="fl-34"/>
      </object_component>
      <object_component id="oc-3bf">
         <name>.text:_ZN14Bridgetek_EVE28VERTEX2FEss</name>
         <load_address>0x1bb84</load_address>
         <run_address>0x1bb84</run_address>
         <size>0x20</size>
         <input_file_ref idref="fl-a"/>
      </object_component>
      <object_component id="oc-20a">
         <name>.text:_ZN14current_data_tC1Ev</name>
         <load_address>0x1bba4</load_address>
         <run_address>0x1bba4</run_address>
         <size>0x20</size>
         <input_file_ref idref="fl-b"/>
      </object_component>
      <object_component id="oc-22d">
         <name>.text:_ZN15main_ecu_data_tC1Ev</name>
         <load_address>0x1bbc4</load_address>
         <run_address>0x1bbc4</run_address>
         <size>0x20</size>
         <input_file_ref idref="fl-b"/>
      </object_component>
      <object_component id="oc-23b">
         <name>.text:_ZN17calibration_cmd_tC1Ev</name>
         <load_address>0x1bbe4</load_address>
         <run_address>0x1bbe4</run_address>
         <size>0x20</size>
         <input_file_ref idref="fl-b"/>
      </object_component>
      <object_component id="oc-234">
         <name>.text:_ZN19canopen_heartbeat_tC1Ev</name>
         <load_address>0x1bc04</load_address>
         <run_address>0x1bc04</run_address>
         <size>0x20</size>
         <input_file_ref idref="fl-b"/>
      </object_component>
      <object_component id="oc-6c5">
         <name>.text:copysign</name>
         <load_address>0x1bc24</load_address>
         <run_address>0x1bc24</run_address>
         <size>0x1e</size>
         <input_file_ref idref="fl-55"/>
      </object_component>
      <object_component id="oc-536">
         <name>.text:_Fapi_divideUnsignedLong</name>
         <load_address>0x1bc42</load_address>
         <run_address>0x1bc42</run_address>
         <size>0x1c</size>
         <input_file_ref idref="fl-5a"/>
      </object_component>
      <object_component id="oc-571">
         <name>.text:_outs</name>
         <load_address>0x1bc5e</load_address>
         <run_address>0x1bc5e</run_address>
         <size>0x1a</size>
         <input_file_ref idref="fl-3b"/>
      </object_component>
      <object_component id="oc-3f9">
         <name>.text:_Z3absf</name>
         <load_address>0x1bc78</load_address>
         <run_address>0x1bc78</run_address>
         <size>0x18</size>
         <input_file_ref idref="fl-a"/>
      </object_component>
      <object_component id="oc-3f2">
         <name>.text:_Z4fabsf</name>
         <load_address>0x1bc90</load_address>
         <run_address>0x1bc90</run_address>
         <size>0x18</size>
         <input_file_ref idref="fl-a"/>
      </object_component>
      <object_component id="oc-355">
         <name>.text:_ZN14Bridgetek_EVE212LIB_MemRead8Ej</name>
         <load_address>0x1bca8</load_address>
         <run_address>0x1bca8</run_address>
         <size>0x18</size>
         <input_file_ref idref="fl-34"/>
      </object_component>
      <object_component id="oc-38d">
         <name>.text:_ZN14Bridgetek_EVE213CMD_CALIBRATEEj</name>
         <load_address>0x1bcc0</load_address>
         <run_address>0x1bcc0</run_address>
         <size>0x18</size>
         <input_file_ref idref="fl-34"/>
      </object_component>
      <object_component id="oc-34e">
         <name>.text:_ZN14Bridgetek_EVE213LIB_MemRead16Ej</name>
         <load_address>0x1bcd8</load_address>
         <run_address>0x1bcd8</run_address>
         <size>0x18</size>
         <input_file_ref idref="fl-34"/>
      </object_component>
      <object_component id="oc-341">
         <name>.text:_ZN14Bridgetek_EVE213LIB_MemRead32Ej</name>
         <load_address>0x1bcf0</load_address>
         <run_address>0x1bcf0</run_address>
         <size>0x18</size>
         <input_file_ref idref="fl-34"/>
      </object_component>
      <object_component id="oc-3b1">
         <name>.text:_ZN14Bridgetek_EVE23TAGEh</name>
         <load_address>0x1bd08</load_address>
         <run_address>0x1bd08</run_address>
         <size>0x18</size>
         <input_file_ref idref="fl-a"/>
      </object_component>
      <object_component id="oc-3b8">
         <name>.text:_ZN14Bridgetek_EVE25BEGINEh</name>
         <load_address>0x1bd20</load_address>
         <run_address>0x1bd20</run_address>
         <size>0x18</size>
         <input_file_ref idref="fl-a"/>
      </object_component>
      <object_component id="oc-67f">
         <name>.text:strchr</name>
         <load_address>0x1bd38</load_address>
         <run_address>0x1bd38</run_address>
         <size>0x16</size>
         <input_file_ref idref="fl-50"/>
      </object_component>
      <object_component id="oc-51b">
         <name>.text:strlen</name>
         <load_address>0x1bd4e</load_address>
         <run_address>0x1bd4e</run_address>
         <size>0x16</size>
         <input_file_ref idref="fl-46"/>
      </object_component>
      <object_component id="oc-60c">
         <name>.text:wcslen</name>
         <load_address>0x1bd64</load_address>
         <run_address>0x1bd64</run_address>
         <size>0x12</size>
         <input_file_ref idref="fl-52"/>
      </object_component>
      <object_component id="oc-53a">
         <name>.text:Fapi_getNumberOfBankSectors</name>
         <load_address>0x1bd78</load_address>
         <run_address>0x1bd78</run_address>
         <size>0x10</size>
         <input_file_ref idref="fl-63"/>
      </object_component>
      <object_component id="oc-36a">
         <name>.text:_ZN14Bridgetek_EVE211CMD_DLSTARTEv</name>
         <load_address>0x1bd88</load_address>
         <run_address>0x1bd88</run_address>
         <size>0x10</size>
         <input_file_ref idref="fl-a"/>
      </object_component>
      <object_component id="oc-394">
         <name>.text:_ZN14Bridgetek_EVE216LIB_EndCoProListEv</name>
         <load_address>0x1bd98</load_address>
         <run_address>0x1bd98</run_address>
         <size>0x10</size>
         <input_file_ref idref="fl-a"/>
      </object_component>
      <object_component id="oc-363">
         <name>.text:_ZN14Bridgetek_EVE218LIB_BeginCoProListEv</name>
         <load_address>0x1bda8</load_address>
         <run_address>0x1bda8</run_address>
         <size>0x10</size>
         <input_file_ref idref="fl-a"/>
      </object_component>
      <object_component id="oc-39b">
         <name>.text:_ZN14Bridgetek_EVE219LIB_AwaitCoProEmptyEv</name>
         <load_address>0x1bdb8</load_address>
         <run_address>0x1bdb8</run_address>
         <size>0x10</size>
         <input_file_ref idref="fl-34"/>
      </object_component>
      <object_component id="oc-3c6">
         <name>.text:_ZN14Bridgetek_EVE23ENDEv</name>
         <load_address>0x1bdc8</load_address>
         <run_address>0x1bdc8</run_address>
         <size>0x10</size>
         <input_file_ref idref="fl-a"/>
      </object_component>
      <object_component id="oc-156">
         <name>.text:_ZN14Bridgetek_EVE24InitEv</name>
         <load_address>0x1bdd8</load_address>
         <run_address>0x1bdd8</run_address>
         <size>0x10</size>
         <input_file_ref idref="fl-19"/>
      </object_component>
      <object_component id="oc-407">
         <name>.text:_ZN14Bridgetek_EVE27DISPLAYEv</name>
         <load_address>0x1bde8</load_address>
         <run_address>0x1bde8</run_address>
         <size>0x10</size>
         <input_file_ref idref="fl-a"/>
      </object_component>
      <object_component id="oc-40e">
         <name>.text:_ZN14Bridgetek_EVE28CMD_SWAPEv</name>
         <load_address>0x1bdf8</load_address>
         <run_address>0x1bdf8</run_address>
         <size>0x10</size>
         <input_file_ref idref="fl-a"/>
      </object_component>
      <object_component id="oc-538">
         <name>.text:_scaleEEFclk</name>
         <load_address>0x1be08</load_address>
         <run_address>0x1be08</run_address>
         <size>0x10</size>
         <input_file_ref idref="fl-5c"/>
      </object_component>
      <object_component id="oc-537">
         <name>.text:_scaleMainFclk</name>
         <load_address>0x1be18</load_address>
         <run_address>0x1be18</run_address>
         <size>0x10</size>
         <input_file_ref idref="fl-5c"/>
      </object_component>
      <object_component id="oc-18">
         <name>.text:decompress:none:__TI_decompress_none</name>
         <load_address>0x1be28</load_address>
         <run_address>0x1be28</run_address>
         <size>0xe</size>
         <input_file_ref idref="fl-42"/>
      </object_component>
      <object_component id="oc-5dd">
         <name>.text:_Fapi_checkWdService</name>
         <load_address>0x1be36</load_address>
         <run_address>0x1be36</run_address>
         <size>0xc</size>
         <input_file_ref idref="fl-60"/>
      </object_component>
      <object_component id="oc-76">
         <name>.text:decompress:ZI:__TI_zero_init</name>
         <load_address>0x1be42</load_address>
         <run_address>0x1be42</run_address>
         <size>0xc</size>
         <input_file_ref idref="fl-41"/>
      </object_component>
      <object_component id="oc-577">
         <name>.text:_outc</name>
         <load_address>0x1be4e</load_address>
         <run_address>0x1be4e</run_address>
         <size>0xa</size>
         <input_file_ref idref="fl-3b"/>
      </object_component>
      <object_component id="oc-641">
         <name>.text</name>
         <load_address>0x1be58</load_address>
         <run_address>0x1be58</run_address>
         <size>0x8</size>
         <input_file_ref idref="fl-7"/>
      </object_component>
      <object_component id="oc-612">
         <name>.text:__aeabi_errno_addr</name>
         <load_address>0x1be60</load_address>
         <run_address>0x1be60</run_address>
         <size>0x8</size>
         <input_file_ref idref="fl-51"/>
      </object_component>
      <object_component id="oc-1ba">
         <name>.text:abort:abort</name>
         <load_address>0x1be68</load_address>
         <run_address>0x1be68</run_address>
         <size>0x4</size>
         <input_file_ref idref="fl-44"/>
      </object_component>
      <object_component id="oc-47">
         <name>.text:retain</name>
         <load_address>0x1be6c</load_address>
         <run_address>0x1be6c</run_address>
         <size>0x4</size>
         <input_file_ref idref="fl-1c"/>
      </object_component>
      <object_component id="oc-87">
         <name>.text</name>
         <load_address>0x1be70</load_address>
         <run_address>0x1be70</run_address>
         <size>0x4</size>
         <input_file_ref idref="fl-20"/>
      </object_component>
      <object_component id="oc-72a">
         <name>.tramp.Fapi_serviceWatchdogTimer.1</name>
         <load_address>0x1be74</load_address>
         <run_address>0x1be74</run_address>
         <size>0x8</size>
         <input_file_ref idref="fl-7"/>
      </object_component>
      <object_component id="oc-2b">
         <name>.const:s_vim_init</name>
         <load_address>0x1d51c</load_address>
         <run_address>0x1d51c</run_address>
         <size>0x200</size>
         <input_file_ref idref="fl-21"/>
      </object_component>
      <object_component id="oc-647">
         <name>.const:.string:_ctypes_</name>
         <load_address>0x1d71c</load_address>
         <run_address>0x1d71c</run_address>
         <size>0x101</size>
         <input_file_ref idref="fl-4e"/>
      </object_component>
      <object_component id="oc-2d3">
         <name>.const:.string:$P$T0$1</name>
         <load_address>0x1d81d</load_address>
         <run_address>0x1d81d</run_address>
         <size>0x23</size>
         <input_file_ref idref="fl-2"/>
      </object_component>
      <object_component id="oc-2d4">
         <name>.const:.string:$P$T1$2</name>
         <load_address>0x1d840</load_address>
         <run_address>0x1d840</run_address>
         <size>0x23</size>
         <input_file_ref idref="fl-2"/>
      </object_component>
      <object_component id="oc-2d5">
         <name>.const:.string:$P$T2$3</name>
         <load_address>0x1d863</load_address>
         <run_address>0x1d863</run_address>
         <size>0x23</size>
         <input_file_ref idref="fl-2"/>
      </object_component>
      <object_component id="oc-2ca">
         <name>.const:s_canByteOrder</name>
         <load_address>0x1d888</load_address>
         <run_address>0x1d888</run_address>
         <size>0x20</size>
         <input_file_ref idref="fl-8"/>
      </object_component>
      <object_component id="oc-726">
         <name>.cinit..data.load</name>
         <load_address>0x1d950</load_address>
         <run_address>0x1d950</run_address>
         <size>0xc</size>
      </object_component>
      <object_component id="oc-723">
         <name>__TI_handler_table</name>
         <load_address>0x1d95c</load_address>
         <run_address>0x1d95c</run_address>
         <size>0xc</size>
      </object_component>
      <object_component id="oc-727">
         <name>.cinit.FEE_DATA_SECTION.load</name>
         <load_address>0x1d968</load_address>
         <run_address>0x1d968</run_address>
         <size>0x9</size>
      </object_component>
      <object_component id="oc-725">
         <name>.cinit..bss.load</name>
         <load_address>0x1d978</load_address>
         <run_address>0x1d978</run_address>
         <size>0x8</size>
      </object_component>
      <object_component id="oc-724">
         <name>__TI_cinit_table</name>
         <load_address>0x1d980</load_address>
         <run_address>0x1d980</run_address>
         <size>0x18</size>
      </object_component>
      <object_component id="oc-18e">
         <name>.bss:tps_data</name>
         <uninitialized>true</uninitialized>
         <run_address>0x8005718</run_address>
         <size>0xc</size>
         <input_file_ref idref="fl-b"/>
      </object_component>
      <object_component id="oc-191">
         <name>.bss:front_data</name>
         <uninitialized>true</uninitialized>
         <run_address>0x80056dc</run_address>
         <size>0xc</size>
         <input_file_ref idref="fl-b"/>
      </object_component>
      <object_component id="oc-194">
         <name>.bss:current_data</name>
         <uninitialized>true</uninitialized>
         <run_address>0x80056a0</run_address>
         <size>0xc</size>
         <input_file_ref idref="fl-b"/>
      </object_component>
      <object_component id="oc-197">
         <name>.bss:rear_data</name>
         <uninitialized>true</uninitialized>
         <run_address>0x800570c</run_address>
         <size>0xc</size>
         <input_file_ref idref="fl-b"/>
      </object_component>
      <object_component id="oc-19a">
         <name>.bss:driver1_status</name>
         <uninitialized>true</uninitialized>
         <run_address>0x80056b8</run_address>
         <size>0xc</size>
         <input_file_ref idref="fl-b"/>
      </object_component>
      <object_component id="oc-19d">
         <name>.bss:driver2_status</name>
         <uninitialized>true</uninitialized>
         <run_address>0x80056d0</run_address>
         <size>0xc</size>
         <input_file_ref idref="fl-b"/>
      </object_component>
      <object_component id="oc-1a0">
         <name>.bss:motor1_data</name>
         <uninitialized>true</uninitialized>
         <run_address>0x80056f4</run_address>
         <size>0xc</size>
         <input_file_ref idref="fl-b"/>
      </object_component>
      <object_component id="oc-1a3">
         <name>.bss:motor2_data</name>
         <uninitialized>true</uninitialized>
         <run_address>0x8005700</run_address>
         <size>0xc</size>
         <input_file_ref idref="fl-b"/>
      </object_component>
      <object_component id="oc-1a6">
         <name>.bss:driver1_data</name>
         <uninitialized>true</uninitialized>
         <run_address>0x80056ac</run_address>
         <size>0xc</size>
         <input_file_ref idref="fl-b"/>
      </object_component>
      <object_component id="oc-1a9">
         <name>.bss:driver2_data</name>
         <uninitialized>true</uninitialized>
         <run_address>0x80056c4</run_address>
         <size>0xc</size>
         <input_file_ref idref="fl-b"/>
      </object_component>
      <object_component id="oc-1ac">
         <name>.bss:main_ecu_data</name>
         <uninitialized>true</uninitialized>
         <run_address>0x80056e8</run_address>
         <size>0xc</size>
         <input_file_ref idref="fl-b"/>
      </object_component>
      <object_component id="oc-1af">
         <name>.bss:canopen_heartbeat</name>
         <uninitialized>true</uninitialized>
         <run_address>0x8005694</run_address>
         <size>0xc</size>
         <input_file_ref idref="fl-b"/>
      </object_component>
      <object_component id="oc-242">
         <name>.bss:calibration_cmd</name>
         <uninitialized>true</uninitialized>
         <run_address>0x8005688</run_address>
         <size>0xc</size>
         <input_file_ref idref="fl-b"/>
      </object_component>
      <object_component id="oc-bf">
         <name>.bss:g_sciTransfer_t</name>
         <uninitialized>true</uninitialized>
         <run_address>0x8005660</run_address>
         <size>0x28</size>
         <input_file_ref idref="fl-14"/>
      </object_component>
      <object_component id="oc-6a5">
         <name>.bss:g_spiPacket_t</name>
         <uninitialized>true</uninitialized>
         <run_address>0x800557c</run_address>
         <size>0x78</size>
         <input_file_ref idref="fl-15"/>
      </object_component>
      <object_component id="oc-187">
         <name>.bss:display_data</name>
         <uninitialized>true</uninitialized>
         <run_address>0x80055f4</run_address>
         <size>0x69</size>
         <input_file_ref idref="fl-19"/>
      </object_component>
      <object_component id="oc-2d6">
         <name>.common:EVE_DISP_WIDTH</name>
         <uninitialized>true</uninitialized>
         <run_address>0x8005760</run_address>
         <size>0x4</size>
      </object_component>
      <object_component id="oc-2da">
         <name>.common:EVE_DISP_HEIGHT</name>
         <uninitialized>true</uninitialized>
         <run_address>0x8005730</run_address>
         <size>0x4</size>
      </object_component>
      <object_component id="oc-2db">
         <name>.common:EVE_DISP_HCYCLE</name>
         <uninitialized>true</uninitialized>
         <run_address>0x800572c</run_address>
         <size>0x4</size>
      </object_component>
      <object_component id="oc-2dc">
         <name>.common:EVE_DISP_VCYCLE</name>
         <uninitialized>true</uninitialized>
         <run_address>0x8005750</run_address>
         <size>0x4</size>
      </object_component>
      <object_component id="oc-2dd">
         <name>.common:EVE_DISP_HOFFSET</name>
         <uninitialized>true</uninitialized>
         <run_address>0x8005734</run_address>
         <size>0x4</size>
      </object_component>
      <object_component id="oc-2de">
         <name>.common:EVE_DISP_VOFFSET</name>
         <uninitialized>true</uninitialized>
         <run_address>0x8005754</run_address>
         <size>0x4</size>
      </object_component>
      <object_component id="oc-2df">
         <name>.common:EVE_DISP_HSYNC0</name>
         <uninitialized>true</uninitialized>
         <run_address>0x8005738</run_address>
         <size>0x4</size>
      </object_component>
      <object_component id="oc-2e0">
         <name>.common:EVE_DISP_HSYNC1</name>
         <uninitialized>true</uninitialized>
         <run_address>0x800573c</run_address>
         <size>0x4</size>
      </object_component>
      <object_component id="oc-2e1">
         <name>.common:EVE_DISP_VSYNC0</name>
         <uninitialized>true</uninitialized>
         <run_address>0x8005758</run_address>
         <size>0x4</size>
      </object_component>
      <object_component id="oc-2e2">
         <name>.common:EVE_DISP_VSYNC1</name>
         <uninitialized>true</uninitialized>
         <run_address>0x800575c</run_address>
         <size>0x4</size>
      </object_component>
      <object_component id="oc-2e3">
         <name>.common:EVE_DISP_PCLKPOL</name>
         <uninitialized>true</uninitialized>
         <run_address>0x8005744</run_address>
         <size>0x4</size>
      </object_component>
      <object_component id="oc-2e4">
         <name>.common:EVE_DISP_SWIZZLE</name>
         <uninitialized>true</uninitialized>
         <run_address>0x800574c</run_address>
         <size>0x4</size>
      </object_component>
      <object_component id="oc-2e5">
         <name>.common:EVE_DISP_CSPREAD</name>
         <uninitialized>true</uninitialized>
         <run_address>0x8005724</run_address>
         <size>0x4</size>
      </object_component>
      <object_component id="oc-2e6">
         <name>.common:EVE_DISP_DITHER</name>
         <uninitialized>true</uninitialized>
         <run_address>0x8005728</run_address>
         <size>0x4</size>
      </object_component>
      <object_component id="oc-2e7">
         <name>.common:EVE_DISP_PCLK</name>
         <uninitialized>true</uninitialized>
         <run_address>0x8005740</run_address>
         <size>0x4</size>
      </object_component>
      <object_component id="oc-2e8">
         <name>.common:EVE_DISP_PCLK_FREQ</name>
         <uninitialized>true</uninitialized>
         <run_address>0x8005748</run_address>
         <size>0x4</size>
      </object_component>
      <object_component id="oc-2e9">
         <name>.common:EVE_TOUCH_ADDR</name>
         <uninitialized>true</uninitialized>
         <run_address>0x8005764</run_address>
         <size>0x4</size>
      </object_component>
      <object_component id="oc-18a">
         <name>.common:dashboard_data</name>
         <uninitialized>true</uninitialized>
         <run_address>0x8001500</run_address>
         <size>0x407c</size>
      </object_component>
      <object_component id="oc-636">
         <name>.data:dataconfig</name>
         <load_address>0x80058de</load_address>
         <run_address>0x80058de</run_address>
         <size>0x4</size>
         <input_file_ref idref="fl-5"/>
      </object_component>
      <object_component id="oc-3a6">
         <name>.data</name>
         <load_address>0x800589c</load_address>
         <run_address>0x800589c</run_address>
         <size>0x18</size>
         <input_file_ref idref="fl-a"/>
      </object_component>
      <object_component id="oc-245">
         <name>.data</name>
         <load_address>0x80058d8</load_address>
         <run_address>0x80058d8</run_address>
         <size>0x6</size>
         <input_file_ref idref="fl-b"/>
      </object_component>
      <object_component id="oc-323">
         <name>.data:input_targets</name>
         <load_address>0x80058b4</load_address>
         <run_address>0x80058b4</run_address>
         <size>0x10</size>
         <input_file_ref idref="fl-f"/>
      </object_component>
      <object_component id="oc-3a3">
         <name>.data</name>
         <load_address>0x80058ce</load_address>
         <run_address>0x80058ce</run_address>
         <size>0x2</size>
         <input_file_ref idref="fl-11"/>
      </object_component>
      <object_component id="oc-3a2">
         <name>.data</name>
         <load_address>0x80058c4</load_address>
         <run_address>0x80058c4</run_address>
         <size>0xa</size>
         <input_file_ref idref="fl-34"/>
      </object_component>
      <object_component id="oc-68f">
         <name>.data</name>
         <load_address>0x80058e4</load_address>
         <run_address>0x80058e4</run_address>
         <size>0x4</size>
         <input_file_ref idref="fl-51"/>
      </object_component>
      <object_component id="oc-5d8">
         <name>.data</name>
         <load_address>0x80058d0</load_address>
         <run_address>0x80058d0</run_address>
         <size>0x8</size>
         <input_file_ref idref="fl-5c"/>
      </object_component>
      <object_component id="oc-539">
         <name>.data</name>
         <load_address>0x80058e2</load_address>
         <run_address>0x80058e2</run_address>
         <size>0x1</size>
         <input_file_ref idref="fl-5d"/>
      </object_component>
      <object_component id="oc-348">
         <name>FEE_TEXT_SECTION</name>
         <load_address>0x1be7c</load_address>
         <run_address>0x1be7c</run_address>
         <size>0xcb8</size>
         <input_file_ref idref="fl-30"/>
      </object_component>
      <object_component id="oc-334">
         <name>FEE_TEXT_SECTION</name>
         <load_address>0x1cb34</load_address>
         <run_address>0x1cb34</run_address>
         <size>0x9e8</size>
         <input_file_ref idref="fl-2d"/>
      </object_component>
      <object_component id="oc-2f9">
         <name>FEE_CONST_SECTION</name>
         <load_address>0x1d8a8</load_address>
         <run_address>0x1d8a8</run_address>
         <size>0x84</size>
         <input_file_ref idref="fl-6"/>
      </object_component>
      <object_component id="oc-2fc">
         <name>FEE_CONST_SECTION</name>
         <load_address>0x1d92c</load_address>
         <run_address>0x1d92c</run_address>
         <size>0x1c</size>
         <input_file_ref idref="fl-26"/>
      </object_component>
      <object_component id="oc-2f6">
         <name>FEE_DATA_SECTION</name>
         <load_address>0x8005768</load_address>
         <run_address>0x8005768</run_address>
         <size>0xf5</size>
         <input_file_ref idref="fl-29"/>
      </object_component>
      <object_component id="oc-30e">
         <name>FEE_DATA_SECTION</name>
         <load_address>0x800585d</load_address>
         <run_address>0x800585d</run_address>
         <size>0x1</size>
         <input_file_ref idref="fl-2b"/>
      </object_component>
      <object_component id="oc-315">
         <name>FEE_DATA_SECTION:uninit</name>
         <load_address>0x8005860</load_address>
         <run_address>0x8005860</run_address>
         <size>0x2e</size>
         <input_file_ref idref="fl-2f"/>
      </object_component>
      <object_component id="oc-314">
         <name>FEE_DATA_SECTION:init</name>
         <load_address>0x8005890</load_address>
         <run_address>0x8005890</run_address>
         <size>0x9</size>
         <input_file_ref idref="fl-2f"/>
      </object_component>
      <object_component id="oc-2d7">
         <name>.debug_info</name>
         <load_address>0x0</load_address>
         <run_address>0x0</run_address>
         <size>0xc1e</size>
         <input_file_ref idref="fl-2"/>
      </object_component>
      <object_component id="oc-152">
         <name>.debug_info</name>
         <load_address>0xc1e</load_address>
         <run_address>0xc1e</run_address>
         <size>0x51f</size>
         <input_file_ref idref="fl-2"/>
      </object_component>
      <object_component id="oc-2eb">
         <name>.debug_info</name>
         <load_address>0x113d</load_address>
         <run_address>0x113d</run_address>
         <size>0x18bd</size>
         <input_file_ref idref="fl-2"/>
      </object_component>
      <object_component id="oc-41e">
         <name>.debug_info</name>
         <load_address>0x29fa</load_address>
         <run_address>0x29fa</run_address>
         <size>0xe9</size>
         <input_file_ref idref="fl-2"/>
      </object_component>
      <object_component id="oc-5f">
         <name>.debug_info</name>
         <load_address>0x2ae3</load_address>
         <run_address>0x2ae3</run_address>
         <size>0x84</size>
         <input_file_ref idref="fl-2"/>
      </object_component>
      <object_component id="oc-437">
         <name>.debug_info</name>
         <load_address>0x2b67</load_address>
         <run_address>0x2b67</run_address>
         <size>0x2d6</size>
         <input_file_ref idref="fl-2"/>
      </object_component>
      <object_component id="oc-250">
         <name>.debug_info</name>
         <load_address>0x2e3d</load_address>
         <run_address>0x2e3d</run_address>
         <size>0xbb</size>
         <input_file_ref idref="fl-2"/>
      </object_component>
      <object_component id="oc-432">
         <name>.debug_info</name>
         <load_address>0x2ef8</load_address>
         <run_address>0x2ef8</run_address>
         <size>0x2a1</size>
         <input_file_ref idref="fl-2"/>
      </object_component>
      <object_component id="oc-560">
         <name>.debug_info</name>
         <load_address>0x3199</load_address>
         <run_address>0x3199</run_address>
         <size>0x2c</size>
         <input_file_ref idref="fl-2"/>
      </object_component>
      <object_component id="oc-4d2">
         <name>.debug_info</name>
         <load_address>0x31c5</load_address>
         <run_address>0x31c5</run_address>
         <size>0x89b</size>
         <input_file_ref idref="fl-3"/>
      </object_component>
      <object_component id="oc-2f4">
         <name>.debug_info</name>
         <load_address>0x3a60</load_address>
         <run_address>0x3a60</run_address>
         <size>0x8760</size>
         <input_file_ref idref="fl-3"/>
      </object_component>
      <object_component id="oc-1d4">
         <name>.debug_info</name>
         <load_address>0xc1c0</load_address>
         <run_address>0xc1c0</run_address>
         <size>0x26b</size>
         <input_file_ref idref="fl-3"/>
      </object_component>
      <object_component id="oc-4cd">
         <name>.debug_info</name>
         <load_address>0xc42b</load_address>
         <run_address>0xc42b</run_address>
         <size>0x2a4</size>
         <input_file_ref idref="fl-3"/>
      </object_component>
      <object_component id="oc-1cd">
         <name>.debug_info</name>
         <load_address>0xc6cf</load_address>
         <run_address>0xc6cf</run_address>
         <size>0xbb</size>
         <input_file_ref idref="fl-3"/>
      </object_component>
      <object_component id="oc-261">
         <name>.debug_info</name>
         <load_address>0xc78a</load_address>
         <run_address>0xc78a</run_address>
         <size>0x2c</size>
         <input_file_ref idref="fl-3"/>
      </object_component>
      <object_component id="oc-528">
         <name>.debug_info</name>
         <load_address>0xc7b6</load_address>
         <run_address>0xc7b6</run_address>
         <size>0x2c</size>
         <input_file_ref idref="fl-3"/>
      </object_component>
      <object_component id="oc-27d">
         <name>.debug_info</name>
         <load_address>0xc7e2</load_address>
         <run_address>0xc7e2</run_address>
         <size>0x35</size>
         <input_file_ref idref="fl-3"/>
      </object_component>
      <object_component id="oc-5cf">
         <name>.debug_info</name>
         <load_address>0xc817</load_address>
         <run_address>0xc817</run_address>
         <size>0x5db</size>
         <input_file_ref idref="fl-4"/>
      </object_component>
      <object_component id="oc-518">
         <name>.debug_info</name>
         <load_address>0xcdf2</load_address>
         <run_address>0xcdf2</run_address>
         <size>0x15e8</size>
         <input_file_ref idref="fl-4"/>
      </object_component>
      <object_component id="oc-463">
         <name>.debug_info</name>
         <load_address>0xe3da</load_address>
         <run_address>0xe3da</run_address>
         <size>0x5d0</size>
         <input_file_ref idref="fl-5"/>
      </object_component>
      <object_component id="oc-637">
         <name>.debug_info</name>
         <load_address>0xe9aa</load_address>
         <run_address>0xe9aa</run_address>
         <size>0xeb</size>
         <input_file_ref idref="fl-5"/>
      </object_component>
      <object_component id="oc-5ca">
         <name>.debug_info</name>
         <load_address>0xea95</load_address>
         <run_address>0xea95</run_address>
         <size>0x154a</size>
         <input_file_ref idref="fl-5"/>
      </object_component>
      <object_component id="oc-592">
         <name>.debug_info</name>
         <load_address>0xffdf</load_address>
         <run_address>0xffdf</run_address>
         <size>0x3d9</size>
         <input_file_ref idref="fl-5"/>
      </object_component>
      <object_component id="oc-1b3">
         <name>.debug_info</name>
         <load_address>0x103b8</load_address>
         <run_address>0x103b8</run_address>
         <size>0x18d</size>
         <input_file_ref idref="fl-5"/>
      </object_component>
      <object_component id="oc-d1">
         <name>.debug_info</name>
         <load_address>0x10545</load_address>
         <run_address>0x10545</run_address>
         <size>0x8b</size>
         <input_file_ref idref="fl-5"/>
      </object_component>
      <object_component id="oc-48f">
         <name>.debug_info</name>
         <load_address>0x105d0</load_address>
         <run_address>0x105d0</run_address>
         <size>0x25d</size>
         <input_file_ref idref="fl-5"/>
      </object_component>
      <object_component id="oc-494">
         <name>.debug_info</name>
         <load_address>0x1082d</load_address>
         <run_address>0x1082d</run_address>
         <size>0x15c</size>
         <input_file_ref idref="fl-5"/>
      </object_component>
      <object_component id="oc-58d">
         <name>.debug_info</name>
         <load_address>0x10989</load_address>
         <run_address>0x10989</run_address>
         <size>0x29e</size>
         <input_file_ref idref="fl-5"/>
      </object_component>
      <object_component id="oc-531">
         <name>.debug_info</name>
         <load_address>0x10c27</load_address>
         <run_address>0x10c27</run_address>
         <size>0x1ee</size>
         <input_file_ref idref="fl-6"/>
      </object_component>
      <object_component id="oc-2fa">
         <name>.debug_info</name>
         <load_address>0x10e15</load_address>
         <run_address>0x10e15</run_address>
         <size>0xfe</size>
         <input_file_ref idref="fl-6"/>
      </object_component>
      <object_component id="oc-309">
         <name>.debug_info</name>
         <load_address>0x10f13</load_address>
         <run_address>0x10f13</run_address>
         <size>0xe57</size>
         <input_file_ref idref="fl-6"/>
      </object_component>
      <object_component id="oc-53e">
         <name>.debug_info</name>
         <load_address>0x11d6a</load_address>
         <run_address>0x11d6a</run_address>
         <size>0x225</size>
         <input_file_ref idref="fl-6"/>
      </object_component>
      <object_component id="oc-543">
         <name>.debug_info</name>
         <load_address>0x11f8f</load_address>
         <run_address>0x11f8f</run_address>
         <size>0x26d5</size>
         <input_file_ref idref="fl-6"/>
      </object_component>
      <object_component id="oc-af">
         <name>.debug_info</name>
         <load_address>0x14664</load_address>
         <run_address>0x14664</run_address>
         <size>0x157</size>
         <input_file_ref idref="fl-6"/>
      </object_component>
      <object_component id="oc-550">
         <name>.debug_info</name>
         <load_address>0x147bb</load_address>
         <run_address>0x147bb</run_address>
         <size>0x46</size>
         <input_file_ref idref="fl-6"/>
      </object_component>
      <object_component id="oc-644">
         <name>.debug_info</name>
         <load_address>0x14801</load_address>
         <run_address>0x14801</run_address>
         <size>0x17a</size>
         <input_file_ref idref="fl-7"/>
      </object_component>
      <object_component id="oc-259">
         <name>.debug_info</name>
         <load_address>0x1497b</load_address>
         <run_address>0x1497b</run_address>
         <size>0x3e2</size>
[...]
         <name>TI_Fee_bEraseSuspended</name>
         <value>0x8005845</value>
         <object_component_ref idref="oc-2f6"/>
      </symbol>
      <symbol id="sm-100b">
         <name>TI_Fee_u32BlockEraseCount</name>
         <value>0x8005838</value>
         <object_component_ref idref="oc-2f6"/>
      </symbol>
      <symbol id="sm-100c">
         <name>TI_Fee_u8ErrEraseVS</name>
         <value>0x8005844</value>
         <object_component_ref idref="oc-2f6"/>
      </symbol>
      <symbol id="sm-100d">
         <name>TI_Fee_bIsMainFunctionCalled</name>
         <value>0x8005846</value>
         <object_component_ref idref="oc-2f6"/>
      </symbol>
      <symbol id="sm-107e">
         <name>TI_Fee_MainFunction</name>
         <value>0xec34</value>
         <object_component_ref idref="oc-163"/>
      </symbol>
      <symbol id="sm-10b9">
         <name>TI_Fee_ReadSync</name>
         <value>0x1cb34</value>
         <object_component_ref idref="oc-334"/>
      </symbol>
      <symbol id="sm-12dd">
         <name>TI_FeeInternal_FindNextVirtualSector</name>
         <value>0xec4</value>
         <object_component_ref idref="oc-169"/>
      </symbol>
      <symbol id="sm-12de">
         <name>TI_Fee_GetStatus</name>
         <value>0x4ec8</value>
         <object_component_ref idref="oc-169"/>
      </symbol>
      <symbol id="sm-12df">
         <name>TI_FeeInternal_SetClearCopyBlockState</name>
         <value>0x2f28</value>
         <object_component_ref idref="oc-169"/>
      </symbol>
      <symbol id="sm-12e0">
         <name>TI_FeeInternal_UpdateBlockOffsetArray</name>
         <value>0x1e90</value>
         <object_component_ref idref="oc-169"/>
      </symbol>
      <symbol id="sm-12e1">
         <name>TI_FeeInternal_CheckReadParameters</name>
         <value>0x2ab4</value>
         <object_component_ref idref="oc-169"/>
      </symbol>
      <symbol id="sm-12e2">
         <name>TI_FeeInternal_BlankCheck</name>
         <value>0x1188</value>
         <object_component_ref idref="oc-169"/>
      </symbol>
      <symbol id="sm-12e3">
         <name>TI_FeeInternal_Fletcher16</name>
         <value>0x50b4</value>
         <object_component_ref idref="oc-169"/>
      </symbol>
      <symbol id="sm-12e4">
         <name>TI_Fee_ErrorRecovery</name>
         <value>0x51e0</value>
         <object_component_ref idref="oc-169"/>
      </symbol>
      <symbol id="sm-12e5">
         <name>TI_FeeInternal_PollFlashStatus</name>
         <value>0xe08</value>
         <object_component_ref idref="oc-169"/>
      </symbol>
      <symbol id="sm-12e6">
         <name>TI_FeeInternal_StartProgramBlock</name>
         <value>0x4dc4</value>
         <object_component_ref idref="oc-169"/>
      </symbol>
      <symbol id="sm-12e7">
         <name>TI_FeeInternal_GetCurrentBlockAddress</name>
         <value>0x2be4</value>
         <object_component_ref idref="oc-169"/>
      </symbol>
      <symbol id="sm-12e8">
         <name>TI_FeeInternal_WriteBlockHeader</name>
         <value>0x44bc</value>
         <object_component_ref idref="oc-169"/>
      </symbol>
      <symbol id="sm-12e9">
         <name>TI_FeeInternal_EnableRequiredFlashSector</name>
         <value>0x56cc</value>
         <object_component_ref idref="oc-169"/>
      </symbol>
      <symbol id="sm-12ea">
         <name>TI_FeeInternal_WriteDataF021</name>
         <value>0x664</value>
         <object_component_ref idref="oc-169"/>
      </symbol>
      <symbol id="sm-12eb">
         <name>TI_FeeInternal_GetBlockNumber</name>
         <value>0x1c2c</value>
         <object_component_ref idref="oc-169"/>
      </symbol>
      <symbol id="sm-12ec">
         <name>TI_FeeInternal_GetDataSetIndex</name>
         <value>0x1ce8</value>
         <object_component_ref idref="oc-169"/>
      </symbol>
      <symbol id="sm-12ed">
         <name>TI_FeeInternal_GetVirtualSectorParameter</name>
         <value>0x20</value>
         <object_component_ref idref="oc-169"/>
      </symbol>
      <symbol id="sm-12ee">
         <name>TI_FeeInternal_WriteVirtualSectorHeader</name>
         <value>0x1b8</value>
         <object_component_ref idref="oc-169"/>
      </symbol>
      <symbol id="sm-12ef">
         <name>TI_FeeInternal_AlignAddressForECC</name>
         <value>0xaf4</value>
         <object_component_ref idref="oc-169"/>
      </symbol>
      <symbol id="sm-12f0">
         <name>TI_FeeInternal_WritePreviousBlockHeader</name>
         <value>0x481c</value>
         <object_component_ref idref="oc-169"/>
      </symbol>
      <symbol id="sm-12f1">
         <name>TI_FeeInternal_GetBlockSize</name>
         <value>0xe84</value>
         <object_component_ref idref="oc-169"/>
      </symbol>
      <symbol id="sm-12f2">
         <name>TI_FeeInternal_GetNextFlashAddress</name>
         <value>0x2ce8</value>
         <object_component_ref idref="oc-169"/>
      </symbol>
      <symbol id="sm-12f3">
         <name>TI_FeeInternal_GetArrayIndex</name>
         <value>0x1d24</value>
         <object_component_ref idref="oc-169"/>
      </symbol>
      <symbol id="sm-12f4">
         <name>TI_FeeInternal_WriteInitialize</name>
         <value>0xb2c</value>
         <object_component_ref idref="oc-169"/>
      </symbol>
      <symbol id="sm-12f5">
         <name>TI_FeeInternal_FeeManager</name>
         <value>0x3044</value>
         <object_component_ref idref="oc-169"/>
      </symbol>
      <symbol id="sm-12f6">
         <name>TI_FeeInternal_CheckModuleState</name>
         <value>0x2a54</value>
         <object_component_ref idref="oc-169"/>
      </symbol>
      <symbol id="sm-12f7">
         <name>TI_FeeInternal_GetBlockIndex</name>
         <value>0x1c68</value>
         <object_component_ref idref="oc-169"/>
      </symbol>
      <symbol id="sm-12f8">
         <name>TI_FeeInternal_InvalidateErase</name>
         <value>0x4b14</value>
         <object_component_ref idref="oc-169"/>
      </symbol>
      <symbol id="sm-12f9">
         <name>TI_FeeInternal_GetVirtualSectorIndex</name>
         <value>0x1a50</value>
         <object_component_ref idref="oc-169"/>
      </symbol>
      <symbol id="sm-12fa">
         <name>TI_FeeInternal_CheckForError</name>
         <value>0x4f34</value>
         <object_component_ref idref="oc-169"/>
      </symbol>
      <symbol id="sm-12fb">
         <name>TI_Fee_SuspendResumeErase</name>
         <value>0x54bc</value>
         <object_component_ref idref="oc-169"/>
      </symbol>
      <symbol id="sm-12fc">
         <name>TI_FeeInternal_SanityCheck</name>
         <value>0x2d38</value>
         <object_component_ref idref="oc-169"/>
      </symbol>
      <symbol id="sm-1341">
         <name>TI_Fee_WriteAsync</name>
         <value>0x1be7c</value>
         <object_component_ref idref="oc-348"/>
      </symbol>
      <symbol id="sm-1361">
         <name>_Z15ui_draw_buttonsR14Bridgetek_EVE2P16dashboard_data_t</name>
         <value>0x199b8</value>
         <object_component_ref idref="oc-3e7"/>
      </symbol>
      <symbol id="sm-1379">
         <name>_Z15ui_draw_rpm_barR14Bridgetek_EVE2f</name>
         <value>0x19e50</value>
         <object_component_ref idref="oc-3e1"/>
      </symbol>
      <symbol id="sm-1449">
         <name>_Z15saveCalibrationR14Bridgetek_EVE2</name>
         <value>0x10c4c</value>
         <object_component_ref idref="oc-17b"/>
      </symbol>
      <symbol id="sm-144a">
         <name>_Z12eve_read_tagR14Bridgetek_EVE2Ph</name>
         <value>0x10d78</value>
         <object_component_ref idref="oc-17b"/>
      </symbol>
      <symbol id="sm-144b">
         <name>_ZN14Bridgetek_EVE213CMD_CALIBRATEEj</name>
         <value>0x1bcc0</value>
         <object_component_ref idref="oc-38d"/>
      </symbol>
      <symbol id="sm-144c">
         <name>_ZN14Bridgetek_EVE213LIB_MemRead16Ej</name>
         <value>0x1bcd8</value>
         <object_component_ref idref="oc-34e"/>
      </symbol>
      <symbol id="sm-144d">
         <name>_Z5delayi</name>
         <value>0x10d04</value>
         <object_component_ref idref="oc-17b"/>
      </symbol>
      <symbol id="sm-144e">
         <name>_Z13eve_calibrateR14Bridgetek_EVE2</name>
         <value>0x10de4</value>
         <object_component_ref idref="oc-17b"/>
      </symbol>
      <symbol id="sm-144f">
         <name>_Z10eve_get_xyR14Bridgetek_EVE2PtS1_</name>
         <value>0x10fd0</value>
         <object_component_ref idref="oc-17b"/>
      </symbol>
      <symbol id="sm-1450">
         <name>_Z15ui_handle_touchR14Bridgetek_EVE2P16dashboard_data_t</name>
         <value>0x1104c</value>
         <object_component_ref idref="oc-17b"/>
      </symbol>
      <symbol id="sm-1451">
         <name>_ZN14Bridgetek_EVE219LIB_AwaitCoProEmptyEv</name>
         <value>0x1bdb8</value>
         <object_component_ref idref="oc-39b"/>
      </symbol>
      <symbol id="sm-1452">
         <name>_ZN14Bridgetek_EVE213LIB_MemRead32Ej</name>
         <value>0x1bcf0</value>
         <object_component_ref idref="oc-341"/>
      </symbol>
      <symbol id="sm-1453">
         <name>_ZN14Bridgetek_EVE214LIB_MemWrite32Ejj</name>
         <value>0x1bb64</value>
         <object_component_ref idref="oc-33a"/>
      </symbol>
      <symbol id="sm-1454">
         <name>_ZN14Bridgetek_EVE213LIB_MemWrite8Ejh</name>
         <value>0x1bb44</value>
         <object_component_ref idref="oc-35c"/>
      </symbol>
      <symbol id="sm-1455">
         <name>_ZN14Bridgetek_EVE212LIB_MemRead8Ej</name>
         <value>0x1bca8</value>
         <object_component_ref idref="oc-355"/>
      </symbol>
      <symbol id="sm-1456">
         <name>_Z15loadCalibrationR14Bridgetek_EVE2</name>
         <value>0x10b90</value>
         <object_component_ref idref="oc-17b"/>
      </symbol>
      <symbol id="sm-147c">
         <name>floorl</name>
         <value>0x1ada5</value>
         <object_component_ref idref="oc-2c3"/>
      </symbol>
      <symbol id="sm-147d">
         <name>floor</name>
         <value>0x1ada5</value>
         <object_component_ref idref="oc-2c3"/>
      </symbol>
      <symbol id="sm-14a4">
         <name>sprintf</name>
         <value>0x1b7d5</value>
         <object_component_ref idref="oc-3cd"/>
      </symbol>
      <symbol id="sm-14bf">
         <name>memcpy</name>
         <value>0x1b013</value>
         <object_component_ref idref="oc-64"/>
      </symbol>
      <symbol id="sm-14c0">
         <name>__aeabi_memcpy</name>
         <value>0x1b013</value>
         <object_component_ref idref="oc-64"/>
      </symbol>
      <symbol id="sm-14c1">
         <name>__aeabi_memcpy8</name>
         <value>0x1b013</value>
         <object_component_ref idref="oc-64"/>
      </symbol>
      <symbol id="sm-14c2">
         <name>__aeabi_memcpy4</name>
         <value>0x1b013</value>
         <object_component_ref idref="oc-64"/>
      </symbol>
      <symbol id="sm-14ce">
         <name>__aeabi_idivmod</name>
         <value>0x1b5c0</value>
         <object_component_ref idref="oc-3ed"/>
      </symbol>
      <symbol id="sm-14cf">
         <name>__aeabi_idiv</name>
         <value>0x1b5c0</value>
         <object_component_ref idref="oc-3ed"/>
      </symbol>
      <symbol id="sm-14fd">
         <name>__TI_auto_init_nobinit</name>
         <value>0x1b401</value>
         <object_component_ref idref="oc-11a"/>
      </symbol>
      <symbol id="sm-1510">
         <name>__TI_zero_init</name>
         <value>0x1be43</value>
         <object_component_ref idref="oc-76"/>
      </symbol>
      <symbol id="sm-1527">
         <name>__TI_decompress_none</name>
         <value>0x1be29</value>
         <object_component_ref idref="oc-18"/>
      </symbol>
      <symbol id="sm-154a">
         <name>__TI_decompress_lzss</name>
         <value>0x1b32d</value>
         <object_component_ref idref="oc-12"/>
      </symbol>
      <symbol id="sm-1555">
         <name>C$$EXIT</name>
         <value>0x1be69</value>
         <object_component_ref idref="oc-1ba"/>
      </symbol>
      <symbol id="sm-1556">
         <name>abort</name>
         <value>0x1be69</value>
         <object_component_ref idref="oc-1ba"/>
      </symbol>
      <symbol id="sm-1565">
         <name>strlen</name>
         <value>0x1bd4f</value>
         <object_component_ref idref="oc-51b"/>
      </symbol>
      <symbol id="sm-1578">
         <name>strstr</name>
         <value>0x1b88d</value>
         <object_component_ref idref="oc-521"/>
      </symbol>
      <symbol id="sm-16cf">
         <name>__TI_printfi</name>
         <value>0x139d9</value>
         <object_component_ref idref="oc-56b"/>
      </symbol>
      <symbol id="sm-16d9">
         <name>__aeabi_idiv0</name>
         <value>0x14427</value>
         <object_component_ref idref="oc-585"/>
      </symbol>
      <symbol id="sm-16da">
         <name>__aeabi_ldiv0</name>
         <value>0x14427</value>
         <object_component_ref idref="oc-585"/>
      </symbol>
      <symbol id="sm-16e9">
         <name>__aeabi_memset</name>
         <value>0x1b241</value>
         <object_component_ref idref="oc-f0"/>
      </symbol>
      <symbol id="sm-16ea">
         <name>memset</name>
         <value>0x1b247</value>
         <object_component_ref idref="oc-f0"/>
      </symbol>
      <symbol id="sm-16eb">
         <name>__aeabi_memset8</name>
         <value>0x1b241</value>
         <object_component_ref idref="oc-f0"/>
      </symbol>
      <symbol id="sm-16ec">
         <name>__aeabi_memset4</name>
         <value>0x1b241</value>
         <object_component_ref idref="oc-f0"/>
      </symbol>
      <symbol id="sm-16ed">
         <name>__aeabi_memclr8</name>
         <value>0x1b23f</value>
         <object_component_ref idref="oc-f0"/>
      </symbol>
      <symbol id="sm-16ee">
         <name>__aeabi_memclr4</name>
         <value>0x1b23f</value>
         <object_component_ref idref="oc-f0"/>
      </symbol>
      <symbol id="sm-16ef">
         <name>__aeabi_memclr</name>
         <value>0x1b23f</value>
         <object_component_ref idref="oc-f0"/>
      </symbol>
      <symbol id="sm-170a">
         <name>__aeabi_uldivmod</name>
         <value>0x1921c</value>
         <object_component_ref idref="oc-64c"/>
      </symbol>
      <symbol id="sm-1719">
         <name>__TI_ltoa</name>
         <value>0x1b519</value>
         <object_component_ref idref="oc-652"/>
      </symbol>
      <symbol id="sm-172e">
         <name>atoi</name>
         <value>0x1b6b5</value>
         <object_component_ref idref="oc-5e2"/>
      </symbol>
      <symbol id="sm-1739">
         <name>_ctypes_</name>
         <value>0x1d71c</value>
         <object_component_ref idref="oc-647"/>
      </symbol>
      <symbol id="sm-1749">
         <name>memccpy</name>
         <value>0x1ba2d</value>
         <object_component_ref idref="oc-606"/>
      </symbol>
      <symbol id="sm-1759">
         <name>strchr</name>
         <value>0x1bd39</value>
         <object_component_ref idref="oc-67f"/>
      </symbol>
      <symbol id="sm-176f">
         <name>__aeabi_errno_addr</name>
         <value>0x1be61</value>
         <object_component_ref idref="oc-612"/>
      </symbol>
      <symbol id="sm-1770">
         <name>errno</name>
         <value>0x80058e4</value>
         <object_component_ref idref="oc-68f"/>
      </symbol>
      <symbol id="sm-1789">
         <name>wcslen</name>
         <value>0x1bd65</value>
         <object_component_ref idref="oc-60c"/>
      </symbol>
      <symbol id="sm-17a7">
         <name>frexpl</name>
         <value>0x1b2b9</value>
         <object_component_ref idref="oc-673"/>
      </symbol>
      <symbol id="sm-17a8">
         <name>frexp</name>
         <value>0x1b2b9</value>
         <object_component_ref idref="oc-673"/>
      </symbol>
      <symbol id="sm-17c5">
         <name>scalbn</name>
         <value>0x1abcd</value>
         <object_component_ref idref="oc-679"/>
      </symbol>
      <symbol id="sm-17c6">
         <name>scalbnl</name>
         <value>0x1abcd</value>
         <object_component_ref idref="oc-679"/>
      </symbol>
      <symbol id="sm-17c7">
         <name>ldexpl</name>
         <value>0x1abcd</value>
         <object_component_ref idref="oc-679"/>
      </symbol>
      <symbol id="sm-17c8">
         <name>ldexp</name>
         <value>0x1abcd</value>
         <object_component_ref idref="oc-679"/>
      </symbol>
      <symbol id="sm-17d2">
         <name>copysign</name>
         <value>0x1bc25</value>
         <object_component_ref idref="oc-6c5"/>
      </symbol>
      <symbol id="sm-17d3">
         <name>copysignl</name>
         <value>0x1bc25</value>
         <object_component_ref idref="oc-6c5"/>
      </symbol>
      <symbol id="sm-17d9">
         <name>Fapi_issueAsyncCommand</name>
         <value>0x1b989</value>
         <object_component_ref idref="oc-312"/>
      </symbol>
      <symbol id="sm-17e1">
         <name>Fapi_issueAsyncCommandWithAddress</name>
         <value>0x1b8fd</value>
         <object_component_ref idref="oc-313"/>
      </symbol>
      <symbol id="sm-17e9">
         <name>Fapi_doBlankCheck</name>
         <value>0x1b0b1</value>
         <object_component_ref idref="oc-311"/>
      </symbol>
      <symbol id="sm-17fa">
         <name>_Fapi_EnableSectors</name>
         <value>0x1b751</value>
         <object_component_ref idref="oc-53b"/>
      </symbol>
      <symbol id="sm-17fb">
         <name>Fapi_enableEepromBankSectors</name>
         <value>0x1b145</value>
         <object_component_ref idref="oc-301"/>
      </symbol>
      <symbol id="sm-180f">
         <name>Fapi_initializeFlashBanks</name>
         <value>0x19759</value>
         <object_component_ref idref="oc-2ff"/>
      </symbol>
      <symbol id="sm-1815">
         <name>_Fapi_issueFsmCommand</name>
         <value>0x1b815</value>
         <object_component_ref idref="oc-54d"/>
      </symbol>
      <symbol id="sm-1822">
         <name>_scaleMainFclk</name>
         <value>0x1be19</value>
         <object_component_ref idref="oc-537"/>
      </symbol>
      <symbol id="sm-1823">
         <name>_scaleEEFclk</name>
         <value>0x1be09</value>
         <object_component_ref idref="oc-538"/>
      </symbol>
      <symbol id="sm-1834">
         <name>Fapi_setActiveFlashBank</name>
         <value>0x1a515</value>
         <object_component_ref idref="oc-300"/>
      </symbol>
      <symbol id="sm-1838">
         <name>Fapi_flushPipeline</name>
         <value>0x1bac1</value>
         <object_component_ref idref="oc-54b"/>
      </symbol>
      <symbol id="sm-1840">
         <name>_Fapi_loopRegionForValue</name>
         <value>0x1b461</value>
         <object_component_ref idref="oc-54c"/>
      </symbol>
      <symbol id="sm-1845">
         <name>_Fapi_checkWdService</name>
         <value>0x1be37</value>
         <object_component_ref idref="oc-5dd"/>
      </symbol>
      <symbol id="sm-184b">
         <name>Fapi_calculateFletcherChecksum</name>
         <value>0x1b8c5</value>
         <object_component_ref idref="oc-535"/>
      </symbol>
      <symbol id="sm-1852">
         <name>Fapi_waitDelay</name>
         <value>0x1b92d</value>
         <object_component_ref idref="oc-5db"/>
      </symbol>
      <symbol id="sm-1858">
         <name>Fapi_getNumberOfBankSectors</name>
         <value>0x1bd79</value>
         <object_component_ref idref="oc-53a"/>
      </symbol>
      <symbol id="sm-185e">
         <name>_Fapi_readDword</name>
         <value>0x1b95d</value>
         <object_component_ref idref="oc-5dc"/>
      </symbol>
      <symbol id="sm-186a">
         <name>Fapi_isAddressEcc</name>
         <value>0x1b615</value>
         <object_component_ref idref="oc-640"/>
      </symbol>
      <symbol id="sm-186b">
         <name>__TI_static_base__</name>
         <value>0x0</value>
      </symbol>
      <symbol id="sm-1871">
         <name>_system_post_cinit</name>
         <value>0x0</value>
      </symbol>
   </symbol_table>
   <title>Link successful</title>
</link_info>
