<?xml version="1.0" encoding="ISO-8859-1" ?>
<link_info>
   <banner>TI ARM Linker PC v20.2.7.LTS</banner>
   <copyright>Copyright (c) 1996-2018 Texas Instruments Incorporated</copyright>
   <link_time>0x6a3758e6</link_time>
   <link_errors>0x0</link_errors>
   <output_file>tms570_on_board_ecu.out</output_file>
   <entry_point>
      <name>_c_int00</name>
      <address>0x18f0c</address>
   </entry_point>
   <input_file_list>
      <input_file id="fl-2">
         <path>.\ft81x_driver\</path>
         <kind>object</kind>
         <file>Bridgetek_EVE2.obj</file>
         <name>Bridgetek_EVE2.obj</name>
      </input_file>
      <input_file id="fl-3">
         <path>.\ft81x_driver\</path>
         <kind>object</kind>
         <file>EVE_API.obj</file>
         <name>EVE_API.obj</name>
      </input_file>
      <input_file id="fl-4">
         <path>.\ft81x_driver\</path>
         <kind>object</kind>
         <file>EVE_HAL.obj</file>
         <name>EVE_HAL.obj</name>
      </input_file>
      <input_file id="fl-5">
         <path>.\ft81x_driver\</path>
         <kind>object</kind>
         <file>EVE_MCU.obj</file>
         <name>EVE_MCU.obj</name>
      </input_file>
      <input_file id="fl-6">
         <path>.\source\</path>
         <kind>object</kind>
         <file>Device_TMS570LS12.obj</file>
         <name>Device_TMS570LS12.obj</name>
      </input_file>
      <input_file id="fl-7">
         <path>.\source\</path>
         <kind>object</kind>
         <file>Fapi_UserDefinedFunctions.obj</file>
         <name>Fapi_UserDefinedFunctions.obj</name>
      </input_file>
      <input_file id="fl-8">
         <path>.\source\</path>
         <kind>object</kind>
         <file>can.obj</file>
         <name>can.obj</name>
      </input_file>
      <input_file id="fl-9">
         <path>.\source\</path>
         <kind>object</kind>
         <file>dabort.obj</file>
         <name>dabort.obj</name>
      </input_file>
      <input_file id="fl-a">
         <path>.\source\</path>
         <kind>object</kind>
         <file>dashboard.obj</file>
         <name>dashboard.obj</name>
      </input_file>
      <input_file id="fl-b">
         <path>.\source\</path>
         <kind>object</kind>
         <file>data.obj</file>
         <name>data.obj</name>
      </input_file>
      <input_file id="fl-c">
         <path>.\source\</path>
         <kind>object</kind>
         <file>errata_SSWF021_45.obj</file>
         <name>errata_SSWF021_45.obj</name>
      </input_file>
      <input_file id="fl-d">
         <path>.\source\</path>
         <kind>object</kind>
         <file>esm.obj</file>
         <name>esm.obj</name>
      </input_file>
      <input_file id="fl-e">
         <path>.\source\</path>
         <kind>object</kind>
         <file>gio.obj</file>
         <name>gio.obj</name>
      </input_file>
      <input_file id="fl-f">
         <path>.\source\</path>
         <kind>object</kind>
         <file>inputs.obj</file>
         <name>inputs.obj</name>
      </input_file>
      <input_file id="fl-10">
         <path>.\source\</path>
         <kind>object</kind>
         <file>notification.obj</file>
         <name>notification.obj</name>
      </input_file>
      <input_file id="fl-11">
         <path>.\source\</path>
         <kind>object</kind>
         <file>pages.obj</file>
         <name>pages.obj</name>
      </input_file>
      <input_file id="fl-12">
         <path>.\source\</path>
         <kind>object</kind>
         <file>pinmux.obj</file>
         <name>pinmux.obj</name>
      </input_file>
      <input_file id="fl-13">
         <path>.\source\</path>
         <kind>object</kind>
         <file>rti.obj</file>
         <name>rti.obj</name>
      </input_file>
      <input_file id="fl-14">
         <path>.\source\</path>
         <kind>object</kind>
         <file>sci.obj</file>
         <name>sci.obj</name>
      </input_file>
      <input_file id="fl-15">
         <path>.\source\</path>
         <kind>object</kind>
         <file>spi.obj</file>
         <name>spi.obj</name>
      </input_file>
      <input_file id="fl-16">
         <path>.\source\</path>
         <kind>object</kind>
         <file>sys_core.obj</file>
         <name>sys_core.obj</name>
      </input_file>
      <input_file id="fl-17">
         <path>.\source\</path>
         <kind>object</kind>
         <file>sys_dma.obj</file>
         <name>sys_dma.obj</name>
      </input_file>
      <input_file id="fl-18">
         <path>.\source\</path>
         <kind>object</kind>
         <file>sys_intvecs.obj</file>
         <name>sys_intvecs.obj</name>
      </input_file>
      <input_file id="fl-19">
         <path>.\source\</path>
         <kind>object</kind>
         <file>sys_main.obj</file>
         <name>sys_main.obj</name>
      </input_file>
      <input_file id="fl-1a">
         <path>.\source\</path>
         <kind>object</kind>
         <file>sys_mpu.obj</file>
         <name>sys_mpu.obj</name>
      </input_file>
      <input_file id="fl-1b">
         <path>.\source\</path>
         <kind>object</kind>
         <file>sys_pcr.obj</file>
         <name>sys_pcr.obj</name>
      </input_file>
      <input_file id="fl-1c">
         <path>.\source\</path>
         <kind>object</kind>
         <file>sys_phantom.obj</file>
         <name>sys_phantom.obj</name>
      </input_file>
      <input_file id="fl-1d">
         <path>.\source\</path>
         <kind>object</kind>
         <file>sys_pmm.obj</file>
         <name>sys_pmm.obj</name>
      </input_file>
      <input_file id="fl-1e">
         <path>.\source\</path>
         <kind>object</kind>
         <file>sys_pmu.obj</file>
         <name>sys_pmu.obj</name>
      </input_file>
      <input_file id="fl-1f">
         <path>.\source\</path>
         <kind>object</kind>
         <file>sys_selftest.obj</file>
         <name>sys_selftest.obj</name>
      </input_file>
      <input_file id="fl-20">
         <path>.\source\</path>
         <kind>object</kind>
         <file>sys_startup.obj</file>
         <name>sys_startup.obj</name>
      </input_file>
      <input_file id="fl-21">
         <path>.\source\</path>
         <kind>object</kind>
         <file>sys_vim.obj</file>
         <name>sys_vim.obj</name>
      </input_file>
      <input_file id="fl-22">
         <path>.\source\</path>
         <kind>object</kind>
         <file>system.obj</file>
         <name>system.obj</name>
      </input_file>
      <input_file id="fl-23">
         <path>.\source\</path>
         <kind>object</kind>
         <file>test_main_ecu.obj</file>
         <name>test_main_ecu.obj</name>
      </input_file>
      <input_file id="fl-24">
         <path>.\source\</path>
         <kind>object</kind>
         <file>ti_fee_Info.obj</file>
         <name>ti_fee_Info.obj</name>
      </input_file>
      <input_file id="fl-25">
         <path>.\source\</path>
         <kind>object</kind>
         <file>ti_fee_cancel.obj</file>
         <name>ti_fee_cancel.obj</name>
      </input_file>
      <input_file id="fl-26">
         <path>.\source\</path>
         <kind>object</kind>
         <file>ti_fee_cfg.obj</file>
         <name>ti_fee_cfg.obj</name>
      </input_file>
      <input_file id="fl-27">
         <path>.\source\</path>
         <kind>object</kind>
         <file>ti_fee_eraseimmediateblock.obj</file>
         <name>ti_fee_eraseimmediateblock.obj</name>
      </input_file>
      <input_file id="fl-28">
         <path>.\source\</path>
         <kind>object</kind>
         <file>ti_fee_format.obj</file>
         <name>ti_fee_format.obj</name>
      </input_file>
      <input_file id="fl-29">
         <path>.\source\</path>
         <kind>object</kind>
         <file>ti_fee_ini.obj</file>
         <name>ti_fee_ini.obj</name>
      </input_file>
      <input_file id="fl-2a">
         <path>.\source\</path>
         <kind>object</kind>
         <file>ti_fee_invalidateblock.obj</file>
         <name>ti_fee_invalidateblock.obj</name>
      </input_file>
      <input_file id="fl-2b">
         <path>.\source\</path>
         <kind>object</kind>
         <file>ti_fee_main.obj</file>
         <name>ti_fee_main.obj</name>
      </input_file>
      <input_file id="fl-2c">
         <path>.\source\</path>
         <kind>object</kind>
         <file>ti_fee_read.obj</file>
         <name>ti_fee_read.obj</name>
      </input_file>
      <input_file id="fl-2d">
         <path>.\source\</path>
         <kind>object</kind>
         <file>ti_fee_readSync.obj</file>
         <name>ti_fee_readSync.obj</name>
      </input_file>
      <input_file id="fl-2e">
         <path>.\source\</path>
         <kind>object</kind>
         <file>ti_fee_shutdown.obj</file>
         <name>ti_fee_shutdown.obj</name>
      </input_file>
      <input_file id="fl-2f">
         <path>.\source\</path>
         <kind>object</kind>
         <file>ti_fee_util.obj</file>
         <name>ti_fee_util.obj</name>
      </input_file>
      <input_file id="fl-30">
         <path>.\source\</path>
         <kind>object</kind>
         <file>ti_fee_writeAsync.obj</file>
         <name>ti_fee_writeAsync.obj</name>
      </input_file>
      <input_file id="fl-31">
         <path>.\source\</path>
         <kind>object</kind>
         <file>ti_fee_writeSync.obj</file>
         <name>ti_fee_writeSync.obj</name>
      </input_file>
      <input_file id="fl-32">
         <path>.\source\</path>
         <kind>object</kind>
         <file>ui_buttons.obj</file>
         <name>ui_buttons.obj</name>
      </input_file>
      <input_file id="fl-33">
         <path>.\source\</path>
         <kind>object</kind>
         <file>ui_rpm_bar.obj</file>
         <name>ui_rpm_bar.obj</name>
      </input_file>
      <input_file id="fl-34">
         <path>.\source\</path>
         <kind>object</kind>
         <file>ui_touch.obj</file>
         <name>ui_touch.obj</name>
      </input_file>
      <input_file id="fl-39">
         <kind>object</kind>
         <file>&lt;internal&gt;</file>
         <name>&lt;internal&gt;</name>
      </input_file>
      <input_file id="fl-3a">
         <path>C:\ti\ccs1281\ccs\tools\compiler\ti-cgt-arm_20.2.7.LTS\lib\</path>
         <kind>archive</kind>
         <file>rtsv7R4_T_be_v3D16_eabi.lib</file>
         <name>s_floor.c.obj</name>
      </input_file>
      <input_file id="fl-3b">
         <path>C:\ti\ccs1281\ccs\tools\compiler\ti-cgt-arm_20.2.7.LTS\lib\</path>
         <kind>archive</kind>
         <file>rtsv7R4_T_be_v3D16_eabi.lib</file>
         <name>sprintf.c.obj</name>
      </input_file>
      <input_file id="fl-3c">
         <path>C:\ti\ccs1281\ccs\tools\compiler\ti-cgt-arm_20.2.7.LTS\lib\</path>
         <kind>archive</kind>
         <file>rtsv7R4_T_be_v3D16_eabi.lib</file>
         <name>memcpy_t2.asm.obj</name>
      </input_file>
      <input_file id="fl-3d">
         <path>C:\ti\ccs1281\ccs\tools\compiler\ti-cgt-arm_20.2.7.LTS\lib\</path>
         <kind>archive</kind>
         <file>rtsv7R4_T_be_v3D16_eabi.lib</file>
         <name>i_div32.asm.obj</name>
      </input_file>
      <input_file id="fl-3e">
         <path>C:\ti\ccs1281\ccs\tools\compiler\ti-cgt-arm_20.2.7.LTS\lib\</path>
         <kind>archive</kind>
         <file>rtsv7R4_T_be_v3D16_eabi.lib</file>
         <name>u_div32.asm.obj</name>
      </input_file>
      <input_file id="fl-3f">
         <path>C:\ti\ccs1281\ccs\tools\compiler\ti-cgt-arm_20.2.7.LTS\lib\</path>
         <kind>archive</kind>
         <file>rtsv7R4_T_be_v3D16_eabi.lib</file>
         <name>autoinit.c.obj</name>
      </input_file>
      <input_file id="fl-40">
         <path>C:\ti\ccs1281\ccs\tools\compiler\ti-cgt-arm_20.2.7.LTS\lib\</path>
         <kind>archive</kind>
         <file>rtsv7R4_T_be_v3D16_eabi.lib</file>
         <name>cpy_tbl.c.obj</name>
      </input_file>
      <input_file id="fl-41">
         <path>C:\ti\ccs1281\ccs\tools\compiler\ti-cgt-arm_20.2.7.LTS\lib\</path>
         <kind>archive</kind>
         <file>rtsv7R4_T_be_v3D16_eabi.lib</file>
         <name>copy_zero_init.c.obj</name>
      </input_file>
      <input_file id="fl-42">
         <path>C:\ti\ccs1281\ccs\tools\compiler\ti-cgt-arm_20.2.7.LTS\lib\</path>
         <kind>archive</kind>
         <file>rtsv7R4_T_be_v3D16_eabi.lib</file>
         <name>copy_decompress_none.c.obj</name>
      </input_file>
      <input_file id="fl-43">
         <path>C:\ti\ccs1281\ccs\tools\compiler\ti-cgt-arm_20.2.7.LTS\lib\</path>
         <kind>archive</kind>
         <file>rtsv7R4_T_be_v3D16_eabi.lib</file>
         <name>copy_decompress_lzss.c.obj</name>
      </input_file>
      <input_file id="fl-44">
         <path>C:\ti\ccs1281\ccs\tools\compiler\ti-cgt-arm_20.2.7.LTS\lib\</path>
         <kind>archive</kind>
         <file>rtsv7R4_T_be_v3D16_eabi.lib</file>
         <name>exit.c.obj</name>
      </input_file>
      <input_file id="fl-45">
         <path>C:\ti\ccs1281\ccs\tools\compiler\ti-cgt-arm_20.2.7.LTS\lib\</path>
         <kind>archive</kind>
         <file>rtsv7R4_T_be_v3D16_eabi.lib</file>
         <name>_lock.c.obj</name>
      </input_file>
      <input_file id="fl-46">
         <path>C:\ti\ccs1281\ccs\tools\compiler\ti-cgt-arm_20.2.7.LTS\lib\</path>
         <kind>archive</kind>
         <file>rtsv7R4_T_be_v3D16_eabi.lib</file>
         <name>strlen.c.obj</name>
      </input_file>
      <input_file id="fl-47">
         <path>C:\ti\ccs1281\ccs\tools\compiler\ti-cgt-arm_20.2.7.LTS\lib\</path>
         <kind>archive</kind>
         <file>rtsv7R4_T_be_v3D16_eabi.lib</file>
         <name>strstr.c.obj</name>
      </input_file>
      <input_file id="fl-48">
         <path>C:\ti\ccs1281\ccs\tools\compiler\ti-cgt-arm_20.2.7.LTS\lib\</path>
         <kind>archive</kind>
         <file>rtsv7R4_T_be_v3D16_eabi.lib</file>
         <name>_printfi.c.obj</name>
      </input_file>
      <input_file id="fl-49">
         <path>C:\ti\ccs1281\ccs\tools\compiler\ti-cgt-arm_20.2.7.LTS\lib\</path>
         <kind>archive</kind>
         <file>rtsv7R4_T_be_v3D16_eabi.lib</file>
         <name>div0.asm.obj</name>
      </input_file>
      <input_file id="fl-4a">
         <path>C:\ti\ccs1281\ccs\tools\compiler\ti-cgt-arm_20.2.7.LTS\lib\</path>
         <kind>archive</kind>
         <file>rtsv7R4_T_be_v3D16_eabi.lib</file>
         <name>memset_t2.asm.obj</name>
      </input_file>
      <input_file id="fl-4b">
         <path>C:\ti\ccs1281\ccs\tools\compiler\ti-cgt-arm_20.2.7.LTS\lib\</path>
         <kind>archive</kind>
         <file>rtsv7R4_T_be_v3D16_eabi.lib</file>
         <name>ull_div32.asm.obj</name>
      </input_file>
      <input_file id="fl-4c">
         <path>C:\ti\ccs1281\ccs\tools\compiler\ti-cgt-arm_20.2.7.LTS\lib\</path>
         <kind>archive</kind>
         <file>rtsv7R4_T_be_v3D16_eabi.lib</file>
         <name>_ltoa.c.obj</name>
      </input_file>
      <input_file id="fl-4d">
         <path>C:\ti\ccs1281\ccs\tools\compiler\ti-cgt-arm_20.2.7.LTS\lib\</path>
         <kind>archive</kind>
         <file>rtsv7R4_T_be_v3D16_eabi.lib</file>
         <name>atoi.c.obj</name>
      </input_file>
      <input_file id="fl-4e">
         <path>C:\ti\ccs1281\ccs\tools\compiler\ti-cgt-arm_20.2.7.LTS\lib\</path>
         <kind>archive</kind>
         <file>rtsv7R4_T_be_v3D16_eabi.lib</file>
         <name>ctype.c.obj</name>
      </input_file>
      <input_file id="fl-4f">
         <path>C:\ti\ccs1281\ccs\tools\compiler\ti-cgt-arm_20.2.7.LTS\lib\</path>
         <kind>archive</kind>
         <file>rtsv7R4_T_be_v3D16_eabi.lib</file>
         <name>memccpy.c.obj</name>
      </input_file>
      <input_file id="fl-50">
         <path>C:\ti\ccs1281\ccs\tools\compiler\ti-cgt-arm_20.2.7.LTS\lib\</path>
         <kind>archive</kind>
         <file>rtsv7R4_T_be_v3D16_eabi.lib</file>
         <name>strchr.c.obj</name>
      </input_file>
      <input_file id="fl-51">
         <path>C:\ti\ccs1281\ccs\tools\compiler\ti-cgt-arm_20.2.7.LTS\lib\</path>
         <kind>archive</kind>
         <file>rtsv7R4_T_be_v3D16_eabi.lib</file>
         <name>errno.c.obj</name>
      </input_file>
      <input_file id="fl-52">
         <path>C:\ti\ccs1281\ccs\tools\compiler\ti-cgt-arm_20.2.7.LTS\lib\</path>
         <kind>archive</kind>
         <file>rtsv7R4_T_be_v3D16_eabi.lib</file>
         <name>wcslen.c.obj</name>
      </input_file>
      <input_file id="fl-53">
         <path>C:\ti\ccs1281\ccs\tools\compiler\ti-cgt-arm_20.2.7.LTS\lib\</path>
         <kind>archive</kind>
         <file>rtsv7R4_T_be_v3D16_eabi.lib</file>
         <name>s_frexp.c.obj</name>
      </input_file>
      <input_file id="fl-54">
         <path>C:\ti\ccs1281\ccs\tools\compiler\ti-cgt-arm_20.2.7.LTS\lib\</path>
         <kind>archive</kind>
         <file>rtsv7R4_T_be_v3D16_eabi.lib</file>
         <name>s_scalbn.c.obj</name>
      </input_file>
      <input_file id="fl-55">
         <path>C:\ti\ccs1281\ccs\tools\compiler\ti-cgt-arm_20.2.7.LTS\lib\</path>
         <kind>archive</kind>
         <file>rtsv7R4_T_be_v3D16_eabi.lib</file>
         <name>s_copysign.c.obj</name>
      </input_file>
      <input_file id="fl-56">
         <path>C:\ti\Hercules\F021 Flash API\02.01.01\</path>
         <kind>archive</kind>
         <file>F021_API_CortexR4_BE_V3D16_NDS.lib</file>
         <name>Async.obj</name>
      </input_file>
      <input_file id="fl-57">
         <path>C:\ti\Hercules\F021 Flash API\02.01.01\</path>
         <kind>archive</kind>
         <file>F021_API_CortexR4_BE_V3D16_NDS.lib</file>
         <name>Async.WithAddress.obj</name>
      </input_file>
      <input_file id="fl-58">
         <path>C:\ti\Hercules\F021 Flash API\02.01.01\</path>
         <kind>archive</kind>
         <file>F021_API_CortexR4_BE_V3D16_NDS.lib</file>
         <name>BlankCheck.obj</name>
      </input_file>
      <input_file id="fl-59">
         <path>C:\ti\Hercules\F021 Flash API\02.01.01\</path>
         <kind>archive</kind>
         <file>F021_API_CortexR4_BE_V3D16_NDS.lib</file>
         <name>FlashStateMachine.EnableEepromSectors.obj</name>
      </input_file>
      <input_file id="fl-5a">
         <path>C:\ti\Hercules\F021 Flash API\02.01.01\</path>
         <kind>archive</kind>
         <file>F021_API_CortexR4_BE_V3D16_NDS.lib</file>
         <name>FlashStateMachine.InitializeFlashBanks.obj</name>
      </input_file>
      <input_file id="fl-5b">
         <path>C:\ti\Hercules\F021 Flash API\02.01.01\</path>
         <kind>archive</kind>
         <file>F021_API_CortexR4_BE_V3D16_NDS.lib</file>
         <name>FlashStateMachine.IssueFsmCommand.obj</name>
      </input_file>
      <input_file id="fl-5c">
         <path>C:\ti\Hercules\F021 Flash API\02.01.01\</path>
         <kind>archive</kind>
         <file>F021_API_CortexR4_BE_V3D16_NDS.lib</file>
         <name>FlashStateMachine.ScaleFclk.obj</name>
      </input_file>
      <input_file id="fl-5d">
         <path>C:\ti\Hercules\F021 Flash API\02.01.01\</path>
         <kind>archive</kind>
         <file>F021_API_CortexR4_BE_V3D16_NDS.lib</file>
         <name>FlashStateMachine.SetActiveBank.obj</name>
      </input_file>
      <input_file id="fl-5e">
         <path>C:\ti\Hercules\F021 Flash API\02.01.01\</path>
         <kind>archive</kind>
         <file>F021_API_CortexR4_BE_V3D16_NDS.lib</file>
         <name>Read.FlushPipeline.obj</name>
      </input_file>
      <input_file id="fl-5f">
         <path>C:\ti\Hercules\F021 Flash API\02.01.01\</path>
         <kind>archive</kind>
         <file>F021_API_CortexR4_BE_V3D16_NDS.lib</file>
         <name>Read.LoopDword.obj</name>
      </input_file>
      <input_file id="fl-60">
         <path>C:\ti\Hercules\F021 Flash API\02.01.01\</path>
         <kind>archive</kind>
         <file>F021_API_CortexR4_BE_V3D16_NDS.lib</file>
         <name>Read.WdService.obj</name>
      </input_file>
      <input_file id="fl-61">
         <path>C:\ti\Hercules\F021 Flash API\02.01.01\</path>
         <kind>archive</kind>
         <file>F021_API_CortexR4_BE_V3D16_NDS.lib</file>
         <name>Utilities.CalculateFletcher.obj</name>
      </input_file>
      <input_file id="fl-62">
         <path>C:\ti\Hercules\F021 Flash API\02.01.01\</path>
         <kind>archive</kind>
         <file>F021_API_CortexR4_BE_V3D16_NDS.lib</file>
         <name>Utilities.WaitDelay.obj</name>
      </input_file>
      <input_file id="fl-63">
         <path>C:\ti\Hercules\F021 Flash API\02.01.01\</path>
         <kind>archive</kind>
         <file>F021_API_CortexR4_BE_V3D16_NDS.lib</file>
         <name>Utilities.GetNumberOfSectors.obj</name>
      </input_file>
      <input_file id="fl-64">
         <path>C:\ti\Hercules\F021 Flash API\02.01.01\</path>
         <kind>archive</kind>
         <file>F021_API_CortexR4_BE_V3D16_NDS.lib</file>
         <name>Read.Common.obj</name>
      </input_file>
      <input_file id="fl-65">
         <path>C:\ti\Hercules\F021 Flash API\02.01.01\</path>
         <kind>archive</kind>
         <file>F021_API_CortexR4_BE_V3D16_NDS.lib</file>
         <name>FlashStateMachine.Hercules.IsEccAddress.obj</name>
      </input_file>
   </input_file_list>
   <object_component_list>
      <object_component id="oc-41">
         <name>.intvecs</name>
         <load_address>0x0</load_address>
         <run_address>0x0</run_address>
         <size>0x20</size>
         <input_file_ref idref="fl-18"/>
      </object_component>
      <object_component id="oc-169">
         <name>.text</name>
         <load_address>0x20</load_address>
         <run_address>0x20</run_address>
         <size>0x57d0</size>
         <input_file_ref idref="fl-2f"/>
      </object_component>
      <object_component id="oc-93">
         <name>.text</name>
         <load_address>0x57f0</load_address>
         <run_address>0x57f0</run_address>
         <size>0x2cdc</size>
         <input_file_ref idref="fl-1f"/>
      </object_component>
      <object_component id="oc-181">
         <name>.text</name>
         <load_address>0x84cc</load_address>
         <run_address>0x84cc</run_address>
         <size>0x2b74</size>
         <input_file_ref idref="fl-a"/>
      </object_component>
      <object_component id="oc-2d6">
         <name>.text</name>
         <load_address>0xb040</load_address>
         <run_address>0xb040</run_address>
         <size>0x2240</size>
         <input_file_ref idref="fl-3"/>
      </object_component>
      <object_component id="oc-15d">
         <name>.text</name>
         <load_address>0xd280</load_address>
         <run_address>0xd280</run_address>
         <size>0x1768</size>
         <input_file_ref idref="fl-29"/>
      </object_component>
      <object_component id="oc-163">
         <name>.text</name>
         <load_address>0xe9e8</load_address>
         <run_address>0xe9e8</run_address>
         <size>0x10e0</size>
         <input_file_ref idref="fl-2b"/>
      </object_component>
      <object_component id="oc-14a">
         <name>.text</name>
         <load_address>0xfac8</load_address>
         <run_address>0xfac8</run_address>
         <size>0xddc</size>
         <input_file_ref idref="fl-8"/>
      </object_component>
      <object_component id="oc-17b">
         <name>.text</name>
         <load_address>0x108a4</load_address>
         <run_address>0x108a4</run_address>
         <size>0xbf4</size>
         <input_file_ref idref="fl-34"/>
      </object_component>
      <object_component id="oc-615">
         <name>.text</name>
         <load_address>0x11498</load_address>
         <run_address>0x11498</run_address>
         <size>0xbd8</size>
         <input_file_ref idref="fl-15"/>
      </object_component>
      <object_component id="oc-8d">
         <name>.text</name>
         <load_address>0x12070</load_address>
         <run_address>0x12070</run_address>
         <size>0xb64</size>
         <input_file_ref idref="fl-22"/>
      </object_component>
      <object_component id="oc-53">
         <name>.text</name>
         <load_address>0x12bd4</load_address>
         <run_address>0x12bd4</run_address>
         <size>0xa58</size>
         <input_file_ref idref="fl-21"/>
      </object_component>
      <object_component id="oc-550">
         <name>.text:__TI_printfi</name>
         <load_address>0x1362c</load_address>
         <run_address>0x1362c</run_address>
         <size>0xa4e</size>
         <input_file_ref idref="fl-48"/>
      </object_component>
      <object_component id="oc-56a">
         <name>.text</name>
         <load_address>0x1407a</load_address>
         <run_address>0x1407a</run_address>
         <size>0x2</size>
         <input_file_ref idref="fl-49"/>
      </object_component>
      <object_component id="oc-fe">
         <name>.text</name>
         <load_address>0x1407c</load_address>
         <run_address>0x1407c</run_address>
         <size>0x8bc</size>
         <input_file_ref idref="fl-12"/>
      </object_component>
      <object_component id="oc-150">
         <name>.text</name>
         <load_address>0x14938</load_address>
         <run_address>0x14938</run_address>
         <size>0x7d0</size>
         <input_file_ref idref="fl-2"/>
      </object_component>
      <object_component id="oc-144">
         <name>.text</name>
         <load_address>0x15108</load_address>
         <run_address>0x15108</run_address>
         <size>0x7a8</size>
         <input_file_ref idref="fl-14"/>
      </object_component>
      <object_component id="oc-b7">
         <name>.text</name>
         <load_address>0x158b0</load_address>
         <run_address>0x158b0</run_address>
         <size>0x6cc</size>
         <input_file_ref idref="fl-b"/>
      </object_component>
      <object_component id="oc-81">
         <name>.text</name>
         <load_address>0x15f7c</load_address>
         <run_address>0x15f7c</run_address>
         <size>0x664</size>
         <input_file_ref idref="fl-c"/>
      </object_component>
      <object_component id="oc-175">
         <name>.text</name>
         <load_address>0x165e0</load_address>
         <run_address>0x165e0</run_address>
         <size>0x638</size>
         <input_file_ref idref="fl-13"/>
      </object_component>
      <object_component id="oc-99">
         <name>.text</name>
         <load_address>0x16c18</load_address>
         <run_address>0x16c18</run_address>
         <size>0x5bc</size>
         <input_file_ref idref="fl-d"/>
      </object_component>
      <object_component id="oc-5ad">
         <name>.text</name>
         <load_address>0x171d4</load_address>
         <run_address>0x171d4</run_address>
         <size>0x498</size>
         <input_file_ref idref="fl-5"/>
      </object_component>
      <object_component id="oc-303">
         <name>.text</name>
         <load_address>0x1766c</load_address>
         <run_address>0x1766c</run_address>
         <size>0x484</size>
         <input_file_ref idref="fl-e"/>
      </object_component>
      <object_component id="oc-3b">
         <name>.text:retain</name>
         <load_address>0x17af0</load_address>
         <run_address>0x17af0</run_address>
         <size>0x3d8</size>
         <input_file_ref idref="fl-14"/>
      </object_component>
      <object_component id="oc-4fa">
         <name>.text</name>
         <load_address>0x17ec8</load_address>
         <run_address>0x17ec8</run_address>
         <size>0x3c0</size>
         <input_file_ref idref="fl-4"/>
      </object_component>
      <object_component id="oc-a0">
         <name>.text</name>
         <load_address>0x18288</load_address>
         <run_address>0x18288</run_address>
         <size>0x3b8</size>
         <input_file_ref idref="fl-19"/>
      </object_component>
      <object_component id="oc-7c">
         <name>.text</name>
         <load_address>0x18640</load_address>
         <run_address>0x18640</run_address>
         <size>0x34c</size>
         <input_file_ref idref="fl-16"/>
      </object_component>
      <object_component id="oc-4d">
         <name>.text:retain</name>
         <load_address>0x1898c</load_address>
         <run_address>0x1898c</run_address>
         <size>0x2cc</size>
         <input_file_ref idref="fl-21"/>
      </object_component>
      <object_component id="oc-631">
         <name>.text</name>
         <load_address>0x18c58</load_address>
         <run_address>0x18c58</run_address>
         <size>0x2b4</size>
         <input_file_ref idref="fl-4b"/>
      </object_component>
      <object_component id="oc-1f">
         <name>.text:retain</name>
         <load_address>0x18f0c</load_address>
         <run_address>0x18f0c</run_address>
         <size>0x288</size>
         <input_file_ref idref="fl-20"/>
      </object_component>
      <object_component id="oc-2e5">
         <name>.text:Fapi_initializeFlashBanks</name>
         <load_address>0x19194</load_address>
         <run_address>0x19194</run_address>
         <size>0x260</size>
         <input_file_ref idref="fl-5a"/>
      </object_component>
      <object_component id="oc-3cd">
         <name>.text</name>
         <load_address>0x193f4</load_address>
         <run_address>0x193f4</run_address>
         <size>0x250</size>
         <input_file_ref idref="fl-32"/>
      </object_component>
      <object_component id="oc-5e5">
         <name>.text:_pconv_a</name>
         <load_address>0x19644</load_address>
         <run_address>0x19644</run_address>
         <size>0x248</size>
         <input_file_ref idref="fl-48"/>
      </object_component>
      <object_component id="oc-3c7">
         <name>.text</name>
         <load_address>0x1988c</load_address>
         <run_address>0x1988c</run_address>
         <size>0x1d0</size>
         <input_file_ref idref="fl-33"/>
      </object_component>
      <object_component id="oc-16f">
         <name>.text</name>
         <load_address>0x19a5c</load_address>
         <run_address>0x19a5c</run_address>
         <size>0x1b8</size>
         <input_file_ref idref="fl-f"/>
      </object_component>
      <object_component id="oc-5d3">
         <name>.text:_pconv_g</name>
         <load_address>0x19c14</load_address>
         <run_address>0x19c14</run_address>
         <size>0x1a0</size>
         <input_file_ref idref="fl-48"/>
      </object_component>
      <object_component id="oc-25">
         <name>.text:retain</name>
         <load_address>0x19db4</load_address>
         <run_address>0x19db4</run_address>
         <size>0x19c</size>
         <input_file_ref idref="fl-8"/>
      </object_component>
      <object_component id="oc-2e6">
         <name>.text:Fapi_setActiveFlashBank</name>
         <load_address>0x19f50</load_address>
         <run_address>0x19f50</run_address>
         <size>0x17c</size>
         <input_file_ref idref="fl-5d"/>
      </object_component>
      <object_component id="oc-35">
         <name>.text:retain</name>
         <load_address>0x1a0cc</load_address>
         <run_address>0x1a0cc</run_address>
         <size>0x124</size>
         <input_file_ref idref="fl-13"/>
      </object_component>
      <object_component id="oc-2f">
         <name>.text:retain</name>
         <load_address>0x1a1f0</load_address>
         <run_address>0x1a1f0</run_address>
         <size>0x114</size>
         <input_file_ref idref="fl-d"/>
      </object_component>
      <object_component id="oc-5df">
         <name>.text:_pconv_e</name>
         <load_address>0x1a304</load_address>
         <run_address>0x1a304</run_address>
         <size>0x104</size>
         <input_file_ref idref="fl-48"/>
      </object_component>
      <object_component id="oc-a8">
         <name>.text</name>
         <load_address>0x1a408</load_address>
         <run_address>0x1a408</run_address>
         <size>0x104</size>
         <input_file_ref idref="fl-10"/>
      </object_component>
      <object_component id="oc-64a">
         <name>.text:fcvt</name>
         <load_address>0x1a50c</load_address>
         <run_address>0x1a50c</run_address>
         <size>0xfc</size>
         <input_file_ref idref="fl-48"/>
      </object_component>
      <object_component id="oc-65e">
         <name>.text:scalbn</name>
         <load_address>0x1a608</load_address>
         <run_address>0x1a608</run_address>
         <size>0xf0</size>
         <input_file_ref idref="fl-54"/>
      </object_component>
      <object_component id="oc-c3">
         <name>.text</name>
         <load_address>0x1a6f8</load_address>
         <run_address>0x1a6f8</run_address>
         <size>0xe8</size>
         <input_file_ref idref="fl-9"/>
      </object_component>
      <object_component id="oc-2a4">
         <name>.text:floor</name>
         <load_address>0x1a7e0</load_address>
         <run_address>0x1a7e0</run_address>
         <size>0xe0</size>
         <input_file_ref idref="fl-3a"/>
      </object_component>
      <object_component id="oc-106">
         <name>.text</name>
         <load_address>0x1a8c0</load_address>
         <run_address>0x1a8c0</run_address>
         <size>0xe0</size>
         <input_file_ref idref="fl-1e"/>
      </object_component>
      <object_component id="oc-5cd">
         <name>.text:_ltostr</name>
         <load_address>0x1a9a0</load_address>
         <run_address>0x1a9a0</run_address>
         <size>0xad</size>
         <input_file_ref idref="fl-48"/>
      </object_component>
      <object_component id="oc-64">
         <name>.text</name>
         <load_address>0x1aa4e</load_address>
         <run_address>0x1aa4e</run_address>
         <size>0x9c</size>
         <input_file_ref idref="fl-3c"/>
      </object_component>
      <object_component id="oc-2f7">
         <name>.text:Fapi_doBlankCheck</name>
         <load_address>0x1aaec</load_address>
         <run_address>0x1aaec</run_address>
         <size>0x94</size>
         <input_file_ref idref="fl-58"/>
      </object_component>
      <object_component id="oc-2e7">
         <name>.text:Fapi_enableEepromBankSectors</name>
         <load_address>0x1ab80</load_address>
         <run_address>0x1ab80</run_address>
         <size>0x80</size>
         <input_file_ref idref="fl-59"/>
      </object_component>
      <object_component id="oc-643">
         <name>.text:_mcpy</name>
         <load_address>0x1ac00</load_address>
         <run_address>0x1ac00</run_address>
         <size>0x7a</size>
         <input_file_ref idref="fl-48"/>
      </object_component>
      <object_component id="oc-f0">
         <name>.text</name>
         <load_address>0x1ac7a</load_address>
         <run_address>0x1ac7a</run_address>
         <size>0x7a</size>
         <input_file_ref idref="fl-4a"/>
      </object_component>
      <object_component id="oc-658">
         <name>.text:frexp</name>
         <load_address>0x1acf4</load_address>
         <run_address>0x1acf4</run_address>
         <size>0x74</size>
         <input_file_ref idref="fl-53"/>
      </object_component>
      <object_component id="oc-12">
         <name>.text:decompress:lzss:__TI_decompress_lzss</name>
         <load_address>0x1ad68</load_address>
         <run_address>0x1ad68</run_address>
         <size>0x6c</size>
         <input_file_ref idref="fl-43"/>
      </object_component>
      <object_component id="oc-3e6">
         <name>.text:_ZN14Bridgetek_EVE210CMD_BUTTONEssssstPKcz</name>
         <load_address>0x1add4</load_address>
         <run_address>0x1add4</run_address>
         <size>0x68</size>
         <input_file_ref idref="fl-a"/>
      </object_component>
      <object_component id="oc-11a">
         <name>.text:__TI_auto_init_nobinit:__TI_auto_init_nobinit</name>
         <load_address>0x1ae3c</load_address>
         <run_address>0x1ae3c</run_address>
         <size>0x60</size>
         <input_file_ref idref="fl-3f"/>
      </object_component>
      <object_component id="oc-531">
         <name>.text:_Fapi_loopRegionForValue</name>
         <load_address>0x1ae9c</load_address>
         <run_address>0x1ae9c</run_address>
         <size>0x5e</size>
         <input_file_ref idref="fl-5f"/>
      </object_component>
      <object_component id="oc-36c">
         <name>.text:_ZN14Bridgetek_EVE28CMD_TEXTEssstPKcz</name>
         <load_address>0x1aefc</load_address>
         <run_address>0x1aefc</run_address>
         <size>0x58</size>
         <input_file_ref idref="fl-a"/>
      </object_component>
      <object_component id="oc-637">
         <name>.text:__TI_ltoa</name>
         <load_address>0x1af54</load_address>
         <run_address>0x1af54</run_address>
         <size>0x54</size>
         <input_file_ref idref="fl-4c"/>
      </object_component>
      <object_component id="oc-63d">
         <name>.text:_ecpy</name>
         <load_address>0x1afa8</load_address>
         <run_address>0x1afa8</run_address>
         <size>0x54</size>
         <input_file_ref idref="fl-48"/>
      </object_component>
      <object_component id="oc-3d3">
         <name>.text</name>
         <load_address>0x1affc</load_address>
         <run_address>0x1affc</run_address>
         <size>0x54</size>
         <input_file_ref idref="fl-3d"/>
      </object_component>
      <object_component id="oc-625">
         <name>.text:Fapi_isAddressEcc</name>
         <load_address>0x1b050</load_address>
         <run_address>0x1b050</run_address>
         <size>0x50</size>
         <input_file_ref idref="fl-65"/>
      </object_component>
      <object_component id="oc-5d9">
         <name>.text:_pconv_f</name>
         <load_address>0x1b0a0</load_address>
         <run_address>0x1b0a0</run_address>
         <size>0x50</size>
         <input_file_ref idref="fl-48"/>
      </object_component>
      <object_component id="oc-5c7">
         <name>.text:atoi</name>
         <load_address>0x1b0f0</load_address>
         <run_address>0x1b0f0</run_address>
         <size>0x50</size>
         <input_file_ref idref="fl-4d"/>
      </object_component>
      <object_component id="oc-3c0">
         <name>.text:_ZN14Bridgetek_EVE212CMD_PROGRESSEssssttt</name>
         <load_address>0x1b140</load_address>
         <run_address>0x1b140</run_address>
         <size>0x4c</size>
         <input_file_ref idref="fl-a"/>
      </object_component>
      <object_component id="oc-520">
         <name>.text:_Fapi_EnableSectors</name>
         <load_address>0x1b18c</load_address>
         <run_address>0x1b18c</run_address>
         <size>0x44</size>
         <input_file_ref idref="fl-59"/>
      </object_component>
      <object_component id="oc-650">
         <name>.text:_fcpy</name>
         <load_address>0x1b1d0</load_address>
         <run_address>0x1b1d0</run_address>
         <size>0x40</size>
         <input_file_ref idref="fl-48"/>
      </object_component>
      <object_component id="oc-3b3">
         <name>.text:sprintf</name>
         <load_address>0x1b210</load_address>
         <run_address>0x1b210</run_address>
         <size>0x40</size>
         <input_file_ref idref="fl-3b"/>
      </object_component>
      <object_component id="oc-532">
         <name>.text:_Fapi_issueFsmCommand</name>
         <load_address>0x1b250</load_address>
         <run_address>0x1b250</run_address>
         <size>0x3c</size>
         <input_file_ref idref="fl-5b"/>
      </object_component>
      <object_component id="oc-3b9">
         <name>.text:_ZN14Bridgetek_EVE210CMD_NUMBEREsssti</name>
         <load_address>0x1b28c</load_address>
         <run_address>0x1b28c</run_address>
         <size>0x3c</size>
         <input_file_ref idref="fl-a"/>
      </object_component>
      <object_component id="oc-506">
         <name>.text:strstr</name>
         <load_address>0x1b2c8</load_address>
         <run_address>0x1b2c8</run_address>
         <size>0x38</size>
         <input_file_ref idref="fl-47"/>
      </object_component>
      <object_component id="oc-51a">
         <name>.text:Fapi_calculateFletcherChecksum</name>
         <load_address>0x1b300</load_address>
         <run_address>0x1b300</run_address>
         <size>0x36</size>
         <input_file_ref idref="fl-61"/>
      </object_component>
      <object_component id="oc-2f9">
         <name>.text:Fapi_issueAsyncCommandWithAddress</name>
         <load_address>0x1b338</load_address>
         <run_address>0x1b338</run_address>
         <size>0x30</size>
         <input_file_ref idref="fl-57"/>
      </object_component>
      <object_component id="oc-5c0">
         <name>.text:Fapi_waitDelay</name>
         <load_address>0x1b368</load_address>
         <run_address>0x1b368</run_address>
         <size>0x30</size>
         <input_file_ref idref="fl-62"/>
      </object_component>
      <object_component id="oc-5c1">
         <name>.text:_Fapi_readDword</name>
         <load_address>0x1b398</load_address>
         <run_address>0x1b398</run_address>
         <size>0x2c</size>
         <input_file_ref idref="fl-64"/>
      </object_component>
      <object_component id="oc-2f8">
         <name>.text:Fapi_issueAsyncCommand</name>
         <load_address>0x1b3c4</load_address>
         <run_address>0x1b3c4</run_address>
         <size>0x2a</size>
         <input_file_ref idref="fl-56"/>
      </object_component>
      <object_component id="oc-357">
         <name>.text:_ZN14Bridgetek_EVE215CLEAR_COLOR_RGBEhhh</name>
         <load_address>0x1b3f0</load_address>
         <run_address>0x1b3f0</run_address>
         <size>0x28</size>
         <input_file_ref idref="fl-a"/>
      </object_component>
      <object_component id="oc-35e">
         <name>.text:_ZN14Bridgetek_EVE25CLEAREhhh</name>
         <load_address>0x1b418</load_address>
         <run_address>0x1b418</run_address>
         <size>0x28</size>
         <input_file_ref idref="fl-a"/>
      </object_component>
      <object_component id="oc-365">
         <name>.text:_ZN14Bridgetek_EVE29COLOR_RGBEhhh</name>
         <load_address>0x1b440</load_address>
         <run_address>0x1b440</run_address>
         <size>0x28</size>
         <input_file_ref idref="fl-a"/>
      </object_component>
      <object_component id="oc-5eb">
         <name>.text:memccpy</name>
         <load_address>0x1b468</load_address>
         <run_address>0x1b468</run_address>
         <size>0x26</size>
         <input_file_ref idref="fl-4f"/>
      </object_component>
      <object_component id="oc-21c">
         <name>.text:_ZN12motor_data_tC1Et</name>
         <load_address>0x1b490</load_address>
         <run_address>0x1b490</run_address>
         <size>0x24</size>
         <input_file_ref idref="fl-b"/>
      </object_component>
      <object_component id="oc-223">
         <name>.text:_ZN13driver_data_tC1Et</name>
         <load_address>0x1b4b4</load_address>
         <run_address>0x1b4b4</run_address>
         <size>0x24</size>
         <input_file_ref idref="fl-b"/>
      </object_component>
      <object_component id="oc-215">
         <name>.text:_ZN15driver_status_tC1Et</name>
         <load_address>0x1b4d8</load_address>
         <run_address>0x1b4d8</run_address>
         <size>0x24</size>
         <input_file_ref idref="fl-b"/>
      </object_component>
      <object_component id="oc-530">
         <name>.text:Fapi_flushPipeline</name>
         <load_address>0x1b4fc</load_address>
         <run_address>0x1b4fc</run_address>
         <size>0x22</size>
         <input_file_ref idref="fl-5e"/>
      </object_component>
      <object_component id="oc-1f9">
         <name>.text:_ZN10tps_data_tC1Ev</name>
         <load_address>0x1b520</load_address>
         <run_address>0x1b520</run_address>
         <size>0x20</size>
         <input_file_ref idref="fl-b"/>
      </object_component>
      <object_component id="oc-20e">
         <name>.text:_ZN11rear_data_tC1Ev</name>
         <load_address>0x1b540</load_address>
         <run_address>0x1b540</run_address>
         <size>0x20</size>
         <input_file_ref idref="fl-b"/>
      </object_component>
      <object_component id="oc-200">
         <name>.text:_ZN12front_data_tC1Ev</name>
         <load_address>0x1b560</load_address>
         <run_address>0x1b560</run_address>
         <size>0x20</size>
         <input_file_ref idref="fl-b"/>
      </object_component>
      <object_component id="oc-342">
         <name>.text:_ZN14Bridgetek_EVE213LIB_MemWrite8Ejh</name>
         <load_address>0x1b580</load_address>
         <run_address>0x1b580</run_address>
         <size>0x20</size>
         <input_file_ref idref="fl-34"/>
      </object_component>
      <object_component id="oc-320">
         <name>.text:_ZN14Bridgetek_EVE214LIB_MemWrite32Ejj</name>
         <load_address>0x1b5a0</load_address>
         <run_address>0x1b5a0</run_address>
         <size>0x20</size>
         <input_file_ref idref="fl-34"/>
      </object_component>
      <object_component id="oc-3a5">
         <name>.text:_ZN14Bridgetek_EVE28VERTEX2FEss</name>
         <load_address>0x1b5c0</load_address>
         <run_address>0x1b5c0</run_address>
         <size>0x20</size>
         <input_file_ref idref="fl-a"/>
      </object_component>
      <object_component id="oc-207">
         <name>.text:_ZN14current_data_tC1Ev</name>
         <load_address>0x1b5e0</load_address>
         <run_address>0x1b5e0</run_address>
         <size>0x20</size>
         <input_file_ref idref="fl-b"/>
      </object_component>
      <object_component id="oc-22a">
         <name>.text:_ZN15main_ecu_data_tC1Ev</name>
         <load_address>0x1b600</load_address>
         <run_address>0x1b600</run_address>
         <size>0x20</size>
         <input_file_ref idref="fl-b"/>
      </object_component>
      <object_component id="oc-6aa">
         <name>.text:copysign</name>
         <load_address>0x1b620</load_address>
         <run_address>0x1b620</run_address>
         <size>0x1e</size>
         <input_file_ref idref="fl-55"/>
      </object_component>
      <object_component id="oc-51b">
         <name>.text:_Fapi_divideUnsignedLong</name>
         <load_address>0x1b63e</load_address>
         <run_address>0x1b63e</run_address>
         <size>0x1c</size>
         <input_file_ref idref="fl-5a"/>
      </object_component>
      <object_component id="oc-556">
         <name>.text:_outs</name>
         <load_address>0x1b65a</load_address>
         <run_address>0x1b65a</run_address>
         <size>0x1a</size>
         <input_file_ref idref="fl-3b"/>
      </object_component>
      <object_component id="oc-3df">
         <name>.text:_Z3absf</name>
         <load_address>0x1b674</load_address>
         <run_address>0x1b674</run_address>
         <size>0x18</size>
         <input_file_ref idref="fl-a"/>
      </object_component>
      <object_component id="oc-3d8">
         <name>.text:_Z4fabsf</name>
         <load_address>0x1b68c</load_address>
         <run_address>0x1b68c</run_address>
         <size>0x18</size>
         <input_file_ref idref="fl-a"/>
      </object_component>
      <object_component id="oc-33b">
         <name>.text:_ZN14Bridgetek_EVE212LIB_MemRead8Ej</name>
         <load_address>0x1b6a4</load_address>
         <run_address>0x1b6a4</run_address>
         <size>0x18</size>
         <input_file_ref idref="fl-34"/>
      </object_component>
      <object_component id="oc-373">
         <name>.text:_ZN14Bridgetek_EVE213CMD_CALIBRATEEj</name>
         <load_address>0x1b6bc</load_address>
         <run_address>0x1b6bc</run_address>
         <size>0x18</size>
         <input_file_ref idref="fl-34"/>
      </object_component>
      <object_component id="oc-334">
         <name>.text:_ZN14Bridgetek_EVE213LIB_MemRead16Ej</name>
         <load_address>0x1b6d4</load_address>
         <run_address>0x1b6d4</run_address>
         <size>0x18</size>
         <input_file_ref idref="fl-34"/>
      </object_component>
      <object_component id="oc-327">
         <name>.text:_ZN14Bridgetek_EVE213LIB_MemRead32Ej</name>
         <load_address>0x1b6ec</load_address>
         <run_address>0x1b6ec</run_address>
         <size>0x18</size>
         <input_file_ref idref="fl-34"/>
      </object_component>
      <object_component id="oc-397">
         <name>.text:_ZN14Bridgetek_EVE23TAGEh</name>
         <load_address>0x1b704</load_address>
         <run_address>0x1b704</run_address>
         <size>0x18</size>
         <input_file_ref idref="fl-a"/>
      </object_component>
      <object_component id="oc-39e">
         <name>.text:_ZN14Bridgetek_EVE25BEGINEh</name>
         <load_address>0x1b71c</load_address>
         <run_address>0x1b71c</run_address>
         <size>0x18</size>
         <input_file_ref idref="fl-a"/>
      </object_component>
      <object_component id="oc-664">
         <name>.text:strchr</name>
         <load_address>0x1b734</load_address>
         <run_address>0x1b734</run_address>
         <size>0x16</size>
         <input_file_ref idref="fl-50"/>
      </object_component>
      <object_component id="oc-500">
         <name>.text:strlen</name>
         <load_address>0x1b74a</load_address>
         <run_address>0x1b74a</run_address>
         <size>0x16</size>
         <input_file_ref idref="fl-46"/>
      </object_component>
      <object_component id="oc-5f1">
         <name>.text:wcslen</name>
         <load_address>0x1b760</load_address>
         <run_address>0x1b760</run_address>
         <size>0x12</size>
         <input_file_ref idref="fl-52"/>
      </object_component>
      <object_component id="oc-51f">
         <name>.text:Fapi_getNumberOfBankSectors</name>
         <load_address>0x1b774</load_address>
         <run_address>0x1b774</run_address>
         <size>0x10</size>
         <input_file_ref idref="fl-63"/>
      </object_component>
      <object_component id="oc-350">
         <name>.text:_ZN14Bridgetek_EVE211CMD_DLSTARTEv</name>
         <load_address>0x1b784</load_address>
         <run_address>0x1b784</run_address>
         <size>0x10</size>
         <input_file_ref idref="fl-a"/>
      </object_component>
      <object_component id="oc-37a">
         <name>.text:_ZN14Bridgetek_EVE216LIB_EndCoProListEv</name>
         <load_address>0x1b794</load_address>
         <run_address>0x1b794</run_address>
         <size>0x10</size>
         <input_file_ref idref="fl-a"/>
      </object_component>
      <object_component id="oc-349">
         <name>.text:_ZN14Bridgetek_EVE218LIB_BeginCoProListEv</name>
         <load_address>0x1b7a4</load_address>
         <run_address>0x1b7a4</run_address>
         <size>0x10</size>
         <input_file_ref idref="fl-a"/>
      </object_component>
      <object_component id="oc-381">
         <name>.text:_ZN14Bridgetek_EVE219LIB_AwaitCoProEmptyEv</name>
         <load_address>0x1b7b4</load_address>
         <run_address>0x1b7b4</run_address>
         <size>0x10</size>
         <input_file_ref idref="fl-34"/>
      </object_component>
      <object_component id="oc-3ac">
         <name>.text:_ZN14Bridgetek_EVE23ENDEv</name>
         <load_address>0x1b7c4</load_address>
         <run_address>0x1b7c4</run_address>
         <size>0x10</size>
         <input_file_ref idref="fl-a"/>
      </object_component>
      <object_component id="oc-156">
         <name>.text:_ZN14Bridgetek_EVE24InitEv</name>
         <load_address>0x1b7d4</load_address>
         <run_address>0x1b7d4</run_address>
         <size>0x10</size>
         <input_file_ref idref="fl-19"/>
      </object_component>
      <object_component id="oc-3ed">
         <name>.text:_ZN14Bridgetek_EVE27DISPLAYEv</name>
         <load_address>0x1b7e4</load_address>
         <run_address>0x1b7e4</run_address>
         <size>0x10</size>
         <input_file_ref idref="fl-a"/>
      </object_component>
      <object_component id="oc-3f4">
         <name>.text:_ZN14Bridgetek_EVE28CMD_SWAPEv</name>
         <load_address>0x1b7f4</load_address>
         <run_address>0x1b7f4</run_address>
         <size>0x10</size>
         <input_file_ref idref="fl-a"/>
      </object_component>
      <object_component id="oc-51d">
         <name>.text:_scaleEEFclk</name>
         <load_address>0x1b804</load_address>
         <run_address>0x1b804</run_address>
         <size>0x10</size>
         <input_file_ref idref="fl-5c"/>
      </object_component>
      <object_component id="oc-51c">
         <name>.text:_scaleMainFclk</name>
         <load_address>0x1b814</load_address>
         <run_address>0x1b814</run_address>
         <size>0x10</size>
         <input_file_ref idref="fl-5c"/>
      </object_component>
      <object_component id="oc-18">
         <name>.text:decompress:none:__TI_decompress_none</name>
         <load_address>0x1b824</load_address>
         <run_address>0x1b824</run_address>
         <size>0xe</size>
         <input_file_ref idref="fl-42"/>
      </object_component>
      <object_component id="oc-5c2">
         <name>.text:_Fapi_checkWdService</name>
         <load_address>0x1b832</load_address>
         <run_address>0x1b832</run_address>
         <size>0xc</size>
         <input_file_ref idref="fl-60"/>
      </object_component>
      <object_component id="oc-76">
         <name>.text:decompress:ZI:__TI_zero_init</name>
         <load_address>0x1b83e</load_address>
         <run_address>0x1b83e</run_address>
         <size>0xc</size>
         <input_file_ref idref="fl-41"/>
      </object_component>
      <object_component id="oc-55c">
         <name>.text:_outc</name>
         <load_address>0x1b84a</load_address>
         <run_address>0x1b84a</run_address>
         <size>0xa</size>
         <input_file_ref idref="fl-3b"/>
      </object_component>
      <object_component id="oc-626">
         <name>.text</name>
         <load_address>0x1b854</load_address>
         <run_address>0x1b854</run_address>
         <size>0x8</size>
         <input_file_ref idref="fl-7"/>
      </object_component>
      <object_component id="oc-5f7">
         <name>.text:__aeabi_errno_addr</name>
         <load_address>0x1b85c</load_address>
         <run_address>0x1b85c</run_address>
         <size>0x8</size>
         <input_file_ref idref="fl-51"/>
      </object_component>
      <object_component id="oc-1b7">
         <name>.text:abort:abort</name>
         <load_address>0x1b864</load_address>
         <run_address>0x1b864</run_address>
         <size>0x4</size>
         <input_file_ref idref="fl-44"/>
      </object_component>
      <object_component id="oc-47">
         <name>.text:retain</name>
         <load_address>0x1b868</load_address>
         <run_address>0x1b868</run_address>
         <size>0x4</size>
         <input_file_ref idref="fl-1c"/>
      </object_component>
      <object_component id="oc-87">
         <name>.text</name>
         <load_address>0x1b86c</load_address>
         <run_address>0x1b86c</run_address>
         <size>0x4</size>
         <input_file_ref idref="fl-20"/>
      </object_component>
      <object_component id="oc-70f">
         <name>.tramp.Fapi_serviceWatchdogTimer.1</name>
         <load_address>0x1b870</load_address>
         <run_address>0x1b870</run_address>
         <size>0x8</size>
         <input_file_ref idref="fl-7"/>
      </object_component>
      <object_component id="oc-2b">
         <name>.const:s_vim_init</name>
         <load_address>0x1cf18</load_address>
         <run_address>0x1cf18</run_address>
         <size>0x200</size>
         <input_file_ref idref="fl-21"/>
      </object_component>
      <object_component id="oc-62c">
         <name>.const:.string:_ctypes_</name>
         <load_address>0x1d118</load_address>
         <run_address>0x1d118</run_address>
         <size>0x101</size>
         <input_file_ref idref="fl-4e"/>
      </object_component>
      <object_component id="oc-2b4">
         <name>.const:.string:$P$T0$1</name>
         <load_address>0x1d219</load_address>
         <run_address>0x1d219</run_address>
         <size>0x23</size>
         <input_file_ref idref="fl-2"/>
      </object_component>
      <object_component id="oc-2b5">
         <name>.const:.string:$P$T1$2</name>
         <load_address>0x1d23c</load_address>
         <run_address>0x1d23c</run_address>
         <size>0x23</size>
         <input_file_ref idref="fl-2"/>
      </object_component>
      <object_component id="oc-2b6">
         <name>.const:.string:$P$T2$3</name>
         <load_address>0x1d25f</load_address>
         <run_address>0x1d25f</run_address>
         <size>0x23</size>
         <input_file_ref idref="fl-2"/>
      </object_component>
      <object_component id="oc-2ab">
         <name>.const:s_canByteOrder</name>
         <load_address>0x1d284</load_address>
         <run_address>0x1d284</run_address>
         <size>0x20</size>
         <input_file_ref idref="fl-8"/>
      </object_component>
      <object_component id="oc-70b">
         <name>.cinit..data.load</name>
         <load_address>0x1d350</load_address>
         <run_address>0x1d350</run_address>
         <size>0xc</size>
      </object_component>
      <object_component id="oc-708">
         <name>__TI_handler_table</name>
         <load_address>0x1d35c</load_address>
         <run_address>0x1d35c</run_address>
         <size>0xc</size>
      </object_component>
      <object_component id="oc-70c">
         <name>.cinit.FEE_DATA_SECTION.load</name>
         <load_address>0x1d368</load_address>
         <run_address>0x1d368</run_address>
         <size>0x9</size>
      </object_component>
      <object_component id="oc-70a">
         <name>.cinit..bss.load</name>
         <load_address>0x1d378</load_address>
         <run_address>0x1d378</run_address>
         <size>0x8</size>
      </object_component>
      <object_component id="oc-709">
         <name>__TI_cinit_table</name>
         <load_address>0x1d380</load_address>
         <run_address>0x1d380</run_address>
         <size>0x18</size>
      </object_component>
      <object_component id="oc-18e">
         <name>.bss:tps_data</name>
         <uninitialized>true</uninitialized>
         <run_address>0x8005700</run_address>
         <size>0xc</size>
         <input_file_ref idref="fl-b"/>
      </object_component>
      <object_component id="oc-191">
         <name>.bss:front_data</name>
         <uninitialized>true</uninitialized>
         <run_address>0x80056c4</run_address>
         <size>0xc</size>
         <input_file_ref idref="fl-b"/>
      </object_component>
      <object_component id="oc-194">
         <name>.bss:current_data</name>
         <uninitialized>true</uninitialized>
         <run_address>0x8005688</run_address>
         <size>0xc</size>
         <input_file_ref idref="fl-b"/>
      </object_component>
      <object_component id="oc-197">
         <name>.bss:rear_data</name>
         <uninitialized>true</uninitialized>
         <run_address>0x80056f4</run_address>
         <size>0xc</size>
         <input_file_ref idref="fl-b"/>
      </object_component>
      <object_component id="oc-19a">
         <name>.bss:driver1_status</name>
         <uninitialized>true</uninitialized>
         <run_address>0x80056a0</run_address>
         <size>0xc</size>
         <input_file_ref idref="fl-b"/>
      </object_component>
      <object_component id="oc-19d">
         <name>.bss:driver2_status</name>
         <uninitialized>true</uninitialized>
         <run_address>0x80056b8</run_address>
         <size>0xc</size>
         <input_file_ref idref="fl-b"/>
      </object_component>
      <object_component id="oc-1a0">
         <name>.bss:motor1_data</name>
         <uninitialized>true</uninitialized>
         <run_address>0x80056dc</run_address>
         <size>0xc</size>
         <input_file_ref idref="fl-b"/>
      </object_component>
      <object_component id="oc-1a3">
         <name>.bss:motor2_data</name>
         <uninitialized>true</uninitialized>
         <run_address>0x80056e8</run_address>
         <size>0xc</size>
         <input_file_ref idref="fl-b"/>
      </object_component>
      <object_component id="oc-1a6">
         <name>.bss:driver1_data</name>
         <uninitialized>true</uninitialized>
         <run_address>0x8005694</run_address>
         <size>0xc</size>
         <input_file_ref idref="fl-b"/>
      </object_component>
      <object_component id="oc-1a9">
         <name>.bss:driver2_data</name>
         <uninitialized>true</uninitialized>
         <run_address>0x80056ac</run_address>
         <size>0xc</size>
         <input_file_ref idref="fl-b"/>
      </object_component>
      <object_component id="oc-1ac">
         <name>.bss:main_ecu_data</name>
         <uninitialized>true</uninitialized>
         <run_address>0x80056d0</run_address>
         <size>0xc</size>
         <input_file_ref idref="fl-b"/>
      </object_component>
      <object_component id="oc-bf">
         <name>.bss:g_sciTransfer_t</name>
         <uninitialized>true</uninitialized>
         <run_address>0x8005660</run_address>
         <size>0x28</size>
         <input_file_ref idref="fl-14"/>
      </object_component>
      <object_component id="oc-68a">
         <name>.bss:g_spiPacket_t</name>
         <uninitialized>true</uninitialized>
         <run_address>0x800557c</run_address>
         <size>0x78</size>
         <input_file_ref idref="fl-15"/>
      </object_component>
      <object_component id="oc-187">
         <name>.bss:display_data</name>
         <uninitialized>true</uninitialized>
         <run_address>0x80055f4</run_address>
         <size>0x69</size>
         <input_file_ref idref="fl-19"/>
      </object_component>
      <object_component id="oc-2b7">
         <name>.common:EVE_DISP_WIDTH</name>
         <uninitialized>true</uninitialized>
         <run_address>0x8005754</run_address>
         <size>0x4</size>
      </object_component>
      <object_component id="oc-2bb">
         <name>.common:EVE_DISP_HEIGHT</name>
         <uninitialized>true</uninitialized>
         <run_address>0x8005724</run_address>
         <size>0x4</size>
      </object_component>
      <object_component id="oc-2bc">
         <name>.common:EVE_DISP_HCYCLE</name>
         <uninitialized>true</uninitialized>
         <run_address>0x8005720</run_address>
         <size>0x4</size>
      </object_component>
      <object_component id="oc-2bd">
         <name>.common:EVE_DISP_VCYCLE</name>
         <uninitialized>true</uninitialized>
         <run_address>0x8005744</run_address>
         <size>0x4</size>
      </object_component>
      <object_component id="oc-2be">
         <name>.common:EVE_DISP_HOFFSET</name>
         <uninitialized>true</uninitialized>
         <run_address>0x8005728</run_address>
         <size>0x4</size>
      </object_component>
      <object_component id="oc-2bf">
         <name>.common:EVE_DISP_VOFFSET</name>
         <uninitialized>true</uninitialized>
         <run_address>0x8005748</run_address>
         <size>0x4</size>
      </object_component>
      <object_component id="oc-2c0">
         <name>.common:EVE_DISP_HSYNC0</name>
         <uninitialized>true</uninitialized>
         <run_address>0x800572c</run_address>
         <size>0x4</size>
      </object_component>
      <object_component id="oc-2c1">
         <name>.common:EVE_DISP_HSYNC1</name>
         <uninitialized>true</uninitialized>
         <run_address>0x8005730</run_address>
         <size>0x4</size>
      </object_component>
      <object_component id="oc-2c2">
         <name>.common:EVE_DISP_VSYNC0</name>
         <uninitialized>true</uninitialized>
         <run_address>0x800574c</run_address>
         <size>0x4</size>
      </object_component>
      <object_component id="oc-2c3">
         <name>.common:EVE_DISP_VSYNC1</name>
         <uninitialized>true</uninitialized>
         <run_address>0x8005750</run_address>
         <size>0x4</size>
      </object_component>
      <object_component id="oc-2c4">
         <name>.common:EVE_DISP_PCLKPOL</name>
         <uninitialized>true</uninitialized>
         <run_address>0x8005738</run_address>
         <size>0x4</size>
      </object_component>
      <object_component id="oc-2c5">
         <name>.common:EVE_DISP_SWIZZLE</name>
         <uninitialized>true</uninitialized>
         <run_address>0x8005740</run_address>
         <size>0x4</size>
      </object_component>
      <object_component id="oc-2c6">
         <name>.common:EVE_DISP_CSPREAD</name>
         <uninitialized>true</uninitialized>
         <run_address>0x8005718</run_address>
         <size>0x4</size>
      </object_component>
      <object_component id="oc-2c7">
         <name>.common:EVE_DISP_DITHER</name>
         <uninitialized>true</uninitialized>
         <run_address>0x800571c</run_address>
         <size>0x4</size>
      </object_component>
      <object_component id="oc-2c8">
         <name>.common:EVE_DISP_PCLK</name>
         <uninitialized>true</uninitialized>
         <run_address>0x8005734</run_address>
         <size>0x4</size>
      </object_component>
      <object_component id="oc-2c9">
         <name>.common:EVE_DISP_PCLK_FREQ</name>
         <uninitialized>true</uninitialized>
         <run_address>0x800573c</run_address>
         <size>0x4</size>
      </object_component>
      <object_component id="oc-2ca">
         <name>.common:EVE_TOUCH_ADDR</name>
         <uninitialized>true</uninitialized>
         <run_address>0x8005758</run_address>
         <size>0x4</size>
      </object_component>
      <object_component id="oc-18a">
         <name>.common:dashboard_data</name>
         <uninitialized>true</uninitialized>
         <run_address>0x8001500</run_address>
         <size>0x407c</size>
      </object_component>
      <object_component id="oc-231">
         <name>.common:buttons_data</name>
         <uninitialized>true</uninitialized>
         <run_address>0x800570c</run_address>
         <size>0x9</size>
      </object_component>
      <object_component id="oc-61b">
         <name>.data:dataconfig</name>
         <load_address>0x80058c4</load_address>
         <run_address>0x80058c4</run_address>
         <size>0x4</size>
         <input_file_ref idref="fl-5"/>
      </object_component>
      <object_component id="oc-38c">
         <name>.data</name>
         <load_address>0x8005890</load_address>
         <run_address>0x8005890</run_address>
         <size>0x10</size>
         <input_file_ref idref="fl-a"/>
      </object_component>
      <object_component id="oc-309">
         <name>.data:input_targets</name>
         <load_address>0x80058a0</load_address>
         <run_address>0x80058a0</run_address>
         <size>0x10</size>
         <input_file_ref idref="fl-f"/>
      </object_component>
      <object_component id="oc-389">
         <name>.data</name>
         <load_address>0x80058ba</load_address>
         <run_address>0x80058ba</run_address>
         <size>0x2</size>
         <input_file_ref idref="fl-11"/>
      </object_component>
      <object_component id="oc-388">
         <name>.data</name>
         <load_address>0x80058b0</load_address>
         <run_address>0x80058b0</run_address>
         <size>0xa</size>
         <input_file_ref idref="fl-34"/>
      </object_component>
      <object_component id="oc-674">
         <name>.data</name>
         <load_address>0x80058c8</load_address>
         <run_address>0x80058c8</run_address>
         <size>0x4</size>
         <input_file_ref idref="fl-51"/>
      </object_component>
      <object_component id="oc-5bd">
         <name>.data</name>
         <load_address>0x80058bc</load_address>
         <run_address>0x80058bc</run_address>
         <size>0x8</size>
         <input_file_ref idref="fl-5c"/>
      </object_component>
      <object_component id="oc-51e">
         <name>.data</name>
         <load_address>0x80058cc</load_address>
         <run_address>0x80058cc</run_address>
         <size>0x1</size>
         <input_file_ref idref="fl-5d"/>
      </object_component>
      <object_component id="oc-32e">
         <name>FEE_TEXT_SECTION</name>
         <load_address>0x1b878</load_address>
         <run_address>0x1b878</run_address>
         <size>0xcb8</size>
         <input_file_ref idref="fl-30"/>
      </object_component>
      <object_component id="oc-31a">
         <name>FEE_TEXT_SECTION</name>
         <load_address>0x1c530</load_address>
         <run_address>0x1c530</run_address>
         <size>0x9e8</size>
         <input_file_ref idref="fl-2d"/>
      </object_component>
      <object_component id="oc-2df">
         <name>FEE_CONST_SECTION</name>
         <load_address>0x1d2a4</load_address>
         <run_address>0x1d2a4</run_address>
         <size>0x84</size>
         <input_file_ref idref="fl-6"/>
      </object_component>
      <object_component id="oc-2e2">
         <name>FEE_CONST_SECTION</name>
         <load_address>0x1d328</load_address>
         <run_address>0x1d328</run_address>
         <size>0x1c</size>
         <input_file_ref idref="fl-26"/>
      </object_component>
      <object_component id="oc-2dc">
         <name>FEE_DATA_SECTION</name>
         <load_address>0x800575c</load_address>
         <run_address>0x800575c</run_address>
         <size>0xf5</size>
         <input_file_ref idref="fl-29"/>
      </object_component>
      <object_component id="oc-2f4">
         <name>FEE_DATA_SECTION</name>
         <load_address>0x8005851</load_address>
         <run_address>0x8005851</run_address>
         <size>0x1</size>
         <input_file_ref idref="fl-2b"/>
      </object_component>
      <object_component id="oc-2fb">
         <name>FEE_DATA_SECTION:uninit</name>
         <load_address>0x8005854</load_address>
         <run_address>0x8005854</run_address>
         <size>0x2e</size>
         <input_file_ref idref="fl-2f"/>
      </object_component>
      <object_component id="oc-2fa">
         <name>FEE_DATA_SECTION:init</name>
         <load_address>0x8005884</load_address>
         <run_address>0x8005884</run_address>
         <size>0x9</size>
         <input_file_ref idref="fl-2f"/>
      </object_component>
      <object_component id="oc-2b8">
         <name>.debug_info</name>
         <load_address>0x0</load_address>
         <run_address>0x0</run_address>
         <size>0xc1e</size>
         <input_file_ref idref="fl-2"/>
      </object_component>
      <object_component id="oc-152">
         <name>.debug_info</name>
         <load_address>0xc1e</load_address>
         <run_address>0xc1e</run_address>
         <size>0x51f</size>
         <input_file_ref idref="fl-2"/>
      </object_component>
      <object_component id="oc-2cc">
         <name>.debug_info</name>
         <load_address>0x113d</load_address>
         <run_address>0x113d</run_address>
         <size>0x18bd</size>
         <input_file_ref idref="fl-2"/>
      </object_component>
      <object_component id="oc-418">
         <name>.debug_info</name>
         <load_address>0x29fa</load_address>
         <run_address>0x29fa</run_address>
         <size>0xe9</size>
         <input_file_ref idref="fl-2"/>
      </object_component>
      <object_component id="oc-5f">
         <name>.debug_info</name>
         <load_address>0x2ae3</load_address>
         <run_address>0x2ae3</run_address>
         <size>0x84</size>
         <input_file_ref idref="fl-2"/>
      </object_component>
      <object_component id="oc-43b">
         <name>.debug_info</name>
         <load_address>0x2b67</load_address>
         <run_address>0x2b67</run_address>
         <size>0x2d6</size>
         <input_file_ref idref="fl-2"/>
      </object_component>
      <object_component id="oc-2d1">
         <name>.debug_info</name>
         <load_address>0x2e3d</load_address>
         <run_address>0x2e3d</run_address>
         <size>0xbb</size>
         <input_file_ref idref="fl-2"/>
      </object_component>
      <object_component id="oc-431">
         <name>.debug_info</name>
         <load_address>0x2ef8</load_address>
         <run_address>0x2ef8</run_address>
         <size>0x2a1</size>
         <input_file_ref idref="fl-2"/>
      </object_component>
      <object_component id="oc-545">
         <name>.debug_info</name>
         <load_address>0x3199</load_address>
         <run_address>0x3199</run_address>
         <size>0x2c</size>
         <input_file_ref idref="fl-2"/>
      </object_component>
      <object_component id="oc-4bb">
         <name>.debug_info</name>
         <load_address>0x31c5</load_address>
         <run_address>0x31c5</run_address>
         <size>0x89b</size>
         <input_file_ref idref="fl-3"/>
      </object_component>
      <object_component id="oc-2da">
         <name>.debug_info</name>
         <load_address>0x3a60</load_address>
         <run_address>0x3a60</run_address>
         <size>0x8760</size>
         <input_file_ref idref="fl-3"/>
      </object_component>
      <object_component id="oc-1d1">
         <name>.debug_info</name>
         <load_address>0xc1c0</load_address>
         <run_address>0xc1c0</run_address>
         <size>0x26b</size>
         <input_file_ref idref="fl-3"/>
      </object_component>
      <object_component id="oc-4b6">
         <name>.debug_info</name>
         <load_address>0xc42b</load_address>
         <run_address>0xc42b</run_address>
         <size>0x2a4</size>
         <input_file_ref idref="fl-3"/>
      </object_component>
      <object_component id="oc-1ca">
         <name>.debug_info</name>
         <load_address>0xc6cf</load_address>
         <run_address>0xc6cf</run_address>
         <size>0xbb</size>
         <input_file_ref idref="fl-3"/>
      </object_component>
      <object_component id="oc-242">
         <name>.debug_info</name>
         <load_address>0xc78a</load_address>
         <run_address>0xc78a</run_address>
         <size>0x2c</size>
         <input_file_ref idref="fl-3"/>
      </object_component>
      <object_component id="oc-50d">
         <name>.debug_info</name>
         <load_address>0xc7b6</load_address>
         <run_address>0xc7b6</run_address>
         <size>0x2c</size>
         <input_file_ref idref="fl-3"/>
      </object_component>
      <object_component id="oc-25e">
         <name>.debug_info</name>
         <load_address>0xc7e2</load_address>
         <run_address>0xc7e2</run_address>
         <size>0x35</size>
         <input_file_ref idref="fl-3"/>
      </object_component>
      <object_component id="oc-5b4">
         <name>.debug_info</name>
         <load_address>0xc817</load_address>
         <run_address>0xc817</run_address>
         <size>0x5db</size>
         <input_file_ref idref="fl-4"/>
      </object_component>
      <object_component id="oc-4fb">
         <name>.debug_info</name>
         <load_address>0xcdf2</load_address>
         <run_address>0xcdf2</run_address>
         <size>0x15e8</size>
         <input_file_ref idref="fl-4"/>
      </object_component>
      <object_component id="oc-465">
         <name>.debug_info</name>
         <load_address>0xe3da</load_address>
         <run_address>0xe3da</run_address>
         <size>0x5d0</size>
         <input_file_ref idref="fl-5"/>
      </object_component>
      <object_component id="oc-61c">
         <name>.debug_info</name>
         <load_address>0xe9aa</load_address>
         <run_address>0xe9aa</run_address>
         <size>0xeb</size>
         <input_file_ref idref="fl-5"/>
      </object_component>
      <object_component id="oc-5b0">
         <name>.debug_info</name>
         <load_address>0xea95</load_address>
         <run_address>0xea95</run_address>
         <size>0x154a</size>
         <input_file_ref idref="fl-5"/>
      </object_component>
      <object_component id="oc-577">
         <name>.debug_info</name>
         <load_address>0xffdf</load_address>
         <run_address>0xffdf</run_address>
         <size>0x3d9</size>
         <input_file_ref idref="fl-5"/>
      </object_component>
      <object_component id="oc-1b0">
         <name>.debug_info</name>
         <load_address>0x103b8</load_address>
         <run_address>0x103b8</run_address>
         <size>0x18d</size>
         <input_file_ref idref="fl-5"/>
      </object_component>
      <object_component id="oc-d1">
         <name>.debug_info</name>
         <load_address>0x10545</load_address>
         <run_address>0x10545</run_address>
         <size>0x8b</size>
         <input_file_ref idref="fl-5"/>
      </object_component>
      <object_component id="oc-478">
         <name>.debug_info</name>
         <load_address>0x105d0</load_address>
         <run_address>0x105d0</run_address>
         <size>0x25d</size>
         <input_file_ref idref="fl-5"/>
      </object_component>
      <object_component id="oc-47d">
         <name>.debug_info</name>
         <load_address>0x1082d</load_address>
         <run_address>0x1082d</run_address>
         <size>0x15c</size>
         <input_file_ref idref="fl-5"/>
      </object_component>
      <object_component id="oc-572">
         <name>.debug_info</name>
         <load_address>0x10989</load_address>
         <run_address>0x10989</run_address>
         <size>0x29e</size>
         <input_file_ref idref="fl-5"/>
      </object_component>
      <object_component id="oc-516">
         <name>.debug_info</name>
         <load_address>0x10c27</load_address>
         <run_address>0x10c27</run_address>
         <size>0x1ee</size>
         <input_file_ref idref="fl-6"/>
      </object_component>
      <object_component id="oc-2e0">
         <name>.debug_info</name>
         <load_address>0x10e15</load_address>
         <run_address>0x10e15</run_address>
         <size>0xfe</size>
         <input_file_ref idref="fl-6"/>
      </object_component>
      <object_component id="oc-2ef">
         <name>.debug_info</name>
         <load_address>0x10f13</load_address>
         <run_address>0x10f13</run_address>
         <size>0xe57</size>
         <input_file_ref idref="fl-6"/>
      </object_component>
      <object_component id="oc-523">
         <name>.debug_info</name>
         <load_address>0x11d6a</load_address>
         <run_address>0x11d6a</run_address>
         <size>0x225</size>
         <input_file_ref idref="fl-6"/>
      </object_component>
      <object_component id="oc-528">
         <name>.debug_info</name>
         <load_address>0x11f8f</load_address>
         <run_address>0x11f8f</run_address>
         <size>0x26d5</size>
         <input_file_ref idref="fl-6"/>
      </object_component>
      <object_component id="oc-af">
         <name>.debug_info</name>
         <load_address>0x14664</load_address>
         <run_address>0x14664</run_address>
         <size>0x157</size>
         <input_file_ref idref="fl-6"/>
      </object_component>
      <object_component id="oc-535">
         <name>.debug_info</name>
         <load_address>0x147bb</load_address>
         <run_address>0x147bb</run_address>
         <size>0x46</size>
         <input_file_ref idref="fl-6"/>
      </object_component>
      <object_component id="oc-629">
         <name>.debug_info</name>
         <load_address>0x14801</load_address>
         <run_address>0x14801</run_address>
         <size>0x17a</size>
         <input_file_ref idref="fl-7"/>
      </object_component>
      <object_component id="oc-23a">
         <name>.debug_info</name>
         <load_address>0x1497b</load_address>
         <run_address>0x1497b</run_address>
         <size>0x3e2</size>
         <input_file_ref idref="fl-8"/>
      </object_component>
      <object_component id="oc-2ac">
         <name>.debug_info</name>
         <load_address>0x14d5d</load_address>
         <run_address>0x14d5d</run_address>
         <size>0xe7</size>
         <input_file_ref idref="fl-8"/>
      </object_component>
      <object_component id="oc-14c">
         <name>.debug_info</name>
         <load_address>0x14e44</load_address>
         <run_address>0x14e44</run_address>
         <size>0x13a6</size>
         <input_file_ref idref="fl-8"/>
      </object_component>
      <object_component id="oc-28">
         <name>.debug_info</name>
         <load_address>0x161ea</load_address>
         <run_address>0x161ea</run_address>
         <size>0x262</size>
         <input_file_ref idref="fl-8"/>
      </object_component>
      <object_component id="oc-cc">
         <name>.debug_info</name>
         <load_address>0x1644c</load_address>
         <run_address>0x1644c</run_address>
         <size>0x18c</size>
         <input_file_ref idref="fl-8"/>
      </object_component>
      <object_component id="oc-d6">
[...]
         <name>TI_Fee_bEraseSuspended</name>
         <value>0x8005839</value>
         <object_component_ref idref="oc-2dc"/>
      </symbol>
      <symbol id="sm-fb4">
         <name>TI_Fee_u32BlockEraseCount</name>
         <value>0x800582c</value>
         <object_component_ref idref="oc-2dc"/>
      </symbol>
      <symbol id="sm-fb5">
         <name>TI_Fee_u8ErrEraseVS</name>
         <value>0x8005838</value>
         <object_component_ref idref="oc-2dc"/>
      </symbol>
      <symbol id="sm-fb6">
         <name>TI_Fee_bIsMainFunctionCalled</name>
         <value>0x800583a</value>
         <object_component_ref idref="oc-2dc"/>
      </symbol>
      <symbol id="sm-1027">
         <name>TI_Fee_MainFunction</name>
         <value>0xe9e8</value>
         <object_component_ref idref="oc-163"/>
      </symbol>
      <symbol id="sm-1062">
         <name>TI_Fee_ReadSync</name>
         <value>0x1c530</value>
         <object_component_ref idref="oc-31a"/>
      </symbol>
      <symbol id="sm-1286">
         <name>TI_FeeInternal_FindNextVirtualSector</name>
         <value>0xec4</value>
         <object_component_ref idref="oc-169"/>
      </symbol>
      <symbol id="sm-1287">
         <name>TI_Fee_GetStatus</name>
         <value>0x4ec8</value>
         <object_component_ref idref="oc-169"/>
      </symbol>
      <symbol id="sm-1288">
         <name>TI_FeeInternal_SetClearCopyBlockState</name>
         <value>0x2f28</value>
         <object_component_ref idref="oc-169"/>
      </symbol>
      <symbol id="sm-1289">
         <name>TI_FeeInternal_UpdateBlockOffsetArray</name>
         <value>0x1e90</value>
         <object_component_ref idref="oc-169"/>
      </symbol>
      <symbol id="sm-128a">
         <name>TI_FeeInternal_CheckReadParameters</name>
         <value>0x2ab4</value>
         <object_component_ref idref="oc-169"/>
      </symbol>
      <symbol id="sm-128b">
         <name>TI_FeeInternal_BlankCheck</name>
         <value>0x1188</value>
         <object_component_ref idref="oc-169"/>
      </symbol>
      <symbol id="sm-128c">
         <name>TI_FeeInternal_Fletcher16</name>
         <value>0x50b4</value>
         <object_component_ref idref="oc-169"/>
      </symbol>
      <symbol id="sm-128d">
         <name>TI_Fee_ErrorRecovery</name>
         <value>0x51e0</value>
         <object_component_ref idref="oc-169"/>
      </symbol>
      <symbol id="sm-128e">
         <name>TI_FeeInternal_PollFlashStatus</name>
         <value>0xe08</value>
         <object_component_ref idref="oc-169"/>
      </symbol>
      <symbol id="sm-128f">
         <name>TI_FeeInternal_StartProgramBlock</name>
         <value>0x4dc4</value>
         <object_component_ref idref="oc-169"/>
      </symbol>
      <symbol id="sm-1290">
         <name>TI_FeeInternal_GetCurrentBlockAddress</name>
         <value>0x2be4</value>
         <object_component_ref idref="oc-169"/>
      </symbol>
      <symbol id="sm-1291">
         <name>TI_FeeInternal_WriteBlockHeader</name>
         <value>0x44bc</value>
         <object_component_ref idref="oc-169"/>
      </symbol>
      <symbol id="sm-1292">
         <name>TI_FeeInternal_EnableRequiredFlashSector</name>
         <value>0x56cc</value>
         <object_component_ref idref="oc-169"/>
      </symbol>
      <symbol id="sm-1293">
         <name>TI_FeeInternal_WriteDataF021</name>
         <value>0x664</value>
         <object_component_ref idref="oc-169"/>
      </symbol>
      <symbol id="sm-1294">
         <name>TI_FeeInternal_GetBlockNumber</name>
         <value>0x1c2c</value>
         <object_component_ref idref="oc-169"/>
      </symbol>
      <symbol id="sm-1295">
         <name>TI_FeeInternal_GetDataSetIndex</name>
         <value>0x1ce8</value>
         <object_component_ref idref="oc-169"/>
      </symbol>
      <symbol id="sm-1296">
         <name>TI_FeeInternal_GetVirtualSectorParameter</name>
         <value>0x20</value>
         <object_component_ref idref="oc-169"/>
      </symbol>
      <symbol id="sm-1297">
         <name>TI_FeeInternal_WriteVirtualSectorHeader</name>
         <value>0x1b8</value>
         <object_component_ref idref="oc-169"/>
      </symbol>
      <symbol id="sm-1298">
         <name>TI_FeeInternal_AlignAddressForECC</name>
         <value>0xaf4</value>
         <object_component_ref idref="oc-169"/>
      </symbol>
      <symbol id="sm-1299">
         <name>TI_FeeInternal_WritePreviousBlockHeader</name>
         <value>0x481c</value>
         <object_component_ref idref="oc-169"/>
      </symbol>
      <symbol id="sm-129a">
         <name>TI_FeeInternal_GetBlockSize</name>
         <value>0xe84</value>
         <object_component_ref idref="oc-169"/>
      </symbol>
      <symbol id="sm-129b">
         <name>TI_FeeInternal_GetNextFlashAddress</name>
         <value>0x2ce8</value>
         <object_component_ref idref="oc-169"/>
      </symbol>
      <symbol id="sm-129c">
         <name>TI_FeeInternal_GetArrayIndex</name>
         <value>0x1d24</value>
         <object_component_ref idref="oc-169"/>
      </symbol>
      <symbol id="sm-129d">
         <name>TI_FeeInternal_WriteInitialize</name>
         <value>0xb2c</value>
         <object_component_ref idref="oc-169"/>
      </symbol>
      <symbol id="sm-129e">
         <name>TI_FeeInternal_FeeManager</name>
         <value>0x3044</value>
         <object_component_ref idref="oc-169"/>
      </symbol>
      <symbol id="sm-129f">
         <name>TI_FeeInternal_CheckModuleState</name>
         <value>0x2a54</value>
         <object_component_ref idref="oc-169"/>
      </symbol>
      <symbol id="sm-12a0">
         <name>TI_FeeInternal_GetBlockIndex</name>
         <value>0x1c68</value>
         <object_component_ref idref="oc-169"/>
      </symbol>
      <symbol id="sm-12a1">
         <name>TI_FeeInternal_InvalidateErase</name>
         <value>0x4b14</value>
         <object_component_ref idref="oc-169"/>
      </symbol>
      <symbol id="sm-12a2">
         <name>TI_FeeInternal_GetVirtualSectorIndex</name>
         <value>0x1a50</value>
         <object_component_ref idref="oc-169"/>
      </symbol>
      <symbol id="sm-12a3">
         <name>TI_FeeInternal_CheckForError</name>
         <value>0x4f34</value>
         <object_component_ref idref="oc-169"/>
      </symbol>
      <symbol id="sm-12a4">
         <name>TI_Fee_SuspendResumeErase</name>
         <value>0x54bc</value>
         <object_component_ref idref="oc-169"/>
      </symbol>
      <symbol id="sm-12a5">
         <name>TI_FeeInternal_SanityCheck</name>
         <value>0x2d38</value>
         <object_component_ref idref="oc-169"/>
      </symbol>
      <symbol id="sm-12ea">
         <name>TI_Fee_WriteAsync</name>
         <value>0x1b878</value>
         <object_component_ref idref="oc-32e"/>
      </symbol>
      <symbol id="sm-130a">
         <name>_Z15ui_draw_buttonsR14Bridgetek_EVE2P16dashboard_data_t</name>
         <value>0x193f4</value>
         <object_component_ref idref="oc-3cd"/>
      </symbol>
      <symbol id="sm-1322">
         <name>_Z15ui_draw_rpm_barR14Bridgetek_EVE2f</name>
         <value>0x1988c</value>
         <object_component_ref idref="oc-3c7"/>
      </symbol>
      <symbol id="sm-13ee">
         <name>_Z15saveCalibrationR14Bridgetek_EVE2</name>
         <value>0x10960</value>
         <object_component_ref idref="oc-17b"/>
      </symbol>
      <symbol id="sm-13ef">
         <name>_Z12eve_read_tagR14Bridgetek_EVE2Ph</name>
         <value>0x10a8c</value>
         <object_component_ref idref="oc-17b"/>
      </symbol>
      <symbol id="sm-13f0">
         <name>_ZN14Bridgetek_EVE213CMD_CALIBRATEEj</name>
         <value>0x1b6bc</value>
         <object_component_ref idref="oc-373"/>
      </symbol>
      <symbol id="sm-13f1">
         <name>_ZN14Bridgetek_EVE213LIB_MemRead16Ej</name>
         <value>0x1b6d4</value>
         <object_component_ref idref="oc-334"/>
      </symbol>
      <symbol id="sm-13f2">
         <name>_Z5delayi</name>
         <value>0x10a18</value>
         <object_component_ref idref="oc-17b"/>
      </symbol>
      <symbol id="sm-13f3">
         <name>_Z13eve_calibrateR14Bridgetek_EVE2</name>
         <value>0x10af8</value>
         <object_component_ref idref="oc-17b"/>
      </symbol>
      <symbol id="sm-13f4">
         <name>_Z10eve_get_xyR14Bridgetek_EVE2PtS1_</name>
         <value>0x10ce4</value>
         <object_component_ref idref="oc-17b"/>
      </symbol>
      <symbol id="sm-13f5">
         <name>_Z15ui_handle_touchR14Bridgetek_EVE2P16dashboard_data_t</name>
         <value>0x10d60</value>
         <object_component_ref idref="oc-17b"/>
      </symbol>
      <symbol id="sm-13f6">
         <name>_ZN14Bridgetek_EVE219LIB_AwaitCoProEmptyEv</name>
         <value>0x1b7b4</value>
         <object_component_ref idref="oc-381"/>
      </symbol>
      <symbol id="sm-13f7">
         <name>_ZN14Bridgetek_EVE213LIB_MemRead32Ej</name>
         <value>0x1b6ec</value>
         <object_component_ref idref="oc-327"/>
      </symbol>
      <symbol id="sm-13f8">
         <name>_ZN14Bridgetek_EVE214LIB_MemWrite32Ejj</name>
         <value>0x1b5a0</value>
         <object_component_ref idref="oc-320"/>
      </symbol>
      <symbol id="sm-13f9">
         <name>_ZN14Bridgetek_EVE213LIB_MemWrite8Ejh</name>
         <value>0x1b580</value>
         <object_component_ref idref="oc-342"/>
      </symbol>
      <symbol id="sm-13fa">
         <name>_ZN14Bridgetek_EVE212LIB_MemRead8Ej</name>
         <value>0x1b6a4</value>
         <object_component_ref idref="oc-33b"/>
      </symbol>
      <symbol id="sm-13fb">
         <name>_Z15loadCalibrationR14Bridgetek_EVE2</name>
         <value>0x108a4</value>
         <object_component_ref idref="oc-17b"/>
      </symbol>
      <symbol id="sm-1421">
         <name>floorl</name>
         <value>0x1a7e1</value>
         <object_component_ref idref="oc-2a4"/>
      </symbol>
      <symbol id="sm-1422">
         <name>floor</name>
         <value>0x1a7e1</value>
         <object_component_ref idref="oc-2a4"/>
      </symbol>
      <symbol id="sm-1449">
         <name>sprintf</name>
         <value>0x1b211</value>
         <object_component_ref idref="oc-3b3"/>
      </symbol>
      <symbol id="sm-1464">
         <name>memcpy</name>
         <value>0x1aa4f</value>
         <object_component_ref idref="oc-64"/>
      </symbol>
      <symbol id="sm-1465">
         <name>__aeabi_memcpy</name>
         <value>0x1aa4f</value>
         <object_component_ref idref="oc-64"/>
      </symbol>
      <symbol id="sm-1466">
         <name>__aeabi_memcpy8</name>
         <value>0x1aa4f</value>
         <object_component_ref idref="oc-64"/>
      </symbol>
      <symbol id="sm-1467">
         <name>__aeabi_memcpy4</name>
         <value>0x1aa4f</value>
         <object_component_ref idref="oc-64"/>
      </symbol>
      <symbol id="sm-1473">
         <name>__aeabi_idivmod</name>
         <value>0x1affc</value>
         <object_component_ref idref="oc-3d3"/>
      </symbol>
      <symbol id="sm-1474">
         <name>__aeabi_idiv</name>
         <value>0x1affc</value>
         <object_component_ref idref="oc-3d3"/>
      </symbol>
      <symbol id="sm-14a2">
         <name>__TI_auto_init_nobinit</name>
         <value>0x1ae3d</value>
         <object_component_ref idref="oc-11a"/>
      </symbol>
      <symbol id="sm-14b5">
         <name>__TI_zero_init</name>
         <value>0x1b83f</value>
         <object_component_ref idref="oc-76"/>
      </symbol>
      <symbol id="sm-14cc">
         <name>__TI_decompress_none</name>
         <value>0x1b825</value>
         <object_component_ref idref="oc-18"/>
      </symbol>
      <symbol id="sm-14ef">
         <name>__TI_decompress_lzss</name>
         <value>0x1ad69</value>
         <object_component_ref idref="oc-12"/>
      </symbol>
      <symbol id="sm-14fa">
         <name>C$$EXIT</name>
         <value>0x1b865</value>
         <object_component_ref idref="oc-1b7"/>
      </symbol>
      <symbol id="sm-14fb">
         <name>abort</name>
         <value>0x1b865</value>
         <object_component_ref idref="oc-1b7"/>
      </symbol>
      <symbol id="sm-150a">
         <name>strlen</name>
         <value>0x1b74b</value>
         <object_component_ref idref="oc-500"/>
      </symbol>
      <symbol id="sm-151d">
         <name>strstr</name>
         <value>0x1b2c9</value>
         <object_component_ref idref="oc-506"/>
      </symbol>
      <symbol id="sm-1674">
         <name>__TI_printfi</name>
         <value>0x1362d</value>
         <object_component_ref idref="oc-550"/>
      </symbol>
      <symbol id="sm-167e">
         <name>__aeabi_idiv0</name>
         <value>0x1407b</value>
         <object_component_ref idref="oc-56a"/>
      </symbol>
      <symbol id="sm-167f">
         <name>__aeabi_ldiv0</name>
         <value>0x1407b</value>
         <object_component_ref idref="oc-56a"/>
      </symbol>
      <symbol id="sm-168e">
         <name>__aeabi_memset</name>
         <value>0x1ac7d</value>
         <object_component_ref idref="oc-f0"/>
      </symbol>
      <symbol id="sm-168f">
         <name>memset</name>
         <value>0x1ac83</value>
         <object_component_ref idref="oc-f0"/>
      </symbol>
      <symbol id="sm-1690">
         <name>__aeabi_memset8</name>
         <value>0x1ac7d</value>
         <object_component_ref idref="oc-f0"/>
      </symbol>
      <symbol id="sm-1691">
         <name>__aeabi_memset4</name>
         <value>0x1ac7d</value>
         <object_component_ref idref="oc-f0"/>
      </symbol>
      <symbol id="sm-1692">
         <name>__aeabi_memclr8</name>
         <value>0x1ac7b</value>
         <object_component_ref idref="oc-f0"/>
      </symbol>
      <symbol id="sm-1693">
         <name>__aeabi_memclr4</name>
         <value>0x1ac7b</value>
         <object_component_ref idref="oc-f0"/>
      </symbol>
      <symbol id="sm-1694">
         <name>__aeabi_memclr</name>
         <value>0x1ac7b</value>
         <object_component_ref idref="oc-f0"/>
      </symbol>
      <symbol id="sm-16af">
         <name>__aeabi_uldivmod</name>
         <value>0x18c58</value>
         <object_component_ref idref="oc-631"/>
      </symbol>
      <symbol id="sm-16be">
         <name>__TI_ltoa</name>
         <value>0x1af55</value>
         <object_component_ref idref="oc-637"/>
      </symbol>
      <symbol id="sm-16d3">
         <name>atoi</name>
         <value>0x1b0f1</value>
         <object_component_ref idref="oc-5c7"/>
      </symbol>
      <symbol id="sm-16de">
         <name>_ctypes_</name>
         <value>0x1d118</value>
         <object_component_ref idref="oc-62c"/>
      </symbol>
      <symbol id="sm-16ee">
         <name>memccpy</name>
         <value>0x1b469</value>
         <object_component_ref idref="oc-5eb"/>
      </symbol>
      <symbol id="sm-16fe">
         <name>strchr</name>
         <value>0x1b735</value>
         <object_component_ref idref="oc-664"/>
      </symbol>
      <symbol id="sm-1714">
         <name>__aeabi_errno_addr</name>
         <value>0x1b85d</value>
         <object_component_ref idref="oc-5f7"/>
      </symbol>
      <symbol id="sm-1715">
         <name>errno</name>
         <value>0x80058c8</value>
         <object_component_ref idref="oc-674"/>
      </symbol>
      <symbol id="sm-172e">
         <name>wcslen</name>
         <value>0x1b761</value>
         <object_component_ref idref="oc-5f1"/>
      </symbol>
      <symbol id="sm-174c">
         <name>frexpl</name>
         <value>0x1acf5</value>
         <object_component_ref idref="oc-658"/>
      </symbol>
      <symbol id="sm-174d">
         <name>frexp</name>
         <value>0x1acf5</value>
         <object_component_ref idref="oc-658"/>
      </symbol>
      <symbol id="sm-176a">
         <name>scalbn</name>
         <value>0x1a609</value>
         <object_component_ref idref="oc-65e"/>
      </symbol>
      <symbol id="sm-176b">
         <name>scalbnl</name>
         <value>0x1a609</value>
         <object_component_ref idref="oc-65e"/>
      </symbol>
      <symbol id="sm-176c">
         <name>ldexpl</name>
         <value>0x1a609</value>
         <object_component_ref idref="oc-65e"/>
      </symbol>
      <symbol id="sm-176d">
         <name>ldexp</name>
         <value>0x1a609</value>
         <object_component_ref idref="oc-65e"/>
      </symbol>
      <symbol id="sm-1777">
         <name>copysign</name>
         <value>0x1b621</value>
         <object_component_ref idref="oc-6aa"/>
      </symbol>
      <symbol id="sm-1778">
         <name>copysignl</name>
         <value>0x1b621</value>
         <object_component_ref idref="oc-6aa"/>
      </symbol>
      <symbol id="sm-177e">
         <name>Fapi_issueAsyncCommand</name>
         <value>0x1b3c5</value>
         <object_component_ref idref="oc-2f8"/>
      </symbol>
      <symbol id="sm-1786">
         <name>Fapi_issueAsyncCommandWithAddress</name>
         <value>0x1b339</value>
         <object_component_ref idref="oc-2f9"/>
      </symbol>
      <symbol id="sm-178e">
         <name>Fapi_doBlankCheck</name>
         <value>0x1aaed</value>
         <object_component_ref idref="oc-2f7"/>
      </symbol>
      <symbol id="sm-179f">
         <name>_Fapi_EnableSectors</name>
         <value>0x1b18d</value>
         <object_component_ref idref="oc-520"/>
      </symbol>
      <symbol id="sm-17a0">
         <name>Fapi_enableEepromBankSectors</name>
         <value>0x1ab81</value>
         <object_component_ref idref="oc-2e7"/>
      </symbol>
      <symbol id="sm-17b4">
         <name>Fapi_initializeFlashBanks</name>
         <value>0x19195</value>
         <object_component_ref idref="oc-2e5"/>
      </symbol>
      <symbol id="sm-17ba">
         <name>_Fapi_issueFsmCommand</name>
         <value>0x1b251</value>
         <object_component_ref idref="oc-532"/>
      </symbol>
      <symbol id="sm-17c7">
         <name>_scaleMainFclk</name>
         <value>0x1b815</value>
         <object_component_ref idref="oc-51c"/>
      </symbol>
      <symbol id="sm-17c8">
         <name>_scaleEEFclk</name>
         <value>0x1b805</value>
         <object_component_ref idref="oc-51d"/>
      </symbol>
      <symbol id="sm-17d9">
         <name>Fapi_setActiveFlashBank</name>
         <value>0x19f51</value>
         <object_component_ref idref="oc-2e6"/>
      </symbol>
      <symbol id="sm-17dd">
         <name>Fapi_flushPipeline</name>
         <value>0x1b4fd</value>
         <object_component_ref idref="oc-530"/>
      </symbol>
      <symbol id="sm-17e5">
         <name>_Fapi_loopRegionForValue</name>
         <value>0x1ae9d</value>
         <object_component_ref idref="oc-531"/>
      </symbol>
      <symbol id="sm-17ea">
         <name>_Fapi_checkWdService</name>
         <value>0x1b833</value>
         <object_component_ref idref="oc-5c2"/>
      </symbol>
      <symbol id="sm-17f0">
         <name>Fapi_calculateFletcherChecksum</name>
         <value>0x1b301</value>
         <object_component_ref idref="oc-51a"/>
      </symbol>
      <symbol id="sm-17f7">
         <name>Fapi_waitDelay</name>
         <value>0x1b369</value>
         <object_component_ref idref="oc-5c0"/>
      </symbol>
      <symbol id="sm-17fd">
         <name>Fapi_getNumberOfBankSectors</name>
         <value>0x1b775</value>
         <object_component_ref idref="oc-51f"/>
      </symbol>
      <symbol id="sm-1803">
         <name>_Fapi_readDword</name>
         <value>0x1b399</value>
         <object_component_ref idref="oc-5c1"/>
      </symbol>
      <symbol id="sm-180f">
         <name>Fapi_isAddressEcc</name>
         <value>0x1b051</value>
         <object_component_ref idref="oc-625"/>
      </symbol>
      <symbol id="sm-1810">
         <name>__TI_static_base__</name>
         <value>0x0</value>
      </symbol>
      <symbol id="sm-1816">
         <name>_system_post_cinit</name>
         <value>0x0</value>
      </symbol>
   </symbol_table>
   <title>Link successful</title>
</link_info>
