******************************************************************************
                  TI ARM Linker PC v20.2.7                     
******************************************************************************
>> Linked Sun Jun 21 17:10:29 2026

OUTPUT FILE NAME:   <tms570_on_board_ecu.out>
ENTRY POINT SYMBOL: "_c_int00"  address: 00007704


MEMORY CONFIGURATION

         name            origin    length      used     unused   attr    fill
----------------------  --------  ---------  --------  --------  ----  --------
  VECTORS               00000000   00000020  00000020  00000000     X
  FLASH0                00000020   0013ffe0  0000846c  00137b74  R  X
  STACKS                08000000   00001500  00000000  00001500  RW  
  RAM                   08001500   0002eb00  0000413d  0002a9c3  RW  


SEGMENT ALLOCATION MAP

run origin  load origin   length   init length attrs members
----------  ----------- ---------- ----------- ----- -------
00000000    00000000    0000848c   0000848c    r-x
  00000000    00000000    00000020   00000020    r-x .intvecs
  00000020    00000020    00008234   00008234    r-x .text
  00008254    00008254    00000220   00000220    r-- .const
  00008474    00008474    00000004   00000004    r-- .init_array
  00008478    00008478    00000014   00000014    r-- .cinit
08001500    08001500    0000413d   00000000    rw-
  08001500    08001500    0000413d   00000000    rw- .bss


SECTION ALLOCATION MAP

 output                                  attributes/
section   page    origin      length       input sections
--------  ----  ----------  ----------   ----------------
.intvecs   0    00000000    00000020     
                  00000000    00000020     sys_intvecs.obj (.intvecs)

.text      0    00000020    00008234     
                  00000020    00002cdc     sys_selftest.obj (.text)
                  00002cfc    00000e2c     can.obj (.text)
                  00003b28    00000b64     system.obj (.text)
                  0000468c    00000a58     sys_vim.obj (.text)
                  000050e4    000008bc     pinmux.obj (.text)
                  000059a0    00000754     data.obj (.text)
                  000060f4    00000664     errata_SSWF021_45.obj (.text)
                  00006758    000005bc     esm.obj (.text)
                  00006d14    000003d8     sci.obj (.text:retain)
                  000070ec    0000034c     sys_core.obj (.text)
                  00007438    000002cc     sys_vim.obj (.text:retain)
                  00007704    00000288     sys_startup.obj (.text:retain)
                  0000798c    0000019c     can.obj (.text:retain)
                  00007b28    00000124     rti.obj (.text:retain)
                  00007c4c    00000114     esm.obj (.text:retain)
                  00007d60    00000104     notification.obj (.text)
                  00007e64    000000e8     dabort.obj (.text)
                  00007f4c    000000e0     sys_pmu.obj (.text)
                  0000802c    0000007a     rtsv7R4_T_be_v3D16_eabi.lib : memset_t2.asm.obj (.text)
                  000080a6    00000002     --HOLE-- [fill = 0]
                  000080a8    00000060                                 : autoinit.c.obj (.text:__TI_auto_init_nobinit:__TI_auto_init_nobinit)
                  00008108    00000024     data.obj (.text:_ZN12motor_data_tC1Et)
                  0000812c    00000024     data.obj (.text:_ZN13driver_data_tC1Et)
                  00008150    00000024     data.obj (.text:_ZN15driver_status_tC1Et)
                  00008174    00000020     data.obj (.text:_ZN10tps_data_tC1Ev)
                  00008194    00000020     data.obj (.text:_ZN11rear_data_tC1Ev)
                  000081b4    00000020     data.obj (.text:_ZN12front_data_tC1Ev)
                  000081d4    00000020     data.obj (.text:_ZN14current_data_tC1Ev)
                  000081f4    00000020     data.obj (.text:_ZN15main_ecu_data_tC1Ev)
                  00008214    00000020     data.obj (.text:_ZN19canopen_heartbeat_tC1Ev)
                  00008234    0000000c     rtsv7R4_T_be_v3D16_eabi.lib : copy_zero_init.c.obj (.text:decompress:ZI:__TI_zero_init)
                  00008240    00000008     sys_main.obj (.text)
                  00008248    00000004     rtsv7R4_T_be_v3D16_eabi.lib : exit.c.obj (.text:abort:abort)
                  0000824c    00000004     sys_phantom.obj (.text:retain)
                  00008250    00000004     sys_startup.obj (.text)

.const     0    00008254    00000220     
                  00008254    00000200     sys_vim.obj (.const:s_vim_init)
                  00008454    00000020     can.obj (.const:s_canByteOrder)

.cinit     0    00008478    00000014     
                  00008478    00000008     (.cinit..bss.load) [load image, compression = zero_init]
                  00008480    00000004     (__TI_handler_table)
                  00008484    00000008     (__TI_cinit_table)

.bss       0    08001500    0000413d     UNINITIALIZED
                  08001500    0000407c     (.common:dashboard_data)
                  0800557c    00000028     sci.obj (.bss:g_sciTransfer_t)
                  080055a4    0000000c     data.obj (.bss:canopen_heartbeat)
                  080055b0    0000000c     data.obj (.bss:current_data)
                  080055bc    0000000c     data.obj (.bss:driver1_data)
                  080055c8    0000000c     data.obj (.bss:driver1_status)
                  080055d4    0000000c     data.obj (.bss:driver2_data)
                  080055e0    0000000c     data.obj (.bss:driver2_status)
                  080055ec    0000000c     data.obj (.bss:front_data)
                  080055f8    0000000c     data.obj (.bss:main_ecu_data)
                  08005604    0000000c     data.obj (.bss:motor1_data)
                  08005610    0000000c     data.obj (.bss:motor2_data)
                  0800561c    0000000c     data.obj (.bss:rear_data)
                  08005628    0000000c     data.obj (.bss:tps_data)
                  08005634    00000009     (.common:buttons_data)

__llvm_prf_cnts 
*          0    08001500    00000000     UNINITIALIZED

.init_array 
*          0    00008474    00000004     
                  00008474    00000004     data.obj (.init_array)

MODULE SUMMARY

       Module                  code    ro data   rw data
       ------                  ----    -------   -------
    .\source\
       dashboard.obj           0       0         16508  
       sys_selftest.obj        11484   0         0      
       can.obj                 4040    32        0      
       sys_vim.obj             3364    512       0      
       system.obj              2916    0         0      
       data.obj                2176    4         153    
       pinmux.obj              2236    0         0      
       esm.obj                 1744    0         0      
       errata_SSWF021_45.obj   1636    0         0      
       sci.obj                 984     0         40     
       sys_core.obj            844     0         0      
       sys_startup.obj         652     0         0      
       rti.obj                 292     0         0      
       notification.obj        260     0         0      
       dabort.obj              232     0         0      
       sys_pmu.obj             224     0         0      
       sys_intvecs.obj         32      0         0      
       sys_main.obj            8       0         0      
       sys_phantom.obj         4       0         0      
    +--+-----------------------+-------+---------+---------+
       Total:                  33128   548       16701  
                                                        
    C:/ti/ccs1281/ccs/tools/compiler/ti-cgt-arm_20.2.7.LTS/lib/rtsv7R4_T_be_v3D16_eabi.lib
       memset_t2.asm.obj       122     0         0      
       autoinit.c.obj          96      0         0      
       copy_zero_init.c.obj    12      0         0      
       exit.c.obj              4       0         0      
    +--+-----------------------+-------+---------+---------+
       Total:                  234     0         0      
                                                        
       Linker Generated:       0       20        0      
    +--+-----------------------+-------+---------+---------+
       Grand Total:            33362   568       16701  


LINKER GENERATED COPY TABLES

__TI_cinit_table @ 00008484 records: 1, size/record: 8, table size: 8
	.bss: load addr=00008478, load size=00000008 bytes, run addr=08001500, run size=0000413d bytes, compression=zero_init


LINKER GENERATED HANDLER TABLE

__TI_handler_table @ 00008480 records: 1, size/record: 4, table size: 4
	index: 0, handler: __TI_zero_init


GLOBAL SYMBOLS: SORTED ALPHABETICALLY BY Name 

address   name                                
-------   ----                                
00008249  C$$EXIT                             
00008474  SHT$$INIT_ARRAY$$Base               
00008478  SHT$$INIT_ARRAY$$Limit              
000059b8  _Z11update_datav                    
000059a0  _Z9init_datav                       
00008174  _ZN10tps_data_tC1Ev                 
00008194  _ZN11rear_data_tC1Ev                
000081b4  _ZN12front_data_tC1Ev               
00008108  _ZN12motor_data_tC1Et               
0000812c  _ZN13driver_data_tC1Et              
000081d4  _ZN14current_data_tC1Ev             
00008150  _ZN15driver_status_tC1Et            
000081f4  _ZN15main_ecu_data_tC1Ev            
00008214  _ZN19canopen_heartbeat_tC1Ev        
00008484  __TI_CINIT_Base                     
0000848c  __TI_CINIT_Limit                    
00008480  __TI_Handler_Table_Base             
00008484  __TI_Handler_Table_Limit            
00007430  __TI_PINIT_Base                     
00007434  __TI_PINIT_Limit                    
000080a9  __TI_auto_init_nobinit              
ffffffff  __TI_pprof_out_hndl                 
ffffffff  __TI_prof_data_size                 
ffffffff  __TI_prof_data_start                
00000000  __TI_static_base__                  
00008235  __TI_zero_init                      
0000802d  __aeabi_memclr                      
0000802d  __aeabi_memclr4                     
0000802d  __aeabi_memclr8                     
0000802f  __aeabi_memset                      
0000802f  __aeabi_memset4                     
0000802f  __aeabi_memset8                     
ffffffff  __binit__                           
ffffffff  __c_args__                          
08001500  __start___llvm_prf_cnts             
00005f20  __sti___8_data_cpp_tps_data         
08001500  __stop___llvm_prf_cnts              
00007704  _c_int00                            
00007348  _coreClearAuxiliaryDataFault_       
0000735c  _coreClearAuxiliaryInstructionFault_
00007320  _coreClearDataFaultAddress_         
000072f8  _coreClearDataFault_                
00007334  _coreClearInstructionFaultAddress_  
0000730c  _coreClearInstructionFault_         
0000728c  _coreDisableEventBusExport_         
000072d0  _coreDisableFlashEcc_               
000072ac  _coreDisableRamEcc_                 
0000727c  _coreEnableEventBusExport_          
000072bc  _coreEnableFlashEcc_                
000072e0  _coreEnableIrqVicOffset_            
0000729c  _coreEnableRamEcc_                  
00007264  _coreEnableVfp_                     
00007340  _coreGetAuxiliaryDataFault_         
00007354  _coreGetAuxiliaryInstructionFault_  
00007318  _coreGetDataFaultAddress_           
000072f0  _coreGetDataFault_                  
0000732c  _coreGetInstructionFaultAddress_    
00007304  _coreGetInstructionFault_           
000070ec  _coreInitRegisters_                 
000071f8  _coreInitStackPointer_              
00007e64  _dabort                             
00007370  _disable_FIQ_interrupt_             
00007378  _disable_IRQ_interrupt_             
00007368  _disable_interrupt_                 
00007380  _enable_interrupt_                  
00007410  _errata_CORTEXR4_57_                
00007420  _errata_CORTEXR4_66_                
000060f4  _errata_SSWF021_45_both_plls        
000062e8  _errata_SSWF021_45_pll1             
00006460  _errata_SSWF021_45_pll2             
00007388  _esmCcmErrorsClear_                 
00007244  _getCPSRValue_                      
0000724c  _gotoCPUIdle_                       
00007fa8  _pmuDisableCountersGlobal_          
00007f98  _pmuEnableCountersGlobal_           
00008004  _pmuGetCycleCount_                  
0000800c  _pmuGetEventCount_                  
00008018  _pmuGetOverflow_                    
00007f4c  _pmuInit_                           
00007fd8  _pmuResetCounters_                  
00007fb8  _pmuResetCycleCounter_              
00007fc8  _pmuResetEventCounters_             
00007ff8  _pmuSetCountEvent_                  
00007fe8  _pmuStartCounters_                  
00007ff0  _pmuStopCounters_                   
UNDEFED   _system_post_cinit                  
00008249  abort                               
0000126c  adc1ParityCheck                     
00001358  adc2ParityCheck                     
ffffffff  binit                               
08005634  buttons_data                        
0000392c  can1GetConfigValue                  
0000798c  can1HighLevelInterrupt              
00007a74  can1LowLevelInterrupt               
00001410  can1ParityCheck                     
000014e8  can2ParityCheck                     
000015b0  can3ParityCheck                     
000037cc  canDisableErrorNotification         
000037ac  canDisableStatusChangeNotification  
00003824  canDisableloopback                  
0000376c  canEnableErrorNotification          
0000378c  canEnableStatusChangeNotification   
000037ec  canEnableloopback                   
00007dc8  canErrorNotification                
00003514  canFillMessageObjectData            
0000323c  canGetData                          
00003748  canGetErrorLevel                    
00003394  canGetID                            
00003724  canGetLastError                     
00002cfc  canInit                             
00003910  canIoRxGetBit                       
00003854  canIoSetDirection                   
000038a4  canIoSetPort                        
000038f4  canIoTxGetBit                       
000036c8  canIsMessageBoxValid                
0000366c  canIsRxMessageArrived               
00003610  canIsTxMessagePending               
00007df0  canMessageNotification              
00003474  canSendRemoteFrame                  
00007ddc  canStatusChangeNotification         
00003140  canTransmit                         
000033fc  canUpdateID                         
080055a4  canopen_heartbeat                   
00000030  ccmSelfCheck                        
000026fc  ccmr4GetConfigValue                 
00000938  checkB0RAMECC                       
00000b28  checkB1RAMECC                       
00001c18  checkClockMonitor                   
00000d18  checkFlashECC                       
00001cf4  checkFlashEEPROMECC                 
00001e8c  checkPLL1Slip                       
00001f8c  checkPLL2Slip                       
00002050  checkRAMAddrParity                  
000019d0  checkRAMECC                         
0000215c  checkRAMUERRTest                    
000007bc  checkefcSelfTest                    
00000234  cpuSelfTest                         
00000dfc  cpuSelfTestFail                     
080055b0  current_data                        
000045b0  customTrimLPO                       
00000df4  custom_dabort                       
08001500  dashboard_data                      
00002b58  disableParity                       
00007e50  dmaGroupANotification               
00000eac  dmaParityCheck                      
080055bc  driver1_data                        
080055c8  driver1_status                      
080055d4  driver2_data                        
080055e0  driver2_status                      
00000660  efcCheck                            
00002660  efcGetConfigValue                   
00000794  efcSelfTest                         
000006e8  efcStuckZeroTest                    
00002ad0  enableParity                        
0000276c  errata_PBIST_4                      
000068dc  esmActivateNormalOperation          
000069b0  esmClearStatus                      
000069f0  esmClearStatusBuffer                
000068a4  esmDisableError                     
00006914  esmDisableInterrupt                 
0000687c  esmEnableError                      
000068ec  esmEnableInterrupt                  
00006ae8  esmEnterSelfTest                    
00006860  esmError                            
00006bc0  esmGetConfigValue                   
00006a2c  esmGetStatus                        
00006ab0  esmGetStatusBuffer                  
00007d60  esmGroup1Notification               
00007d70  esmGroup2Notification               
00007c4c  esmHighInterrupt                    
00006758  esmInit                             
00006b70  esmSelfTestStatus                   
00006a0c  esmSetCounterPreloadValue           
0000693c  esmSetInterruptLevel                
000068cc  esmTriggerErrorPinReset             
000022c4  fmcBus1ParityCheck                  
0000085c  fmcBus2Check                        
00000898  fmcECCcheck                         
080055ec  front_data                          
00007e04  gioNotification                     
00008250  handlePLLLockFail                   
00000f58  het1ParityCheck                     
000010c0  het2ParityCheck                     
00001004  htu1ParityCheck                     
000011bc  htu2ParityCheck                     
00008240  main                                
080055f8  main_ecu_data                       
00003c90  mapClocks                           
00000174  memoryInit                          
00007d80  memoryPort0TestFailNotification     
00007d9c  memoryPort1TestFailNotification     
00008035  memset                              
00001684  mibspi1ParityCheck                  
0000178c  mibspi3ParityCheck                  
000018b0  mibspi5ParityCheck                  
08005604  motor1_data                         
08005610  motor2_data                         
000050e4  muxInit                             
000023ec  pbistFail                           
00002470  pbistGetConfigValue                 
000005a8  pbistIsTestCompleted                
000005d4  pbistIsTestPassed                   
00000608  pbistPortTestStatus                 
000004ac  pbistRun                            
000002cc  pbistSelfCheck                      
00000578  pbistStop                           
00003c3c  periphInit                          
0000824c  phantomInterrupt                    
00005580  pinmuxGetConfigValue                
0800561c  rear_data                           
00000000  resetEntry                          
00007b28  rtiCompare0Interrupt                
00007b70  rtiCompare1Interrupt                
00007bb8  rtiCompare2Interrupt                
00007c00  rtiCompare3Interrupt                
00007db8  rtiNotification                     
00006d14  sciHighLevelInterrupt               
00006ee4  sciLowLevelInterrupt                
00007e18  sciNotification                     
00000020  selftestFailNotification            
00003bfc  setupFlash                          
00003b28  setupPLL                            
00007e40  spiEndNotification                  
00007e2c  spiNotification                     
00004474  sramGetConfigValue                  
000025bc  stcGetConfigValue                   
000001b8  stcSelfCheck                        
00000df8  stcSelfCheckFail                    
00003eb4  systemGetConfigValue                
00003db8  systemInit                          
00003e84  systemPowerDown                     
000042c8  tcmflashGetConfigValue              
08005628  tps_data                            
00003b88  trimLPO                             
00004760  vimChannelMap                       
000049cc  vimDisableInterrupt                 
00004804  vimEnableInterrupt                  
00004a78  vimGetConfigValue                   
0000468c  vimInit                             
00000e00  vimParityCheck                      
00007438  vimParityErrorHandler               


GLOBAL SYMBOLS: SORTED BY Symbol Address 

address   name                                
-------   ----                                
00000000  __TI_static_base__                  
00000000  resetEntry                          
00000020  selftestFailNotification            
00000030  ccmSelfCheck                        
00000174  memoryInit                          
000001b8  stcSelfCheck                        
00000234  cpuSelfTest                         
000002cc  pbistSelfCheck                      
000004ac  pbistRun                            
00000578  pbistStop                           
000005a8  pbistIsTestCompleted                
000005d4  pbistIsTestPassed                   
00000608  pbistPortTestStatus                 
00000660  efcCheck                            
000006e8  efcStuckZeroTest                    
00000794  efcSelfTest                         
000007bc  checkefcSelfTest                    
0000085c  fmcBus2Check                        
00000898  fmcECCcheck                         
00000938  checkB0RAMECC                       
00000b28  checkB1RAMECC                       
00000d18  checkFlashECC                       
00000df4  custom_dabort                       
00000df8  stcSelfCheckFail                    
00000dfc  cpuSelfTestFail                     
00000e00  vimParityCheck                      
00000eac  dmaParityCheck                      
00000f58  het1ParityCheck                     
00001004  htu1ParityCheck                     
000010c0  het2ParityCheck                     
000011bc  htu2ParityCheck                     
0000126c  adc1ParityCheck                     
00001358  adc2ParityCheck                     
00001410  can1ParityCheck                     
000014e8  can2ParityCheck                     
000015b0  can3ParityCheck                     
00001684  mibspi1ParityCheck                  
0000178c  mibspi3ParityCheck                  
000018b0  mibspi5ParityCheck                  
000019d0  checkRAMECC                         
00001c18  checkClockMonitor                   
00001cf4  checkFlashEEPROMECC                 
00001e8c  checkPLL1Slip                       
00001f8c  checkPLL2Slip                       
00002050  checkRAMAddrParity                  
0000215c  checkRAMUERRTest                    
000022c4  fmcBus1ParityCheck                  
000023ec  pbistFail                           
00002470  pbistGetConfigValue                 
000025bc  stcGetConfigValue                   
00002660  efcGetConfigValue                   
000026fc  ccmr4GetConfigValue                 
0000276c  errata_PBIST_4                      
00002ad0  enableParity                        
00002b58  disableParity                       
00002cfc  canInit                             
00003140  canTransmit                         
0000323c  canGetData                          
00003394  canGetID                            
000033fc  canUpdateID                         
00003474  canSendRemoteFrame                  
00003514  canFillMessageObjectData            
00003610  canIsTxMessagePending               
0000366c  canIsRxMessageArrived               
000036c8  canIsMessageBoxValid                
00003724  canGetLastError                     
00003748  canGetErrorLevel                    
0000376c  canEnableErrorNotification          
0000378c  canEnableStatusChangeNotification   
000037ac  canDisableStatusChangeNotification  
000037cc  canDisableErrorNotification         
000037ec  canEnableloopback                   
00003824  canDisableloopback                  
00003854  canIoSetDirection                   
000038a4  canIoSetPort                        
000038f4  canIoTxGetBit                       
00003910  canIoRxGetBit                       
0000392c  can1GetConfigValue                  
00003b28  setupPLL                            
00003b88  trimLPO                             
00003bfc  setupFlash                          
00003c3c  periphInit                          
00003c90  mapClocks                           
00003db8  systemInit                          
00003e84  systemPowerDown                     
00003eb4  systemGetConfigValue                
000042c8  tcmflashGetConfigValue              
00004474  sramGetConfigValue                  
000045b0  customTrimLPO                       
0000468c  vimInit                             
00004760  vimChannelMap                       
00004804  vimEnableInterrupt                  
000049cc  vimDisableInterrupt                 
00004a78  vimGetConfigValue                   
000050e4  muxInit                             
00005580  pinmuxGetConfigValue                
000059a0  _Z9init_datav                       
000059b8  _Z11update_datav                    
00005f20  __sti___8_data_cpp_tps_data         
000060f4  _errata_SSWF021_45_both_plls        
000062e8  _errata_SSWF021_45_pll1             
00006460  _errata_SSWF021_45_pll2             
00006758  esmInit                             
00006860  esmError                            
0000687c  esmEnableError                      
000068a4  esmDisableError                     
000068cc  esmTriggerErrorPinReset             
000068dc  esmActivateNormalOperation          
000068ec  esmEnableInterrupt                  
00006914  esmDisableInterrupt                 
0000693c  esmSetInterruptLevel                
000069b0  esmClearStatus                      
000069f0  esmClearStatusBuffer                
00006a0c  esmSetCounterPreloadValue           
00006a2c  esmGetStatus                        
00006ab0  esmGetStatusBuffer                  
00006ae8  esmEnterSelfTest                    
00006b70  esmSelfTestStatus                   
00006bc0  esmGetConfigValue                   
00006d14  sciHighLevelInterrupt               
00006ee4  sciLowLevelInterrupt                
000070ec  _coreInitRegisters_                 
000071f8  _coreInitStackPointer_              
00007244  _getCPSRValue_                      
0000724c  _gotoCPUIdle_                       
00007264  _coreEnableVfp_                     
0000727c  _coreEnableEventBusExport_          
0000728c  _coreDisableEventBusExport_         
0000729c  _coreEnableRamEcc_                  
000072ac  _coreDisableRamEcc_                 
000072bc  _coreEnableFlashEcc_                
000072d0  _coreDisableFlashEcc_               
000072e0  _coreEnableIrqVicOffset_            
000072f0  _coreGetDataFault_                  
000072f8  _coreClearDataFault_                
00007304  _coreGetInstructionFault_           
0000730c  _coreClearInstructionFault_         
00007318  _coreGetDataFaultAddress_           
00007320  _coreClearDataFaultAddress_         
0000732c  _coreGetInstructionFaultAddress_    
00007334  _coreClearInstructionFaultAddress_  
00007340  _coreGetAuxiliaryDataFault_         
00007348  _coreClearAuxiliaryDataFault_       
00007354  _coreGetAuxiliaryInstructionFault_  
0000735c  _coreClearAuxiliaryInstructionFault_
00007368  _disable_interrupt_                 
00007370  _disable_FIQ_interrupt_             
00007378  _disable_IRQ_interrupt_             
00007380  _enable_interrupt_                  
00007388  _esmCcmErrorsClear_                 
00007410  _errata_CORTEXR4_57_                
00007420  _errata_CORTEXR4_66_                
00007430  __TI_PINIT_Base                     
00007434  __TI_PINIT_Limit                    
00007438  vimParityErrorHandler               
00007704  _c_int00                            
0000798c  can1HighLevelInterrupt              
00007a74  can1LowLevelInterrupt               
00007b28  rtiCompare0Interrupt                
00007b70  rtiCompare1Interrupt                
00007bb8  rtiCompare2Interrupt                
00007c00  rtiCompare3Interrupt                
00007c4c  esmHighInterrupt                    
00007d60  esmGroup1Notification               
00007d70  esmGroup2Notification               
00007d80  memoryPort0TestFailNotification     
00007d9c  memoryPort1TestFailNotification     
00007db8  rtiNotification                     
00007dc8  canErrorNotification                
00007ddc  canStatusChangeNotification         
00007df0  canMessageNotification              
00007e04  gioNotification                     
00007e18  sciNotification                     
00007e2c  spiNotification                     
00007e40  spiEndNotification                  
00007e50  dmaGroupANotification               
00007e64  _dabort                             
00007f4c  _pmuInit_                           
00007f98  _pmuEnableCountersGlobal_           
00007fa8  _pmuDisableCountersGlobal_          
00007fb8  _pmuResetCycleCounter_              
00007fc8  _pmuResetEventCounters_             
00007fd8  _pmuResetCounters_                  
00007fe8  _pmuStartCounters_                  
00007ff0  _pmuStopCounters_                   
00007ff8  _pmuSetCountEvent_                  
00008004  _pmuGetCycleCount_                  
0000800c  _pmuGetEventCount_                  
00008018  _pmuGetOverflow_                    
0000802d  __aeabi_memclr                      
0000802d  __aeabi_memclr4                     
0000802d  __aeabi_memclr8                     
0000802f  __aeabi_memset                      
0000802f  __aeabi_memset4                     
0000802f  __aeabi_memset8                     
00008035  memset                              
000080a9  __TI_auto_init_nobinit              
00008108  _ZN12motor_data_tC1Et               
0000812c  _ZN13driver_data_tC1Et              
00008150  _ZN15driver_status_tC1Et            
00008174  _ZN10tps_data_tC1Ev                 
00008194  _ZN11rear_data_tC1Ev                
000081b4  _ZN12front_data_tC1Ev               
000081d4  _ZN14current_data_tC1Ev             
000081f4  _ZN15main_ecu_data_tC1Ev            
00008214  _ZN19canopen_heartbeat_tC1Ev        
00008235  __TI_zero_init                      
00008240  main                                
00008249  C$$EXIT                             
00008249  abort                               
0000824c  phantomInterrupt                    
00008250  handlePLLLockFail                   
00008474  SHT$$INIT_ARRAY$$Base               
00008478  SHT$$INIT_ARRAY$$Limit              
00008480  __TI_Handler_Table_Base             
00008484  __TI_CINIT_Base                     
00008484  __TI_Handler_Table_Limit            
0000848c  __TI_CINIT_Limit                    
08001500  __start___llvm_prf_cnts             
08001500  __stop___llvm_prf_cnts              
08001500  dashboard_data                      
080055a4  canopen_heartbeat                   
080055b0  current_data                        
080055bc  driver1_data                        
080055c8  driver1_status                      
080055d4  driver2_data                        
080055e0  driver2_status                      
080055ec  front_data                          
080055f8  main_ecu_data                       
08005604  motor1_data                         
08005610  motor2_data                         
0800561c  rear_data                           
08005628  tps_data                            
08005634  buttons_data                        
ffffffff  __TI_pprof_out_hndl                 
ffffffff  __TI_prof_data_size                 
ffffffff  __TI_prof_data_start                
ffffffff  __binit__                           
ffffffff  __c_args__                          
ffffffff  binit                               
UNDEFED   _system_post_cinit                  

[241 symbols]
