<?xml version="1.0" encoding="ISO-8859-1" ?>
<link_info>
   <banner>TI ARM Linker Unix v20.2.7.LTS</banner>
   <copyright>Copyright (c) 1996-2018 Texas Instruments Incorporated</copyright>
   <link_time>0x6a3716a0</link_time>
   <link_errors>0x0</link_errors>
   <output_file>tms570_on_board_ecu.out</output_file>
   <entry_point>
      <name>_c_int00</name>
      <address>0x1d2dc</address>
   </entry_point>
   <input_file_list>
      <input_file id="fl-2">
         <path>build/source/</path>
         <kind>object</kind>
         <file>can.obj</file>
         <name>can.obj</name>
      </input_file>
      <input_file id="fl-3">
         <path>build/source/</path>
         <kind>object</kind>
         <file>Device_TMS570LS12.obj</file>
         <name>Device_TMS570LS12.obj</name>
      </input_file>
      <input_file id="fl-4">
         <path>build/source/</path>
         <kind>object</kind>
         <file>errata_SSWF021_45.obj</file>
         <name>errata_SSWF021_45.obj</name>
      </input_file>
      <input_file id="fl-5">
         <path>build/source/</path>
         <kind>object</kind>
         <file>esm.obj</file>
         <name>esm.obj</name>
      </input_file>
      <input_file id="fl-6">
         <path>build/source/</path>
         <kind>object</kind>
         <file>Fapi_UserDefinedFunctions.obj</file>
         <name>Fapi_UserDefinedFunctions.obj</name>
      </input_file>
      <input_file id="fl-7">
         <path>build/source/</path>
         <kind>object</kind>
         <file>gio.obj</file>
         <name>gio.obj</name>
      </input_file>
      <input_file id="fl-8">
         <path>build/source/</path>
         <kind>object</kind>
         <file>notification.obj</file>
         <name>notification.obj</name>
      </input_file>
      <input_file id="fl-9">
         <path>build/source/</path>
         <kind>object</kind>
         <file>pinmux.obj</file>
         <name>pinmux.obj</name>
      </input_file>
      <input_file id="fl-a">
         <path>build/source/</path>
         <kind>object</kind>
         <file>rti.obj</file>
         <name>rti.obj</name>
      </input_file>
      <input_file id="fl-b">
         <path>build/source/</path>
         <kind>object</kind>
         <file>sci.obj</file>
         <name>sci.obj</name>
      </input_file>
      <input_file id="fl-c">
         <path>build/source/</path>
         <kind>object</kind>
         <file>spi.obj</file>
         <name>spi.obj</name>
      </input_file>
      <input_file id="fl-d">
         <path>build/source/</path>
         <kind>object</kind>
         <file>sys_dma.obj</file>
         <name>sys_dma.obj</name>
      </input_file>
      <input_file id="fl-e">
         <path>build/source/</path>
         <kind>object</kind>
         <file>sys_pcr.obj</file>
         <name>sys_pcr.obj</name>
      </input_file>
      <input_file id="fl-f">
         <path>build/source/</path>
         <kind>object</kind>
         <file>sys_phantom.obj</file>
         <name>sys_phantom.obj</name>
      </input_file>
      <input_file id="fl-10">
         <path>build/source/</path>
         <kind>object</kind>
         <file>sys_pmm.obj</file>
         <name>sys_pmm.obj</name>
      </input_file>
      <input_file id="fl-11">
         <path>build/source/</path>
         <kind>object</kind>
         <file>sys_selftest.obj</file>
         <name>sys_selftest.obj</name>
      </input_file>
      <input_file id="fl-12">
         <path>build/source/</path>
         <kind>object</kind>
         <file>sys_startup.obj</file>
         <name>sys_startup.obj</name>
      </input_file>
      <input_file id="fl-13">
         <path>build/source/</path>
         <kind>object</kind>
         <file>system.obj</file>
         <name>system.obj</name>
      </input_file>
      <input_file id="fl-14">
         <path>build/source/</path>
         <kind>object</kind>
         <file>sys_vim.obj</file>
         <name>sys_vim.obj</name>
      </input_file>
      <input_file id="fl-15">
         <path>build/source/</path>
         <kind>object</kind>
         <file>ti_fee_cancel.obj</file>
         <name>ti_fee_cancel.obj</name>
      </input_file>
      <input_file id="fl-16">
         <path>build/source/</path>
         <kind>object</kind>
         <file>ti_fee_cfg.obj</file>
         <name>ti_fee_cfg.obj</name>
      </input_file>
      <input_file id="fl-17">
         <path>build/source/</path>
         <kind>object</kind>
         <file>ti_fee_eraseimmediateblock.obj</file>
         <name>ti_fee_eraseimmediateblock.obj</name>
      </input_file>
      <input_file id="fl-18">
         <path>build/source/</path>
         <kind>object</kind>
         <file>ti_fee_format.obj</file>
         <name>ti_fee_format.obj</name>
      </input_file>
      <input_file id="fl-19">
         <path>build/source/</path>
         <kind>object</kind>
         <file>ti_fee_Info.obj</file>
         <name>ti_fee_Info.obj</name>
      </input_file>
      <input_file id="fl-1a">
         <path>build/source/</path>
         <kind>object</kind>
         <file>ti_fee_ini.obj</file>
         <name>ti_fee_ini.obj</name>
      </input_file>
      <input_file id="fl-1b">
         <path>build/source/</path>
         <kind>object</kind>
         <file>ti_fee_invalidateblock.obj</file>
         <name>ti_fee_invalidateblock.obj</name>
      </input_file>
      <input_file id="fl-1c">
         <path>build/source/</path>
         <kind>object</kind>
         <file>ti_fee_main.obj</file>
         <name>ti_fee_main.obj</name>
      </input_file>
      <input_file id="fl-1d">
         <path>build/source/</path>
         <kind>object</kind>
         <file>ti_fee_read.obj</file>
         <name>ti_fee_read.obj</name>
      </input_file>
      <input_file id="fl-1e">
         <path>build/source/</path>
         <kind>object</kind>
         <file>ti_fee_readSync.obj</file>
         <name>ti_fee_readSync.obj</name>
      </input_file>
      <input_file id="fl-1f">
         <path>build/source/</path>
         <kind>object</kind>
         <file>ti_fee_shutdown.obj</file>
         <name>ti_fee_shutdown.obj</name>
      </input_file>
      <input_file id="fl-20">
         <path>build/source/</path>
         <kind>object</kind>
         <file>ti_fee_util.obj</file>
         <name>ti_fee_util.obj</name>
      </input_file>
      <input_file id="fl-21">
         <path>build/source/</path>
         <kind>object</kind>
         <file>ti_fee_writeAsync.obj</file>
         <name>ti_fee_writeAsync.obj</name>
      </input_file>
      <input_file id="fl-22">
         <path>build/source/</path>
         <kind>object</kind>
         <file>ti_fee_writeSync.obj</file>
         <name>ti_fee_writeSync.obj</name>
      </input_file>
      <input_file id="fl-23">
         <path>build/ft81x_driver/</path>
         <kind>object</kind>
         <file>EVE_API.obj</file>
         <name>EVE_API.obj</name>
      </input_file>
      <input_file id="fl-24">
         <path>build/ft81x_driver/</path>
         <kind>object</kind>
         <file>EVE_HAL.obj</file>
         <name>EVE_HAL.obj</name>
      </input_file>
      <input_file id="fl-25">
         <path>build/source/</path>
         <kind>object</kind>
         <file>dashboard.obj</file>
         <name>dashboard.obj</name>
      </input_file>
      <input_file id="fl-26">
         <path>build/source/</path>
         <kind>object</kind>
         <file>data.obj</file>
         <name>data.obj</name>
      </input_file>
      <input_file id="fl-27">
         <path>build/source/</path>
         <kind>object</kind>
         <file>pages.obj</file>
         <name>pages.obj</name>
      </input_file>
      <input_file id="fl-28">
         <path>build/source/</path>
         <kind>object</kind>
         <file>sys_main.obj</file>
         <name>sys_main.obj</name>
      </input_file>
      <input_file id="fl-29">
         <path>build/source/</path>
         <kind>object</kind>
         <file>test_main_ecu.obj</file>
         <name>test_main_ecu.obj</name>
      </input_file>
      <input_file id="fl-2a">
         <path>build/source/</path>
         <kind>object</kind>
         <file>ui_buttons.obj</file>
         <name>ui_buttons.obj</name>
      </input_file>
      <input_file id="fl-2b">
         <path>build/source/</path>
         <kind>object</kind>
         <file>ui_rpm_bar.obj</file>
         <name>ui_rpm_bar.obj</name>
      </input_file>
      <input_file id="fl-2c">
         <path>build/source/</path>
         <kind>object</kind>
         <file>ui_touch.obj</file>
         <name>ui_touch.obj</name>
      </input_file>
      <input_file id="fl-2d">
         <path>build/ft81x_driver/</path>
         <kind>object</kind>
         <file>Bridgetek_EVE2.obj</file>
         <name>Bridgetek_EVE2.obj</name>
      </input_file>
      <input_file id="fl-2e">
         <path>build/ft81x_driver/</path>
         <kind>object</kind>
         <file>EVE_MCU.obj</file>
         <name>EVE_MCU.obj</name>
      </input_file>
      <input_file id="fl-2f">
         <path>Debug/source/</path>
         <kind>object</kind>
         <file>dabort.obj</file>
         <name>dabort.obj</name>
      </input_file>
      <input_file id="fl-30">
         <path>Debug/source/</path>
         <kind>object</kind>
         <file>sys_core.obj</file>
         <name>sys_core.obj</name>
      </input_file>
      <input_file id="fl-31">
         <path>Debug/source/</path>
         <kind>object</kind>
         <file>sys_intvecs.obj</file>
         <name>sys_intvecs.obj</name>
      </input_file>
      <input_file id="fl-32">
         <path>Debug/source/</path>
         <kind>object</kind>
         <file>sys_mpu.obj</file>
         <name>sys_mpu.obj</name>
      </input_file>
      <input_file id="fl-33">
         <path>Debug/source/</path>
         <kind>object</kind>
         <file>sys_pmu.obj</file>
         <name>sys_pmu.obj</name>
      </input_file>
      <input_file id="fl-38">
         <kind>object</kind>
         <file>&lt;internal&gt;</file>
         <name>&lt;internal&gt;</name>
      </input_file>
      <input_file id="fl-39">
         <path>/home/asolari/ti-cgt-arm_20.2.7.LTS/lib/</path>
         <kind>archive</kind>
         <file>rtsv7R4_T_be_v3D16_eabi.lib</file>
         <name>s_floor.c.obj</name>
      </input_file>
      <input_file id="fl-3a">
         <path>/home/asolari/ti-cgt-arm_20.2.7.LTS/lib/</path>
         <kind>archive</kind>
         <file>rtsv7R4_T_be_v3D16_eabi.lib</file>
         <name>sprintf.c.obj</name>
      </input_file>
      <input_file id="fl-3b">
         <path>/home/asolari/ti-cgt-arm_20.2.7.LTS/lib/</path>
         <kind>archive</kind>
         <file>rtsv7R4_T_be_v3D16_eabi.lib</file>
         <name>memcpy_t2.asm.obj</name>
      </input_file>
      <input_file id="fl-3c">
         <path>/home/asolari/ti-cgt-arm_20.2.7.LTS/lib/</path>
         <kind>archive</kind>
         <file>rtsv7R4_T_be_v3D16_eabi.lib</file>
         <name>i_div32.asm.obj</name>
      </input_file>
      <input_file id="fl-3d">
         <path>/home/asolari/ti-cgt-arm_20.2.7.LTS/lib/</path>
         <kind>archive</kind>
         <file>rtsv7R4_T_be_v3D16_eabi.lib</file>
         <name>u_div32.asm.obj</name>
      </input_file>
      <input_file id="fl-3e">
         <path>/home/asolari/ti-cgt-arm_20.2.7.LTS/lib/</path>
         <kind>archive</kind>
         <file>rtsv7R4_T_be_v3D16_eabi.lib</file>
         <name>autoinit.c.obj</name>
      </input_file>
      <input_file id="fl-3f">
         <path>/home/asolari/ti-cgt-arm_20.2.7.LTS/lib/</path>
         <kind>archive</kind>
         <file>rtsv7R4_T_be_v3D16_eabi.lib</file>
         <name>cpy_tbl.c.obj</name>
      </input_file>
      <input_file id="fl-40">
         <path>/home/asolari/ti-cgt-arm_20.2.7.LTS/lib/</path>
         <kind>archive</kind>
         <file>rtsv7R4_T_be_v3D16_eabi.lib</file>
         <name>copy_zero_init.c.obj</name>
      </input_file>
      <input_file id="fl-41">
         <path>/home/asolari/ti-cgt-arm_20.2.7.LTS/lib/</path>
         <kind>archive</kind>
         <file>rtsv7R4_T_be_v3D16_eabi.lib</file>
         <name>copy_decompress_none.c.obj</name>
      </input_file>
      <input_file id="fl-42">
         <path>/home/asolari/ti-cgt-arm_20.2.7.LTS/lib/</path>
         <kind>archive</kind>
         <file>rtsv7R4_T_be_v3D16_eabi.lib</file>
         <name>copy_decompress_lzss.c.obj</name>
      </input_file>
      <input_file id="fl-43">
         <path>/home/asolari/ti-cgt-arm_20.2.7.LTS/lib/</path>
         <kind>archive</kind>
         <file>rtsv7R4_T_be_v3D16_eabi.lib</file>
         <name>strlen.c.obj</name>
      </input_file>
      <input_file id="fl-44">
         <path>/home/asolari/ti-cgt-arm_20.2.7.LTS/lib/</path>
         <kind>archive</kind>
         <file>rtsv7R4_T_be_v3D16_eabi.lib</file>
         <name>strstr.c.obj</name>
      </input_file>
      <input_file id="fl-45">
         <path>/home/asolari/ti-cgt-arm_20.2.7.LTS/lib/</path>
         <kind>archive</kind>
         <file>rtsv7R4_T_be_v3D16_eabi.lib</file>
         <name>_printfi.c.obj</name>
      </input_file>
      <input_file id="fl-46">
         <path>/home/asolari/ti-cgt-arm_20.2.7.LTS/lib/</path>
         <kind>archive</kind>
         <file>rtsv7R4_T_be_v3D16_eabi.lib</file>
         <name>div0.asm.obj</name>
      </input_file>
      <input_file id="fl-47">
         <path>/home/asolari/ti-cgt-arm_20.2.7.LTS/lib/</path>
         <kind>archive</kind>
         <file>rtsv7R4_T_be_v3D16_eabi.lib</file>
         <name>memset_t2.asm.obj</name>
      </input_file>
      <input_file id="fl-48">
         <path>/home/asolari/ti-cgt-arm_20.2.7.LTS/lib/</path>
         <kind>archive</kind>
         <file>rtsv7R4_T_be_v3D16_eabi.lib</file>
         <name>ull_div32.asm.obj</name>
      </input_file>
      <input_file id="fl-49">
         <path>/home/asolari/ti-cgt-arm_20.2.7.LTS/lib/</path>
         <kind>archive</kind>
         <file>rtsv7R4_T_be_v3D16_eabi.lib</file>
         <name>_ltoa.c.obj</name>
      </input_file>
      <input_file id="fl-4a">
         <path>/home/asolari/ti-cgt-arm_20.2.7.LTS/lib/</path>
         <kind>archive</kind>
         <file>rtsv7R4_T_be_v3D16_eabi.lib</file>
         <name>atoi.c.obj</name>
      </input_file>
      <input_file id="fl-4b">
         <path>/home/asolari/ti-cgt-arm_20.2.7.LTS/lib/</path>
         <kind>archive</kind>
         <file>rtsv7R4_T_be_v3D16_eabi.lib</file>
         <name>ctype.c.obj</name>
      </input_file>
      <input_file id="fl-4c">
         <path>/home/asolari/ti-cgt-arm_20.2.7.LTS/lib/</path>
         <kind>archive</kind>
         <file>rtsv7R4_T_be_v3D16_eabi.lib</file>
         <name>memccpy.c.obj</name>
      </input_file>
      <input_file id="fl-4d">
         <path>/home/asolari/ti-cgt-arm_20.2.7.LTS/lib/</path>
         <kind>archive</kind>
         <file>rtsv7R4_T_be_v3D16_eabi.lib</file>
         <name>strchr.c.obj</name>
      </input_file>
      <input_file id="fl-4e">
         <path>/home/asolari/ti-cgt-arm_20.2.7.LTS/lib/</path>
         <kind>archive</kind>
         <file>rtsv7R4_T_be_v3D16_eabi.lib</file>
         <name>errno.c.obj</name>
      </input_file>
      <input_file id="fl-4f">
         <path>/home/asolari/ti-cgt-arm_20.2.7.LTS/lib/</path>
         <kind>archive</kind>
         <file>rtsv7R4_T_be_v3D16_eabi.lib</file>
         <name>wcslen.c.obj</name>
      </input_file>
      <input_file id="fl-50">
         <path>/home/asolari/ti-cgt-arm_20.2.7.LTS/lib/</path>
         <kind>archive</kind>
         <file>rtsv7R4_T_be_v3D16_eabi.lib</file>
         <name>s_frexp.c.obj</name>
      </input_file>
      <input_file id="fl-51">
         <path>/home/asolari/ti-cgt-arm_20.2.7.LTS/lib/</path>
         <kind>archive</kind>
         <file>rtsv7R4_T_be_v3D16_eabi.lib</file>
         <name>s_scalbn.c.obj</name>
      </input_file>
      <input_file id="fl-52">
         <path>/home/asolari/ti-cgt-arm_20.2.7.LTS/lib/</path>
         <kind>archive</kind>
         <file>rtsv7R4_T_be_v3D16_eabi.lib</file>
         <name>s_copysign.c.obj</name>
      </input_file>
      <input_file id="fl-53">
         <path>/home/asolari/F021 Flash API/02.01.01/</path>
         <kind>archive</kind>
         <file>F021_API_CortexR4_BE_V3D16_NDS.lib</file>
         <name>Async.obj</name>
      </input_file>
      <input_file id="fl-54">
         <path>/home/asolari/F021 Flash API/02.01.01/</path>
         <kind>archive</kind>
         <file>F021_API_CortexR4_BE_V3D16_NDS.lib</file>
         <name>Async.WithAddress.obj</name>
      </input_file>
      <input_file id="fl-55">
         <path>/home/asolari/F021 Flash API/02.01.01/</path>
         <kind>archive</kind>
         <file>F021_API_CortexR4_BE_V3D16_NDS.lib</file>
         <name>BlankCheck.obj</name>
      </input_file>
      <input_file id="fl-56">
         <path>/home/asolari/F021 Flash API/02.01.01/</path>
         <kind>archive</kind>
         <file>F021_API_CortexR4_BE_V3D16_NDS.lib</file>
         <name>FlashStateMachine.EnableEepromSectors.obj</name>
      </input_file>
      <input_file id="fl-57">
         <path>/home/asolari/F021 Flash API/02.01.01/</path>
         <kind>archive</kind>
         <file>F021_API_CortexR4_BE_V3D16_NDS.lib</file>
         <name>FlashStateMachine.InitializeFlashBanks.obj</name>
      </input_file>
      <input_file id="fl-58">
         <path>/home/asolari/F021 Flash API/02.01.01/</path>
         <kind>archive</kind>
         <file>F021_API_CortexR4_BE_V3D16_NDS.lib</file>
         <name>FlashStateMachine.IssueFsmCommand.obj</name>
      </input_file>
      <input_file id="fl-59">
         <path>/home/asolari/F021 Flash API/02.01.01/</path>
         <kind>archive</kind>
         <file>F021_API_CortexR4_BE_V3D16_NDS.lib</file>
         <name>FlashStateMachine.ScaleFclk.obj</name>
      </input_file>
      <input_file id="fl-5a">
         <path>/home/asolari/F021 Flash API/02.01.01/</path>
         <kind>archive</kind>
         <file>F021_API_CortexR4_BE_V3D16_NDS.lib</file>
         <name>FlashStateMachine.SetActiveBank.obj</name>
      </input_file>
      <input_file id="fl-5b">
         <path>/home/asolari/F021 Flash API/02.01.01/</path>
         <kind>archive</kind>
         <file>F021_API_CortexR4_BE_V3D16_NDS.lib</file>
         <name>Read.FlushPipeline.obj</name>
      </input_file>
      <input_file id="fl-5c">
         <path>/home/asolari/F021 Flash API/02.01.01/</path>
         <kind>archive</kind>
         <file>F021_API_CortexR4_BE_V3D16_NDS.lib</file>
         <name>Read.LoopDword.obj</name>
      </input_file>
      <input_file id="fl-5d">
         <path>/home/asolari/F021 Flash API/02.01.01/</path>
         <kind>archive</kind>
         <file>F021_API_CortexR4_BE_V3D16_NDS.lib</file>
         <name>Read.WdService.obj</name>
      </input_file>
      <input_file id="fl-5e">
         <path>/home/asolari/F021 Flash API/02.01.01/</path>
         <kind>archive</kind>
         <file>F021_API_CortexR4_BE_V3D16_NDS.lib</file>
         <name>Utilities.CalculateFletcher.obj</name>
      </input_file>
      <input_file id="fl-5f">
         <path>/home/asolari/F021 Flash API/02.01.01/</path>
         <kind>archive</kind>
         <file>F021_API_CortexR4_BE_V3D16_NDS.lib</file>
         <name>Utilities.WaitDelay.obj</name>
      </input_file>
      <input_file id="fl-60">
         <path>/home/asolari/F021 Flash API/02.01.01/</path>
         <kind>archive</kind>
         <file>F021_API_CortexR4_BE_V3D16_NDS.lib</file>
         <name>Utilities.GetNumberOfSectors.obj</name>
      </input_file>
      <input_file id="fl-61">
         <path>/home/asolari/F021 Flash API/02.01.01/</path>
         <kind>archive</kind>
         <file>F021_API_CortexR4_BE_V3D16_NDS.lib</file>
         <name>Read.Common.obj</name>
      </input_file>
      <input_file id="fl-62">
         <path>/home/asolari/F021 Flash API/02.01.01/</path>
         <kind>archive</kind>
         <file>F021_API_CortexR4_BE_V3D16_NDS.lib</file>
         <name>FlashStateMachine.Hercules.IsEccAddress.obj</name>
      </input_file>
   </input_file_list>
   <object_component_list>
      <object_component id="oc-60">
         <name>.intvecs</name>
         <load_address>0x0</load_address>
         <run_address>0x0</run_address>
         <size>0x20</size>
         <input_file_ref idref="fl-31"/>
      </object_component>
      <object_component id="oc-2b">
         <name>reset</name>
         <load_address>0x1d2dc</load_address>
         <run_address>0x1d2dc</run_address>
         <size>0x280</size>
         <input_file_ref idref="fl-12"/>
      </object_component>
      <object_component id="oc-16e">
         <name>.text</name>
         <load_address>0x20</load_address>
         <run_address>0x20</run_address>
         <size>0x57d4</size>
         <input_file_ref idref="fl-20"/>
      </object_component>
      <object_component id="oc-9f">
         <name>.text</name>
         <load_address>0x57f4</load_address>
         <run_address>0x57f4</run_address>
         <size>0x2cdc</size>
         <input_file_ref idref="fl-11"/>
      </object_component>
      <object_component id="oc-180">
         <name>.text</name>
         <load_address>0x84d0</load_address>
         <run_address>0x84d0</run_address>
         <size>0x2b74</size>
         <input_file_ref idref="fl-25"/>
      </object_component>
      <object_component id="oc-2c0">
         <name>.text</name>
         <load_address>0xb044</load_address>
         <run_address>0xb044</run_address>
         <size>0x2240</size>
         <input_file_ref idref="fl-23"/>
      </object_component>
      <object_component id="oc-162">
         <name>.text</name>
         <load_address>0xd284</load_address>
         <run_address>0xd284</run_address>
         <size>0x1768</size>
         <input_file_ref idref="fl-1a"/>
      </object_component>
      <object_component id="oc-168">
         <name>.text</name>
         <load_address>0xe9ec</load_address>
         <run_address>0xe9ec</run_address>
         <size>0x10e0</size>
         <input_file_ref idref="fl-1c"/>
      </object_component>
      <object_component id="oc-31d">
         <name>.text</name>
         <load_address>0xfacc</load_address>
         <run_address>0xfacc</run_address>
         <size>0xcb8</size>
         <input_file_ref idref="fl-21"/>
      </object_component>
      <object_component id="oc-174">
         <name>.text</name>
         <load_address>0x10784</load_address>
         <run_address>0x10784</run_address>
         <size>0xbf4</size>
         <input_file_ref idref="fl-2c"/>
      </object_component>
      <object_component id="oc-611">
         <name>.text</name>
         <load_address>0x11378</load_address>
         <run_address>0x11378</run_address>
         <size>0xbe4</size>
         <input_file_ref idref="fl-c"/>
      </object_component>
      <object_component id="oc-99">
         <name>.text</name>
         <load_address>0x11f5c</load_address>
         <run_address>0x11f5c</run_address>
         <size>0xb7c</size>
         <input_file_ref idref="fl-13"/>
      </object_component>
      <object_component id="oc-1ec">
         <name>.text</name>
         <load_address>0x12ad8</load_address>
         <run_address>0x12ad8</run_address>
         <size>0xb10</size>
         <input_file_ref idref="fl-2"/>
      </object_component>
      <object_component id="oc-53">
         <name>.text</name>
         <load_address>0x135e8</load_address>
         <run_address>0x135e8</run_address>
         <size>0xa58</size>
         <input_file_ref idref="fl-14"/>
      </object_component>
      <object_component id="oc-55e">
         <name>.text:__TI_printfi</name>
         <load_address>0x14040</load_address>
         <run_address>0x14040</run_address>
         <size>0xa4e</size>
         <input_file_ref idref="fl-45"/>
      </object_component>
      <object_component id="oc-547">
         <name>.text</name>
         <load_address>0x14a8e</load_address>
         <run_address>0x14a8e</run_address>
         <size>0x2</size>
         <input_file_ref idref="fl-46"/>
      </object_component>
      <object_component id="oc-309">
         <name>.text</name>
         <load_address>0x14a90</load_address>
         <run_address>0x14a90</run_address>
         <size>0x9f0</size>
         <input_file_ref idref="fl-1e"/>
      </object_component>
      <object_component id="oc-109">
         <name>.text</name>
         <load_address>0x15480</load_address>
         <run_address>0x15480</run_address>
         <size>0x8bc</size>
         <input_file_ref idref="fl-9"/>
      </object_component>
      <object_component id="oc-17a">
         <name>.text</name>
         <load_address>0x15d3c</load_address>
         <run_address>0x15d3c</run_address>
         <size>0x800</size>
         <input_file_ref idref="fl-29"/>
      </object_component>
      <object_component id="oc-14f">
         <name>.text</name>
         <load_address>0x1653c</load_address>
         <run_address>0x1653c</run_address>
         <size>0x7d0</size>
         <input_file_ref idref="fl-2d"/>
      </object_component>
      <object_component id="oc-1f2">
         <name>.text</name>
         <load_address>0x16d0c</load_address>
         <run_address>0x16d0c</run_address>
         <size>0x7a8</size>
         <input_file_ref idref="fl-b"/>
      </object_component>
      <object_component id="oc-da">
         <name>.text</name>
         <load_address>0x174b4</load_address>
         <run_address>0x174b4</run_address>
         <size>0x6a8</size>
         <input_file_ref idref="fl-26"/>
      </object_component>
      <object_component id="oc-8d">
         <name>.text</name>
         <load_address>0x17b5c</load_address>
         <run_address>0x17b5c</run_address>
         <size>0x664</size>
         <input_file_ref idref="fl-4"/>
      </object_component>
      <object_component id="oc-15c">
         <name>.text</name>
         <load_address>0x181c0</load_address>
         <run_address>0x181c0</run_address>
         <size>0x638</size>
         <input_file_ref idref="fl-a"/>
      </object_component>
      <object_component id="oc-a5">
         <name>.text</name>
         <load_address>0x187f8</load_address>
         <run_address>0x187f8</run_address>
         <size>0x5bc</size>
         <input_file_ref idref="fl-5"/>
      </object_component>
      <object_component id="oc-59f">
         <name>.text</name>
         <load_address>0x18db4</load_address>
         <run_address>0x18db4</run_address>
         <size>0x498</size>
         <input_file_ref idref="fl-2e"/>
      </object_component>
      <object_component id="oc-60b">
         <name>.text</name>
         <load_address>0x1924c</load_address>
         <run_address>0x1924c</run_address>
         <size>0x484</size>
         <input_file_ref idref="fl-7"/>
      </object_component>
      <object_component id="oc-46">
         <name>.text:retain</name>
         <load_address>0x196d0</load_address>
         <run_address>0x196d0</run_address>
         <size>0x3d8</size>
         <input_file_ref idref="fl-b"/>
      </object_component>
      <object_component id="oc-4fa">
         <name>.text</name>
         <load_address>0x19aa8</load_address>
         <run_address>0x19aa8</run_address>
         <size>0x3c0</size>
         <input_file_ref idref="fl-24"/>
      </object_component>
      <object_component id="oc-88">
         <name>.text</name>
         <load_address>0x19e68</load_address>
         <run_address>0x19e68</run_address>
         <size>0x34c</size>
         <input_file_ref idref="fl-30"/>
      </object_component>
      <object_component id="oc-52">
         <name>.text:retain</name>
         <load_address>0x1a1b4</load_address>
         <run_address>0x1a1b4</run_address>
         <size>0x2cc</size>
         <input_file_ref idref="fl-14"/>
      </object_component>
      <object_component id="oc-62d">
         <name>.text</name>
         <load_address>0x1a480</load_address>
         <run_address>0x1a480</run_address>
         <size>0x2b4</size>
         <input_file_ref idref="fl-48"/>
      </object_component>
      <object_component id="oc-2dc">
         <name>.text:Fapi_initializeFlashBanks</name>
         <load_address>0x1a734</load_address>
         <run_address>0x1a734</run_address>
         <size>0x260</size>
         <input_file_ref idref="fl-57"/>
      </object_component>
      <object_component id="oc-3de">
         <name>.text</name>
         <load_address>0x1a994</load_address>
         <run_address>0x1a994</run_address>
         <size>0x250</size>
         <input_file_ref idref="fl-2a"/>
      </object_component>
      <object_component id="oc-5d8">
         <name>.text:_pconv_a</name>
         <load_address>0x1abe4</load_address>
         <run_address>0x1abe4</run_address>
         <size>0x248</size>
         <input_file_ref idref="fl-45"/>
      </object_component>
      <object_component id="oc-ac">
         <name>.text</name>
         <load_address>0x1ae2c</load_address>
         <run_address>0x1ae2c</run_address>
         <size>0x244</size>
         <input_file_ref idref="fl-28"/>
      </object_component>
      <object_component id="oc-3d8">
         <name>.text</name>
         <load_address>0x1b070</load_address>
         <run_address>0x1b070</run_address>
         <size>0x1d0</size>
         <input_file_ref idref="fl-2b"/>
      </object_component>
      <object_component id="oc-5c6">
         <name>.text:_pconv_g</name>
         <load_address>0x1b240</load_address>
         <run_address>0x1b240</run_address>
         <size>0x1a0</size>
         <input_file_ref idref="fl-45"/>
      </object_component>
      <object_component id="oc-31">
         <name>.text:retain</name>
         <load_address>0x1b3e0</load_address>
         <run_address>0x1b3e0</run_address>
         <size>0x19c</size>
         <input_file_ref idref="fl-2"/>
      </object_component>
      <object_component id="oc-2dd">
         <name>.text:Fapi_setActiveFlashBank</name>
         <load_address>0x1b57c</load_address>
         <run_address>0x1b57c</run_address>
         <size>0x17c</size>
         <input_file_ref idref="fl-5a"/>
      </object_component>
      <object_component id="oc-40">
         <name>.text:retain</name>
         <load_address>0x1b6f8</load_address>
         <run_address>0x1b6f8</run_address>
         <size>0x124</size>
         <input_file_ref idref="fl-a"/>
      </object_component>
      <object_component id="oc-3a">
         <name>.text:retain</name>
         <load_address>0x1b81c</load_address>
         <run_address>0x1b81c</run_address>
         <size>0x114</size>
         <input_file_ref idref="fl-5"/>
      </object_component>
      <object_component id="oc-5d2">
         <name>.text:_pconv_e</name>
         <load_address>0x1b930</load_address>
         <run_address>0x1b930</run_address>
         <size>0x104</size>
         <input_file_ref idref="fl-45"/>
      </object_component>
      <object_component id="oc-646">
         <name>.text:fcvt</name>
         <load_address>0x1ba34</load_address>
         <run_address>0x1ba34</run_address>
         <size>0xfc</size>
         <input_file_ref idref="fl-45"/>
      </object_component>
      <object_component id="oc-65a">
         <name>.text:scalbn</name>
         <load_address>0x1bb30</load_address>
         <run_address>0x1bb30</run_address>
         <size>0xf0</size>
         <input_file_ref idref="fl-51"/>
      </object_component>
      <object_component id="oc-e0">
         <name>.text</name>
         <load_address>0x1bc20</load_address>
         <run_address>0x1bc20</run_address>
         <size>0xe8</size>
         <input_file_ref idref="fl-2f"/>
      </object_component>
      <object_component id="oc-4b7">
         <name>.text:floor</name>
         <load_address>0x1bd08</load_address>
         <run_address>0x1bd08</run_address>
         <size>0xe0</size>
         <input_file_ref idref="fl-39"/>
      </object_component>
      <object_component id="oc-b3">
         <name>.text</name>
         <load_address>0x1bde8</load_address>
         <run_address>0x1bde8</run_address>
         <size>0xe0</size>
         <input_file_ref idref="fl-8"/>
      </object_component>
      <object_component id="oc-111">
         <name>.text</name>
         <load_address>0x1bec8</load_address>
         <run_address>0x1bec8</run_address>
         <size>0xe0</size>
         <input_file_ref idref="fl-33"/>
      </object_component>
      <object_component id="oc-5c0">
         <name>.text:_ltostr</name>
         <load_address>0x1bfa8</load_address>
         <run_address>0x1bfa8</run_address>
         <size>0xad</size>
         <input_file_ref idref="fl-45"/>
      </object_component>
      <object_component id="oc-70">
         <name>.text</name>
         <load_address>0x1c056</load_address>
         <run_address>0x1c056</run_address>
         <size>0x9c</size>
         <input_file_ref idref="fl-3b"/>
      </object_component>
      <object_component id="oc-2ef">
         <name>.text:Fapi_doBlankCheck</name>
         <load_address>0x1c0f4</load_address>
         <run_address>0x1c0f4</run_address>
         <size>0x94</size>
         <input_file_ref idref="fl-55"/>
      </object_component>
      <object_component id="oc-2de">
         <name>.text:Fapi_enableEepromBankSectors</name>
         <load_address>0x1c188</load_address>
         <run_address>0x1c188</run_address>
         <size>0x80</size>
         <input_file_ref idref="fl-56"/>
      </object_component>
      <object_component id="oc-63f">
         <name>.text:_mcpy</name>
         <load_address>0x1c208</load_address>
         <run_address>0x1c208</run_address>
         <size>0x7a</size>
         <input_file_ref idref="fl-45"/>
      </object_component>
      <object_component id="oc-fb">
         <name>.text</name>
         <load_address>0x1c282</load_address>
         <run_address>0x1c282</run_address>
         <size>0x7a</size>
         <input_file_ref idref="fl-47"/>
      </object_component>
      <object_component id="oc-654">
         <name>.text:frexp</name>
         <load_address>0x1c2fc</load_address>
         <run_address>0x1c2fc</run_address>
         <size>0x74</size>
         <input_file_ref idref="fl-50"/>
      </object_component>
      <object_component id="oc-1e">
         <name>.text:decompress:lzss:__TI_decompress_lzss</name>
         <load_address>0x1c370</load_address>
         <run_address>0x1c370</run_address>
         <size>0x6c</size>
         <input_file_ref idref="fl-42"/>
      </object_component>
      <object_component id="oc-3f2">
         <name>.text:_ZN14Bridgetek_EVE210CMD_BUTTONEssssstPKcz</name>
         <load_address>0x1c3dc</load_address>
         <run_address>0x1c3dc</run_address>
         <size>0x68</size>
         <input_file_ref idref="fl-25"/>
      </object_component>
      <object_component id="oc-125">
         <name>.text:__TI_auto_init_nobinit:__TI_auto_init_nobinit</name>
         <load_address>0x1c444</load_address>
         <run_address>0x1c444</run_address>
         <size>0x60</size>
         <input_file_ref idref="fl-3e"/>
      </object_component>
      <object_component id="oc-52c">
         <name>.text:_Fapi_loopRegionForValue</name>
         <load_address>0x1c4a4</load_address>
         <run_address>0x1c4a4</run_address>
         <size>0x5e</size>
         <input_file_ref idref="fl-5c"/>
      </object_component>
      <object_component id="oc-35b">
         <name>.text:_ZN14Bridgetek_EVE28CMD_TEXTEssstPKcz</name>
         <load_address>0x1c504</load_address>
         <run_address>0x1c504</run_address>
         <size>0x58</size>
         <input_file_ref idref="fl-25"/>
      </object_component>
      <object_component id="oc-633">
         <name>.text:__TI_ltoa</name>
         <load_address>0x1c55c</load_address>
         <run_address>0x1c55c</run_address>
         <size>0x54</size>
         <input_file_ref idref="fl-49"/>
      </object_component>
      <object_component id="oc-639">
         <name>.text:_ecpy</name>
         <load_address>0x1c5b0</load_address>
         <run_address>0x1c5b0</run_address>
         <size>0x54</size>
         <input_file_ref idref="fl-45"/>
      </object_component>
      <object_component id="oc-38b">
         <name>.text</name>
         <load_address>0x1c604</load_address>
         <run_address>0x1c604</run_address>
         <size>0x54</size>
         <input_file_ref idref="fl-3c"/>
      </object_component>
      <object_component id="oc-621">
         <name>.text:Fapi_isAddressEcc</name>
         <load_address>0x1c658</load_address>
         <run_address>0x1c658</run_address>
         <size>0x50</size>
         <input_file_ref idref="fl-62"/>
      </object_component>
      <object_component id="oc-5cc">
         <name>.text:_pconv_f</name>
         <load_address>0x1c6a8</load_address>
         <run_address>0x1c6a8</run_address>
         <size>0x50</size>
         <input_file_ref idref="fl-45"/>
      </object_component>
      <object_component id="oc-5ba">
         <name>.text:atoi</name>
         <load_address>0x1c6f8</load_address>
         <run_address>0x1c6f8</run_address>
         <size>0x50</size>
         <input_file_ref idref="fl-4a"/>
      </object_component>
      <object_component id="oc-386">
         <name>.text</name>
         <load_address>0x1c748</load_address>
         <run_address>0x1c748</run_address>
         <size>0x50</size>
         <input_file_ref idref="fl-3d"/>
      </object_component>
      <object_component id="oc-3d1">
         <name>.text:_ZN14Bridgetek_EVE212CMD_PROGRESSEssssttt</name>
         <load_address>0x1c798</load_address>
         <run_address>0x1c798</run_address>
         <size>0x4c</size>
         <input_file_ref idref="fl-25"/>
      </object_component>
      <object_component id="oc-527">
         <name>.text:_Fapi_EnableSectors</name>
         <load_address>0x1c7e4</load_address>
         <run_address>0x1c7e4</run_address>
         <size>0x44</size>
         <input_file_ref idref="fl-56"/>
      </object_component>
      <object_component id="oc-64c">
         <name>.text:_fcpy</name>
         <load_address>0x1c828</load_address>
         <run_address>0x1c828</run_address>
         <size>0x40</size>
         <input_file_ref idref="fl-45"/>
      </object_component>
      <object_component id="oc-3c4">
         <name>.text:sprintf</name>
         <load_address>0x1c868</load_address>
         <run_address>0x1c868</run_address>
         <size>0x40</size>
         <input_file_ref idref="fl-3a"/>
      </object_component>
      <object_component id="oc-52d">
         <name>.text:_Fapi_issueFsmCommand</name>
         <load_address>0x1c8a8</load_address>
         <run_address>0x1c8a8</run_address>
         <size>0x3c</size>
         <input_file_ref idref="fl-58"/>
      </object_component>
      <object_component id="oc-3ca">
         <name>.text:_ZN14Bridgetek_EVE210CMD_NUMBEREsssti</name>
         <load_address>0x1c8e4</load_address>
         <run_address>0x1c8e4</run_address>
         <size>0x3c</size>
         <input_file_ref idref="fl-25"/>
      </object_component>
      <object_component id="oc-500">
         <name>.text:strstr</name>
         <load_address>0x1c920</load_address>
         <run_address>0x1c920</run_address>
         <size>0x38</size>
         <input_file_ref idref="fl-44"/>
      </object_component>
      <object_component id="oc-521">
         <name>.text:Fapi_calculateFletcherChecksum</name>
         <load_address>0x1c958</load_address>
         <run_address>0x1c958</run_address>
         <size>0x36</size>
         <input_file_ref idref="fl-5e"/>
      </object_component>
      <object_component id="oc-2f1">
         <name>.text:Fapi_issueAsyncCommandWithAddress</name>
         <load_address>0x1c990</load_address>
         <run_address>0x1c990</run_address>
         <size>0x30</size>
         <input_file_ref idref="fl-54"/>
      </object_component>
      <object_component id="oc-5b2">
         <name>.text:Fapi_waitDelay</name>
         <load_address>0x1c9c0</load_address>
         <run_address>0x1c9c0</run_address>
         <size>0x30</size>
         <input_file_ref idref="fl-5f"/>
      </object_component>
      <object_component id="oc-5b3">
         <name>.text:_Fapi_readDword</name>
         <load_address>0x1c9f0</load_address>
         <run_address>0x1c9f0</run_address>
         <size>0x2c</size>
         <input_file_ref idref="fl-61"/>
      </object_component>
      <object_component id="oc-2f0">
         <name>.text:Fapi_issueAsyncCommand</name>
         <load_address>0x1ca1c</load_address>
         <run_address>0x1ca1c</run_address>
         <size>0x2a</size>
         <input_file_ref idref="fl-53"/>
      </object_component>
      <object_component id="oc-346">
         <name>.text:_ZN14Bridgetek_EVE215CLEAR_COLOR_RGBEhhh</name>
         <load_address>0x1ca48</load_address>
         <run_address>0x1ca48</run_address>
         <size>0x28</size>
         <input_file_ref idref="fl-25"/>
      </object_component>
      <object_component id="oc-34d">
         <name>.text:_ZN14Bridgetek_EVE25CLEAREhhh</name>
         <load_address>0x1ca70</load_address>
         <run_address>0x1ca70</run_address>
         <size>0x28</size>
         <input_file_ref idref="fl-25"/>
      </object_component>
      <object_component id="oc-354">
         <name>.text:_ZN14Bridgetek_EVE29COLOR_RGBEhhh</name>
         <load_address>0x1ca98</load_address>
         <run_address>0x1ca98</run_address>
         <size>0x28</size>
         <input_file_ref idref="fl-25"/>
      </object_component>
      <object_component id="oc-5de">
         <name>.text:memccpy</name>
         <load_address>0x1cac0</load_address>
         <run_address>0x1cac0</run_address>
         <size>0x26</size>
         <input_file_ref idref="fl-4c"/>
      </object_component>
      <object_component id="oc-221">
         <name>.text:_ZN12motor_data_tC1Et</name>
         <load_address>0x1cae8</load_address>
         <run_address>0x1cae8</run_address>
         <size>0x24</size>
         <input_file_ref idref="fl-26"/>
      </object_component>
      <object_component id="oc-228">
         <name>.text:_ZN13driver_data_tC1Et</name>
         <load_address>0x1cb0c</load_address>
         <run_address>0x1cb0c</run_address>
         <size>0x24</size>
         <input_file_ref idref="fl-26"/>
      </object_component>
      <object_component id="oc-21a">
         <name>.text:_ZN15driver_status_tC1Et</name>
         <load_address>0x1cb30</load_address>
         <run_address>0x1cb30</run_address>
         <size>0x24</size>
         <input_file_ref idref="fl-26"/>
      </object_component>
      <object_component id="oc-52b">
         <name>.text:Fapi_flushPipeline</name>
         <load_address>0x1cb54</load_address>
         <run_address>0x1cb54</run_address>
         <size>0x22</size>
         <input_file_ref idref="fl-5b"/>
      </object_component>
      <object_component id="oc-1fe">
         <name>.text:_ZN10tps_data_tC1Ev</name>
         <load_address>0x1cb78</load_address>
         <run_address>0x1cb78</run_address>
         <size>0x20</size>
         <input_file_ref idref="fl-26"/>
      </object_component>
      <object_component id="oc-213">
         <name>.text:_ZN11rear_data_tC1Ev</name>
         <load_address>0x1cb98</load_address>
         <run_address>0x1cb98</run_address>
         <size>0x20</size>
         <input_file_ref idref="fl-26"/>
      </object_component>
      <object_component id="oc-205">
         <name>.text:_ZN12front_data_tC1Ev</name>
         <load_address>0x1cbb8</load_address>
         <run_address>0x1cbb8</run_address>
         <size>0x20</size>
         <input_file_ref idref="fl-26"/>
      </object_component>
      <object_component id="oc-331">
         <name>.text:_ZN14Bridgetek_EVE213LIB_MemWrite8Ejh</name>
         <load_address>0x1cbd8</load_address>
         <run_address>0x1cbd8</run_address>
         <size>0x20</size>
         <input_file_ref idref="fl-2c"/>
      </object_component>
      <object_component id="oc-30f">
         <name>.text:_ZN14Bridgetek_EVE214LIB_MemWrite32Ejj</name>
         <load_address>0x1cbf8</load_address>
         <run_address>0x1cbf8</run_address>
         <size>0x20</size>
         <input_file_ref idref="fl-2c"/>
      </object_component>
      <object_component id="oc-3b6">
         <name>.text:_ZN14Bridgetek_EVE28VERTEX2FEss</name>
         <load_address>0x1cc18</load_address>
         <run_address>0x1cc18</run_address>
         <size>0x20</size>
         <input_file_ref idref="fl-25"/>
      </object_component>
      <object_component id="oc-20c">
         <name>.text:_ZN14current_data_tC1Ev</name>
         <load_address>0x1cc38</load_address>
         <run_address>0x1cc38</run_address>
         <size>0x20</size>
         <input_file_ref idref="fl-26"/>
      </object_component>
      <object_component id="oc-6b8">
         <name>.text:copysign</name>
         <load_address>0x1cc58</load_address>
         <run_address>0x1cc58</run_address>
         <size>0x1e</size>
         <input_file_ref idref="fl-52"/>
      </object_component>
      <object_component id="oc-522">
         <name>.text:_Fapi_divideUnsignedLong</name>
         <load_address>0x1cc76</load_address>
         <run_address>0x1cc76</run_address>
         <size>0x1c</size>
         <input_file_ref idref="fl-57"/>
      </object_component>
      <object_component id="oc-564">
         <name>.text:_outs</name>
         <load_address>0x1cc92</load_address>
         <run_address>0x1cc92</run_address>
         <size>0x1a</size>
         <input_file_ref idref="fl-3a"/>
      </object_component>
      <object_component id="oc-3eb">
         <name>.text:_Z3absf</name>
         <load_address>0x1ccac</load_address>
         <run_address>0x1ccac</run_address>
         <size>0x18</size>
         <input_file_ref idref="fl-25"/>
      </object_component>
      <object_component id="oc-3e4">
         <name>.text:_Z4fabsf</name>
         <load_address>0x1ccc4</load_address>
         <run_address>0x1ccc4</run_address>
         <size>0x18</size>
         <input_file_ref idref="fl-25"/>
      </object_component>
      <object_component id="oc-32a">
         <name>.text:_ZN14Bridgetek_EVE212LIB_MemRead8Ej</name>
         <load_address>0x1ccdc</load_address>
         <run_address>0x1ccdc</run_address>
         <size>0x18</size>
         <input_file_ref idref="fl-2c"/>
      </object_component>
      <object_component id="oc-362">
         <name>.text:_ZN14Bridgetek_EVE213CMD_CALIBRATEEj</name>
         <load_address>0x1ccf4</load_address>
         <run_address>0x1ccf4</run_address>
         <size>0x18</size>
         <input_file_ref idref="fl-2c"/>
      </object_component>
      <object_component id="oc-323">
         <name>.text:_ZN14Bridgetek_EVE213LIB_MemRead16Ej</name>
         <load_address>0x1cd0c</load_address>
         <run_address>0x1cd0c</run_address>
         <size>0x18</size>
         <input_file_ref idref="fl-2c"/>
      </object_component>
      <object_component id="oc-316">
         <name>.text:_ZN14Bridgetek_EVE213LIB_MemRead32Ej</name>
         <load_address>0x1cd24</load_address>
         <run_address>0x1cd24</run_address>
         <size>0x18</size>
         <input_file_ref idref="fl-2c"/>
      </object_component>
      <object_component id="oc-3a8">
         <name>.text:_ZN14Bridgetek_EVE23TAGEh</name>
         <load_address>0x1cd3c</load_address>
         <run_address>0x1cd3c</run_address>
         <size>0x18</size>
         <input_file_ref idref="fl-25"/>
      </object_component>
      <object_component id="oc-3af">
         <name>.text:_ZN14Bridgetek_EVE25BEGINEh</name>
         <load_address>0x1cd54</load_address>
         <run_address>0x1cd54</run_address>
         <size>0x18</size>
         <input_file_ref idref="fl-25"/>
      </object_component>
      <object_component id="oc-660">
         <name>.text:strchr</name>
         <load_address>0x1cd6c</load_address>
         <run_address>0x1cd6c</run_address>
         <size>0x16</size>
         <input_file_ref idref="fl-4d"/>
      </object_component>
      <object_component id="oc-1f8">
         <name>.text:strlen</name>
         <load_address>0x1cd82</load_address>
         <run_address>0x1cd82</run_address>
         <size>0x16</size>
         <input_file_ref idref="fl-43"/>
      </object_component>
      <object_component id="oc-5e4">
         <name>.text:wcslen</name>
         <load_address>0x1cd98</load_address>
         <run_address>0x1cd98</run_address>
         <size>0x12</size>
         <input_file_ref idref="fl-4f"/>
      </object_component>
      <object_component id="oc-526">
         <name>.text:Fapi_getNumberOfBankSectors</name>
         <load_address>0x1cdac</load_address>
         <run_address>0x1cdac</run_address>
         <size>0x10</size>
         <input_file_ref idref="fl-60"/>
      </object_component>
      <object_component id="oc-33f">
         <name>.text:_ZN14Bridgetek_EVE211CMD_DLSTARTEv</name>
         <load_address>0x1cdbc</load_address>
         <run_address>0x1cdbc</run_address>
         <size>0x10</size>
         <input_file_ref idref="fl-25"/>
      </object_component>
      <object_component id="oc-369">
         <name>.text:_ZN14Bridgetek_EVE216LIB_EndCoProListEv</name>
         <load_address>0x1cdcc</load_address>
         <run_address>0x1cdcc</run_address>
         <size>0x10</size>
         <input_file_ref idref="fl-25"/>
      </object_component>
      <object_component id="oc-338">
         <name>.text:_ZN14Bridgetek_EVE218LIB_BeginCoProListEv</name>
         <load_address>0x1cddc</load_address>
         <run_address>0x1cddc</run_address>
         <size>0x10</size>
         <input_file_ref idref="fl-25"/>
      </object_component>
      <object_component id="oc-370">
         <name>.text:_ZN14Bridgetek_EVE219LIB_AwaitCoProEmptyEv</name>
         <load_address>0x1cdec</load_address>
         <run_address>0x1cdec</run_address>
         <size>0x10</size>
         <input_file_ref idref="fl-2c"/>
      </object_component>
      <object_component id="oc-3bd">
         <name>.text:_ZN14Bridgetek_EVE23ENDEv</name>
         <load_address>0x1cdfc</load_address>
         <run_address>0x1cdfc</run_address>
         <size>0x10</size>
         <input_file_ref idref="fl-25"/>
      </object_component>
      <object_component id="oc-155">
         <name>.text:_ZN14Bridgetek_EVE24InitEv</name>
         <load_address>0x1ce0c</load_address>
         <run_address>0x1ce0c</run_address>
         <size>0x10</size>
         <input_file_ref idref="fl-28"/>
      </object_component>
      <object_component id="oc-3f9">
         <name>.text:_ZN14Bridgetek_EVE27DISPLAYEv</name>
         <load_address>0x1ce1c</load_address>
         <run_address>0x1ce1c</run_address>
         <size>0x10</size>
         <input_file_ref idref="fl-25"/>
      </object_component>
      <object_component id="oc-400">
         <name>.text:_ZN14Bridgetek_EVE28CMD_SWAPEv</name>
         <load_address>0x1ce2c</load_address>
         <run_address>0x1ce2c</run_address>
         <size>0x10</size>
         <input_file_ref idref="fl-25"/>
      </object_component>
      <object_component id="oc-524">
         <name>.text:_scaleEEFclk</name>
         <load_address>0x1ce3c</load_address>
         <run_address>0x1ce3c</run_address>
         <size>0x10</size>
         <input_file_ref idref="fl-59"/>
      </object_component>
      <object_component id="oc-523">
         <name>.text:_scaleMainFclk</name>
         <load_address>0x1ce4c</load_address>
         <run_address>0x1ce4c</run_address>
         <size>0x10</size>
         <input_file_ref idref="fl-59"/>
      </object_component>
      <object_component id="oc-24">
         <name>.text:decompress:none:__TI_decompress_none</name>
         <load_address>0x1ce5c</load_address>
         <run_address>0x1ce5c</run_address>
         <size>0xe</size>
         <input_file_ref idref="fl-41"/>
      </object_component>
      <object_component id="oc-5b4">
         <name>.text:_Fapi_checkWdService</name>
         <load_address>0x1ce6a</load_address>
         <run_address>0x1ce6a</run_address>
         <size>0xc</size>
         <input_file_ref idref="fl-5d"/>
      </object_component>
      <object_component id="oc-82">
         <name>.text:decompress:ZI:__TI_zero_init</name>
         <load_address>0x1ce76</load_address>
         <run_address>0x1ce76</run_address>
         <size>0xc</size>
         <input_file_ref idref="fl-40"/>
      </object_component>
      <object_component id="oc-56a">
         <name>.text:_outc</name>
         <load_address>0x1ce82</load_address>
         <run_address>0x1ce82</run_address>
         <size>0xa</size>
         <input_file_ref idref="fl-3a"/>
      </object_component>
      <object_component id="oc-622">
         <name>.text</name>
         <load_address>0x1ce8c</load_address>
         <run_address>0x1ce8c</run_address>
         <size>0x8</size>
         <input_file_ref idref="fl-6"/>
      </object_component>
      <object_component id="oc-5ea">
         <name>.text:__aeabi_errno_addr</name>
         <load_address>0x1ce94</load_address>
         <run_address>0x1ce94</run_address>
         <size>0x8</size>
         <input_file_ref idref="fl-4e"/>
      </object_component>
      <object_component id="oc-4c">
         <name>.text:retain</name>
         <load_address>0x1ce9c</load_address>
         <run_address>0x1ce9c</run_address>
         <size>0x4</size>
         <input_file_ref idref="fl-f"/>
      </object_component>
      <object_component id="oc-93">
         <name>.text</name>
         <load_address>0x1cea0</load_address>
         <run_address>0x1cea0</run_address>
         <size>0x4</size>
         <input_file_ref idref="fl-12"/>
      </object_component>
      <object_component id="oc-722">
         <name>.tramp.Fapi_serviceWatchdogTimer.1</name>
         <load_address>0x1cea4</load_address>
         <run_address>0x1cea4</run_address>
         <size>0x8</size>
         <input_file_ref idref="fl-6"/>
      </object_component>
      <object_component id="oc-37">
         <name>.const:s_vim_init</name>
         <load_address>0x1ceac</load_address>
         <run_address>0x1ceac</run_address>
         <size>0x200</size>
         <input_file_ref idref="fl-14"/>
      </object_component>
      <object_component id="oc-628">
         <name>.const:.string:_ctypes_</name>
         <load_address>0x1d0ac</load_address>
         <run_address>0x1d0ac</run_address>
         <size>0x101</size>
         <input_file_ref idref="fl-4b"/>
      </object_component>
      <object_component id="oc-2d6">
         <name>.const:Device_FlashDevice</name>
         <load_address>0x1d1b0</load_address>
         <run_address>0x1d1b0</run_address>
         <size>0x84</size>
         <input_file_ref idref="fl-3"/>
      </object_component>
      <object_component id="oc-29e">
         <name>.const:.string:$P$T0$1</name>
         <load_address>0x1d234</load_address>
         <run_address>0x1d234</run_address>
         <size>0x23</size>
         <input_file_ref idref="fl-2d"/>
      </object_component>
      <object_component id="oc-29f">
         <name>.const:.string:$P$T1$2</name>
         <load_address>0x1d257</load_address>
         <run_address>0x1d257</run_address>
         <size>0x23</size>
         <input_file_ref idref="fl-2d"/>
      </object_component>
      <object_component id="oc-2a0">
         <name>.const:.string:$P$T2$3</name>
         <load_address>0x1d27a</load_address>
         <run_address>0x1d27a</run_address>
         <size>0x23</size>
         <input_file_ref idref="fl-2d"/>
      </object_component>
      <object_component id="oc-4ae">
         <name>.const:s_canByteOrder</name>
         <load_address>0x1d2a0</load_address>
         <run_address>0x1d2a0</run_address>
         <size>0x20</size>
         <input_file_ref idref="fl-2"/>
      </object_component>
      <object_component id="oc-2f2">
         <name>.const:Fee_BlockConfiguration</name>
         <load_address>0x1d2c0</load_address>
         <run_address>0x1d2c0</run_address>
         <size>0x10</size>
         <input_file_ref idref="fl-16"/>
      </object_component>
      <object_component id="oc-2d9">
         <name>.const:Fee_VirtualSectorConfiguration</name>
         <load_address>0x1d2d0</load_address>
         <run_address>0x1d2d0</run_address>
         <size>0xc</size>
         <input_file_ref idref="fl-16"/>
      </object_component>
      <object_component id="oc-71f">
         <name>.cinit..data.load</name>
         <load_address>0x1d568</load_address>
         <run_address>0x1d568</run_address>
         <size>0x23</size>
      </object_component>
      <object_component id="oc-71c">
         <name>__TI_handler_table</name>
         <load_address>0x1d58c</load_address>
         <run_address>0x1d58c</run_address>
         <size>0xc</size>
      </object_component>
      <object_component id="oc-71e">
         <name>.cinit..bss.load</name>
         <load_address>0x1d598</load_address>
         <run_address>0x1d598</run_address>
         <size>0x8</size>
      </object_component>
      <object_component id="oc-71d">
         <name>__TI_cinit_table</name>
         <load_address>0x1d5a0</load_address>
         <run_address>0x1d5a0</run_address>
         <size>0x10</size>
      </object_component>
      <object_component id="oc-5f">
         <name>.init_array</name>
         <load_address>0x1d55c</load_address>
         <run_address>0x1d55c</run_address>
         <size>0x4</size>
         <input_file_ref idref="fl-28"/>
      </object_component>
      <object_component id="oc-5e">
         <name>.init_array</name>
         <load_address>0x1d560</load_address>
         <run_address>0x1d560</run_address>
         <size>0x4</size>
         <input_file_ref idref="fl-26"/>
      </object_component>
      <object_component id="oc-720">
         <name>SHT$$INIT_ARRAY$$Limit</name>
         <load_address>0x1d564</load_address>
         <run_address>0x1d564</run_address>
         <size>0x0</size>
      </object_component>
      <object_component id="oc-c4">
         <name>.bss:g_sciTransfer_t</name>
         <uninitialized>true</uninitialized>
         <run_address>0x8005724</run_address>
         <size>0x28</size>
         <input_file_ref idref="fl-b"/>
      </object_component>
      <object_component id="oc-687">
         <name>.bss:g_spiPacket_t</name>
         <uninitialized>true</uninitialized>
         <run_address>0x8005640</run_address>
         <size>0x78</size>
         <input_file_ref idref="fl-c"/>
      </object_component>
      <object_component id="oc-2f9">
         <name>.bss:u8VirtualSectorIndex$1</name>
         <uninitialized>true</uninitialized>
         <run_address>0x8005828</run_address>
         <size>0x4</size>
         <input_file_ref idref="fl-20"/>
      </object_component>
      <object_component id="oc-2fe">
         <name>.bss:u32VirtualSectorStartAddress$2</name>
         <uninitialized>true</uninitialized>
         <run_address>0x8005820</run_address>
         <size>0x4</size>
         <input_file_ref idref="fl-20"/>
      </object_component>
      <object_component id="oc-2fc">
         <name>.bss:u16Index$3</name>
         <uninitialized>true</uninitialized>
         <run_address>0x8005818</run_address>
         <size>0x4</size>
         <input_file_ref idref="fl-20"/>
      </object_component>
      <object_component id="oc-2fa">
         <name>.bss:u8VSHeaderWriteCounter$5</name>
         <uninitialized>true</uninitialized>
         <run_address>0x8005824</run_address>
         <size>0x4</size>
         <input_file_ref idref="fl-20"/>
      </object_component>
      <object_component id="oc-2f8">
         <name>.bss:bVSHeaderWrite$6</name>
         <uninitialized>true</uninitialized>
         <run_address>0x8005810</run_address>
         <size>0x4</size>
         <input_file_ref idref="fl-20"/>
      </object_component>
      <object_component id="oc-2ff">
         <name>.bss:u32VSWriteAddressTemp$7</name>
         <uninitialized>true</uninitialized>
         <run_address>0x800581c</run_address>
         <size>0x4</size>
         <input_file_ref idref="fl-20"/>
      </object_component>
      <object_component id="oc-2fd">
         <name>.bss:bEraseCommandIssued$8</name>
         <uninitialized>true</uninitialized>
         <run_address>0x800580c</run_address>
         <size>0x4</size>
         <input_file_ref idref="fl-20"/>
      </object_component>
      <object_component id="oc-2fb">
         <name>.bss:bDoBlankCheck$9</name>
         <uninitialized>true</uninitialized>
         <run_address>0x8005808</run_address>
         <size>0x4</size>
         <input_file_ref idref="fl-20"/>
      </object_component>
      <object_component id="oc-2f7">
         <name>.bss:TI_Fee_u32SectorEraseState$12</name>
         <uninitialized>true</uninitialized>
         <run_address>0x80057d0</run_address>
         <size>0x8</size>
         <input_file_ref idref="fl-20"/>
      </object_component>
      <object_component id="oc-301">
         <name>.bss</name>
         <uninitialized>true</uninitialized>
         <run_address>0x8005721</run_address>
         <size>0x2</size>
         <input_file_ref idref="fl-20"/>
      </object_component>
      <object_component id="oc-300">
         <name>.bss:static_u8EraseSuspended$15</name>
         <uninitialized>true</uninitialized>
         <run_address>0x8005814</run_address>
         <size>0x4</size>
         <input_file_ref idref="fl-20"/>
      </object_component>
      <object_component id="oc-18d">
         <name>.bss:tps_data</name>
         <uninitialized>true</uninitialized>
         <run_address>0x80057b8</run_address>
         <size>0xc</size>
         <input_file_ref idref="fl-26"/>
      </object_component>
      <object_component id="oc-190">
         <name>.bss:front_data</name>
         <uninitialized>true</uninitialized>
         <run_address>0x8005788</run_address>
         <size>0xc</size>
         <input_file_ref idref="fl-26"/>
      </object_component>
      <object_component id="oc-193">
         <name>.bss:current_data</name>
         <uninitialized>true</uninitialized>
         <run_address>0x800574c</run_address>
         <size>0xc</size>
         <input_file_ref idref="fl-26"/>
      </object_component>
      <object_component id="oc-196">
         <name>.bss:rear_data</name>
         <uninitialized>true</uninitialized>
         <run_address>0x80057ac</run_address>
         <size>0xc</size>
         <input_file_ref idref="fl-26"/>
      </object_component>
      <object_component id="oc-199">
         <name>.bss:driver1_status</name>
         <uninitialized>true</uninitialized>
         <run_address>0x8005764</run_address>
         <size>0xc</size>
         <input_file_ref idref="fl-26"/>
      </object_component>
      <object_component id="oc-19c">
         <name>.bss:driver2_status</name>
         <uninitialized>true</uninitialized>
         <run_address>0x800577c</run_address>
         <size>0xc</size>
         <input_file_ref idref="fl-26"/>
      </object_component>
      <object_component id="oc-19f">
         <name>.bss:motor1_data</name>
         <uninitialized>true</uninitialized>
         <run_address>0x8005794</run_address>
         <size>0xc</size>
         <input_file_ref idref="fl-26"/>
      </object_component>
      <object_component id="oc-1a2">
         <name>.bss:motor2_data</name>
         <uninitialized>true</uninitialized>
         <run_address>0x80057a0</run_address>
         <size>0xc</size>
         <input_file_ref idref="fl-26"/>
      </object_component>
      <object_component id="oc-1a5">
         <name>.bss:driver1_data</name>
         <uninitialized>true</uninitialized>
         <run_address>0x8005758</run_address>
         <size>0xc</size>
         <input_file_ref idref="fl-26"/>
      </object_component>
      <object_component id="oc-1a8">
         <name>.bss:driver2_data</name>
         <uninitialized>true</uninitialized>
         <run_address>0x8005770</run_address>
         <size>0xc</size>
         <input_file_ref idref="fl-26"/>
      </object_component>
      <object_component id="oc-186">
         <name>.bss:display_data</name>
         <uninitialized>true</uninitialized>
         <run_address>0x80056b8</run_address>
         <size>0x69</size>
         <input_file_ref idref="fl-28"/>
      </object_component>
      <object_component id="oc-393">
         <name>.bss:sensors_msg</name>
         <uninitialized>true</uninitialized>
         <run_address>0x80057f0</run_address>
         <size>0x8</size>
         <input_file_ref idref="fl-29"/>
      </object_component>
      <object_component id="oc-396">
         <name>.bss:wheel_speed_msg</name>
         <uninitialized>true</uninitialized>
         <run_address>0x8005800</run_address>
         <size>0x8</size>
         <input_file_ref idref="fl-29"/>
      </object_component>
      <object_component id="oc-399">
         <name>.bss:dynamic_msg</name>
         <uninitialized>true</uninitialized>
         <run_address>0x80057d8</run_address>
         <size>0x8</size>
         <input_file_ref idref="fl-29"/>
      </object_component>
      <object_component id="oc-39c">
         <name>.bss:motor1_msg</name>
         <uninitialized>true</uninitialized>
         <run_address>0x80057e0</run_address>
         <size>0x8</size>
         <input_file_ref idref="fl-29"/>
      </object_component>
      <object_component id="oc-39f">
         <name>.bss:motor2_msg</name>
         <uninitialized>true</uninitialized>
         <run_address>0x80057e8</run_address>
         <size>0x8</size>
         <input_file_ref idref="fl-29"/>
      </object_component>
      <object_component id="oc-3a2">
         <name>.bss:status_msg</name>
         <uninitialized>true</uninitialized>
         <run_address>0x80057f8</run_address>
         <size>0x8</size>
         <input_file_ref idref="fl-29"/>
      </object_component>
      <object_component id="oc-2d3">
         <name>.common:TI_Fee_GlobalVariables</name>
         <uninitialized>true</uninitialized>
         <run_address>0x8005578</run_address>
         <size>0xc8</size>
      </object_component>
      <object_component id="oc-2d5">
         <name>.common:TI_Fee_u8DataSets</name>
         <uninitialized>true</uninitialized>
         <run_address>0x80057cf</run_address>
         <size>0x1</size>
      </object_component>
      <object_component id="oc-2d0">
         <name>.common:TI_Fee_u32FletcherChecksum</name>
         <uninitialized>true</uninitialized>
         <run_address>0x800587c</run_address>
         <size>0x4</size>
      </object_component>
      <object_component id="oc-2cd">
         <name>.common:TI_Fee_u32BlockEraseCount</name>
         <uninitialized>true</uninitialized>
         <run_address>0x8005878</run_address>
         <size>0x4</size>
      </object_component>
      <object_component id="oc-537">
         <name>.common:TI_Fee_u8DeviceIndex</name>
         <uninitialized>true</uninitialized>
         <run_address>0x8005880</run_address>
         <size>0x1</size>
      </object_component>
      <object_component id="oc-2e0">
         <name>.common:TI_Fee_u32ActCpyVS</name>
         <uninitialized>true</uninitialized>
         <run_address>0x8005874</run_address>
         <size>0x4</size>
      </object_component>
      <object_component id="oc-2f5">
         <name>.common:TI_Fee_u8ErrEraseVS</name>
         <uninitialized>true</uninitialized>
         <run_address>0x8005881</run_address>
         <size>0x1</size>
      </object_component>
      <object_component id="oc-2d1">
         <name>.common:TI_Fee_bEraseSuspended</name>
         <uninitialized>true</uninitialized>
         <run_address>0x80057cd</run_address>
         <size>0x1</size>
      </object_component>
      <object_component id="oc-2d2">
         <name>.common:TI_Fee_bIsMainFunctionCalled</name>
         <uninitialized>true</uninitialized>
         <run_address>0x80057ce</run_address>
         <size>0x1</size>
      </object_component>
      <object_component id="oc-2df">
         <name>.common:TI_Fee_oStatusWord</name>
         <uninitialized>true</uninitialized>
         <run_address>0x8005870</run_address>
         <size>0x4</size>
      </object_component>
      <object_component id="oc-2d4">
         <name>.common:TI_Fee_FapiInitCalled</name>
         <uninitialized>true</uninitialized>
         <run_address>0x8005723</run_address>
         <size>0x1</size>
      </object_component>
      <object_component id="oc-189">
         <name>.common:dashboard_data</name>
         <uninitialized>true</uninitialized>
         <run_address>0x8001500</run_address>
         <size>0x4078</size>
      </object_component>
      <object_component id="oc-22f">
         <name>.common:buttons_data</name>
         <uninitialized>true</uninitialized>
         <run_address>0x80057c4</run_address>
         <size>0x9</size>
      </object_component>
      <object_component id="oc-2a1">
         <name>.common:EVE_DISP_WIDTH</name>
         <uninitialized>true</uninitialized>
         <run_address>0x8005868</run_address>
         <size>0x4</size>
      </object_component>
      <object_component id="oc-2a5">
         <name>.common:EVE_DISP_HEIGHT</name>
         <uninitialized>true</uninitialized>
         <run_address>0x8005838</run_address>
         <size>0x4</size>
      </object_component>
      <object_component id="oc-2a6">
         <name>.common:EVE_DISP_HCYCLE</name>
         <uninitialized>true</uninitialized>
         <run_address>0x8005834</run_address>
         <size>0x4</size>
      </object_component>
      <object_component id="oc-2a7">
         <name>.common:EVE_DISP_VCYCLE</name>
         <uninitialized>true</uninitialized>
         <run_address>0x8005858</run_address>
         <size>0x4</size>
      </object_component>
      <object_component id="oc-2a8">
         <name>.common:EVE_DISP_HOFFSET</name>
         <uninitialized>true</uninitialized>
         <run_address>0x800583c</run_address>
         <size>0x4</size>
      </object_component>
      <object_component id="oc-2a9">
         <name>.common:EVE_DISP_VOFFSET</name>
         <uninitialized>true</uninitialized>
         <run_address>0x800585c</run_address>
         <size>0x4</size>
      </object_component>
      <object_component id="oc-2aa">
         <name>.common:EVE_DISP_HSYNC0</name>
         <uninitialized>true</uninitialized>
         <run_address>0x8005840</run_address>
         <size>0x4</size>
      </object_component>
      <object_component id="oc-2ab">
         <name>.common:EVE_DISP_HSYNC1</name>
         <uninitialized>true</uninitialized>
         <run_address>0x8005844</run_address>
         <size>0x4</size>
      </object_component>
      <object_component id="oc-2ac">
         <name>.common:EVE_DISP_VSYNC0</name>
         <uninitialized>true</uninitialized>
         <run_address>0x8005860</run_address>
         <size>0x4</size>
      </object_component>
      <object_component id="oc-2ad">
         <name>.common:EVE_DISP_VSYNC1</name>
         <uninitialized>true</uninitialized>
         <run_address>0x8005864</run_address>
         <size>0x4</size>
      </object_component>
      <object_component id="oc-2ae">
         <name>.common:EVE_DISP_PCLKPOL</name>
         <uninitialized>true</uninitialized>
         <run_address>0x800584c</run_address>
         <size>0x4</size>
      </object_component>
      <object_component id="oc-2af">
         <name>.common:EVE_DISP_SWIZZLE</name>
         <uninitialized>true</uninitialized>
         <run_address>0x8005854</run_address>
         <size>0x4</size>
      </object_component>
      <object_component id="oc-2b0">
         <name>.common:EVE_DISP_CSPREAD</name>
         <uninitialized>true</uninitialized>
         <run_address>0x800582c</run_address>
         <size>0x4</size>
      </object_component>
      <object_component id="oc-2b1">
         <name>.common:EVE_DISP_DITHER</name>
         <uninitialized>true</uninitialized>
         <run_address>0x8005830</run_address>
         <size>0x4</size>
      </object_component>
      <object_component id="oc-2b2">
         <name>.common:EVE_DISP_PCLK</name>
         <uninitialized>true</uninitialized>
         <run_address>0x8005848</run_address>
         <size>0x4</size>
      </object_component>
      <object_component id="oc-2b3">
         <name>.common:EVE_DISP_PCLK_FREQ</name>
         <uninitialized>true</uninitialized>
         <run_address>0x8005850</run_address>
         <size>0x4</size>
      </object_component>
      <object_component id="oc-2b4">
         <name>.common:EVE_TOUCH_ADDR</name>
         <uninitialized>true</uninitialized>
         <run_address>0x800586c</run_address>
         <size>0x4</size>
      </object_component>
      <object_component id="oc-2ec">
         <name>.data</name>
         <load_address>0x80058ea</load_address>
         <run_address>0x80058ea</run_address>
         <size>0x1</size>
         <input_file_ref idref="fl-1c"/>
      </object_component>
      <object_component id="oc-2f6">
         <name>.data</name>
         <load_address>0x80058e0</load_address>
         <run_address>0x80058e0</run_address>
         <size>0x9</size>
         <input_file_ref idref="fl-20"/>
      </object_component>
      <object_component id="oc-37b">
         <name>.data</name>
         <load_address>0x80058c4</load_address>
         <run_address>0x80058c4</run_address>
         <size>0x10</size>
         <input_file_ref idref="fl-25"/>
      </object_component>
      <object_component id="oc-378">
         <name>.data</name>
         <load_address>0x80058de</load_address>
         <run_address>0x80058de</run_address>
         <size>0x2</size>
         <input_file_ref idref="fl-27"/>
      </object_component>
      <object_component id="oc-390">
         <name>.data</name>
         <load_address>0x8005884</load_address>
         <run_address>0x8005884</run_address>
         <size>0x40</size>
         <input_file_ref idref="fl-29"/>
      </object_component>
      <object_component id="oc-377">
         <name>.data</name>
         <load_address>0x80058d4</load_address>
         <run_address>0x80058d4</run_address>
         <size>0xa</size>
         <input_file_ref idref="fl-2c"/>
      </object_component>
      <object_component id="oc-617">
         <name>.data:dataconfig</name>
         <load_address>0x80058f4</load_address>
         <run_address>0x80058f4</run_address>
         <size>0x4</size>
         <input_file_ref idref="fl-2e"/>
      </object_component>
      <object_component id="oc-670">
         <name>.data</name>
         <load_address>0x80058f8</load_address>
         <run_address>0x80058f8</run_address>
         <size>0x4</size>
         <input_file_ref idref="fl-4e"/>
      </object_component>
      <object_component id="oc-5af">
         <name>.data</name>
         <load_address>0x80058ec</load_address>
         <run_address>0x80058ec</run_address>
         <size>0x8</size>
         <input_file_ref idref="fl-59"/>
      </object_component>
      <object_component id="oc-525">
         <name>.data</name>
         <load_address>0x80058e9</load_address>
         <run_address>0x80058e9</run_address>
         <size>0x1</size>
         <input_file_ref idref="fl-5a"/>
      </object_component>
      <object_component id="oc-4a0">
         <name>.debug_info</name>
         <load_address>0x0</load_address>
         <run_address>0x0</run_address>
         <size>0x3b4</size>
         <input_file_ref idref="fl-2"/>
      </object_component>
      <object_component id="oc-4af">
         <name>.debug_info</name>
         <load_address>0x3b4</load_address>
         <run_address>0x3b4</run_address>
         <size>0xd4</size>
         <input_file_ref idref="fl-2"/>
      </object_component>
      <object_component id="oc-1ed">
         <name>.debug_info</name>
         <load_address>0x488</load_address>
         <run_address>0x488</run_address>
         <size>0x1309</size>
         <input_file_ref idref="fl-2"/>
      </object_component>
      <object_component id="oc-32">
         <name>.debug_info</name>
         <load_address>0x1791</load_address>
         <run_address>0x1791</run_address>
         <size>0x243</size>
         <input_file_ref idref="fl-2"/>
      </object_component>
      <object_component id="oc-1c1">
         <name>.debug_info</name>
         <load_address>0x19d4</load_address>
         <run_address>0x19d4</run_address>
         <size>0x26b</size>
         <input_file_ref idref="fl-2"/>
      </object_component>
      <object_component id="oc-ba">
         <name>.debug_info</name>
         <load_address>0x1c3f</load_address>
         <run_address>0x1c3f</run_address>
         <size>0x157</size>
         <input_file_ref idref="fl-2"/>
      </object_component>
      <object_component id="oc-cf">
         <name>.debug_info</name>
         <load_address>0x1d96</load_address>
         <run_address>0x1d96</run_address>
         <size>0x8b</size>
         <input_file_ref idref="fl-2"/>
      </object_component>
      <object_component id="oc-49b">
         <name>.debug_info</name>
         <load_address>0x1e21</load_address>
         <run_address>0x1e21</run_address>
         <size>0x2a4</size>
         <input_file_ref idref="fl-2"/>
      </object_component>
      <object_component id="oc-1ba">
         <name>.debug_info</name>
         <load_address>0x20c5</load_address>
         <run_address>0x20c5</run_address>
         <size>0xbb</size>
         <input_file_ref idref="fl-2"/>
      </object_component>
      <object_component id="oc-d4">
         <name>.debug_info</name>
         <load_address>0x2180</load_address>
         <run_address>0x2180</run_address>
         <size>0x86</size>
         <input_file_ref idref="fl-2"/>
      </object_component>
      <object_component id="oc-25d">
         <name>.debug_info</name>
         <load_address>0x2206</load_address>
         <run_address>0x2206</run_address>
         <size>0x437</size>
         <input_file_ref idref="fl-2"/>
      </object_component>
      <object_component id="oc-4b2">
         <name>.debug_info</name>
         <load_address>0x263d</load_address>
         <run_address>0x263d</run_address>
         <size>0x15f</size>
         <input_file_ref idref="fl-2"/>
      </object_component>
      <object_component id="oc-51d">
         <name>.debug_info</name>
         <load_address>0x279c</load_address>
         <run_address>0x279c</run_address>
         <size>0x1db</size>
         <input_file_ref idref="fl-3"/>
      </object_component>
      <object_component id="oc-2d7">
         <name>.debug_info</name>
         <load_address>0x2977</load_address>
         <run_address>0x2977</run_address>
         <size>0xeb</size>
         <input_file_ref idref="fl-3"/>
      </object_component>
      <object_component id="oc-2e7">
         <name>.debug_info</name>
         <load_address>0x2a62</load_address>
         <run_address>0x2a62</run_address>
         <size>0xe57</size>
         <input_file_ref idref="fl-3"/>
      </object_component>
      <object_component id="oc-511">
         <name>.debug_info</name>
         <load_address>0x38b9</load_address>
         <run_address>0x38b9</run_address>
         <size>0x225</size>
         <input_file_ref idref="fl-3"/>
      </object_component>
      <object_component id="oc-516">
         <name>.debug_info</name>
         <load_address>0x3ade</load_address>
         <run_address>0x3ade</run_address>
         <size>0x26d5</size>
         <input_file_ref idref="fl-3"/>
      </object_component>
      <object_component id="oc-532">
         <name>.debug_info</name>
         <load_address>0x61b3</load_address>
         <run_address>0x61b3</run_address>
         <size>0x46</size>
         <input_file_ref idref="fl-3"/>
      </object_component>
      <object_component id="oc-244">
         <name>.debug_info</name>
         <load_address>0x61f9</load_address>
[...]
         <name>MCU_SPIWrite</name>
         <value>0x190d8</value>
         <object_component_ref idref="oc-59f"/>
      </symbol>
      <symbol id="sm-13c5">
         <name>MCU_le16toh</name>
         <value>0x19210</value>
         <object_component_ref idref="oc-59f"/>
      </symbol>
      <symbol id="sm-13c6">
         <name>MCU_SPIRead8</name>
         <value>0x19048</value>
         <object_component_ref idref="oc-59f"/>
      </symbol>
      <symbol id="sm-13c7">
         <name>MCU_SPIWrite32</name>
         <value>0x190c4</value>
         <object_component_ref idref="oc-59f"/>
      </symbol>
      <symbol id="sm-13c8">
         <name>MCU_SPIWrite8</name>
         <value>0x19058</value>
         <object_component_ref idref="oc-59f"/>
      </symbol>
      <symbol id="sm-13c9">
         <name>MCU_SPIWrite24</name>
         <value>0x190a0</value>
         <object_component_ref idref="oc-59f"/>
      </symbol>
      <symbol id="sm-13ca">
         <name>MCU_PDlow</name>
         <value>0x18e30</value>
         <object_component_ref idref="oc-59f"/>
      </symbol>
      <symbol id="sm-13cb">
         <name>MCU_PDhigh</name>
         <value>0x18e48</value>
         <object_component_ref idref="oc-59f"/>
      </symbol>
      <symbol id="sm-13cc">
         <name>MCU_SPIWrite16</name>
         <value>0x1907c</value>
         <object_component_ref idref="oc-59f"/>
      </symbol>
      <symbol id="sm-13cd">
         <name>MCU_htobe32</name>
         <value>0x1919c</value>
         <object_component_ref idref="oc-59f"/>
      </symbol>
      <symbol id="sm-13ce">
         <name>MCU_htobe16</name>
         <value>0x19180</value>
         <object_component_ref idref="oc-59f"/>
      </symbol>
      <symbol id="sm-13cf">
         <name>_Z18MCU_SPIReadWrite32j</name>
         <value>0x18f50</value>
         <object_component_ref idref="oc-59f"/>
      </symbol>
      <symbol id="sm-13e5">
         <name>_dabort</name>
         <value>0x1bc20</value>
         <object_component_ref idref="oc-e0"/>
      </symbol>
      <symbol id="sm-140a">
         <name>_disable_IRQ_interrupt_</name>
         <value>0x1a0f4</value>
         <object_component_ref idref="oc-88"/>
      </symbol>
      <symbol id="sm-140b">
         <name>_disable_interrupt_</name>
         <value>0x1a0e4</value>
         <object_component_ref idref="oc-88"/>
      </symbol>
      <symbol id="sm-140c">
         <name>_errata_CORTEXR4_57_</name>
         <value>0x1a18c</value>
         <object_component_ref idref="oc-88"/>
      </symbol>
      <symbol id="sm-140d">
         <name>_coreGetInstructionFaultAddress_</name>
         <value>0x1a0a8</value>
         <object_component_ref idref="oc-88"/>
      </symbol>
      <symbol id="sm-140e">
         <name>_coreGetDataFault_</name>
         <value>0x1a06c</value>
         <object_component_ref idref="oc-88"/>
      </symbol>
      <symbol id="sm-140f">
         <name>_coreDisableEventBusExport_</name>
         <value>0x1a008</value>
         <object_component_ref idref="oc-88"/>
      </symbol>
      <symbol id="sm-1410">
         <name>_coreClearDataFaultAddress_</name>
         <value>0x1a09c</value>
         <object_component_ref idref="oc-88"/>
      </symbol>
      <symbol id="sm-1411">
         <name>_coreDisableFlashEcc_</name>
         <value>0x1a04c</value>
         <object_component_ref idref="oc-88"/>
      </symbol>
      <symbol id="sm-1412">
         <name>__TI_PINIT_Base</name>
         <value>0x1a1ac</value>
         <object_component_ref idref="oc-88"/>
      </symbol>
      <symbol id="sm-1413">
         <name>_coreInitRegisters_</name>
         <value>0x19e68</value>
         <object_component_ref idref="oc-88"/>
      </symbol>
      <symbol id="sm-1414">
         <name>_coreClearInstructionFaultAddress_</name>
         <value>0x1a0b0</value>
         <object_component_ref idref="oc-88"/>
      </symbol>
      <symbol id="sm-1415">
         <name>_errata_CORTEXR4_66_</name>
         <value>0x1a19c</value>
         <object_component_ref idref="oc-88"/>
      </symbol>
      <symbol id="sm-1416">
         <name>_coreEnableRamEcc_</name>
         <value>0x1a018</value>
         <object_component_ref idref="oc-88"/>
      </symbol>
      <symbol id="sm-1417">
         <name>_coreClearDataFault_</name>
         <value>0x1a074</value>
         <object_component_ref idref="oc-88"/>
      </symbol>
      <symbol id="sm-1418">
         <name>_coreGetAuxiliaryDataFault_</name>
         <value>0x1a0bc</value>
         <object_component_ref idref="oc-88"/>
      </symbol>
      <symbol id="sm-1419">
         <name>_enable_interrupt_</name>
         <value>0x1a0fc</value>
         <object_component_ref idref="oc-88"/>
      </symbol>
      <symbol id="sm-141a">
         <name>_coreClearAuxiliaryInstructionFault_</name>
         <value>0x1a0d8</value>
         <object_component_ref idref="oc-88"/>
      </symbol>
      <symbol id="sm-141b">
         <name>_coreDisableRamEcc_</name>
         <value>0x1a028</value>
         <object_component_ref idref="oc-88"/>
      </symbol>
      <symbol id="sm-141c">
         <name>_coreGetDataFaultAddress_</name>
         <value>0x1a094</value>
         <object_component_ref idref="oc-88"/>
      </symbol>
      <symbol id="sm-141d">
         <name>_coreClearInstructionFault_</name>
         <value>0x1a088</value>
         <object_component_ref idref="oc-88"/>
      </symbol>
      <symbol id="sm-141e">
         <name>_getCPSRValue_</name>
         <value>0x19fc0</value>
         <object_component_ref idref="oc-88"/>
      </symbol>
      <symbol id="sm-141f">
         <name>__TI_PINIT_Limit</name>
         <value>0x1a1b0</value>
         <object_component_ref idref="oc-88"/>
      </symbol>
      <symbol id="sm-1420">
         <name>_coreEnableFlashEcc_</name>
         <value>0x1a038</value>
         <object_component_ref idref="oc-88"/>
      </symbol>
      <symbol id="sm-1421">
         <name>_disable_FIQ_interrupt_</name>
         <value>0x1a0ec</value>
         <object_component_ref idref="oc-88"/>
      </symbol>
      <symbol id="sm-1422">
         <name>_coreGetAuxiliaryInstructionFault_</name>
         <value>0x1a0d0</value>
         <object_component_ref idref="oc-88"/>
      </symbol>
      <symbol id="sm-1423">
         <name>_coreInitStackPointer_</name>
         <value>0x19f74</value>
         <object_component_ref idref="oc-88"/>
      </symbol>
      <symbol id="sm-1424">
         <name>_esmCcmErrorsClear_</name>
         <value>0x1a104</value>
         <object_component_ref idref="oc-88"/>
      </symbol>
      <symbol id="sm-1425">
         <name>_gotoCPUIdle_</name>
         <value>0x19fc8</value>
         <object_component_ref idref="oc-88"/>
      </symbol>
      <symbol id="sm-1426">
         <name>_coreEnableIrqVicOffset_</name>
         <value>0x1a05c</value>
         <object_component_ref idref="oc-88"/>
      </symbol>
      <symbol id="sm-1427">
         <name>_coreGetInstructionFault_</name>
         <value>0x1a080</value>
         <object_component_ref idref="oc-88"/>
      </symbol>
      <symbol id="sm-1428">
         <name>_coreEnableVfp_</name>
         <value>0x19fe0</value>
         <object_component_ref idref="oc-88"/>
      </symbol>
      <symbol id="sm-1429">
         <name>_coreClearAuxiliaryDataFault_</name>
         <value>0x1a0c4</value>
         <object_component_ref idref="oc-88"/>
      </symbol>
      <symbol id="sm-142a">
         <name>_coreEnableEventBusExport_</name>
         <value>0x19ff8</value>
         <object_component_ref idref="oc-88"/>
      </symbol>
      <symbol id="sm-1436">
         <name>resetEntry</name>
         <value>0x0</value>
         <object_component_ref idref="oc-60"/>
      </symbol>
      <symbol id="sm-1440">
         <name>_pmuResetCounters_</name>
         <value>0x1bf54</value>
         <object_component_ref idref="oc-111"/>
      </symbol>
      <symbol id="sm-1441">
         <name>_pmuGetEventCount_</name>
         <value>0x1bf88</value>
         <object_component_ref idref="oc-111"/>
      </symbol>
      <symbol id="sm-1442">
         <name>_pmuResetEventCounters_</name>
         <value>0x1bf44</value>
         <object_component_ref idref="oc-111"/>
      </symbol>
      <symbol id="sm-1443">
         <name>_pmuStopCounters_</name>
         <value>0x1bf6c</value>
         <object_component_ref idref="oc-111"/>
      </symbol>
      <symbol id="sm-1444">
         <name>_pmuInit_</name>
         <value>0x1bec8</value>
         <object_component_ref idref="oc-111"/>
      </symbol>
      <symbol id="sm-1445">
         <name>_pmuGetOverflow_</name>
         <value>0x1bf94</value>
         <object_component_ref idref="oc-111"/>
      </symbol>
      <symbol id="sm-1446">
         <name>_pmuResetCycleCounter_</name>
         <value>0x1bf34</value>
         <object_component_ref idref="oc-111"/>
      </symbol>
      <symbol id="sm-1447">
         <name>_pmuSetCountEvent_</name>
         <value>0x1bf74</value>
         <object_component_ref idref="oc-111"/>
      </symbol>
      <symbol id="sm-1448">
         <name>_pmuGetCycleCount_</name>
         <value>0x1bf80</value>
         <object_component_ref idref="oc-111"/>
      </symbol>
      <symbol id="sm-1449">
         <name>_pmuEnableCountersGlobal_</name>
         <value>0x1bf14</value>
         <object_component_ref idref="oc-111"/>
      </symbol>
      <symbol id="sm-144a">
         <name>_pmuDisableCountersGlobal_</name>
         <value>0x1bf24</value>
         <object_component_ref idref="oc-111"/>
      </symbol>
      <symbol id="sm-144b">
         <name>_pmuStartCounters_</name>
         <value>0x1bf64</value>
         <object_component_ref idref="oc-111"/>
      </symbol>
      <symbol id="sm-1471">
         <name>floorl</name>
         <value>0x1bd09</value>
         <object_component_ref idref="oc-4b7"/>
      </symbol>
      <symbol id="sm-1472">
         <name>floor</name>
         <value>0x1bd09</value>
         <object_component_ref idref="oc-4b7"/>
      </symbol>
      <symbol id="sm-1499">
         <name>sprintf</name>
         <value>0x1c869</value>
         <object_component_ref idref="oc-3c4"/>
      </symbol>
      <symbol id="sm-14b4">
         <name>memcpy</name>
         <value>0x1c057</value>
         <object_component_ref idref="oc-70"/>
      </symbol>
      <symbol id="sm-14b5">
         <name>__aeabi_memcpy</name>
         <value>0x1c057</value>
         <object_component_ref idref="oc-70"/>
      </symbol>
      <symbol id="sm-14b6">
         <name>__aeabi_memcpy8</name>
         <value>0x1c057</value>
         <object_component_ref idref="oc-70"/>
      </symbol>
      <symbol id="sm-14b7">
         <name>__aeabi_memcpy4</name>
         <value>0x1c057</value>
         <object_component_ref idref="oc-70"/>
      </symbol>
      <symbol id="sm-14c3">
         <name>__aeabi_idivmod</name>
         <value>0x1c604</value>
         <object_component_ref idref="oc-38b"/>
      </symbol>
      <symbol id="sm-14c4">
         <name>__aeabi_idiv</name>
         <value>0x1c604</value>
         <object_component_ref idref="oc-38b"/>
      </symbol>
      <symbol id="sm-14d0">
         <name>__aeabi_uidivmod</name>
         <value>0x1c748</value>
         <object_component_ref idref="oc-386"/>
      </symbol>
      <symbol id="sm-14d1">
         <name>__aeabi_uidiv</name>
         <value>0x1c748</value>
         <object_component_ref idref="oc-386"/>
      </symbol>
      <symbol id="sm-14fe">
         <name>__TI_auto_init_nobinit</name>
         <value>0x1c445</value>
         <object_component_ref idref="oc-125"/>
      </symbol>
      <symbol id="sm-1511">
         <name>__TI_zero_init</name>
         <value>0x1ce77</value>
         <object_component_ref idref="oc-82"/>
      </symbol>
      <symbol id="sm-1528">
         <name>__TI_decompress_none</name>
         <value>0x1ce5d</value>
         <object_component_ref idref="oc-24"/>
      </symbol>
      <symbol id="sm-154b">
         <name>__TI_decompress_lzss</name>
         <value>0x1c371</value>
         <object_component_ref idref="oc-1e"/>
      </symbol>
      <symbol id="sm-1559">
         <name>strlen</name>
         <value>0x1cd83</value>
         <object_component_ref idref="oc-1f8"/>
      </symbol>
      <symbol id="sm-156c">
         <name>strstr</name>
         <value>0x1c921</value>
         <object_component_ref idref="oc-500"/>
      </symbol>
      <symbol id="sm-16c3">
         <name>__TI_printfi</name>
         <value>0x14041</value>
         <object_component_ref idref="oc-55e"/>
      </symbol>
      <symbol id="sm-16cd">
         <name>__aeabi_idiv0</name>
         <value>0x14a8f</value>
         <object_component_ref idref="oc-547"/>
      </symbol>
      <symbol id="sm-16ce">
         <name>__aeabi_ldiv0</name>
         <value>0x14a8f</value>
         <object_component_ref idref="oc-547"/>
      </symbol>
      <symbol id="sm-16dd">
         <name>__aeabi_memset</name>
         <value>0x1c285</value>
         <object_component_ref idref="oc-fb"/>
      </symbol>
      <symbol id="sm-16de">
         <name>memset</name>
         <value>0x1c28b</value>
         <object_component_ref idref="oc-fb"/>
      </symbol>
      <symbol id="sm-16df">
         <name>__aeabi_memset8</name>
         <value>0x1c285</value>
         <object_component_ref idref="oc-fb"/>
      </symbol>
      <symbol id="sm-16e0">
         <name>__aeabi_memset4</name>
         <value>0x1c285</value>
         <object_component_ref idref="oc-fb"/>
      </symbol>
      <symbol id="sm-16e1">
         <name>__aeabi_memclr8</name>
         <value>0x1c283</value>
         <object_component_ref idref="oc-fb"/>
      </symbol>
      <symbol id="sm-16e2">
         <name>__aeabi_memclr4</name>
         <value>0x1c283</value>
         <object_component_ref idref="oc-fb"/>
      </symbol>
      <symbol id="sm-16e3">
         <name>__aeabi_memclr</name>
         <value>0x1c283</value>
         <object_component_ref idref="oc-fb"/>
      </symbol>
      <symbol id="sm-16fe">
         <name>__aeabi_uldivmod</name>
         <value>0x1a480</value>
         <object_component_ref idref="oc-62d"/>
      </symbol>
      <symbol id="sm-170d">
         <name>__TI_ltoa</name>
         <value>0x1c55d</value>
         <object_component_ref idref="oc-633"/>
      </symbol>
      <symbol id="sm-1722">
         <name>atoi</name>
         <value>0x1c6f9</value>
         <object_component_ref idref="oc-5ba"/>
      </symbol>
      <symbol id="sm-172d">
         <name>_ctypes_</name>
         <value>0x1d0ac</value>
         <object_component_ref idref="oc-628"/>
      </symbol>
      <symbol id="sm-173d">
         <name>memccpy</name>
         <value>0x1cac1</value>
         <object_component_ref idref="oc-5de"/>
      </symbol>
      <symbol id="sm-174d">
         <name>strchr</name>
         <value>0x1cd6d</value>
         <object_component_ref idref="oc-660"/>
      </symbol>
      <symbol id="sm-1763">
         <name>__aeabi_errno_addr</name>
         <value>0x1ce95</value>
         <object_component_ref idref="oc-5ea"/>
      </symbol>
      <symbol id="sm-1764">
         <name>errno</name>
         <value>0x80058f8</value>
         <object_component_ref idref="oc-670"/>
      </symbol>
      <symbol id="sm-177d">
         <name>wcslen</name>
         <value>0x1cd99</value>
         <object_component_ref idref="oc-5e4"/>
      </symbol>
      <symbol id="sm-179b">
         <name>frexpl</name>
         <value>0x1c2fd</value>
         <object_component_ref idref="oc-654"/>
      </symbol>
      <symbol id="sm-179c">
         <name>frexp</name>
         <value>0x1c2fd</value>
         <object_component_ref idref="oc-654"/>
      </symbol>
      <symbol id="sm-17b9">
         <name>scalbn</name>
         <value>0x1bb31</value>
         <object_component_ref idref="oc-65a"/>
      </symbol>
      <symbol id="sm-17ba">
         <name>scalbnl</name>
         <value>0x1bb31</value>
         <object_component_ref idref="oc-65a"/>
      </symbol>
      <symbol id="sm-17bb">
         <name>ldexpl</name>
         <value>0x1bb31</value>
         <object_component_ref idref="oc-65a"/>
      </symbol>
      <symbol id="sm-17bc">
         <name>ldexp</name>
         <value>0x1bb31</value>
         <object_component_ref idref="oc-65a"/>
      </symbol>
      <symbol id="sm-17c6">
         <name>copysign</name>
         <value>0x1cc59</value>
         <object_component_ref idref="oc-6b8"/>
      </symbol>
      <symbol id="sm-17c7">
         <name>copysignl</name>
         <value>0x1cc59</value>
         <object_component_ref idref="oc-6b8"/>
      </symbol>
      <symbol id="sm-17cd">
         <name>Fapi_issueAsyncCommand</name>
         <value>0x1ca1d</value>
         <object_component_ref idref="oc-2f0"/>
      </symbol>
      <symbol id="sm-17d5">
         <name>Fapi_issueAsyncCommandWithAddress</name>
         <value>0x1c991</value>
         <object_component_ref idref="oc-2f1"/>
      </symbol>
      <symbol id="sm-17dd">
         <name>Fapi_doBlankCheck</name>
         <value>0x1c0f5</value>
         <object_component_ref idref="oc-2ef"/>
      </symbol>
      <symbol id="sm-17ee">
         <name>_Fapi_EnableSectors</name>
         <value>0x1c7e5</value>
         <object_component_ref idref="oc-527"/>
      </symbol>
      <symbol id="sm-17ef">
         <name>Fapi_enableEepromBankSectors</name>
         <value>0x1c189</value>
         <object_component_ref idref="oc-2de"/>
      </symbol>
      <symbol id="sm-1803">
         <name>Fapi_initializeFlashBanks</name>
         <value>0x1a735</value>
         <object_component_ref idref="oc-2dc"/>
      </symbol>
      <symbol id="sm-1809">
         <name>_Fapi_issueFsmCommand</name>
         <value>0x1c8a9</value>
         <object_component_ref idref="oc-52d"/>
      </symbol>
      <symbol id="sm-1816">
         <name>_scaleMainFclk</name>
         <value>0x1ce4d</value>
         <object_component_ref idref="oc-523"/>
      </symbol>
      <symbol id="sm-1817">
         <name>_scaleEEFclk</name>
         <value>0x1ce3d</value>
         <object_component_ref idref="oc-524"/>
      </symbol>
      <symbol id="sm-1828">
         <name>Fapi_setActiveFlashBank</name>
         <value>0x1b57d</value>
         <object_component_ref idref="oc-2dd"/>
      </symbol>
      <symbol id="sm-182c">
         <name>Fapi_flushPipeline</name>
         <value>0x1cb55</value>
         <object_component_ref idref="oc-52b"/>
      </symbol>
      <symbol id="sm-1834">
         <name>_Fapi_loopRegionForValue</name>
         <value>0x1c4a5</value>
         <object_component_ref idref="oc-52c"/>
      </symbol>
      <symbol id="sm-1839">
         <name>_Fapi_checkWdService</name>
         <value>0x1ce6b</value>
         <object_component_ref idref="oc-5b4"/>
      </symbol>
      <symbol id="sm-183f">
         <name>Fapi_calculateFletcherChecksum</name>
         <value>0x1c959</value>
         <object_component_ref idref="oc-521"/>
      </symbol>
      <symbol id="sm-1846">
         <name>Fapi_waitDelay</name>
         <value>0x1c9c1</value>
         <object_component_ref idref="oc-5b2"/>
      </symbol>
      <symbol id="sm-184c">
         <name>Fapi_getNumberOfBankSectors</name>
         <value>0x1cdad</value>
         <object_component_ref idref="oc-526"/>
      </symbol>
      <symbol id="sm-1852">
         <name>_Fapi_readDword</name>
         <value>0x1c9f1</value>
         <object_component_ref idref="oc-5b3"/>
      </symbol>
      <symbol id="sm-185e">
         <name>Fapi_isAddressEcc</name>
         <value>0x1c659</value>
         <object_component_ref idref="oc-621"/>
      </symbol>
      <symbol id="sm-185f">
         <name>__TI_static_base__</name>
         <value>0x0</value>
      </symbol>
      <symbol id="sm-1864">
         <name>_system_post_cinit</name>
         <value>0x0</value>
      </symbol>
   </symbol_table>
   <title>Link successful</title>
</link_info>
